
Running 1 test using 1 worker



[1/1] experiments/instruction-effects/revisions/research-v003/decisions/task-014-draft/suite/persistence.spec.mjs:4:1 › 012 data survives a real server-process restart
  1) experiments/instruction-effects/revisions/research-v003/decisions/task-014-draft/suite/persistence.spec.mjs:4:1 › 012 data survives a real server-process restart 

    Error: expect(received).toHaveLength(expected)

    Expected length: 4
    Received length: 0
    Received array:  []

      47 |     await page.goto('/');await openProject(page,'Position first owner');
      48 |     const rows=await page.getByTestId('task-row').filter({visible:true}).allTextContents();
    > 49 |     expect(rows).toHaveLength(4);
         |                  ^
      50 |     for(const [index,title] of ['First existing','Position travelling','First later','First newly created'].entries())expect(rows[index]).toContain(title);
      51 |   }
      52 |
        at /Users/Shared/projects/competition/experiments/instruction-effects/revisions/research-v003/decisions/task-014-draft/suite/persistence.spec.mjs:49:18

    attachment #1: screenshot (image/png) ──────────────────────────────────────────────────────────
    experiments/instruction-effects/revisions/research-v003/preflight/priority-fixtures/stage-14-check-1791629345310/sentinel-form/artifacts/persistence-012-data-survives-a-real-server-process-restart/test-failed-1.png
    ────────────────────────────────────────────────────────────────────────────────────────────────

    Error Context: experiments/instruction-effects/revisions/research-v003/preflight/priority-fixtures/stage-14-check-1791629345310/sentinel-form/artifacts/persistence-012-data-survives-a-real-server-process-restart/error-context.md

    attachment #3: trace (application/zip) ─────────────────────────────────────────────────────────
    experiments/instruction-effects/revisions/research-v003/preflight/priority-fixtures/stage-14-check-1791629345310/sentinel-form/artifacts/persistence-012-data-survives-a-real-server-process-restart/trace.zip
    Usage:

        npx playwright show-trace experiments/instruction-effects/revisions/research-v003/preflight/priority-fixtures/stage-14-check-1791629345310/sentinel-form/artifacts/persistence-012-data-survives-a-real-server-process-restart/trace.zip

    ────────────────────────────────────────────────────────────────────────────────────────────────


  1 failed
    experiments/instruction-effects/revisions/research-v003/decisions/task-014-draft/suite/persistence.spec.mjs:4:1 › 012 data survives a real server-process restart 
