
Running 1 test using 1 worker



[1/1] experiments/instruction-effects/revisions/research-v010/preflight/task032-executed02-suite/project-name-limit.spec.mjs:23:2 › 107 project and workspace import reject oversized names before creating any owner
  1) experiments/instruction-effects/revisions/research-v010/preflight/task032-executed02-suite/project-name-limit.spec.mjs:23:2 › 107 project and workspace import reject oversized names before creating any owner 

    Error: expect(locator).toContainText(expected) failed

    Locator: getByRole('alert')
    Expected substring: "Invalid workspace JSON"
    Timeout: 5000ms
    Error: element(s) not found

    Call log:
      - Expect "toContainText" getByRole('alert') with timeout 5000ms
      - waiting for getByRole('alert')


      24 |   test.setTimeout(90000);await createProject(page,'Name limit import guard');await openProject(page,'Name limit import guard');await createTask(page,'Guard stays');await page.goto('/');await expect(projectRow(page,'Name limit import guard')).toBeVisible();const count=await rows(page).count();
      25 |   const cases=[{label:'Project JSON',button:'Import project',error:'Invalid project JSON',doc:{format:'workboard-project',version:1,project:owner('😀'.repeat(201))},name:projectName('Name limit invalid original')},{label:'Project JSON',button:'Import project',error:'Invalid project JSON',doc:{format:'workboard-project',version:1,project:owner(projectName('Name limit valid original'))},name:'🙂'.repeat(201)},{label:'Workspace JSON',button:'Import workspace',error:'Invalid workspace JSON',doc:{format:'workboard-workspace',version:1,projects:[owner(projectName('Name limit would create')),owner('😀'.repeat(201))]}}];
    > 26 |   for(const c of cases){await page.goto('/');const raw=JSON.stringify(c.doc);await page.getByRole('textbox',{name:c.label,exact:true}).fill(raw);if(c.name!==undefined)await page.getByRole('textbox',{name:'Imported project name',exact:true}).fill(c.name);await page.getByRole('button',{name:c.button,exact:true}).click();await expect(page.getByRole('alert')).toContainText(c.error);await expect(page.getByRole('textbox',{name:c.label,exact:true})).toHaveValue(raw);if(c.name!==undefined)await expect(page.getByRole('textbox',{name:'Imported project name',exact:true})).toHaveValue(c.name);const observer=await page.context().newPage();try{await observer.goto('/');await expect(rows(observer)).toHaveCount(count);await openProject(observer,'Name limit import guard');await expect(taskRow(observer,'Guard stays')).toBeVisible();}finally{await observer.close();}}
         |                                                                                                                                                                                                                                                                                                                                                                       ^
      27 |  });
      28 |  test('108 accepted boundary workspace names preserve duplicate identities fields and restart seed',async({page})=>{
      29 |   test.setTimeout(60000);const name=boundary('Name limit persistence','😀');expect(Array.from(name).length).toBe(200);const a=owner('  '+name+'  '),b={...owner(name),archived:true};await page.goto('/');await page.getByRole('textbox',{name:'Workspace JSON',exact:true}).fill(JSON.stringify({format:'workboard-workspace',version:1,projects:[a,b]}));await page.getByRole('button',{name:'Import workspace',exact:true}).click();await page.reload();await literalRow(page,name).getByRole('button',{name:'Open project',exact:true}).click();const exported=await download(page);const activeUrl=page.url();expect(exported.project).toEqual({...a,name});await page.goto('/');await page.getByRole('combobox',{name:'Project filter',exact:true}).selectOption({label:'Archived'});await expect(literalRow(page,name)).toHaveCount(1);await expect(literalRow(page,name).getByRole('button',{name:'Restore project',exact:true})).toBeVisible();await literalRow(page,name).getByRole('button',{name:'Open project',exact:true}).click();expect((await download(page)).project).toEqual(b);expect(page.url()).not.toBe(activeUrl);if(stage===32){await page.goto('/');await createProject(page,'Legacy title owner');await openProject(page,'Legacy title owner');await createTask(page,'🙂'.repeat(501));await taskRow(page,'🙂'.repeat(501)).getByRole('textbox',{name:'Task notes',exact:true}).fill('  Legacy title Ω\nkept  ');await taskRow(page,'🙂'.repeat(501)).getByRole('button',{name:'Save notes',exact:true}).click();const observer=await page.context().newPage();try{await expect.poll(async()=>{await observer.goto('/');await openProject(observer,'Legacy title owner');return taskRow(observer,'🙂'.repeat(501)).getByRole('textbox',{name:'Task notes',exact:true}).inputValue();}).toBe('  Legacy title Ω\nkept  ');}finally{await observer.close();}}
        at /Users/Shared/projects/competition/experiments/instruction-effects/revisions/research-v010/preflight/task032-executed02-suite/project-name-limit.spec.mjs:26:359

    attachment #1: screenshot (image/png) ──────────────────────────────────────────────────────────
    experiments/instruction-effects/revisions/research-v010/preflight/task032-focused02-check-1791674872547/negative-name-limit-workspace-ignored-107/artifacts/project-name-limit-107-pro-0be96-s-before-creating-any-owner/test-failed-1.png
    ────────────────────────────────────────────────────────────────────────────────────────────────

    Error Context: experiments/instruction-effects/revisions/research-v010/preflight/task032-focused02-check-1791674872547/negative-name-limit-workspace-ignored-107/artifacts/project-name-limit-107-pro-0be96-s-before-creating-any-owner/error-context.md

    attachment #3: trace (application/zip) ─────────────────────────────────────────────────────────
    experiments/instruction-effects/revisions/research-v010/preflight/task032-focused02-check-1791674872547/negative-name-limit-workspace-ignored-107/artifacts/project-name-limit-107-pro-0be96-s-before-creating-any-owner/trace.zip
    Usage:

        npx playwright show-trace experiments/instruction-effects/revisions/research-v010/preflight/task032-focused02-check-1791674872547/negative-name-limit-workspace-ignored-107/artifacts/project-name-limit-107-pro-0be96-s-before-creating-any-owner/trace.zip

    ────────────────────────────────────────────────────────────────────────────────────────────────


  1 failed
    experiments/instruction-effects/revisions/research-v010/preflight/task032-executed02-suite/project-name-limit.spec.mjs:23:2 › 107 project and workspace import reject oversized names before creating any owner 
