
Running 1 test using 1 worker



[1/1] experiments/instruction-effects/revisions/research-v010/preflight/task035-executed04-suite/directory-due-status.spec.mjs:59:2 › 121 every directory bulk operation applies due presence without relying on a date range
  1) experiments/instruction-effects/revisions/research-v010/preflight/task035-executed04-suite/directory-due-status.spec.mjs:59:2 › 121 every directory bulk operation applies due presence without relying on a date range 

    Error: expect(received).toBe(expected) // Object.is equality

    - Expected  - 1
    + Received  + 1

    -   Dated original Ω
    +   Empty changed λ
      kept  

    Call Log:
    - Timeout 5000ms exceeded while waiting on the predicate

       at directory-presence-helpers.mjs:36

      34 | async function download(p){const [d]=await Promise.all([p.waitForEvent('download'),p.getByRole('button',{name:'Download project',exact:true}).click()]);const s=await d.createReadStream(),chunks=[];for await(const c of s)chunks.push(c);return JSON.parse(Buffer.concat(chunks).toString('utf8')).project;}
      35 | async function workspace(p){const [d]=await Promise.all([p.waitForEvent('download'),p.getByRole('button',{name:'Export matching workspace',exact:true}).click()]);const s=await d.createReadStream(),chunks=[];for await(const c of s)chunks.push(c);return JSON.parse(Buffer.concat(chunks).toString('utf8')).projects;}
    > 36 | async function fieldStored(p,owner,title,label,value){const o=await p.context().newPage();try{await expect.poll(async()=>{await returnTo(o,owner);return taskRow(o,title).getByRole('textbox',{name:label,exact:true}).inputValue();}).toBe(value);}finally{await o.close();}}
         |                                                                                                                                                                                                                                        ^
      37 | async function protectedWrites(p){for(const label of ['Complete visible tasks','Reopen visible tasks','Delete visible tasks','Set visible priority','Save visible due date','Save visible notes'])await expect(p.getByRole('button',{name:label,exact:true})).toBeDisabled();}
      38 |
      39 |
        at fieldStored (/Users/Shared/projects/competition/experiments/instruction-effects/revisions/research-v010/preflight/task035-executed04-suite/directory-presence-helpers.mjs:36:232)
        at /Users/Shared/projects/competition/experiments/instruction-effects/revisions/research-v010/preflight/task035-executed04-suite/directory-due-status.spec.mjs:73:303

    attachment #1: screenshot (image/png) ──────────────────────────────────────────────────────────
    experiments/instruction-effects/revisions/research-v010/preflight/task035-focused04-check-1791676972741/negative-due-bulk-notes-ignored-121/artifacts/directory-due-status-121-e-a585b-out-relying-on-a-date-range/test-failed-1.png
    ────────────────────────────────────────────────────────────────────────────────────────────────

    Error Context: experiments/instruction-effects/revisions/research-v010/preflight/task035-focused04-check-1791676972741/negative-due-bulk-notes-ignored-121/artifacts/directory-due-status-121-e-a585b-out-relying-on-a-date-range/error-context.md

    attachment #3: trace (application/zip) ─────────────────────────────────────────────────────────
    experiments/instruction-effects/revisions/research-v010/preflight/task035-focused04-check-1791676972741/negative-due-bulk-notes-ignored-121/artifacts/directory-due-status-121-e-a585b-out-relying-on-a-date-range/trace.zip
    Usage:

        npx playwright show-trace experiments/instruction-effects/revisions/research-v010/preflight/task035-focused04-check-1791676972741/negative-due-bulk-notes-ignored-121/artifacts/directory-due-status-121-e-a585b-out-relying-on-a-date-range/trace.zip

    ────────────────────────────────────────────────────────────────────────────────────────────────


  1 failed
    experiments/instruction-effects/revisions/research-v010/preflight/task035-executed04-suite/directory-due-status.spec.mjs:59:2 › 121 every directory bulk operation applies due presence without relying on a date range 
