
Running 4 tests using 1 worker



[1/4] experiments/instruction-effects/revisions/research-v010/preflight/task032-executed-suite/project-name-limit.spec.mjs:13:2 › 105 project names count code points after trim and preserve rejected create input
[2/4] experiments/instruction-effects/revisions/research-v010/preflight/task032-executed-suite/project-name-limit.spec.mjs:18:2 › 106 rejected rename is atomic and successful boundary rename retains identity fields and owner order
[3/4] experiments/instruction-effects/revisions/research-v010/preflight/task032-executed-suite/project-name-limit.spec.mjs:23:2 › 107 project and workspace import reject oversized names before creating any owner
[4/4] experiments/instruction-effects/revisions/research-v010/preflight/task032-executed-suite/project-name-limit.spec.mjs:28:2 › 108 accepted boundary workspace names preserve duplicate identities fields and restart seed
  1) experiments/instruction-effects/revisions/research-v010/preflight/task032-executed-suite/project-name-limit.spec.mjs:28:2 › 108 accepted boundary workspace names preserve duplicate identities fields and restart seed 

    Error: expect(received).not.toBe(expected) // Object.is equality

    Expected: not "http://127.0.0.1:56447/projects/1108"

      27 |  });
      28 |  test('108 accepted boundary workspace names preserve duplicate identities fields and restart seed',async({page})=>{
    > 29 |   test.setTimeout(60000);const name=boundary('Name limit persistence','😀');expect(Array.from(name).length).toBe(200);const a=owner('  '+name+'  '),b={...owner(name),archived:true};await page.goto('/');await page.getByRole('textbox',{name:'Workspace JSON',exact:true}).fill(JSON.stringify({format:'workboard-workspace',version:1,projects:[a,b]}));await page.getByRole('button',{name:'Import workspace',exact:true}).click();await page.reload();await literalRow(page,name).getByRole('button',{name:'Open project',exact:true}).click();const activeUrl=page.url();const exported=await download(page);expect(exported.project).toEqual({...a,name});await page.goto('/');await page.getByRole('combobox',{name:'Project filter',exact:true}).selectOption({label:'Archived'});await expect(literalRow(page,name)).toHaveCount(1);await literalRow(page,name).getByRole('button',{name:'Open project',exact:true}).click();expect(page.url()).not.toBe(activeUrl);expect((await download(page)).project).toEqual(b);if(stage===32){await page.goto('/');await createProject(page,'Legacy title owner');await openProject(page,'Legacy title owner');await createTask(page,'🙂'.repeat(501));await taskRow(page,'🙂'.repeat(501)).getByRole('textbox',{name:'Task notes',exact:true}).fill('  Legacy title Ω\nkept  ');await taskRow(page,'🙂'.repeat(501)).getByRole('button',{name:'Save notes',exact:true}).click();const observer=await page.context().newPage();try{await expect.poll(async()=>{await observer.goto('/');await openProject(observer,'Legacy title owner');return taskRow(observer,'🙂'.repeat(501)).getByRole('textbox',{name:'Task notes',exact:true}).inputValue();}).toBe('  Legacy title Ω\nkept  ');}finally{await observer.close();}}
         |                                                                                                                                                                                                                                                                                                                                                                                                                                                                                                                                                                                                                                                                                                                                                                                                                                                                                                                                                               ^
      30 |  });
      31 | }
      32 |
        at /Users/Shared/projects/competition/experiments/instruction-effects/revisions/research-v010/preflight/task032-executed-suite/project-name-limit.spec.mjs:29:927

    attachment #1: screenshot (image/png) ──────────────────────────────────────────────────────────
    experiments/instruction-effects/revisions/research-v010/preflight/task032-focused-check-1791674745380/positive-async/artifacts/project-name-limit-108-acc-1122f-ies-fields-and-restart-seed/test-failed-1.png
    ────────────────────────────────────────────────────────────────────────────────────────────────

    Error Context: experiments/instruction-effects/revisions/research-v010/preflight/task032-focused-check-1791674745380/positive-async/artifacts/project-name-limit-108-acc-1122f-ies-fields-and-restart-seed/error-context.md

    attachment #3: trace (application/zip) ─────────────────────────────────────────────────────────
    experiments/instruction-effects/revisions/research-v010/preflight/task032-focused-check-1791674745380/positive-async/artifacts/project-name-limit-108-acc-1122f-ies-fields-and-restart-seed/trace.zip
    Usage:

        npx playwright show-trace experiments/instruction-effects/revisions/research-v010/preflight/task032-focused-check-1791674745380/positive-async/artifacts/project-name-limit-108-acc-1122f-ies-fields-and-restart-seed/trace.zip

    ────────────────────────────────────────────────────────────────────────────────────────────────


  1 failed
    experiments/instruction-effects/revisions/research-v010/preflight/task032-executed-suite/project-name-limit.spec.mjs:28:2 › 108 accepted boundary workspace names preserve duplicate identities fields and restart seed 
  3 passed (9.8s)
