
Running 4 tests using 1 worker



[1/4] experiments/instruction-effects/revisions/research-v010/preflight/task034-executed-suite/directory-word-search.spec.mjs:41:2 › 113 directory Phrase All words and Any words reuse the current title query with ASCII normalization and empty query
[2/4] experiments/instruction-effects/revisions/research-v010/preflight/task034-executed-suite/directory-word-search.spec.mjs:50:2 › 114 word query tokens split only ASCII spaces and tabs and fold only ASCII case
  1) experiments/instruction-effects/revisions/research-v010/preflight/task034-executed-suite/directory-word-search.spec.mjs:50:2 › 114 word query tokens split only ASCII spaces and tabs and fold only ASCII case 

    Error: expect(locator).toBeVisible() failed

    Locator: getByTestId('task-row').filter({ has: getByRole('checkbox', { name: 'Complete Ash34 Bee34', exact: true }) }).visible()
    Expected: visible
    Error: strict mode violation: getByTestId('task-row').filter({ has: getByRole('checkbox', { name: 'Complete Ash34 Bee34', exact: true }) }).visible() resolved to 2 elements:
        1) <div data-testid="task-row">…</div> aka getByTestId('task-row').first()
        2) <div data-testid="task-row">…</div> aka getByTestId('task-row').nth(1)

    Call log:
      - Expect "toBeVisible" getByTestId('task-row').filter({ has: getByRole('checkbox', { name: 'Complete Ash34 Bee34', exact: true }) }).visible() with timeout 5000ms
      - waiting for getByTestId('task-row').filter({ has: getByRole('checkbox', { name: 'Complete Ash34 Bee34', exact: true }) }).visible()


       at helpers.mjs:25

      23 |   await page.getByRole('textbox', { name: 'Task title', exact: true }).fill(title);
      24 |   await page.getByRole('button', { name: 'Create task', exact: true }).click();
    > 25 |   await expect(taskRow(page, title.trim())).toBeVisible();
         |                                             ^
      26 |   await expect(taskRow(page, title.trim()).getByRole('checkbox', { name: 'Complete ' + title.trim(), exact: true })).toBeVisible();
      27 | }
      28 | export async function isolateBrowser(context) {
        at createTask (/Users/Shared/projects/competition/experiments/instruction-effects/revisions/research-v010/preflight/task034-executed-suite/helpers.mjs:25:45)
        at configured (/Users/Shared/projects/competition/experiments/instruction-effects/revisions/research-v010/preflight/task034-executed-suite/directory-word-search.spec.mjs:22:2)
        at /Users/Shared/projects/competition/experiments/instruction-effects/revisions/research-v010/preflight/task034-executed-suite/directory-word-search.spec.mjs:52:83

    attachment #1: screenshot (image/png) ──────────────────────────────────────────────────────────
    experiments/instruction-effects/revisions/research-v010/preflight/task034-focused-check-1791675639445/positive-async/artifacts/directory-word-search-114--83c10-bs-and-fold-only-ASCII-case/test-failed-1.png
    ────────────────────────────────────────────────────────────────────────────────────────────────

    Error Context: experiments/instruction-effects/revisions/research-v010/preflight/task034-focused-check-1791675639445/positive-async/artifacts/directory-word-search-114--83c10-bs-and-fold-only-ASCII-case/error-context.md

    attachment #3: trace (application/zip) ─────────────────────────────────────────────────────────
    experiments/instruction-effects/revisions/research-v010/preflight/task034-focused-check-1791675639445/positive-async/artifacts/directory-word-search-114--83c10-bs-and-fold-only-ASCII-case/trace.zip
    Usage:

        npx playwright show-trace experiments/instruction-effects/revisions/research-v010/preflight/task034-focused-check-1791675639445/positive-async/artifacts/directory-word-search-114--83c10-bs-and-fold-only-ASCII-case/trace.zip

    ────────────────────────────────────────────────────────────────────────────────────────────────




[3/4] experiments/instruction-effects/revisions/research-v010/preflight/task034-executed-suite/directory-word-search.spec.mjs:55:2 › 115 word matching intersects filters orders owners exports and every current bulk operation with protected scopes
[4/4] experiments/instruction-effects/revisions/research-v010/preflight/task034-executed-suite/directory-word-search.spec.mjs:67:2 › 116 word modes and matching export are read-only and retain both remembered owner positions and restart seed
  1 failed
    experiments/instruction-effects/revisions/research-v010/preflight/task034-executed-suite/directory-word-search.spec.mjs:50:2 › 114 word query tokens split only ASCII spaces and tabs and fold only ASCII case 
  3 passed (1.0m)
