
Running 1 test using 1 worker



[1/1] experiments/instruction-effects/revisions/research-v004/decisions/task-013-draft/suite/search.spec.mjs:7:2 › 046 project search trims ASCII case and intersects archive filter in creation order
  1) experiments/instruction-effects/revisions/research-v004/decisions/task-013-draft/suite/search.spec.mjs:7:2 › 046 project search trims ASCII case and intersects archive filter in creation order 

    Error: expect(locator).toHaveCount(expected) failed

    Locator:  getByTestId('project-row').visible()
    Expected: 1
    Received: 2
    Timeout:  5000ms

    Call log:
      - Expect "toHaveCount" getByTestId('project-row').visible() with timeout 5000ms
      - waiting for getByTestId('project-row').visible()
        14 × locator resolved to 2 elements
           - unexpected value "2"


      11 |   await page.getByRole('combobox',{name:'Project filter',exact:true}).selectOption({label:'Archived'});await expect(projectRow(page,'Search MIXED archived')).toBeVisible();await expect(page.getByTestId('project-row').filter({visible:true})).toHaveCount(1);
      12 |   await page.getByRole('combobox',{name:'Project filter',exact:true}).selectOption({label:'Active'});await openProject(page,'Search Mixed first');await page.getByRole('button',{name:'Projects',exact:true}).click();await expect(page.getByRole('textbox',{name:'Project search',exact:true})).toHaveValue('');await expect(projectRow(page,'Search unrelated')).toBeVisible();
    > 13 |   await createProject(page,'Search  double gap');await createProject(page,'Search double sentinel');await projectSearch(page,projectName('Search double'));await expect(projectRow(page,'Search double sentinel')).toBeVisible();await expect(page.getByTestId('project-row').filter({visible:true})).toHaveCount(stage>=14?2:1);if(stage===13)await expect(projectRow(page,'Search  double gap')).toHaveCount(0);await projectSearch(page,projectName('Search  double'));await expect(projectRow(page,'Search  double gap')).toBeVisible();await expect(page.getByTestId('project-row').filter({visible:true})).toHaveCount(stage>=14?2:1);if(stage===13)await expect(projectRow(page,'Search double sentinel')).toHaveCount(0);
         |                                                                                                                                                                                                                                                                                                       ^
      14 |  });
      15 |  test('047 task search intersects all filters retaining order and summary counts',async({page})=>{
      16 |   await createProject(page,'Search task intersections');await openProject(page,'Search task intersections');
        at /Users/Shared/projects/competition/experiments/instruction-effects/revisions/research-v004/decisions/task-013-draft/suite/search.spec.mjs:13:295

    attachment #1: screenshot (image/png) ──────────────────────────────────────────────────────────
    experiments/instruction-effects/revisions/research-v004/preflight/priority-fixtures/stage-13-check-1791634086846/negative-collapsed-search-spaces/artifacts/search-046-project-search--4289c-ve-filter-in-creation-order/test-failed-1.png
    ────────────────────────────────────────────────────────────────────────────────────────────────

    Error Context: experiments/instruction-effects/revisions/research-v004/preflight/priority-fixtures/stage-13-check-1791634086846/negative-collapsed-search-spaces/artifacts/search-046-project-search--4289c-ve-filter-in-creation-order/error-context.md

    attachment #3: trace (application/zip) ─────────────────────────────────────────────────────────
    experiments/instruction-effects/revisions/research-v004/preflight/priority-fixtures/stage-13-check-1791634086846/negative-collapsed-search-spaces/artifacts/search-046-project-search--4289c-ve-filter-in-creation-order/trace.zip
    Usage:

        npx playwright show-trace experiments/instruction-effects/revisions/research-v004/preflight/priority-fixtures/stage-13-check-1791634086846/negative-collapsed-search-spaces/artifacts/search-046-project-search--4289c-ve-filter-in-creation-order/trace.zip

    ────────────────────────────────────────────────────────────────────────────────────────────────


  1 failed
    experiments/instruction-effects/revisions/research-v004/decisions/task-013-draft/suite/search.spec.mjs:7:2 › 046 project search trims ASCII case and intersects archive filter in creation order 
