
Running 1 test using 1 worker



[1/1] experiments/instruction-effects/revisions/research-v010/preflight/task035-executed04-suite/directory-due-status.spec.mjs:59:2 › 121 every directory bulk operation applies due presence without relying on a date range
  1) experiments/instruction-effects/revisions/research-v010/preflight/task035-executed04-suite/directory-due-status.spec.mjs:59:2 › 121 every directory bulk operation applies due presence without relying on a date range 

    Error: expect(locator).toHaveText(expected) failed

    Locator: getByTestId('directory-task-row').visible().getByTestId('directory-task-title')
    Timeout: 5000ms
    - Expected  - 0
    + Received  + 1

      Array [
    +   "DueIndependent35 dated",
        "DueIndependent35 protected deleted",
      ]

    Call log:
      - Expect "toHaveText" getByTestId('directory-task-row').visible().getByTestId('directory-task-title') with timeout 5000ms
      - waiting for getByTestId('directory-task-row').visible().getByTestId('directory-task-title')
        - waiting for navigation to finish...
        - navigated to "http://127.0.0.1:49870/directory?directory_due_status=All&directory_order=Original&project_scope=Active&filter=Deleted&priority_filter=All&due_from=&due_through=&directory_search=DueIndependent35&dir…"
        3 × locator resolved to 0 elements
        11 × locator resolved to 2 elements


       at directory-presence-helpers.mjs:10

       8 | async function result(p,names,counts,expected,total){
       9 |  if(!expected.length)await expect(p.getByText('No matching tasks',{exact:true})).toBeVisible();
    > 10 |  await expect(rows(p).getByTestId('directory-task-title')).toHaveText(expected);
         |                                                            ^
      11 |  await expect(owners(p).getByTestId('directory-owner-name')).toHaveText(names.map(projectName));
      12 |  await expect(owners(p).getByTestId('directory-owner-summary')).toHaveText(counts);
      13 |  await expect(p.getByTestId('directory-summary')).toHaveText(total);
        at result (/Users/Shared/projects/competition/experiments/instruction-effects/revisions/research-v010/preflight/task035-executed04-suite/directory-presence-helpers.mjs:10:60)
        at /Users/Shared/projects/competition/experiments/instruction-effects/revisions/research-v010/preflight/task035-executed04-suite/directory-due-status.spec.mjs:75:56

    attachment #1: screenshot (image/png) ──────────────────────────────────────────────────────────
    experiments/instruction-effects/revisions/research-v010/preflight/task035-focused04-check-1791676972741/negative-due-bulk-delete-ignored-121/artifacts/directory-due-status-121-e-a585b-out-relying-on-a-date-range/test-failed-1.png
    ────────────────────────────────────────────────────────────────────────────────────────────────

    Error Context: experiments/instruction-effects/revisions/research-v010/preflight/task035-focused04-check-1791676972741/negative-due-bulk-delete-ignored-121/artifacts/directory-due-status-121-e-a585b-out-relying-on-a-date-range/error-context.md

    attachment #3: trace (application/zip) ─────────────────────────────────────────────────────────
    experiments/instruction-effects/revisions/research-v010/preflight/task035-focused04-check-1791676972741/negative-due-bulk-delete-ignored-121/artifacts/directory-due-status-121-e-a585b-out-relying-on-a-date-range/trace.zip
    Usage:

        npx playwright show-trace experiments/instruction-effects/revisions/research-v010/preflight/task035-focused04-check-1791676972741/negative-due-bulk-delete-ignored-121/artifacts/directory-due-status-121-e-a585b-out-relying-on-a-date-range/trace.zip

    ────────────────────────────────────────────────────────────────────────────────────────────────


  1 failed
    experiments/instruction-effects/revisions/research-v010/preflight/task035-executed04-suite/directory-due-status.spec.mjs:59:2 › 121 every directory bulk operation applies due presence without relying on a date range 
