
Running 74 tests using 1 worker



[1/74] experiments/instruction-effects/revisions/research-v005/decisions/task-022-draft/suite/bulk-directory.spec.mjs:13:2 › 067 bulk completion intersects every directory filter and preserves fields order and reserved positions
[2/74] experiments/instruction-effects/revisions/research-v005/decisions/task-022-draft/suite/bulk-directory.spec.mjs:24:2 › 068 archived deleted and empty directory scopes disable both bulk actions without changing protected records
[3/74] experiments/instruction-effects/revisions/research-v005/decisions/task-022-draft/suite/bulk-directory.spec.mjs:29:2 › 069 bulk changes retain two project restart sentinels with literal original metadata
[4/74] experiments/instruction-effects/revisions/research-v005/decisions/task-022-draft/suite/default-priority.spec.mjs:11:2 › 027 pre-default projects and tasks preserve their distinct saved priorities
[5/74] experiments/instruction-effects/revisions/research-v005/decisions/task-022-draft/suite/default-priority.spec.mjs:20:2 › 028 project default affects only future tasks and retains filters and summary
[6/74] experiments/instruction-effects/revisions/research-v005/decisions/task-022-draft/suite/default-priority.spec.mjs:53:2 › 029 project default survives rename archive and restoration
[7/74] experiments/instruction-effects/revisions/research-v005/decisions/task-022-draft/suite/deletion.spec.mjs:10:2 › 054 deleted tasks preserve fields intersect filters and remain read-only through project archival
[8/74] experiments/instruction-effects/revisions/research-v005/decisions/task-022-draft/suite/deletion.spec.mjs:18:2 › 055 restoration retains reserved order explicit priority completion and remembered destination positions
[9/74] experiments/instruction-effects/revisions/research-v005/decisions/task-022-draft/suite/deletion.spec.mjs:23:2 › 056 upgraded original tasks remain live and deleted-only project persists with an empty live summary
[10/74] experiments/instruction-effects/revisions/research-v005/decisions/task-022-draft/suite/deletion.spec.mjs:27:2 › 057 deleted filter intersects priority due range and title search
[11/74] experiments/instruction-effects/revisions/research-v005/decisions/task-022-draft/suite/directory-order.spec.mjs:10:2 › 070 directory ordering is global stable and preserves literal titles and stored project order
[12/74] experiments/instruction-effects/revisions/research-v005/decisions/task-022-draft/suite/directory-order.spec.mjs:20:2 › 071 directory filters ranges search and bulk updates retain selected order without changing metadata
[13/74] experiments/instruction-effects/revisions/research-v005/decisions/task-022-draft/suite/directory-order.spec.mjs:25:2 › 072 directory ordering includes deleted archived records and significant internal whitespace
[14/74] experiments/instruction-effects/revisions/research-v005/decisions/task-022-draft/suite/directory-order.spec.mjs:32:2 › 073 directory title ordering folds only ASCII and compares Unicode code points without changing exports
[15/74] experiments/instruction-effects/revisions/research-v005/decisions/task-022-draft/suite/directory-summary.spec.mjs:10:2 › 074 directory totals follow global intersections bulk updates protected scopes and unchanged project summaries
[16/74] experiments/instruction-effects/revisions/research-v005/decisions/task-022-draft/suite/directory-summary.spec.mjs:17:2 › 075 directory totals show a resolved empty result without altering stored completion
[17/74] experiments/instruction-effects/revisions/research-v005/decisions/task-022-draft/suite/directory.spec.mjs:12:2 › 064 directory preserves owner and stored order with live deleted archived and literal field semantics
[18/74] experiments/instruction-effects/revisions/research-v005/decisions/task-022-draft/suite/directory.spec.mjs:17:2 › 065 directory intersects and retains filters validates ranges and resets on a new opening
[19/74] experiments/instruction-effects/revisions/research-v005/decisions/task-022-draft/suite/directory.spec.mjs:20:2 › 066 directory includes original imported records and uses current whitespace matching without mutating project state
[20/74] experiments/instruction-effects/revisions/research-v005/decisions/task-022-draft/suite/due-date.spec.mjs:11:2 › 030 dates default empty save canonically survive rename and clear
[21/74] experiments/instruction-effects/revisions/research-v005/decisions/task-022-draft/suite/due-date.spec.mjs:21:2 › 031 invalid formats and impossible calendar dates preserve the saved date
[22/74] experiments/instruction-effects/revisions/research-v005/decisions/task-022-draft/suite/due-date.spec.mjs:29:2 › 032 date changes retain task identity filters order and all-task summary
[23/74] experiments/instruction-effects/revisions/research-v005/decisions/task-022-draft/suite/due-date.spec.mjs:44:2 › 033 archived dates are read-only restored and old data stays undated
[24/74] experiments/instruction-effects/revisions/research-v005/decisions/task-022-draft/suite/due-range.spec.mjs:14:2 › 034 date ranges include endpoints exclude undated tasks and preserve order
[25/74] experiments/instruction-effects/revisions/research-v005/decisions/task-022-draft/suite/due-range.spec.mjs:24:2 › 035 due ranges intersect completion priority and live date edits
[26/74] experiments/instruction-effects/revisions/research-v005/decisions/task-022-draft/suite/due-range.spec.mjs:40:2 › 036 invalid due ranges preserve the last applied membership
[27/74] experiments/instruction-effects/revisions/research-v005/decisions/task-022-draft/suite/due-range.spec.mjs:48:2 › 037 archived ranges stay usable and reopening clears transient boundaries
[28/74] experiments/instruction-effects/revisions/research-v005/decisions/task-022-draft/suite/due-range.spec.mjs:57:2 › 038 project default rename and hidden creation retain the applied range
[29/74] experiments/instruction-effects/revisions/research-v005/decisions/task-022-draft/suite/export.spec.mjs:7:2 › 058 export includes every stored task in order with literal values despite current filters
[30/74] experiments/instruction-effects/revisions/research-v005/decisions/task-022-draft/suite/export.spec.mjs:11:2 › 059 archived upgraded and empty projects export without mutation
[31/74] experiments/instruction-effects/revisions/research-v005/decisions/task-022-draft/suite/import.spec.mjs:14:2 › 060 exported projects import independently with saved fields deleted order and project defaults
[32/74] experiments/instruction-effects/revisions/research-v005/decisions/task-022-draft/suite/import.spec.mjs:17:2 › 061 malformed root documents and blank override reject atomically and retain inputs
[33/74] experiments/instruction-effects/revisions/research-v005/decisions/task-022-draft/suite/import.spec.mjs:20:2 › 062 invalid later tasks reject the entire import without partial project task or existing-data writes
[34/74] experiments/instruction-effects/revisions/research-v005/decisions/task-022-draft/suite/import.spec.mjs:23:2 › 063 archived and empty imports preserve flags literal data and native restart sentinels
[35/74] experiments/instruction-effects/revisions/research-v005/decisions/task-022-draft/suite/move-task.spec.mjs:15:2 › 039 moving a task preserves data and destination order without inheriting defaults
[36/74] experiments/instruction-effects/revisions/research-v005/decisions/task-022-draft/suite/move-task.spec.mjs:26:2 › 040 moving under combined filters retains source range and independent data
[37/74] experiments/instruction-effects/revisions/research-v005/decisions/task-022-draft/suite/move-task.spec.mjs:37:2 › 041 destination choices use active current project names in creation order
[38/74] experiments/instruction-effects/revisions/research-v005/decisions/task-022-draft/suite/move-task.spec.mjs:41:2 › 042 archived source moves are disabled restoration allows moving an undated task
[39/74] experiments/instruction-effects/revisions/research-v005/decisions/task-022-draft/suite/notes.spec.mjs:10:2 › 052 multiline notes retain literal text filters and archived read-only behavior
[40/74] experiments/instruction-effects/revisions/research-v005/decisions/task-022-draft/suite/notes.spec.mjs:21:2 › 053 notes travel through moves and returns while original archived data upgrades
[41/74] experiments/instruction-effects/revisions/research-v005/decisions/task-022-draft/suite/priority-filter.spec.mjs:8:3 › 023 priority and completion filters intersect in creation order
[42/74] experiments/instruction-effects/revisions/research-v005/decisions/task-022-draft/suite/priority-filter.spec.mjs:42:3 › 024 filtered edits re-evaluate rows while retaining both filter choices
[43/74] experiments/instruction-effects/revisions/research-v005/decisions/task-022-draft/suite/priority-filter.spec.mjs:73:3 › 025 task rename retains combined filter membership
[44/74] experiments/instruction-effects/revisions/research-v005/decisions/task-022-draft/suite/priority-filter.spec.mjs:91:3 › 026 archived combined filters are readable without enabling task editing
[45/74] experiments/instruction-effects/revisions/research-v005/decisions/task-022-draft/suite/priority.spec.mjs:8:3 › 022 pre-priority archived data acquires Normal without changing completion
[46/74] experiments/instruction-effects/revisions/research-v005/decisions/task-022-draft/suite/priority.spec.mjs:19:3 › 019 independent priorities default to Normal and persist through rename
[47/74] experiments/instruction-effects/revisions/research-v005/decisions/task-022-draft/suite/priority.spec.mjs:50:3 › 020 priority edits preserve completion filters and summary
[48/74] experiments/instruction-effects/revisions/research-v005/decisions/task-022-draft/suite/priority.spec.mjs:71:3 › 021 archived priorities are read-only and restored unchanged
[49/74] experiments/instruction-effects/revisions/research-v005/decisions/task-022-draft/suite/return-order.spec.mjs:13:2 › 043 returning tasks in reverse order restores prior positions and current fields
[50/74] experiments/instruction-effects/revisions/research-v005/decisions/task-022-draft/suite/return-order.spec.mjs:20:2 › 044 rename archival and restoration preserve returning project identity
[51/74] experiments/instruction-effects/revisions/research-v005/decisions/task-022-draft/suite/return-order.spec.mjs:27:2 › 045 return positions belong to each project and precede later new arrivals
[52/74] experiments/instruction-effects/revisions/research-v005/decisions/task-022-draft/suite/search-whitespace.spec.mjs:5:2 › 050 task search collapses spaces tabs without changing stored titles or filters
[53/74] experiments/instruction-effects/revisions/research-v005/decisions/task-022-draft/suite/search-whitespace.spec.mjs:12:2 › 051 project whitespace matching retains original names and archived intersection
[54/74] experiments/instruction-effects/revisions/research-v005/decisions/task-022-draft/suite/search.spec.mjs:7:2 › 046 project search trims ASCII case and intersects archive filter in creation order
[55/74] experiments/instruction-effects/revisions/research-v005/decisions/task-022-draft/suite/search.spec.mjs:15:2 › 047 task search intersects all filters retaining order and summary counts
[56/74] experiments/instruction-effects/revisions/research-v005/decisions/task-022-draft/suite/search.spec.mjs:30:2 › 048 rename re-evaluates search membership and archived search remains readable
[57/74] experiments/instruction-effects/revisions/research-v005/decisions/task-022-draft/suite/search.spec.mjs:37:2 › 049 upgraded original task012 return positions remain usable
[58/74] experiments/instruction-effects/revisions/research-v005/decisions/task-022-draft/suite/workboard.spec.mjs:8:1 › 001 health and project creation persist on reload
[59/74] experiments/instruction-effects/revisions/research-v005/decisions/task-022-draft/suite/workboard.spec.mjs:25:1 › 002 blank project input is rejected
[60/74] experiments/instruction-effects/revisions/research-v005/decisions/task-022-draft/suite/workboard.spec.mjs:38:1 › 003 project creation order
[61/74] experiments/instruction-effects/revisions/research-v005/decisions/task-022-draft/suite/workboard.spec.mjs:46:3 › 004 trimmed tasks and project URL survive reload
[62/74] experiments/instruction-effects/revisions/research-v005/decisions/task-022-draft/suite/workboard.spec.mjs:55:3 › 005 blank task input is rejected
[63/74] experiments/instruction-effects/revisions/research-v005/decisions/task-022-draft/suite/workboard.spec.mjs:64:3 › 006 tasks do not cross project boundaries
[64/74] experiments/instruction-effects/revisions/research-v005/decisions/task-022-draft/suite/workboard.spec.mjs:73:3 › 007 task filters and completion state persist
[65/74] experiments/instruction-effects/revisions/research-v005/decisions/task-022-draft/suite/workboard.spec.mjs:102:3 › 008 archive state persists and project can be restored
[66/74] experiments/instruction-effects/revisions/research-v005/decisions/task-022-draft/suite/workboard.spec.mjs:114:3 › 009 archived tasks are read-only and survive restoration
[67/74] experiments/instruction-effects/revisions/research-v005/decisions/task-022-draft/suite/workboard.spec.mjs:142:3 › 010 completion summaries reflect all tasks
[68/74] experiments/instruction-effects/revisions/research-v005/decisions/task-022-draft/suite/workboard.spec.mjs:155:1 › 011 seed process-restart persistence checks
[69/74] experiments/instruction-effects/revisions/research-v005/decisions/task-022-draft/suite/workboard.spec.mjs:207:3 › 013 rename preserves project URL, task state, summary and creation order
[70/74] experiments/instruction-effects/revisions/research-v005/decisions/task-022-draft/suite/workboard.spec.mjs:231:3 › 014 blank rename preserves original name
[71/74] experiments/instruction-effects/revisions/research-v005/decisions/task-022-draft/suite/workboard.spec.mjs:241:3 › 015 archived rename controls become available after restoration
[72/74] experiments/instruction-effects/revisions/research-v005/decisions/task-022-draft/suite/workboard.spec.mjs:260:3 › 016 task rename preserves completion, order, filter membership and summary
[73/74] experiments/instruction-effects/revisions/research-v005/decisions/task-022-draft/suite/workboard.spec.mjs:283:3 › 017 blank task rename preserves the original title
[74/74] experiments/instruction-effects/revisions/research-v005/decisions/task-022-draft/suite/workboard.spec.mjs:294:3 › 018 archived task rename controls become enabled after restoration
  74 passed (5.3m)
