
Running 1 test using 1 worker



[1/1] experiments/instruction-effects/revisions/research-v010/preflight/task039-executed04-suite/directory-owner-archive.spec.mjs:16:2 › 134 archive and restore each represented owner while preserving all excluded task fields and creation order
  1) experiments/instruction-effects/revisions/research-v010/preflight/task039-executed04-suite/directory-owner-archive.spec.mjs:16:2 › 134 archive and restore each represented owner while preserving all excluded task fields and creation order 

    Test timeout of 180000ms exceeded.

    Error: locator.click: Test timeout of 180000ms exceeded.
    Call log:
      - waiting for getByTestId('project-row').filter({ hasText: 'task-039 Archive excluded owner' }).visible().getByRole('button', { name: 'Open project', exact: true })
        - waiting for navigation to finish...
        - navigated to "http://127.0.0.1:60377/?project_search=&filter=Active"


       at helpers.mjs:19

      17 | }
      18 | export async function openProject(page, name) {
    > 19 |   await projectRow(page, name).getByRole('button', { name: 'Open project', exact: true }).click();
         |                                                                                           ^
      20 |   await expect(page.getByRole('heading', { name: projectName(name), exact: true }).first()).toBeVisible();
      21 | }
      22 | export async function createTask(page, title) {
        at openProject (/Users/Shared/projects/competition/experiments/instruction-effects/revisions/research-v010/preflight/task039-executed04-suite/helpers.mjs:19:91)
        at full (/Users/Shared/projects/competition/experiments/instruction-effects/revisions/research-v010/preflight/task039-executed04-suite/directory-owner-archive.spec.mjs:12:224)
        at /Users/Shared/projects/competition/experiments/instruction-effects/revisions/research-v010/preflight/task039-executed04-suite/directory-owner-archive.spec.mjs:19:1124

    attachment #1: screenshot (image/png) ──────────────────────────────────────────────────────────
    experiments/instruction-effects/revisions/research-v010/preflight/task039-focused04-check-1791681925727/negative-archive39-all-owners-134/artifacts/directory-owner-archive-13-a8700-k-fields-and-creation-order/test-failed-2.png
    ────────────────────────────────────────────────────────────────────────────────────────────────

    attachment #2: screenshot (image/png) ──────────────────────────────────────────────────────────
    experiments/instruction-effects/revisions/research-v010/preflight/task039-focused04-check-1791681925727/negative-archive39-all-owners-134/artifacts/directory-owner-archive-13-a8700-k-fields-and-creation-order/test-failed-1.png
    ────────────────────────────────────────────────────────────────────────────────────────────────

    Error Context: experiments/instruction-effects/revisions/research-v010/preflight/task039-focused04-check-1791681925727/negative-archive39-all-owners-134/artifacts/directory-owner-archive-13-a8700-k-fields-and-creation-order/error-context.md

    attachment #4: trace (application/zip) ─────────────────────────────────────────────────────────
    experiments/instruction-effects/revisions/research-v010/preflight/task039-focused04-check-1791681925727/negative-archive39-all-owners-134/artifacts/directory-owner-archive-13-a8700-k-fields-and-creation-order/trace.zip
    Usage:

        npx playwright show-trace experiments/instruction-effects/revisions/research-v010/preflight/task039-focused04-check-1791681925727/negative-archive39-all-owners-134/artifacts/directory-owner-archive-13-a8700-k-fields-and-creation-order/trace.zip

    ────────────────────────────────────────────────────────────────────────────────────────────────


  1 failed
    experiments/instruction-effects/revisions/research-v010/preflight/task039-executed04-suite/directory-owner-archive.spec.mjs:16:2 › 134 archive and restore each represented owner while preserving all excluded task fields and creation order 
