
Running 1 test using 1 worker



[1/1] experiments/instruction-effects/revisions/research-v010/preflight/task038-executed04-suite/directory-prefix-search.spec.mjs:19:2 › 132 every bulk action and matching export honor prefix and protect embedded matches
  1) experiments/instruction-effects/revisions/research-v010/preflight/task038-executed04-suite/directory-prefix-search.spec.mjs:19:2 › 132 every bulk action and matching export honor prefix and protect embedded matches 

    Error: expect(received).toEqual(expected) // deep equality

    - Expected  -  0
    + Received  + 15

    @@ -13,6 +13,21 @@
              "priority": "Low",
              "title": "PrefixBulk38 target",
            },
          ],
        },
    +   Object {
    +     "archived": false,
    +     "defaultPriority": "Low",
    +     "name": "task-038 Owner bulk low",
    +     "tasks": Array [
    +       Object {
    +         "completed": true,
    +         "deleted": false,
    +         "dueDate": "",
    +         "notes": "",
    +         "priority": "High",
    +         "title": "embedded PrefixBulk38 guard",
    +       },
    +     ],
    +   },
      ]

      22 |   await page.getByRole('button',{name:'Complete visible tasks',exact:true}).click();await result(page,[a],['1/1 completed'],[target],'1/1 completed');await expectPersistedCompletion(page,a,target,true);await expectPersistedCompletion(page,b,guard,false);const o=await page.context().newPage();try{await returnTo(o,b);await o.getByRole('checkbox',{name:'Complete '+guard,exact:true}).check();await expectPersistedCompletion(o,b,guard,true);}finally{await o.close();}
      23 |   await page.getByRole('button',{name:'Reopen visible tasks',exact:true}).click();await result(page,[a],['0/1 completed'],[target],'0/1 completed');await expectPersistedCompletion(page,b,guard,true);await page.getByRole('combobox',{name:'Visible tasks priority',exact:true}).selectOption({label:'Low'});await page.getByRole('button',{name:'Set visible priority',exact:true}).click();await expect(rows(page).getByTestId('directory-task-priority')).toHaveText(['Low']);await expectPersistedPriority(page,a,target,'Low');await expectPersistedPriority(page,b,guard,'High');await controls(page,q);
    > 24 |   await page.getByRole('textbox',{name:'Visible tasks due date',exact:true}).fill(date);await page.getByRole('button',{name:'Save visible due date',exact:true}).click();await expect(rows(page).getByTestId('directory-task-due-date')).toHaveText([date]);await fieldStored(page,b,guard,'Task due date','');await page.getByRole('textbox',{name:'Visible tasks notes',exact:true}).fill(notes);await page.getByRole('button',{name:'Save visible notes',exact:true}).click();await expect(rows(page).getByTestId('directory-task-notes')).toHaveText([notes]);await fieldStored(page,b,guard,'Task notes','');expect(await workspace(page)).toEqual([{name:projectName(a),archived:false,defaultPriority:'High',tasks:[{title:target,completed:false,priority:'Low',dueDate:date,notes,deleted:false}]}]);
         |                                                                                                                                                                                                                                                                                                                                                                                                                                                                                                                                                                                                                                                 ^
      25 |   await page.getByRole('button',{name:'Delete visible tasks',exact:true}).click();await result(page,[],[],[],'0/0 completed');await page.getByRole('combobox',{name:'Task filter',exact:true}).selectOption({label:'Deleted'});await result(page,[a],['0/1 completed'],[target],'0/1 completed');await protectedWrites(page);await page.getByRole('button',{name:'Restore visible tasks',exact:true}).click();await result(page,[],[],[],'0/0 completed');await mode(page).selectOption({label:'Phrase'});await result(page,[b],['0/1 completed'],[deleted],'0/1 completed');await defaultStored(page,a,'High');await defaultStored(page,b,'Low');
      26 |   await returnTo(page,b);expect((await download(page)).tasks).toEqual([{title:guard,completed:true,priority:'High',dueDate:'',notes:'',deleted:false},{title:deleted,completed:false,priority:'High',dueDate:date,notes:'Protected',deleted:true}]);await returnTo(page,a);await createTask(page,'New inherited high');await expectPersistedPriority(page,a,'New inherited high','High');
      27 |  });
        at /Users/Shared/projects/competition/experiments/instruction-effects/revisions/research-v010/preflight/task038-executed04-suite/directory-prefix-search.spec.mjs:24:625

    attachment #1: screenshot (image/png) ──────────────────────────────────────────────────────────
    experiments/instruction-effects/revisions/research-v010/preflight/task038-focused03-check-1791680578205/negative-prefix-workspace-export-substring-132/artifacts/directory-prefix-search-13-6058e-nd-protect-embedded-matches/test-failed-1.png
    ────────────────────────────────────────────────────────────────────────────────────────────────

    Error Context: experiments/instruction-effects/revisions/research-v010/preflight/task038-focused03-check-1791680578205/negative-prefix-workspace-export-substring-132/artifacts/directory-prefix-search-13-6058e-nd-protect-embedded-matches/error-context.md

    attachment #3: trace (application/zip) ─────────────────────────────────────────────────────────
    experiments/instruction-effects/revisions/research-v010/preflight/task038-focused03-check-1791680578205/negative-prefix-workspace-export-substring-132/artifacts/directory-prefix-search-13-6058e-nd-protect-embedded-matches/trace.zip
    Usage:

        npx playwright show-trace experiments/instruction-effects/revisions/research-v010/preflight/task038-focused03-check-1791680578205/negative-prefix-workspace-export-substring-132/artifacts/directory-prefix-search-13-6058e-nd-protect-embedded-matches/trace.zip

    ────────────────────────────────────────────────────────────────────────────────────────────────


  1 failed
    experiments/instruction-effects/revisions/research-v010/preflight/task038-executed04-suite/directory-prefix-search.spec.mjs:19:2 › 132 every bulk action and matching export honor prefix and protect embedded matches 
