
Running 68 tests using 1 worker



[1/68] experiments/instruction-effects/revisions/research-v005/decisions/task-020-draft/suite/bulk-directory.spec.mjs:13:2 › 067 bulk completion intersects every directory filter and preserves fields order and reserved positions
[2/68] experiments/instruction-effects/revisions/research-v005/decisions/task-020-draft/suite/bulk-directory.spec.mjs:24:2 › 068 archived deleted and empty directory scopes disable both bulk actions without changing protected records
[3/68] experiments/instruction-effects/revisions/research-v005/decisions/task-020-draft/suite/bulk-directory.spec.mjs:29:2 › 069 bulk changes retain two project restart sentinels with literal original metadata
[4/68] experiments/instruction-effects/revisions/research-v005/decisions/task-020-draft/suite/default-priority.spec.mjs:11:2 › 027 pre-default projects and tasks preserve their distinct saved priorities
[5/68] experiments/instruction-effects/revisions/research-v005/decisions/task-020-draft/suite/default-priority.spec.mjs:20:2 › 028 project default affects only future tasks and retains filters and summary
[6/68] experiments/instruction-effects/revisions/research-v005/decisions/task-020-draft/suite/default-priority.spec.mjs:53:2 › 029 project default survives rename archive and restoration
[7/68] experiments/instruction-effects/revisions/research-v005/decisions/task-020-draft/suite/deletion.spec.mjs:10:2 › 054 deleted tasks preserve fields intersect filters and remain read-only through project archival
[8/68] experiments/instruction-effects/revisions/research-v005/decisions/task-020-draft/suite/deletion.spec.mjs:18:2 › 055 restoration retains reserved order explicit priority completion and remembered destination positions
[9/68] experiments/instruction-effects/revisions/research-v005/decisions/task-020-draft/suite/deletion.spec.mjs:23:2 › 056 upgraded original tasks remain live and deleted-only project persists with an empty live summary
[10/68] experiments/instruction-effects/revisions/research-v005/decisions/task-020-draft/suite/deletion.spec.mjs:27:2 › 057 deleted filter intersects priority due range and title search
[11/68] experiments/instruction-effects/revisions/research-v005/decisions/task-020-draft/suite/directory.spec.mjs:12:2 › 064 directory preserves owner and stored order with live deleted archived and literal field semantics
[12/68] experiments/instruction-effects/revisions/research-v005/decisions/task-020-draft/suite/directory.spec.mjs:17:2 › 065 directory intersects and retains filters validates ranges and resets on a new opening
[13/68] experiments/instruction-effects/revisions/research-v005/decisions/task-020-draft/suite/directory.spec.mjs:20:2 › 066 directory includes original imported records and uses current whitespace matching without mutating project state
[14/68] experiments/instruction-effects/revisions/research-v005/decisions/task-020-draft/suite/due-date.spec.mjs:11:2 › 030 dates default empty save canonically survive rename and clear
[15/68] experiments/instruction-effects/revisions/research-v005/decisions/task-020-draft/suite/due-date.spec.mjs:21:2 › 031 invalid formats and impossible calendar dates preserve the saved date
[16/68] experiments/instruction-effects/revisions/research-v005/decisions/task-020-draft/suite/due-date.spec.mjs:29:2 › 032 date changes retain task identity filters order and all-task summary
[17/68] experiments/instruction-effects/revisions/research-v005/decisions/task-020-draft/suite/due-date.spec.mjs:44:2 › 033 archived dates are read-only restored and old data stays undated
[18/68] experiments/instruction-effects/revisions/research-v005/decisions/task-020-draft/suite/due-range.spec.mjs:14:2 › 034 date ranges include endpoints exclude undated tasks and preserve order
[19/68] experiments/instruction-effects/revisions/research-v005/decisions/task-020-draft/suite/due-range.spec.mjs:24:2 › 035 due ranges intersect completion priority and live date edits
[20/68] experiments/instruction-effects/revisions/research-v005/decisions/task-020-draft/suite/due-range.spec.mjs:40:2 › 036 invalid due ranges preserve the last applied membership
[21/68] experiments/instruction-effects/revisions/research-v005/decisions/task-020-draft/suite/due-range.spec.mjs:48:2 › 037 archived ranges stay usable and reopening clears transient boundaries
[22/68] experiments/instruction-effects/revisions/research-v005/decisions/task-020-draft/suite/due-range.spec.mjs:57:2 › 038 project default rename and hidden creation retain the applied range
[23/68] experiments/instruction-effects/revisions/research-v005/decisions/task-020-draft/suite/export.spec.mjs:7:2 › 058 export includes every stored task in order with literal values despite current filters
[24/68] experiments/instruction-effects/revisions/research-v005/decisions/task-020-draft/suite/export.spec.mjs:11:2 › 059 archived upgraded and empty projects export without mutation
[25/68] experiments/instruction-effects/revisions/research-v005/decisions/task-020-draft/suite/import.spec.mjs:14:2 › 060 exported projects import independently with saved fields deleted order and project defaults
[26/68] experiments/instruction-effects/revisions/research-v005/decisions/task-020-draft/suite/import.spec.mjs:17:2 › 061 malformed root documents and blank override reject atomically and retain inputs
[27/68] experiments/instruction-effects/revisions/research-v005/decisions/task-020-draft/suite/import.spec.mjs:20:2 › 062 invalid later tasks reject the entire import without partial project task or existing-data writes
[28/68] experiments/instruction-effects/revisions/research-v005/decisions/task-020-draft/suite/import.spec.mjs:23:2 › 063 archived and empty imports preserve flags literal data and native restart sentinels
[29/68] experiments/instruction-effects/revisions/research-v005/decisions/task-020-draft/suite/move-task.spec.mjs:15:2 › 039 moving a task preserves data and destination order without inheriting defaults
[30/68] experiments/instruction-effects/revisions/research-v005/decisions/task-020-draft/suite/move-task.spec.mjs:26:2 › 040 moving under combined filters retains source range and independent data
[31/68] experiments/instruction-effects/revisions/research-v005/decisions/task-020-draft/suite/move-task.spec.mjs:37:2 › 041 destination choices use active current project names in creation order
[32/68] experiments/instruction-effects/revisions/research-v005/decisions/task-020-draft/suite/move-task.spec.mjs:41:2 › 042 archived source moves are disabled restoration allows moving an undated task
[33/68] experiments/instruction-effects/revisions/research-v005/decisions/task-020-draft/suite/notes.spec.mjs:10:2 › 052 multiline notes retain literal text filters and archived read-only behavior
[34/68] experiments/instruction-effects/revisions/research-v005/decisions/task-020-draft/suite/notes.spec.mjs:21:2 › 053 notes travel through moves and returns while original archived data upgrades
[35/68] experiments/instruction-effects/revisions/research-v005/decisions/task-020-draft/suite/priority-filter.spec.mjs:8:3 › 023 priority and completion filters intersect in creation order
[36/68] experiments/instruction-effects/revisions/research-v005/decisions/task-020-draft/suite/priority-filter.spec.mjs:42:3 › 024 filtered edits re-evaluate rows while retaining both filter choices
[37/68] experiments/instruction-effects/revisions/research-v005/decisions/task-020-draft/suite/priority-filter.spec.mjs:73:3 › 025 task rename retains combined filter membership
[38/68] experiments/instruction-effects/revisions/research-v005/decisions/task-020-draft/suite/priority-filter.spec.mjs:91:3 › 026 archived combined filters are readable without enabling task editing
[39/68] experiments/instruction-effects/revisions/research-v005/decisions/task-020-draft/suite/priority.spec.mjs:8:3 › 022 pre-priority archived data acquires Normal without changing completion
[40/68] experiments/instruction-effects/revisions/research-v005/decisions/task-020-draft/suite/priority.spec.mjs:19:3 › 019 independent priorities default to Normal and persist through rename
[41/68] experiments/instruction-effects/revisions/research-v005/decisions/task-020-draft/suite/priority.spec.mjs:50:3 › 020 priority edits preserve completion filters and summary
[42/68] experiments/instruction-effects/revisions/research-v005/decisions/task-020-draft/suite/priority.spec.mjs:71:3 › 021 archived priorities are read-only and restored unchanged
[43/68] experiments/instruction-effects/revisions/research-v005/decisions/task-020-draft/suite/return-order.spec.mjs:13:2 › 043 returning tasks in reverse order restores prior positions and current fields
[44/68] experiments/instruction-effects/revisions/research-v005/decisions/task-020-draft/suite/return-order.spec.mjs:20:2 › 044 rename archival and restoration preserve returning project identity
[45/68] experiments/instruction-effects/revisions/research-v005/decisions/task-020-draft/suite/return-order.spec.mjs:27:2 › 045 return positions belong to each project and precede later new arrivals
[46/68] experiments/instruction-effects/revisions/research-v005/decisions/task-020-draft/suite/search-whitespace.spec.mjs:5:2 › 050 task search collapses spaces tabs without changing stored titles or filters
[47/68] experiments/instruction-effects/revisions/research-v005/decisions/task-020-draft/suite/search-whitespace.spec.mjs:12:2 › 051 project whitespace matching retains original names and archived intersection
[48/68] experiments/instruction-effects/revisions/research-v005/decisions/task-020-draft/suite/search.spec.mjs:7:2 › 046 project search trims ASCII case and intersects archive filter in creation order
[49/68] experiments/instruction-effects/revisions/research-v005/decisions/task-020-draft/suite/search.spec.mjs:15:2 › 047 task search intersects all filters retaining order and summary counts
[50/68] experiments/instruction-effects/revisions/research-v005/decisions/task-020-draft/suite/search.spec.mjs:30:2 › 048 rename re-evaluates search membership and archived search remains readable
[51/68] experiments/instruction-effects/revisions/research-v005/decisions/task-020-draft/suite/search.spec.mjs:37:2 › 049 upgraded original task012 return positions remain usable
[52/68] experiments/instruction-effects/revisions/research-v005/decisions/task-020-draft/suite/workboard.spec.mjs:8:1 › 001 health and project creation persist on reload
[53/68] experiments/instruction-effects/revisions/research-v005/decisions/task-020-draft/suite/workboard.spec.mjs:25:1 › 002 blank project input is rejected
[54/68] experiments/instruction-effects/revisions/research-v005/decisions/task-020-draft/suite/workboard.spec.mjs:38:1 › 003 project creation order
[55/68] experiments/instruction-effects/revisions/research-v005/decisions/task-020-draft/suite/workboard.spec.mjs:46:3 › 004 trimmed tasks and project URL survive reload
[56/68] experiments/instruction-effects/revisions/research-v005/decisions/task-020-draft/suite/workboard.spec.mjs:55:3 › 005 blank task input is rejected
[57/68] experiments/instruction-effects/revisions/research-v005/decisions/task-020-draft/suite/workboard.spec.mjs:64:3 › 006 tasks do not cross project boundaries
[58/68] experiments/instruction-effects/revisions/research-v005/decisions/task-020-draft/suite/workboard.spec.mjs:73:3 › 007 task filters and completion state persist
[59/68] experiments/instruction-effects/revisions/research-v005/decisions/task-020-draft/suite/workboard.spec.mjs:102:3 › 008 archive state persists and project can be restored
[60/68] experiments/instruction-effects/revisions/research-v005/decisions/task-020-draft/suite/workboard.spec.mjs:114:3 › 009 archived tasks are read-only and survive restoration
[61/68] experiments/instruction-effects/revisions/research-v005/decisions/task-020-draft/suite/workboard.spec.mjs:142:3 › 010 completion summaries reflect all tasks
[62/68] experiments/instruction-effects/revisions/research-v005/decisions/task-020-draft/suite/workboard.spec.mjs:155:1 › 011 seed process-restart persistence checks
[63/68] experiments/instruction-effects/revisions/research-v005/decisions/task-020-draft/suite/workboard.spec.mjs:207:3 › 013 rename preserves project URL, task state, summary and creation order
[64/68] experiments/instruction-effects/revisions/research-v005/decisions/task-020-draft/suite/workboard.spec.mjs:231:3 › 014 blank rename preserves original name
[65/68] experiments/instruction-effects/revisions/research-v005/decisions/task-020-draft/suite/workboard.spec.mjs:241:3 › 015 archived rename controls become available after restoration
[66/68] experiments/instruction-effects/revisions/research-v005/decisions/task-020-draft/suite/workboard.spec.mjs:260:3 › 016 task rename preserves completion, order, filter membership and summary
[67/68] experiments/instruction-effects/revisions/research-v005/decisions/task-020-draft/suite/workboard.spec.mjs:283:3 › 017 blank task rename preserves the original title
[68/68] experiments/instruction-effects/revisions/research-v005/decisions/task-020-draft/suite/workboard.spec.mjs:294:3 › 018 archived task rename controls become enabled after restoration
  68 passed (4.2m)
