
Running 1 test using 1 worker



[1/1] experiments/instruction-effects/revisions/research-v006/decisions/task-024-draft/suite/directory-deletion.spec.mjs:31:2 › 078 directory bulk deletion and restoration honor every intersection and protect live summaries before restoration
  1) experiments/instruction-effects/revisions/research-v006/decisions/task-024-draft/suite/directory-deletion.spec.mjs:31:2 › 078 directory bulk deletion and restoration honor every intersection and protect live summaries before restoration 

    Error: expect(locator).toBeDisabled() failed

    Locator:  getByRole('button', { name: 'Restore visible tasks', exact: true })
    Expected: disabled
    Received: enabled
    Timeout:  5000ms

    Call log:
      - Expect "toBeDisabled" getByRole('button', { name: 'Restore visible tasks', exact: true }) with timeout 5000ms
      - waiting for getByRole('button', { name: 'Restore visible tasks', exact: true })
        14 × locator resolved to <button>Restore visible tasks</button>
           - unexpected value "enabled"


      43 |   await page.getByRole('combobox',{name:'Priority filter',exact:true}).selectOption({label:'High'});await result(page,[a,b],['0/2 completed','0/1 completed'],[first,late,second],'0/3 completed');
      44 |   await page.getByRole('textbox',{name:'Due from',exact:true}).fill('2064-02-29');await page.getByRole('textbox',{name:'Due through',exact:true}).fill('2064-02-29');await page.getByRole('button',{name:'Apply due range',exact:true}).click();await result(page,[a,b],['0/1 completed','0/1 completed'],[first,second],'0/2 completed');
    > 45 |   await page.getByRole('combobox',{name:'Directory order',exact:true}).selectOption({label:'Title'});await result(page,[a,b],['0/1 completed','0/1 completed'],[second,first],'0/2 completed');await expect(remove(page)).toBeEnabled();await expect(restore(page)).toBeDisabled();await remove(page).click();await result(page,[],[],[],'0/0 completed');await expect(remove(page)).toBeDisabled();await expect(restore(page)).toBeDisabled();await expect(page.getByRole('button',{name:'Complete visible tasks',exact:true})).toBeDisabled();
         |                                                                                                                                                                                                                                                                     ^
      46 |   // Observe live guards immediately; restoring later must not hide an over-broad deletion.
      47 |   const observer=await page.context().newPage();try{
      48 |    await returnTo(observer,a);await titles(observer,[before,low,late,done,other]);await expect(observer.getByRole('checkbox',{name:'Complete '+done,exact:true})).toBeChecked();await observer.goto('/');await expect(projectRow(observer,a).getByTestId('project-summary')).toHaveText('1/5 completed');await expect(projectRow(observer,b).getByTestId('project-summary')).toHaveText('0/2 completed');await returnTo(observer,b);await titles(observer,[beforeB,afterB]);
        at /Users/Shared/projects/competition/experiments/instruction-effects/revisions/research-v006/decisions/task-024-draft/suite/directory-deletion.spec.mjs:45:261

    attachment #1: screenshot (image/png) ──────────────────────────────────────────────────────────
    experiments/instruction-effects/revisions/research-v006/preflight/priority-fixtures/stage24-bulk-delete-check-1791654840783/negative-bulk-delete-enabled-protected-078/artifacts/directory-deletion-078-dir-c68fe-ummaries-before-restoration/test-failed-1.png
    ────────────────────────────────────────────────────────────────────────────────────────────────

    Error Context: experiments/instruction-effects/revisions/research-v006/preflight/priority-fixtures/stage24-bulk-delete-check-1791654840783/negative-bulk-delete-enabled-protected-078/artifacts/directory-deletion-078-dir-c68fe-ummaries-before-restoration/error-context.md

    attachment #3: trace (application/zip) ─────────────────────────────────────────────────────────
    experiments/instruction-effects/revisions/research-v006/preflight/priority-fixtures/stage24-bulk-delete-check-1791654840783/negative-bulk-delete-enabled-protected-078/artifacts/directory-deletion-078-dir-c68fe-ummaries-before-restoration/trace.zip
    Usage:

        npx playwright show-trace experiments/instruction-effects/revisions/research-v006/preflight/priority-fixtures/stage24-bulk-delete-check-1791654840783/negative-bulk-delete-enabled-protected-078/artifacts/directory-deletion-078-dir-c68fe-ummaries-before-restoration/trace.zip

    ────────────────────────────────────────────────────────────────────────────────────────────────


  1 failed
    experiments/instruction-effects/revisions/research-v006/decisions/task-024-draft/suite/directory-deletion.spec.mjs:31:2 › 078 directory bulk deletion and restoration honor every intersection and protect live summaries before restoration 
