
Running 1 test using 1 worker



[1/1] experiments/instruction-effects/revisions/research-v003/decisions/task-012-draft/suite/return-order.spec.mjs:13:2 › 043 returning tasks in reverse order restores prior positions and current fields
  1) experiments/instruction-effects/revisions/research-v003/decisions/task-012-draft/suite/return-order.spec.mjs:13:2 › 043 returning tasks in reverse order restores prior positions and current fields 

    Error: expect(locator).toHaveText(expected) failed

    Locator:  getByTestId('task-row').filter({ has: getByRole('checkbox', { name: 'Complete Return second', exact: true }) }).visible().getByRole('combobox', { name: 'Task priority', exact: true }).locator('option:checked')
    Expected: "High"
    Received: "Normal"
    Timeout:  5000ms

    Call log:
      - Expect "toHaveText" getByTestId('task-row').filter({ has: getByRole('checkbox', { name: 'Complete Return second', exact: true }) }).visible().getByRole('combobox', { name: 'Task priority', exact: true }).locator('option:checked') with timeout 5000ms
      - waiting for getByTestId('task-row').filter({ has: getByRole('checkbox', { name: 'Complete Return second', exact: true }) }).visible().getByRole('combobox', { name: 'Task priority', exact: true }).locator('option:checked')
        14 × locator resolved to <option selected>Normal</option>
           - unexpected value "Normal"


      16 |   await moveTask(page,'Return owner','Return holding','Return second');await moveTask(page,'Return owner','Return holding','Return third');await order(page,['Return first','Return fourth']);await page.goto('/');await openProject(page,'Return holding');
      17 |   await taskRow(page,'Return second').getByRole('combobox',{name:'Task priority',exact:true}).selectOption({label:'High'});await expectPersistedPriority(page,'Return holding','Return second','High');await page.getByRole('checkbox',{name:'Complete Return second',exact:true}).check();await expectPersistedCompletion(page,'Return holding','Return second',true);
    > 18 |   await moveTask(page,'Return holding','Return owner','Return third');await moveTask(page,'Return holding','Return owner','Return second');await page.goto('/');await openProject(page,'Return owner');await order(page,['Return first','Return second','Return third','Return fourth']);await expect(taskRow(page,'Return second').getByRole('combobox',{name:'Task priority',exact:true}).locator('option:checked')).toHaveText('High');await expect(page.getByRole('checkbox',{name:'Complete Return second',exact:true})).toBeChecked();await page.reload();await order(page,['Return first','Return second','Return third','Return fourth']);
         |                                                                                                                                                                                                                                                                                                                                                                                                                        ^
      19 |  });
      20 |  test('044 rename archival and restoration preserve returning project identity',async({page})=>{
      21 |   await createProject(page,'Return identity holding');await createProject(page,'Return identity owner');await openProject(page,'Return identity owner');for(const title of ['Identity before','Identity returning','Identity after'])await createTask(page,title);await moveTask(page,'Return identity owner','Return identity holding','Identity returning');
        at /Users/Shared/projects/competition/experiments/instruction-effects/revisions/research-v003/decisions/task-012-draft/suite/return-order.spec.mjs:18:408

    attachment #1: screenshot (image/png) ──────────────────────────────────────────────────────────
    experiments/instruction-effects/revisions/research-v003/preflight/priority-fixtures/stage-12-check-1791629700754/negative-stale-return-fields/artifacts/return-order-043-returning-e50a6-ositions-and-current-fields/test-failed-1.png
    ────────────────────────────────────────────────────────────────────────────────────────────────

    Error Context: experiments/instruction-effects/revisions/research-v003/preflight/priority-fixtures/stage-12-check-1791629700754/negative-stale-return-fields/artifacts/return-order-043-returning-e50a6-ositions-and-current-fields/error-context.md

    attachment #3: trace (application/zip) ─────────────────────────────────────────────────────────
    experiments/instruction-effects/revisions/research-v003/preflight/priority-fixtures/stage-12-check-1791629700754/negative-stale-return-fields/artifacts/return-order-043-returning-e50a6-ositions-and-current-fields/trace.zip
    Usage:

        npx playwright show-trace experiments/instruction-effects/revisions/research-v003/preflight/priority-fixtures/stage-12-check-1791629700754/negative-stale-return-fields/artifacts/return-order-043-returning-e50a6-ositions-and-current-fields/trace.zip

    ────────────────────────────────────────────────────────────────────────────────────────────────


  1 failed
    experiments/instruction-effects/revisions/research-v003/decisions/task-012-draft/suite/return-order.spec.mjs:13:2 › 043 returning tasks in reverse order restores prior positions and current fields 
