
Running 8 tests using 1 worker



[1/8] experiments/instruction-effects/revisions/research-v005/decisions/task-018-draft/suite/deletion.spec.mjs:10:2 › 054 deleted tasks preserve fields intersect filters and remain read-only through project archival
  1) experiments/instruction-effects/revisions/research-v005/decisions/task-018-draft/suite/deletion.spec.mjs:10:2 › 054 deleted tasks preserve fields intersect filters and remain read-only through project archival 

    Error: expect(locator).toBeVisible() failed

    Locator: getByTestId('task-row').filter({ has: getByRole('checkbox', { name: 'Complete Completed remove', exact: true }) }).visible()
    Expected: visible
    Error: strict mode violation: getByTestId('task-row').filter({ has: getByRole('checkbox', { name: 'Complete Completed remove', exact: true }) }).visible() resolved to 2 elements:
        1) <div data-testid="task-row">…</div> aka getByTestId('task-row').first()
        2) <div data-testid="task-row">…</div> aka getByTestId('task-row').nth(3)

    Call log:
      - Expect "toBeVisible" getByTestId('task-row').filter({ has: getByRole('checkbox', { name: 'Complete Completed remove', exact: true }) }).visible() with timeout 5000ms
      - waiting for getByTestId('task-row').filter({ has: getByRole('checkbox', { name: 'Complete Completed remove', exact: true }) }).visible()


      12 |   await expect(filter(page).locator('option')).toHaveText(['All','Open','Completed','Deleted']);await page.getByRole('checkbox',{name:'Complete '+title,exact:true}).check();await summary(page,owner,'1/4 completed');await taskRow(page,title).getByRole('combobox',{name:'Task priority',exact:true}).selectOption({label:'High'});await expectPersistedPriority(page,owner,title,'High');await saved(page,owner,title,'Task due date','2036-02-29');await saved(page,owner,title,'Task notes','  Deleted Ω note\nsecond line  ');await page.getByRole('checkbox',{name:'Complete Completed remove sentinel',exact:true}).check();await summary(page,owner,'2/4 completed');await taskRow(page,'Completed remove sentinel').getByRole('combobox',{name:'Task priority',exact:true}).selectOption({label:'High'});await expectPersistedPriority(page,owner,'Completed remove sentinel','High');await saved(page,owner,'Completed remove sentinel','Task due date','2036-02-29');
      13 |   await createTask(page,'Completed remove outside');await page.getByRole('checkbox',{name:'Complete Completed remove outside',exact:true}).check();await summary(page,owner,'3/5 completed');await taskRow(page,'Completed remove outside').getByRole('combobox',{name:'Task priority',exact:true}).selectOption({label:'High'});await expectPersistedPriority(page,owner,'Completed remove outside','High');await saved(page,owner,'Completed remove outside','Task due date','2037-01-01');await createTask(page,'Completed normal exclusion');await page.getByRole('checkbox',{name:'Complete Completed normal exclusion',exact:true}).check();await summary(page,owner,'4/6 completed');
    > 14 |   await filter(page).selectOption({label:'Completed'});await expect(taskRow(page,'Live before')).toHaveCount(0);await expect(taskRow(page,'Completed normal exclusion')).toBeVisible();await expect(page.getByTestId('task-row').filter({visible:true})).toHaveCount(4);await page.getByRole('combobox',{name:'Priority filter',exact:true}).selectOption({label:'High'});await expect(taskRow(page,'Completed normal exclusion')).toHaveCount(0);await expect(taskRow(page,'Completed remove outside')).toBeVisible();await expect(page.getByTestId('task-row').filter({visible:true})).toHaveCount(3);await page.getByRole('textbox',{name:'Task search',exact:true}).fill('completed remove');await page.getByRole('button',{name:'Search tasks',exact:true}).click();await page.getByRole('textbox',{name:'Due from',exact:true}).fill('2036-02-29');await page.getByRole('textbox',{name:'Due through',exact:true}).fill('2036-02-29');await page.getByRole('button',{name:'Apply due range',exact:true}).click();await expect(taskRow(page,'Completed remove outside')).toHaveCount(0);await expect(taskRow(page,title)).toBeVisible();await expect(page.getByTestId('task-row').filter({visible:true})).toHaveCount(2);await taskRow(page,title).getByRole('button',{name:'Delete task',exact:true}).click();await summary(page,owner,'3/5 completed');await expect(taskRow(page,'Completed remove sentinel')).toBeVisible();await expect(page.getByTestId('task-row').filter({visible:true})).toHaveCount(1);await expect(filter(page).locator('option:checked')).toHaveText('Completed');await expect(page.getByRole('textbox',{name:'Task search',exact:true})).toHaveValue('completed remove');await expect(page.getByRole('combobox',{name:'Priority filter',exact:true}).locator('option:checked')).toHaveText('High');await expect(page.getByRole('textbox',{name:'Due from',exact:true})).toHaveValue('2036-02-29');await expect(page.getByRole('textbox',{name:'Due through',exact:true})).toHaveValue('2036-02-29');
         |                                                                                                                                                                                                                                                                                                                                                                                                                                                                                                                                                                                                                                                                                                                                                                                                                                                                                                                                                                                                                                                                                                                                ^
      15 |   await filter(page).selectOption({label:'Deleted'});await expect(taskRow(page,title)).toBeVisible();await expect(taskRow(page,title).getByRole('combobox',{name:'Task priority',exact:true}).locator('option:checked')).toHaveText('High');await expect(taskRow(page,title).getByRole('textbox',{name:'Task due date',exact:true})).toHaveValue('2036-02-29');await expect(page.getByRole('checkbox',{name:'Complete '+title,exact:true})).toBeChecked();await expect(notes(page,title)).toHaveValue('  Deleted Ω note\nsecond line  ');for(const label of ['New task title','Task due date','Task notes'])await expect(taskRow(page,title).getByRole('textbox',{name:label,exact:true})).toBeDisabled();await expect(page.getByRole('checkbox',{name:'Complete '+title,exact:true})).toBeDisabled();for(const label of ['Task priority','Destination project'])await expect(taskRow(page,title).getByRole('combobox',{name:label,exact:true})).toBeDisabled();for(const label of ['Rename task','Save due date','Save notes','Move task'])await expect(taskRow(page,title).getByRole('button',{name:label,exact:true})).toBeDisabled();await expect(taskRow(page,title).getByRole('button',{name:'Restore task',exact:true})).toBeEnabled();await page.reload();await filter(page).selectOption({label:'Deleted'});await expect(notes(page,title)).toHaveValue('  Deleted Ω note\nsecond line  ');
      16 |   await page.getByRole('button',{name:'Projects',exact:true}).click();await projectRow(page,owner).getByRole('button',{name:'Archive project',exact:true}).click();await page.getByRole('combobox',{name:'Project filter',exact:true}).selectOption({label:'Archived'});await openProject(page,owner);await expect(taskRow(page,'Live before').getByRole('button',{name:'Delete task',exact:true})).toBeDisabled();await filter(page).selectOption({label:'Deleted'});await expect(taskRow(page,title)).toBeVisible();await expect(taskRow(page,title).getByRole('button',{name:'Restore task',exact:true})).toBeDisabled();await expect(page.getByRole('button',{name:'Search tasks',exact:true})).toBeEnabled();await expect(page.getByRole('button',{name:'Apply due range',exact:true})).toBeEnabled();await page.getByRole('button',{name:'Projects',exact:true}).click();await page.getByRole('combobox',{name:'Project filter',exact:true}).selectOption({label:'Archived'});await projectRow(page,owner).getByRole('button',{name:'Restore project',exact:true}).click();await page.getByRole('combobox',{name:'Project filter',exact:true}).selectOption({label:'Active'});await openProject(page,owner);await filter(page).selectOption({label:'Deleted'});await expect(taskRow(page,title)).toBeVisible();await expect(taskRow(page,title).getByRole('button',{name:'Restore task',exact:true})).toBeEnabled();
      17 |  });
        at /Users/Shared/projects/competition/experiments/instruction-effects/revisions/research-v005/decisions/task-018-draft/suite/deletion.spec.mjs:14:1088

    attachment #1: screenshot (image/png) ──────────────────────────────────────────────────────────
    experiments/instruction-effects/revisions/research-v005/preflight/priority-fixtures/action-check-1791641180402/positive-async-30/artifacts/deletion-054-deleted-tasks-2a876-ly-through-project-archival/test-failed-1.png
    ────────────────────────────────────────────────────────────────────────────────────────────────

    Error Context: experiments/instruction-effects/revisions/research-v005/preflight/priority-fixtures/action-check-1791641180402/positive-async-30/artifacts/deletion-054-deleted-tasks-2a876-ly-through-project-archival/error-context.md

    attachment #3: trace (application/zip) ─────────────────────────────────────────────────────────
    experiments/instruction-effects/revisions/research-v005/preflight/priority-fixtures/action-check-1791641180402/positive-async-30/artifacts/deletion-054-deleted-tasks-2a876-ly-through-project-archival/trace.zip
    Usage:

        npx playwright show-trace experiments/instruction-effects/revisions/research-v005/preflight/priority-fixtures/action-check-1791641180402/positive-async-30/artifacts/deletion-054-deleted-tasks-2a876-ly-through-project-archival/trace.zip

    ────────────────────────────────────────────────────────────────────────────────────────────────




[2/8] experiments/instruction-effects/revisions/research-v005/decisions/task-018-draft/suite/deletion.spec.mjs:18:2 › 055 restoration retains reserved order explicit priority completion and remembered destination positions
[3/8] experiments/instruction-effects/revisions/research-v005/decisions/task-018-draft/suite/deletion.spec.mjs:23:2 › 056 upgraded original tasks remain live and deleted-only project persists with an empty live summary
[4/8] experiments/instruction-effects/revisions/research-v005/decisions/task-018-draft/suite/due-date.spec.mjs:29:2 › 032 date changes retain task identity filters order and all-task summary
  2) experiments/instruction-effects/revisions/research-v005/decisions/task-018-draft/suite/due-date.spec.mjs:29:2 › 032 date changes retain task identity filters order and all-task summary 

    Error: locator.isChecked: Error: strict mode violation: getByRole('checkbox', { name: 'Complete Completed normal guard', exact: true }) resolved to 2 elements:
        1) <input checked value="1" type="checkbox" name="completed" aria-label="Complete Completed normal guard" onchange="fetch(this.form.action,{method:'POST',body:new URLSearchParams(new FormData(this.form))}).then(r=>r.text()).then(t=>document.documentElement.innerHTML=t)"/> aka getByRole('checkbox', { name: 'Complete Completed normal' }).first()
        2) <input checked value="1" type="checkbox" name="completed" aria-label="Complete Completed normal guard" onchange="fetch(this.form.action,{method:'POST',body:new URLSearchParams(new FormData(this.form))}).then(r=>r.text()).then(t=>document.documentElement.innerHTML=t)"/> aka getByRole('checkbox', { name: 'Complete Completed normal' }).nth(1)

    Call log:
      - waiting for getByRole('checkbox', { name: 'Complete Completed normal guard', exact: true })


       at helpers.mjs:61

      59 |       await observer.getByRole('combobox', {name:'Task filter', exact:true}).selectOption({label:'All'});
      60 |       await expect(taskRow(observer, title)).toBeVisible();
    > 61 |       return observer.getByRole('checkbox', {name:'Complete '+title, exact:true}).isChecked();
         |                                                                                   ^
      62 |     }, {timeout:5000, message:'Completion state must be durable before the next navigation'}).toBe(completed);
      63 |   } finally { await observer.close(); }
      64 | }
        at expect.poll.timeout (/Users/Shared/projects/competition/experiments/instruction-effects/revisions/research-v005/decisions/task-018-draft/suite/helpers.mjs:61:83)
        at expectPersistedCompletion (/Users/Shared/projects/competition/experiments/instruction-effects/revisions/research-v005/decisions/task-018-draft/suite/helpers.mjs:56:5)
        at /Users/Shared/projects/competition/experiments/instruction-effects/revisions/research-v005/decisions/task-018-draft/suite/due-date.spec.mjs:31:221

    attachment #1: screenshot (image/png) ──────────────────────────────────────────────────────────
    experiments/instruction-effects/revisions/research-v005/preflight/priority-fixtures/action-check-1791641180402/positive-async-30/artifacts/due-date-032-date-changes--7c656--order-and-all-task-summary/test-failed-1.png
    ────────────────────────────────────────────────────────────────────────────────────────────────

    Error Context: experiments/instruction-effects/revisions/research-v005/preflight/priority-fixtures/action-check-1791641180402/positive-async-30/artifacts/due-date-032-date-changes--7c656--order-and-all-task-summary/error-context.md

    attachment #3: trace (application/zip) ─────────────────────────────────────────────────────────
    experiments/instruction-effects/revisions/research-v005/preflight/priority-fixtures/action-check-1791641180402/positive-async-30/artifacts/due-date-032-date-changes--7c656--order-and-all-task-summary/trace.zip
    Usage:

        npx playwright show-trace experiments/instruction-effects/revisions/research-v005/preflight/priority-fixtures/action-check-1791641180402/positive-async-30/artifacts/due-date-032-date-changes--7c656--order-and-all-task-summary/trace.zip

    ────────────────────────────────────────────────────────────────────────────────────────────────




[5/8] experiments/instruction-effects/revisions/research-v005/decisions/task-018-draft/suite/due-range.spec.mjs:40:2 › 036 invalid due ranges preserve the last applied membership
[6/8] experiments/instruction-effects/revisions/research-v005/decisions/task-018-draft/suite/move-task.spec.mjs:25:2 › 040 moving under combined filters retains source range and independent data
  3) experiments/instruction-effects/revisions/research-v005/decisions/task-018-draft/suite/move-task.spec.mjs:25:2 › 040 moving under combined filters retains source range and independent data 

    Error: locator.isChecked: Error: strict mode violation: getByRole('checkbox', { name: 'Complete Filtered completed guard', exact: true }) resolved to 2 elements:
        1) <input checked value="1" type="checkbox" name="completed" aria-label="Complete Filtered completed guard" onchange="fetch(this.form.action,{method:'POST',body:new URLSearchParams(new FormData(this.form))}).then(r=>r.text()).then(t=>document.documentElement.innerHTML=t)"/> aka getByRole('checkbox', { name: 'Complete Filtered completed' }).first()
        2) <input checked value="1" type="checkbox" name="completed" aria-label="Complete Filtered completed guard" onchange="fetch(this.form.action,{method:'POST',body:new URLSearchParams(new FormData(this.form))}).then(r=>r.text()).then(t=>document.documentElement.innerHTML=t)"/> aka getByRole('checkbox', { name: 'Complete Filtered completed' }).nth(1)

    Call log:
      - waiting for getByRole('checkbox', { name: 'Complete Filtered completed guard', exact: true })


       at helpers.mjs:61

      59 |       await observer.getByRole('combobox', {name:'Task filter', exact:true}).selectOption({label:'All'});
      60 |       await expect(taskRow(observer, title)).toBeVisible();
    > 61 |       return observer.getByRole('checkbox', {name:'Complete '+title, exact:true}).isChecked();
         |                                                                                   ^
      62 |     }, {timeout:5000, message:'Completion state must be durable before the next navigation'}).toBe(completed);
      63 |   } finally { await observer.close(); }
      64 | }
        at expect.poll.timeout (/Users/Shared/projects/competition/experiments/instruction-effects/revisions/research-v005/decisions/task-018-draft/suite/helpers.mjs:61:83)
        at expectPersistedCompletion (/Users/Shared/projects/competition/experiments/instruction-effects/revisions/research-v005/decisions/task-018-draft/suite/helpers.mjs:56:5)
        at /Users/Shared/projects/competition/experiments/instruction-effects/revisions/research-v005/decisions/task-018-draft/suite/move-task.spec.mjs:29:377

    attachment #1: screenshot (image/png) ──────────────────────────────────────────────────────────
    experiments/instruction-effects/revisions/research-v005/preflight/priority-fixtures/action-check-1791641180402/positive-async-30/artifacts/move-task-040-moving-under-5c13e--range-and-independent-data/test-failed-1.png
    ────────────────────────────────────────────────────────────────────────────────────────────────

    Error Context: experiments/instruction-effects/revisions/research-v005/preflight/priority-fixtures/action-check-1791641180402/positive-async-30/artifacts/move-task-040-moving-under-5c13e--range-and-independent-data/error-context.md

    attachment #3: trace (application/zip) ─────────────────────────────────────────────────────────
    experiments/instruction-effects/revisions/research-v005/preflight/priority-fixtures/action-check-1791641180402/positive-async-30/artifacts/move-task-040-moving-under-5c13e--range-and-independent-data/trace.zip
    Usage:

        npx playwright show-trace experiments/instruction-effects/revisions/research-v005/preflight/priority-fixtures/action-check-1791641180402/positive-async-30/artifacts/move-task-040-moving-under-5c13e--range-and-independent-data/trace.zip

    ────────────────────────────────────────────────────────────────────────────────────────────────




[7/8] experiments/instruction-effects/revisions/research-v005/decisions/task-018-draft/suite/priority-filter.spec.mjs:42:3 › 024 filtered edits re-evaluate rows while retaining both filter choices
  4) experiments/instruction-effects/revisions/research-v005/decisions/task-018-draft/suite/priority-filter.spec.mjs:42:3 › 024 filtered edits re-evaluate rows while retaining both filter choices 

    Error: locator.isChecked: Error: strict mode violation: getByRole('checkbox', { name: 'Complete Completed high guard', exact: true }) resolved to 2 elements:
        1) <input checked value="1" type="checkbox" name="completed" aria-label="Complete Completed high guard" onchange="fetch(this.form.action,{method:'POST',body:new URLSearchParams(new FormData(this.form))}).then(r=>r.text()).then(t=>document.documentElement.innerHTML=t)"/> aka getByRole('checkbox', { name: 'Complete Completed high guard' }).first()
        2) <input checked value="1" type="checkbox" name="completed" aria-label="Complete Completed high guard" onchange="fetch(this.form.action,{method:'POST',body:new URLSearchParams(new FormData(this.form))}).then(r=>r.text()).then(t=>document.documentElement.innerHTML=t)"/> aka getByRole('checkbox', { name: 'Complete Completed high guard' }).nth(1)

    Call log:
      - waiting for getByRole('checkbox', { name: 'Complete Completed high guard', exact: true })


       at helpers.mjs:61

      59 |       await observer.getByRole('combobox', {name:'Task filter', exact:true}).selectOption({label:'All'});
      60 |       await expect(taskRow(observer, title)).toBeVisible();
    > 61 |       return observer.getByRole('checkbox', {name:'Complete '+title, exact:true}).isChecked();
         |                                                                                   ^
      62 |     }, {timeout:5000, message:'Completion state must be durable before the next navigation'}).toBe(completed);
      63 |   } finally { await observer.close(); }
      64 | }
        at expect.poll.timeout (/Users/Shared/projects/competition/experiments/instruction-effects/revisions/research-v005/decisions/task-018-draft/suite/helpers.mjs:61:83)
        at expectPersistedCompletion (/Users/Shared/projects/competition/experiments/instruction-effects/revisions/research-v005/decisions/task-018-draft/suite/helpers.mjs:56:5)
        at /Users/Shared/projects/competition/experiments/instruction-effects/revisions/research-v005/decisions/task-018-draft/suite/priority-filter.spec.mjs:49:305

    attachment #1: screenshot (image/png) ──────────────────────────────────────────────────────────
    experiments/instruction-effects/revisions/research-v005/preflight/priority-fixtures/action-check-1791641180402/positive-async-30/artifacts/priority-filter-024-filter-0ba97-taining-both-filter-choices/test-failed-1.png
    ────────────────────────────────────────────────────────────────────────────────────────────────

    Error Context: experiments/instruction-effects/revisions/research-v005/preflight/priority-fixtures/action-check-1791641180402/positive-async-30/artifacts/priority-filter-024-filter-0ba97-taining-both-filter-choices/error-context.md

    attachment #3: trace (application/zip) ─────────────────────────────────────────────────────────
    experiments/instruction-effects/revisions/research-v005/preflight/priority-fixtures/action-check-1791641180402/positive-async-30/artifacts/priority-filter-024-filter-0ba97-taining-both-filter-choices/trace.zip
    Usage:

        npx playwright show-trace experiments/instruction-effects/revisions/research-v005/preflight/priority-fixtures/action-check-1791641180402/positive-async-30/artifacts/priority-filter-024-filter-0ba97-taining-both-filter-choices/trace.zip

    ────────────────────────────────────────────────────────────────────────────────────────────────




[8/8] experiments/instruction-effects/revisions/research-v005/decisions/task-018-draft/suite/priority-filter.spec.mjs:73:3 › 025 task rename retains combined filter membership
  5) experiments/instruction-effects/revisions/research-v005/decisions/task-018-draft/suite/priority-filter.spec.mjs:73:3 › 025 task rename retains combined filter membership 

    Error: locator.isChecked: Error: strict mode violation: getByRole('checkbox', { name: 'Complete Completed low guard', exact: true }) resolved to 2 elements:
        1) <input checked value="1" type="checkbox" name="completed" aria-label="Complete Completed low guard" onchange="fetch(this.form.action,{method:'POST',body:new URLSearchParams(new FormData(this.form))}).then(r=>r.text()).then(t=>document.documentElement.innerHTML=t)"/> aka getByRole('checkbox', { name: 'Complete Completed low guard' }).first()
        2) <input checked value="1" type="checkbox" name="completed" aria-label="Complete Completed low guard" onchange="fetch(this.form.action,{method:'POST',body:new URLSearchParams(new FormData(this.form))}).then(r=>r.text()).then(t=>document.documentElement.innerHTML=t)"/> aka getByRole('checkbox', { name: 'Complete Completed low guard' }).nth(1)

    Call log:
      - waiting for getByRole('checkbox', { name: 'Complete Completed low guard', exact: true })


       at helpers.mjs:61

      59 |       await observer.getByRole('combobox', {name:'Task filter', exact:true}).selectOption({label:'All'});
      60 |       await expect(taskRow(observer, title)).toBeVisible();
    > 61 |       return observer.getByRole('checkbox', {name:'Complete '+title, exact:true}).isChecked();
         |                                                                                   ^
      62 |     }, {timeout:5000, message:'Completion state must be durable before the next navigation'}).toBe(completed);
      63 |   } finally { await observer.close(); }
      64 | }
        at expect.poll.timeout (/Users/Shared/projects/competition/experiments/instruction-effects/revisions/research-v005/decisions/task-018-draft/suite/helpers.mjs:61:83)
        at expectPersistedCompletion (/Users/Shared/projects/competition/experiments/instruction-effects/revisions/research-v005/decisions/task-018-draft/suite/helpers.mjs:56:5)
        at /Users/Shared/projects/competition/experiments/instruction-effects/revisions/research-v005/decisions/task-018-draft/suite/priority-filter.spec.mjs:78:301

    attachment #1: screenshot (image/png) ──────────────────────────────────────────────────────────
    experiments/instruction-effects/revisions/research-v005/preflight/priority-fixtures/action-check-1791641180402/positive-async-30/artifacts/priority-filter-025-task-r-b54b1--combined-filter-membership/test-failed-1.png
    ────────────────────────────────────────────────────────────────────────────────────────────────

    Error Context: experiments/instruction-effects/revisions/research-v005/preflight/priority-fixtures/action-check-1791641180402/positive-async-30/artifacts/priority-filter-025-task-r-b54b1--combined-filter-membership/error-context.md

    attachment #3: trace (application/zip) ─────────────────────────────────────────────────────────
    experiments/instruction-effects/revisions/research-v005/preflight/priority-fixtures/action-check-1791641180402/positive-async-30/artifacts/priority-filter-025-task-r-b54b1--combined-filter-membership/trace.zip
    Usage:

        npx playwright show-trace experiments/instruction-effects/revisions/research-v005/preflight/priority-fixtures/action-check-1791641180402/positive-async-30/artifacts/priority-filter-025-task-r-b54b1--combined-filter-membership/trace.zip

    ────────────────────────────────────────────────────────────────────────────────────────────────


  5 failed
    experiments/instruction-effects/revisions/research-v005/decisions/task-018-draft/suite/deletion.spec.mjs:10:2 › 054 deleted tasks preserve fields intersect filters and remain read-only through project archival 
    experiments/instruction-effects/revisions/research-v005/decisions/task-018-draft/suite/due-date.spec.mjs:29:2 › 032 date changes retain task identity filters order and all-task summary 
    experiments/instruction-effects/revisions/research-v005/decisions/task-018-draft/suite/move-task.spec.mjs:25:2 › 040 moving under combined filters retains source range and independent data 
    experiments/instruction-effects/revisions/research-v005/decisions/task-018-draft/suite/priority-filter.spec.mjs:42:3 › 024 filtered edits re-evaluate rows while retaining both filter choices 
    experiments/instruction-effects/revisions/research-v005/decisions/task-018-draft/suite/priority-filter.spec.mjs:73:3 › 025 task rename retains combined filter membership 
  3 passed (35.6s)
