
Running 1 test using 1 worker



[1/1] experiments/instruction-effects/revisions/research-v005/decisions/task-021-draft/suite/directory-order.spec.mjs:25:2 › 072 directory ordering includes deleted archived records and significant internal whitespace
  1) experiments/instruction-effects/revisions/research-v005/decisions/task-021-draft/suite/directory-order.spec.mjs:25:2 › 072 directory ordering includes deleted archived records and significant internal whitespace 

    Error: expect(received).toEqual(expected) // deep equality

    - Expected  - 1
    + Received  + 1

      Array [
    -   "task-021 Order protected gap  task",
        "task-021 Order protected gap task",
    +   "task-021 Order protected gap  task",
      ]

    Call Log:
    - Timeout 5000ms exceeded while waiting on the predicate

      27 |   for(const [o,t,priority,date] of [[owner,single,'Low',''],[other,double,'High','2055-01-01']]){await createProject(page,o);await openProject(page,o);await configured(page,o,t,priority,date);await taskRow(page,t).getByRole('button',{name:'Delete task',exact:true}).click();const observer=await page.context().newPage();try{await observer.goto('/');await openProject(observer,o);await observer.getByRole('combobox',{name:'Task filter',exact:true}).selectOption({label:'Deleted'});await expect(taskRow(observer,t)).toBeVisible();}finally{await observer.close();}}
      28 |   await page.goto('/');await openProject(page,owner);await createTask(page,live);await page.getByRole('button',{name:'Projects',exact:true}).click();for(const o of [owner,other]){await projectRow(page,o).getByRole('button',{name:'Archive project',exact:true}).click();await expect(projectRow(page,o)).toHaveCount(0);}await createProject(page,'Ordering active guard owner');await openProject(page,'Ordering active guard owner');await createTask(page,active);await directory(page,prefix);await expect(title(page)).toHaveText([active]);await page.getByRole('combobox',{name:'Project scope',exact:true}).selectOption({label:'Archived'});await expect(title(page)).toHaveText([live]);await page.getByRole('combobox',{name:'Task filter',exact:true}).selectOption({label:'Deleted'});
    > 29 |   const literal=async expected=>{await expect.poll(async()=>{try{return await title(page).allTextContents();}catch(error){if(error.message.includes('Execution context was destroyed'))return null;throw error;}}).toEqual(expected);};await literal([single,double]);for(const selected of ['Priority','Due date','Title']){await order(page).selectOption({label:selected});await literal([double,single]);await expect(rows(page).getByTestId('directory-project-name')).toHaveText([projectName(other),projectName(owner)]);}await expect(page.getByRole('combobox',{name:'Project scope',exact:true}).locator('option:checked')).toHaveText('Archived');await expect(page.getByRole('combobox',{name:'Task filter',exact:true}).locator('option:checked')).toHaveText('Deleted');await expect(page.getByRole('button',{name:'Complete visible tasks',exact:true})).toBeDisabled();await order(page).selectOption({label:'Original'});await literal([single,double]);
         |                                                                                                                                                                                                                    ^
      30 |
      31 |  });
      32 | }
        at literal (/Users/Shared/projects/competition/experiments/instruction-effects/revisions/research-v005/decisions/task-021-draft/suite/directory-order.spec.mjs:29:212)
        at /Users/Shared/projects/competition/experiments/instruction-effects/revisions/research-v005/decisions/task-021-draft/suite/directory-order.spec.mjs:29:373

    attachment #1: screenshot (image/png) ──────────────────────────────────────────────────────────
    experiments/instruction-effects/revisions/research-v005/preflight/priority-fixtures/stage-21-check-1791645530956/negative-order-collapses-spaces/artifacts/directory-order-072-direct-820e7-ificant-internal-whitespace/test-failed-1.png
    ────────────────────────────────────────────────────────────────────────────────────────────────

    Error Context: experiments/instruction-effects/revisions/research-v005/preflight/priority-fixtures/stage-21-check-1791645530956/negative-order-collapses-spaces/artifacts/directory-order-072-direct-820e7-ificant-internal-whitespace/error-context.md

    attachment #3: trace (application/zip) ─────────────────────────────────────────────────────────
    experiments/instruction-effects/revisions/research-v005/preflight/priority-fixtures/stage-21-check-1791645530956/negative-order-collapses-spaces/artifacts/directory-order-072-direct-820e7-ificant-internal-whitespace/trace.zip
    Usage:

        npx playwright show-trace experiments/instruction-effects/revisions/research-v005/preflight/priority-fixtures/stage-21-check-1791645530956/negative-order-collapses-spaces/artifacts/directory-order-072-direct-820e7-ificant-internal-whitespace/trace.zip

    ────────────────────────────────────────────────────────────────────────────────────────────────


  1 failed
    experiments/instruction-effects/revisions/research-v005/decisions/task-021-draft/suite/directory-order.spec.mjs:25:2 › 072 directory ordering includes deleted archived records and significant internal whitespace 
