
Running 1 test using 1 worker



[1/1] experiments/instruction-effects/revisions/research-v008/preflight/priority-fixtures/final030-third-executed-suite/directory-priority.spec.mjs:32:2 › 082 directory priority assignment honors intersected live results and protects nonmatching metadata
  1) experiments/instruction-effects/revisions/research-v008/preflight/priority-fixtures/final030-third-executed-suite/directory-priority.spec.mjs:32:2 › 082 directory priority assignment honors intersected live results and protects nonmatching metadata 

    Error: expect(locator).toHaveText(expected) failed

    Locator:  getByTestId('task-row').filter({ has: getByRole('checkbox', { name: 'Complete task-030 Priority batch record low guard', exact: true }) }).visible().getByRole('combobox', { name: 'Task priority', exact: true }).locator('option:checked')
    Expected: "Low"
    Received: "High"
    Timeout:  5000ms

    Call log:
      - Expect "toHaveText" getByTestId('task-row').filter({ has: getByRole('checkbox', { name: 'Complete task-030 Priority batch record low guard', exact: true }) }).visible().getByRole('combobox', { name: 'Task priority', exact: true }).locator('option:checked') with timeout 5000ms
      - waiting for getByTestId('task-row').filter({ has: getByRole('checkbox', { name: 'Complete task-030 Priority batch record low guard', exact: true }) }).visible().getByRole('combobox', { name: 'Task priority', exact: true }).locator('option:checked')
        14 × locator resolved to <option selected>High</option>
           - unexpected value "High"


      47 |   const observer=await page.context().newPage();try{
      48 |    await returnTo(observer,a);await titles(observer,[first,low,late,done,other]);
    > 49 |    for(const [title,priority] of [[first,'High'],[low,'Low'],[late,'Normal'],[done,'Normal'],[other,'Normal']])await expect(taskRow(observer,title).getByRole('combobox',{name:'Task priority',exact:true}).locator('option:checked')).toHaveText(priority);
         |                                                                                                                                                                                                                                        ^
      50 |    await expect(observer.getByRole('checkbox',{name:'Complete '+done,exact:true})).toBeChecked();await expect(taskRow(observer,first).getByRole('textbox',{name:'Task due date',exact:true})).toHaveValue(fields.date);await expect(taskRow(observer,first).getByRole('textbox',{name:'Task notes',exact:true})).toHaveValue(fields.notes);
      51 |    await observer.getByRole('combobox',{name:'Task filter',exact:true}).selectOption({label:'Deleted'});await expect(taskRow(observer,deleted).getByRole('combobox',{name:'Task priority',exact:true}).locator('option:checked')).toHaveText('Normal');
      52 |    await returnTo(observer,b);await expect(taskRow(observer,second).getByRole('combobox',{name:'Task priority',exact:true}).locator('option:checked')).toHaveText('High');await expect(taskRow(observer,second).getByRole('textbox',{name:'Task notes',exact:true})).toHaveValue(fields.notes);
        at /Users/Shared/projects/competition/experiments/instruction-effects/revisions/research-v008/preflight/priority-fixtures/final030-third-executed-suite/directory-priority.spec.mjs:49:232

    attachment #1: screenshot (image/png) ──────────────────────────────────────────────────────────
    experiments/instruction-effects/revisions/research-v008/preflight/priority-fixtures/stage30-final-controls-1791660945847/negative-priority-ignores-priority-082/artifacts/directory-priority-082-dir-a9ee4-otects-nonmatching-metadata/test-failed-1.png
    ────────────────────────────────────────────────────────────────────────────────────────────────

    Error Context: experiments/instruction-effects/revisions/research-v008/preflight/priority-fixtures/stage30-final-controls-1791660945847/negative-priority-ignores-priority-082/artifacts/directory-priority-082-dir-a9ee4-otects-nonmatching-metadata/error-context.md

    attachment #3: trace (application/zip) ─────────────────────────────────────────────────────────
    experiments/instruction-effects/revisions/research-v008/preflight/priority-fixtures/stage30-final-controls-1791660945847/negative-priority-ignores-priority-082/artifacts/directory-priority-082-dir-a9ee4-otects-nonmatching-metadata/trace.zip
    Usage:

        npx playwright show-trace experiments/instruction-effects/revisions/research-v008/preflight/priority-fixtures/stage30-final-controls-1791660945847/negative-priority-ignores-priority-082/artifacts/directory-priority-082-dir-a9ee4-otects-nonmatching-metadata/trace.zip

    ────────────────────────────────────────────────────────────────────────────────────────────────


  1 failed
    experiments/instruction-effects/revisions/research-v008/preflight/priority-fixtures/final030-third-executed-suite/directory-priority.spec.mjs:32:2 › 082 directory priority assignment honors intersected live results and protects nonmatching metadata 
