
Running 1 test using 1 worker



[1/1] experiments/instruction-effects/revisions/research-v011/preflight/task040-executed01-suite/directory-owner-default-edit.spec.mjs:19:2 › 138 default assignment uses the initial represented owners and preserves all existing tasks and defaults elsewhere
  1) experiments/instruction-effects/revisions/research-v011/preflight/task040-executed01-suite/directory-owner-default-edit.spec.mjs:19:2 › 138 default assignment uses the initial represented owners and preserves all existing tasks and defaults elsewhere 

    Error: expect(locator).toBeVisible() failed

    Locator: getByText('No matching tasks', { exact: true })
    Expected: visible
    Timeout: 5000ms
    Error: element(s) not found

    Call log:
      - Expect "toBeVisible" getByText('No matching tasks', { exact: true }) with timeout 5000ms
      - waiting for getByText('No matching tasks', { exact: true })


       at directory-presence-helpers.mjs:9

       7 | async function titles(p,expected){const r=p.getByTestId('task-row').filter({visible:true});await expect(r).toHaveCount(expected.length);for(const [i,title] of expected.entries())await expect(r.nth(i).getByRole('checkbox',{name:'Complete '+title,exact:true})).toBeVisible();}
       8 | async function result(p,names,counts,expected,total){
    >  9 |  if(!expected.length)await expect(p.getByText('No matching tasks',{exact:true})).toBeVisible();
         |                                                                                  ^
      10 |  await expect(rows(p).getByTestId('directory-task-title')).toHaveText(expected);
      11 |  await expect(owners(p).getByTestId('directory-owner-name')).toHaveText(names.map(projectName));
      12 |  await expect(owners(p).getByTestId('directory-owner-summary')).toHaveText(counts);
        at result (/Users/Shared/projects/competition/experiments/instruction-effects/revisions/research-v011/preflight/task040-executed01-suite/directory-presence-helpers.mjs:9:82)
        at /Users/Shared/projects/competition/experiments/instruction-effects/revisions/research-v011/preflight/task040-executed01-suite/directory-owner-default-edit.spec.mjs:20:1449

    attachment #1: screenshot (image/png) ──────────────────────────────────────────────────────────
    experiments/instruction-effects/revisions/research-v011/preflight/task040-focused01-check-1791683895589/negative-default40-noop-138/artifacts/directory-owner-default-ed-0be89-asks-and-defaults-elsewhere/test-failed-1.png
    ────────────────────────────────────────────────────────────────────────────────────────────────

    Error Context: experiments/instruction-effects/revisions/research-v011/preflight/task040-focused01-check-1791683895589/negative-default40-noop-138/artifacts/directory-owner-default-ed-0be89-asks-and-defaults-elsewhere/error-context.md

    attachment #3: trace (application/zip) ─────────────────────────────────────────────────────────
    experiments/instruction-effects/revisions/research-v011/preflight/task040-focused01-check-1791683895589/negative-default40-noop-138/artifacts/directory-owner-default-ed-0be89-asks-and-defaults-elsewhere/trace.zip
    Usage:

        npx playwright show-trace experiments/instruction-effects/revisions/research-v011/preflight/task040-focused01-check-1791683895589/negative-default40-noop-138/artifacts/directory-owner-default-ed-0be89-asks-and-defaults-elsewhere/trace.zip

    ────────────────────────────────────────────────────────────────────────────────────────────────


  1 failed
    experiments/instruction-effects/revisions/research-v011/preflight/task040-executed01-suite/directory-owner-default-edit.spec.mjs:19:2 › 138 default assignment uses the initial represented owners and preserves all existing tasks and defaults elsewhere 
