
Running 11 tests using 1 worker



[1/11] runs/instruction-effects/pilot-012/definitions/project/acceptance/workboard.spec.mjs:7:1 › 001 health and project creation persist on reload
[2/11] runs/instruction-effects/pilot-012/definitions/project/acceptance/workboard.spec.mjs:22:1 › 002 blank project input is rejected
[3/11] runs/instruction-effects/pilot-012/definitions/project/acceptance/workboard.spec.mjs:35:1 › 003 project creation order
[4/11] runs/instruction-effects/pilot-012/definitions/project/acceptance/workboard.spec.mjs:43:3 › 004 trimmed tasks and project URL survive reload
[5/11] runs/instruction-effects/pilot-012/definitions/project/acceptance/workboard.spec.mjs:52:3 › 005 blank task input is rejected
[6/11] runs/instruction-effects/pilot-012/definitions/project/acceptance/workboard.spec.mjs:61:3 › 006 tasks do not cross project boundaries
[7/11] runs/instruction-effects/pilot-012/definitions/project/acceptance/workboard.spec.mjs:70:3 › 007 task filters and completion state persist
[8/11] runs/instruction-effects/pilot-012/definitions/project/acceptance/workboard.spec.mjs:97:3 › 008 archive state persists and project can be restored
[9/11] runs/instruction-effects/pilot-012/definitions/project/acceptance/workboard.spec.mjs:109:3 › 009 archived tasks are read-only and survive restoration
  1) runs/instruction-effects/pilot-012/definitions/project/acceptance/workboard.spec.mjs:109:3 › 009 archived tasks are read-only and survive restoration 

    Test timeout of 20000ms exceeded.

    Error: locator.click: Test timeout of 20000ms exceeded.
    Call log:
      - waiting for getByTestId('project-row').filter({ hasText: 'task-003 Archive tasks' }).visible().getByRole('button', { name: 'Open project', exact: true })


       at helpers.mjs:19

      17 | }
      18 | export async function openProject(page, name) {
    > 19 |   await projectRow(page, name).getByRole('button', { name: 'Open project', exact: true }).click();
         |                                                                                           ^
      20 |   await expect(page.getByRole('heading', { name: projectName(name), exact: true }).first()).toBeVisible();
      21 | }
      22 | export async function createTask(page, title) {
        at openProject (/Users/Shared/projects/competition/runs/instruction-effects/pilot-012/definitions/project/acceptance/helpers.mjs:19:91)
        at /Users/Shared/projects/competition/runs/instruction-effects/pilot-012/definitions/project/acceptance/workboard.spec.mjs:117:11

    attachment #1: screenshot (image/png) ──────────────────────────────────────────────────────────
    runs/instruction-effects/pilot-012/tasks/task-003/attempts/b004/attempt-004/acceptance/artifacts/workboard-009-archived-tas-93ee2-nly-and-survive-restoration/test-failed-1.png
    ────────────────────────────────────────────────────────────────────────────────────────────────

    Error Context: runs/instruction-effects/pilot-012/tasks/task-003/attempts/b004/attempt-004/acceptance/artifacts/workboard-009-archived-tas-93ee2-nly-and-survive-restoration/error-context.md

    attachment #3: trace (application/zip) ─────────────────────────────────────────────────────────
    runs/instruction-effects/pilot-012/tasks/task-003/attempts/b004/attempt-004/acceptance/artifacts/workboard-009-archived-tas-93ee2-nly-and-survive-restoration/trace.zip
    Usage:

        npx playwright show-trace runs/instruction-effects/pilot-012/tasks/task-003/attempts/b004/attempt-004/acceptance/artifacts/workboard-009-archived-tas-93ee2-nly-and-survive-restoration/trace.zip

    ────────────────────────────────────────────────────────────────────────────────────────────────




[10/11] runs/instruction-effects/pilot-012/definitions/project/acceptance/workboard.spec.mjs:135:3 › 010 completion summaries reflect all tasks
[11/11] runs/instruction-effects/pilot-012/definitions/project/acceptance/workboard.spec.mjs:147:1 › 011 seed process-restart persistence checks
  1 failed
    runs/instruction-effects/pilot-012/definitions/project/acceptance/workboard.spec.mjs:109:3 › 009 archived tasks are read-only and survive restoration 
  10 passed (24.6s)
