
Running 1 test using 1 worker



[1/1] experiments/instruction-effects/revisions/research-v003/decisions/task-013-draft/suite/move-task.spec.mjs:33:2 › 041 destination choices use active current project names in creation order
  1) experiments/instruction-effects/revisions/research-v003/decisions/task-013-draft/suite/move-task.spec.mjs:33:2 › 041 destination choices use active current project names in creation order 

    Error: expect(received).not.toContain(expected) // indexOf

    Expected value: not "task-013 Options hidden"
    Received array:     ["task-005 Persistence renamed", "task-007 Persistence renamed", "task-008 Persistence renamed", "task-009 Persistence renamed", "task-010 Persistence renamed", "task-011 Persistence renamed", "task-012 Persistence renamed", "task-012 Position first owner", "task-012 Position second owner", "task-013 Options first", "task-013 Options hidden", "task-013 Options second"]

      33 |  test('041 destination choices use active current project names in creation order',async({page})=>{
      34 |   await createProject(page,'Options first');await createProject(page,'Options hidden');await projectRow(page,'Options hidden').getByRole('button',{name:'Archive project',exact:true}).click();await expect(projectRow(page,'Options hidden')).toHaveCount(0);await createProject(page,'Options second');await createProject(page,'Options owner');await openProject(page,'Options owner');await createTask(page,'Options task');
    > 35 |   const names=await destination(page,'Options task').locator('option').allTextContents();expect(names).toContain(projectName('Options first'));expect(names).toContain(projectName('Options second'));expect(names).not.toContain(projectName('Options owner'));expect(names).not.toContain(projectName('Options hidden'));expect(names.indexOf(projectName('Options first'))).toBeLessThan(names.indexOf(projectName('Options second')));
         |                                                                                                                                                                                                                                                                                   ^
      36 |  });
      37 |  test('042 archived source moves are disabled restoration allows moving an undated task',async({page})=>{
      38 |   await createProject(page,'Read-only transfer target');await createProject(page,'Read-only transfer owner');await openProject(page,'Read-only transfer owner');await createTask(page,'Undated transfer');await page.getByRole('button',{name:'Projects',exact:true}).click();await projectRow(page,'Read-only transfer owner').getByRole('button',{name:'Archive project',exact:true}).click();await expect(projectRow(page,'Read-only transfer owner')).toHaveCount(0);await page.getByRole('combobox',{name:'Project filter',exact:true}).selectOption({label:'Archived'});await openProject(page,'Read-only transfer owner');await expect(destination(page,'Undated transfer')).toBeDisabled();await expect(move(page,'Undated transfer')).toBeDisabled();
        at /Users/Shared/projects/competition/experiments/instruction-effects/revisions/research-v003/decisions/task-013-draft/suite/move-task.spec.mjs:35:275

    attachment #1: screenshot (image/png) ──────────────────────────────────────────────────────────
    experiments/instruction-effects/revisions/research-v003/preflight/priority-fixtures/stage-13-check-1791629703360/negative-archived-destination/artifacts/move-task-041-destination--8c068-ect-names-in-creation-order/test-failed-1.png
    ────────────────────────────────────────────────────────────────────────────────────────────────

    Error Context: experiments/instruction-effects/revisions/research-v003/preflight/priority-fixtures/stage-13-check-1791629703360/negative-archived-destination/artifacts/move-task-041-destination--8c068-ect-names-in-creation-order/error-context.md

    attachment #3: trace (application/zip) ─────────────────────────────────────────────────────────
    experiments/instruction-effects/revisions/research-v003/preflight/priority-fixtures/stage-13-check-1791629703360/negative-archived-destination/artifacts/move-task-041-destination--8c068-ect-names-in-creation-order/trace.zip
    Usage:

        npx playwright show-trace experiments/instruction-effects/revisions/research-v003/preflight/priority-fixtures/stage-13-check-1791629703360/negative-archived-destination/artifacts/move-task-041-destination--8c068-ect-names-in-creation-order/trace.zip

    ────────────────────────────────────────────────────────────────────────────────────────────────


  1 failed
    experiments/instruction-effects/revisions/research-v003/decisions/task-013-draft/suite/move-task.spec.mjs:33:2 › 041 destination choices use active current project names in creation order 
