
Running 1 test using 1 worker



[1/1] experiments/instruction-effects/revisions/research-v008/preflight/priority-fixtures/final030-fourth-executed-suite/workspace-import.spec.mjs:52:2 › 098 imported deleted tasks restore into supplied positions and preserve bulk-edited fields across later moves
  1) experiments/instruction-effects/revisions/research-v008/preflight/priority-fixtures/final030-fourth-executed-suite/workspace-import.spec.mjs:52:2 › 098 imported deleted tasks restore into supplied positions and preserve bulk-edited fields across later moves 

    Error: expect(received).toBe(expected) // Object.is equality

    Expected: 3
    Received: 0

    Call Log:
    - Timeout 5000ms exceeded while waiting on the predicate

      52 |  test('098 imported deleted tasks restore into supplied positions and preserve bulk-edited fields across later moves',async({page})=>{
      53 |   test.setTimeout(90000);const a='Workspace position imported',b='Workspace position holding',before='Workspace imported before',after='Workspace imported after',holdBefore='Workspace holding before',holdAfter='Workspace holding later',travel=projectName('Workspace imported travelling');await createProject(page,b);await openProject(page,b);await createTask(page,holdBefore);
    > 54 |   await importing(page,workspace([owner(projectName(a),[task(before),task(travel,{priority:'Low',dueDate:'2064-02-29',notes:'Imported deleted Ω\nkept',deleted:true}),task(after)],{defaultPriority:'High'})]));await countProjects(page,a,1);await openProject(page,a);await titles(page,[before,after]);await page.getByRole('combobox',{name:'Task filter',exact:true}).selectOption({label:'Deleted'});await expect(taskRow(page,travel)).toBeVisible();await taskRow(page,travel).getByRole('button',{name:'Restore task',exact:true}).click();const o=await page.context().newPage();try{await expect.poll(async()=>{await returnTo(o,a);return o.getByTestId('task-row').filter({visible:true}).count();}).toBe(3);}finally{await o.close();}await returnTo(page,a);await titles(page,[before,travel,after]);
         |                                                                                                                                                                                                                                                                                                                                                                                                                                                                                                                                                                                                                                                                                                                   ^
      55 |   async function move(source,target,sourceOrder,targetOrder){await returnTo(page,source);await taskRow(page,travel).getByRole('combobox',{name:'Destination project',exact:true}).selectOption({label:projectName(target)});await taskRow(page,travel).getByRole('button',{name:'Move task',exact:true}).click();const observer=await page.context().newPage();try{await returnTo(observer,target);await titles(observer,targetOrder);await returnTo(observer,source);await titles(observer,sourceOrder);}finally{await observer.close();}await returnTo(page,target);}
      56 |   await move(a,b,[before,after],[holdBefore,travel]);await createTask(page,holdAfter);await move(b,a,[holdBefore,holdAfter],[before,travel,after]);await move(a,b,[before,after],[holdBefore,travel,holdAfter]);await directory(page,travel);await result(page,[b],['0/1 completed'],[travel],'0/1 completed');await page.getByRole('combobox',{name:'Visible tasks priority',exact:true}).selectOption({label:'High'});await page.getByRole('button',{name:'Set visible priority',exact:true}).click();await result(page,[b],['0/1 completed'],[travel],'0/1 completed');await expectPersistedPriority(page,b,travel,'High');await page.getByRole('textbox',{name:'Visible tasks due date',exact:true}).fill('2068-02-29');await page.getByRole('button',{name:'Save visible due date',exact:true}).click();await result(page,[b],['0/1 completed'],[travel],'0/1 completed');const dateObserver=await page.context().newPage();try{await expect.poll(async()=>{await returnTo(dateObserver,b);return taskRow(dateObserver,travel).getByRole('textbox',{name:'Task due date',exact:true}).inputValue();}).toBe('2068-02-29');}finally{await dateObserver.close();}await page.getByRole('textbox',{name:'Visible tasks notes',exact:true}).fill('  Bulk imported Ω\nnew literal  ');await page.getByRole('button',{name:'Save visible notes',exact:true}).click();await result(page,[b],['0/1 completed'],[travel],'0/1 completed');const notesObserver=await page.context().newPage();try{await expect.poll(async()=>{await returnTo(notesObserver,b);return taskRow(notesObserver,travel).getByRole('textbox',{name:'Task notes',exact:true}).inputValue();}).toBe('  Bulk imported Ω\nnew literal  ');}finally{await notesObserver.close();}const data=await exported(page);expect(data[0].tasks[0]).toMatchObject({priority:'High',dueDate:'2068-02-29',notes:'  Bulk imported Ω\nnew literal  ',deleted:false});await move(b,a,[holdBefore,holdAfter],[before,travel,after]);await expect(taskRow(page,travel).getByRole('textbox',{name:'Task notes',exact:true})).toHaveValue('  Bulk imported Ω\nnew literal  ');await expect(taskRow(page,travel).getByRole('textbox',{name:'Task due date',exact:true})).toHaveValue('2068-02-29');await expect(taskRow(page,travel).getByRole('combobox',{name:'Task priority',exact:true}).locator('option:checked')).toHaveText('High');
      57 |  });
        at /Users/Shared/projects/competition/experiments/instruction-effects/revisions/research-v008/preflight/priority-fixtures/final030-fourth-executed-suite/workspace-import.spec.mjs:54:691

    attachment #1: screenshot (image/png) ──────────────────────────────────────────────────────────
    experiments/instruction-effects/revisions/research-v008/preflight/priority-fixtures/stage30-import-final-controls-1791664558802/negative-workspace-import-restore-appends-098/artifacts/workspace-import-098-impor-329dd-d-fields-across-later-moves/test-failed-1.png
    ────────────────────────────────────────────────────────────────────────────────────────────────

    Error Context: experiments/instruction-effects/revisions/research-v008/preflight/priority-fixtures/stage30-import-final-controls-1791664558802/negative-workspace-import-restore-appends-098/artifacts/workspace-import-098-impor-329dd-d-fields-across-later-moves/error-context.md

    attachment #3: trace (application/zip) ─────────────────────────────────────────────────────────
    experiments/instruction-effects/revisions/research-v008/preflight/priority-fixtures/stage30-import-final-controls-1791664558802/negative-workspace-import-restore-appends-098/artifacts/workspace-import-098-impor-329dd-d-fields-across-later-moves/trace.zip
    Usage:

        npx playwright show-trace experiments/instruction-effects/revisions/research-v008/preflight/priority-fixtures/stage30-import-final-controls-1791664558802/negative-workspace-import-restore-appends-098/artifacts/workspace-import-098-impor-329dd-d-fields-across-later-moves/trace.zip

    ────────────────────────────────────────────────────────────────────────────────────────────────


  1 failed
    experiments/instruction-effects/revisions/research-v008/preflight/priority-fixtures/final030-fourth-executed-suite/workspace-import.spec.mjs:52:2 › 098 imported deleted tasks restore into supplied positions and preserve bulk-edited fields across later moves 
