
Running 1 test using 1 worker



[1/1] experiments/instruction-effects/revisions/research-v010/preflight/task036-executed02-suite/directory-notes-status.spec.mjs:12:2 › 122 notes presence treats whitespace as present and intersects every directory filter
  1) experiments/instruction-effects/revisions/research-v010/preflight/task036-executed02-suite/directory-notes-status.spec.mjs:12:2 › 122 notes presence treats whitespace as present and intersects every directory filter 

    Error: expect(received).toEqual(expected) // deep equality

    - Expected  - 0
    + Received  + 1

      Array [
    +   "",
        " 	
       ",
        "  OnlyNotesToken36 Ω
      <script>literal</script>  ",
      ]

      14 |   const empty=q+' empty',white=q+' whitespace',present=q+' present',other=q+' other',archived=q+' archived',literal='  '+onlyNote+' Ω\n<script>literal</script>  ';
      15 |   await createProject(page,a);await openProject(page,a);await configured(page,a,empty,{priority:'High',date});await configured(page,a,white,{notes:' \t\n '});await configured(page,a,present,{priority:'High',date,completed:true,notes:literal});await createProject(page,b);await openProject(page,b);await configured(page,b,other,{priority:'Low',date});await createProject(page,c);await openProject(page,c);await configured(page,c,archived,{priority:'High',date,notes:literal});await page.goto('/');await projectRow(page,c).getByRole('button',{name:'Archive project',exact:true}).click();await expect(projectRow(page,c)).toHaveCount(0);
    > 16 |   await directory(page,q,empty);await result(page,[a,b],['1/3 completed','0/1 completed'],[empty,white,present,other],'1/4 completed');await expect(status(page).locator('option:checked')).toHaveText('All');await status(page).selectOption({label:'Empty'});await result(page,[a,b],['0/1 completed','0/1 completed'],[empty,other],'0/2 completed');await status(page).selectOption({label:'Present'});await result(page,[a],['1/2 completed'],[white,present],'1/2 completed');expect((await workspace(page))[0].tasks.map(t=>t.notes)).toEqual([' \t\n ',literal]);
         |                                                                                                                                                                                                                                                                                                                                                                                                                                                                                                                                              ^
      17 |   await page.getByRole('combobox',{name:'Priority filter',exact:true}).selectOption({label:'High'});await result(page,[a],['1/1 completed'],[present],'1/1 completed');await page.getByRole('combobox',{name:'Task filter',exact:true}).selectOption({label:'Open'});await result(page,[],[],[],'0/0 completed');await page.getByRole('combobox',{name:'Task filter',exact:true}).selectOption({label:'All'});await result(page,[a],['1/1 completed'],[present],'1/1 completed');await page.getByRole('combobox',{name:'Directory due status',exact:true}).selectOption({label:'Undated'});await result(page,[],[],[],'0/0 completed');await page.getByRole('combobox',{name:'Directory due status',exact:true}).selectOption({label:'Dated'});await result(page,[a],['1/1 completed'],[present],'1/1 completed');await range(page,String(2900+stage)+'-03-02');await result(page,[],[],[],'0/0 completed');await range(page,date);await result(page,[a],['1/1 completed'],[present],'1/1 completed');
      18 |   await query(page,onlyNote);await result(page,[],[],[],'0/0 completed');await query(page,q);await result(page,[a],['1/1 completed'],[present],'1/1 completed');await status(page).selectOption({label:'Empty'});await result(page,[a],['0/1 completed'],[empty],'0/1 completed');await page.getByRole('combobox',{name:'Project scope',exact:true}).selectOption({label:'Archived'});await result(page,[],[],[],'0/0 completed');await status(page).selectOption({label:'Present'});await result(page,[c],['0/1 completed'],[archived],'0/1 completed');await protectedWrites(page);await controls(page,{q,notes:'Present',priority:'High',due:'Dated'});
      19 |  });
        at /Users/Shared/projects/competition/experiments/instruction-effects/revisions/research-v010/preflight/task036-executed02-suite/directory-notes-status.spec.mjs:16:526

    attachment #1: screenshot (image/png) ──────────────────────────────────────────────────────────
    experiments/instruction-effects/revisions/research-v010/preflight/task036-focused02-check-1791677773977/negative-notes36-not-carried-122/artifacts/directory-notes-status-122-92ec1-ects-every-directory-filter/test-failed-1.png
    ────────────────────────────────────────────────────────────────────────────────────────────────

    Error Context: experiments/instruction-effects/revisions/research-v010/preflight/task036-focused02-check-1791677773977/negative-notes36-not-carried-122/artifacts/directory-notes-status-122-92ec1-ects-every-directory-filter/error-context.md

    attachment #3: trace (application/zip) ─────────────────────────────────────────────────────────
    experiments/instruction-effects/revisions/research-v010/preflight/task036-focused02-check-1791677773977/negative-notes36-not-carried-122/artifacts/directory-notes-status-122-92ec1-ects-every-directory-filter/trace.zip
    Usage:

        npx playwright show-trace experiments/instruction-effects/revisions/research-v010/preflight/task036-focused02-check-1791677773977/negative-notes36-not-carried-122/artifacts/directory-notes-status-122-92ec1-ects-every-directory-filter/trace.zip

    ────────────────────────────────────────────────────────────────────────────────────────────────


  1 failed
    experiments/instruction-effects/revisions/research-v010/preflight/task036-executed02-suite/directory-notes-status.spec.mjs:12:2 › 122 notes presence treats whitespace as present and intersects every directory filter 
