
Running 1 test using 1 worker



[1/1] experiments/instruction-effects/revisions/research-v008/preflight/priority-fixtures/final030-third-executed-suite/workspace-export.spec.mjs:36:2 › 094 workspace export uses matching intersections owner creation and stored task order despite global sorting
  1) experiments/instruction-effects/revisions/research-v008/preflight/priority-fixtures/final030-third-executed-suite/workspace-export.spec.mjs:36:2 › 094 workspace export uses matching intersections owner creation and stored task order despite global sorting 

    Error: expect(received).toMatchObject(expected)

    - Expected  - 2
    + Received  + 1

      Object {
        "completed": false,
        "deleted": false,
        "dueDate": "2064-02-29",
    -   "notes": "  Export Ω 😀
    - <script>literal</script>	  ",
    +   "notes": "",
        "priority": "High",
      }

      38 |   await createProject(page,a);await openProject(page,a);await configured(page,a,first,fields);await configured(page,a,second,fields);await configured(page,a,low,{...fields,priority:'Low'});await configured(page,a,late,{...fields,date:'2064-03-01'});await configured(page,a,done,{...fields,completed:true});await configured(page,a,other,fields);await configured(page,a,deleted,{...fields,deleted:true});await defaults(page,a,'Low');await createProject(page,b);await openProject(page,b);await configured(page,b,third,fields);await defaults(page,b,'High');
      39 |   await directory(page,q);await result(page,[a,b],['1/5 completed','0/1 completed'],[first,second,low,late,done,third],'1/6 completed');await page.getByRole('combobox',{name:'Task filter',exact:true}).selectOption({label:'Open'});await result(page,[a,b],['0/4 completed','0/1 completed'],[first,second,low,late,third],'0/5 completed');await page.getByRole('combobox',{name:'Priority filter',exact:true}).selectOption({label:'High'});await result(page,[a,b],['0/3 completed','0/1 completed'],[first,second,late,third],'0/4 completed');await page.getByRole('textbox',{name:'Due from',exact:true}).fill(fields.date);await page.getByRole('textbox',{name:'Due through',exact:true}).fill(fields.date);await page.getByRole('button',{name:'Apply due range',exact:true}).click();await result(page,[a,b],['0/2 completed','0/1 completed'],[first,second,third],'0/3 completed');
    > 40 |   for(const [ordering,expected] of [['Title',[second,third,first]],['Project name',[third,first,second]],['Original',[first,second,third]]]){await page.getByRole('combobox',{name:'Directory order',exact:true}).selectOption({label:ordering});await result(page,[a,b],['0/2 completed','0/1 completed'],expected,'0/3 completed');const data=await exported(page);expect(data).toHaveLength(2);expect(data.map(p=>p.name)).toEqual([a,b].map(projectName));expect(data.map(p=>p.defaultPriority)).toEqual(['Low','High']);expect(data.map(p=>p.tasks.map(t=>t.title))).toEqual([[first,second],[third]]);for(const owner of data){expect(owner.archived).toBe(false);for(const t of owner.tasks)expect(t).toMatchObject({priority:'High',dueDate:fields.date,notes:note,completed:false,deleted:false});}noIds(data);await result(page,[a,b],['0/2 completed','0/1 completed'],expected,'0/3 completed');await expect(page.getByRole('combobox',{name:'Directory order',exact:true}).locator('option:checked')).toHaveText(ordering);await expect(page.getByRole('combobox',{name:'Task filter',exact:true}).locator('option:checked')).toHaveText('Open');await expect(page.getByRole('combobox',{name:'Priority filter',exact:true}).locator('option:checked')).toHaveText('High');await expect(page.getByRole('textbox',{name:'Directory search',exact:true})).toHaveValue(q);}
         |                                                                                                                                                                                                                                                                                                                                                                                                                                                                                                                                                                                                                                                                                                              ^
      41 |   await returnTo(page,a);await titles(page,[first,second,low,late,done,other]);await expect(taskRow(page,first).getByRole('textbox',{name:'Task notes',exact:true})).toHaveValue(note);await expect(page.getByRole('checkbox',{name:'Complete '+done,exact:true})).toBeChecked();
      42 |  });
      43 |  test('095 workspace export preserves duplicate archived owners and selects only matching deleted tasks',async({page})=>{
        at /Users/Shared/projects/competition/experiments/instruction-effects/revisions/research-v008/preflight/priority-fixtures/final030-third-executed-suite/workspace-export.spec.mjs:40:686

    attachment #1: screenshot (image/png) ──────────────────────────────────────────────────────────
    experiments/instruction-effects/revisions/research-v008/preflight/priority-fixtures/stage30-final-controls-1791660945847/negative-workspace-export-mutates-notes-094/artifacts/workspace-export-094-works-e9788-rder-despite-global-sorting/test-failed-1.png
    ────────────────────────────────────────────────────────────────────────────────────────────────

    Error Context: experiments/instruction-effects/revisions/research-v008/preflight/priority-fixtures/stage30-final-controls-1791660945847/negative-workspace-export-mutates-notes-094/artifacts/workspace-export-094-works-e9788-rder-despite-global-sorting/error-context.md

    attachment #3: trace (application/zip) ─────────────────────────────────────────────────────────
    experiments/instruction-effects/revisions/research-v008/preflight/priority-fixtures/stage30-final-controls-1791660945847/negative-workspace-export-mutates-notes-094/artifacts/workspace-export-094-works-e9788-rder-despite-global-sorting/trace.zip
    Usage:

        npx playwright show-trace experiments/instruction-effects/revisions/research-v008/preflight/priority-fixtures/stage30-final-controls-1791660945847/negative-workspace-export-mutates-notes-094/artifacts/workspace-export-094-works-e9788-rder-despite-global-sorting/trace.zip

    ────────────────────────────────────────────────────────────────────────────────────────────────


  1 failed
    experiments/instruction-effects/revisions/research-v008/preflight/priority-fixtures/final030-third-executed-suite/workspace-export.spec.mjs:36:2 › 094 workspace export uses matching intersections owner creation and stored task order despite global sorting 
