
Running 1 test using 1 worker



[1/1] experiments/instruction-effects/revisions/research-v004/decisions/task-015-draft/suite/due-date.spec.mjs:21:2 › 031 invalid formats and impossible calendar dates preserve the saved date
  1) experiments/instruction-effects/revisions/research-v004/decisions/task-015-draft/suite/due-date.spec.mjs:21:2 › 031 invalid formats and impossible calendar dates preserve the saved date 

    Error: expect(locator).toBeVisible() failed

    Locator: getByRole('alert').filter({ hasText: 'Due date must be a valid YYYY-MM-DD date' }).visible().first()
    Expected: visible
    Timeout: 5000ms
    Error: element(s) not found

    Call log:
      - Expect "toBeVisible" getByRole('alert').filter({ hasText: 'Due date must be a valid YYYY-MM-DD date' }).visible().first() with timeout 5000ms
      - waiting for getByRole('alert').filter({ hasText: 'Due date must be a valid YYYY-MM-DD date' }).visible().first()


      23 |   await date(page,'Calendar valid').fill('2028-04-30');await save(page,'Calendar valid').click();await persistedDate(page,'Calendar validation','Calendar valid','2028-04-30');
      24 |   for(const bad of ['2027-02-29','2028-04-31','2028-13-01','2028-00-10','0000-01-01','28-01-01','2028-1-01','not a date']) {
    > 25 |    await date(page,'Calendar valid').fill(bad);await save(page,'Calendar valid').click();await expect(requiredAlert(page,'Due date must be a valid YYYY-MM-DD date')).toBeVisible();
         |                                                                                                                                                                       ^
      26 |    await persistedDate(page,'Calendar validation','Calendar valid','2028-04-30');await page.reload();await expect(date(page,'Calendar valid')).toHaveValue('2028-04-30');
      27 |   }
      28 |  });
        at /Users/Shared/projects/competition/experiments/instruction-effects/revisions/research-v004/decisions/task-015-draft/suite/due-date.spec.mjs:25:167

    attachment #1: screenshot (image/png) ──────────────────────────────────────────────────────────
    experiments/instruction-effects/revisions/research-v004/preflight/priority-fixtures/stage-15-check-1791634536048/negative-invalid-date-allowed/artifacts/due-date-031-invalid-forma-237d6-tes-preserve-the-saved-date/test-failed-1.png
    ────────────────────────────────────────────────────────────────────────────────────────────────

    Error Context: experiments/instruction-effects/revisions/research-v004/preflight/priority-fixtures/stage-15-check-1791634536048/negative-invalid-date-allowed/artifacts/due-date-031-invalid-forma-237d6-tes-preserve-the-saved-date/error-context.md

    attachment #3: trace (application/zip) ─────────────────────────────────────────────────────────
    experiments/instruction-effects/revisions/research-v004/preflight/priority-fixtures/stage-15-check-1791634536048/negative-invalid-date-allowed/artifacts/due-date-031-invalid-forma-237d6-tes-preserve-the-saved-date/trace.zip
    Usage:

        npx playwright show-trace experiments/instruction-effects/revisions/research-v004/preflight/priority-fixtures/stage-15-check-1791634536048/negative-invalid-date-allowed/artifacts/due-date-031-invalid-forma-237d6-tes-preserve-the-saved-date/trace.zip

    ────────────────────────────────────────────────────────────────────────────────────────────────


  1 failed
    experiments/instruction-effects/revisions/research-v004/decisions/task-015-draft/suite/due-date.spec.mjs:21:2 › 031 invalid formats and impossible calendar dates preserve the saved date 
