
Running 1 test using 1 worker



[1/1] experiments/instruction-effects/revisions/research-v009/preflight/priority-fixtures/final030-root-readiness02-executed-suite/directory-deletion.spec.mjs:56:2 › 079 bulk directory deletion preserves duplicate owner identities stored task order and completion on restoration
  1) experiments/instruction-effects/revisions/research-v009/preflight/priority-fixtures/final030-root-readiness02-executed-suite/directory-deletion.spec.mjs:56:2 › 079 bulk directory deletion preserves duplicate owner identities stored task order and completion on restoration 

    Error: expect(locator).toHaveText(expected) failed

    Locator: getByTestId('directory-owner-row').visible().getByTestId('directory-owner-summary')
    Timeout: 5000ms
    - Expected  - 1
    + Received  + 1

      Array [
    -   "0/1 completed",
        "1/1 completed",
    +   "0/1 completed",
      ]

    Call log:
      - Expect "toHaveText" getByTestId('directory-owner-row').visible().getByTestId('directory-owner-summary') with timeout 5000ms
      - waiting for getByTestId('directory-owner-row').visible().getByTestId('directory-owner-summary')
        14 × locator resolved to 2 elements


      10 |  await expect(rows(p).getByTestId('directory-task-title')).toHaveText(expected);
      11 |  await expect(owners(p).getByTestId('directory-owner-name')).toHaveText(names.map(projectName));
    > 12 |  await expect(owners(p).getByTestId('directory-owner-summary')).toHaveText(counts);
         |                                                                 ^
      13 |  await expect(p.getByTestId('directory-summary')).toHaveText(total);
      14 | }
      15 | async function directory(p,q){await p.goto('/');await p.getByRole('button',{name:'Task directory',exact:true}).click();await p.getByRole('textbox',{name:'Directory search',exact:true}).fill(q);await p.getByRole('button',{name:'Search directory',exact:true}).click();}
        at result (/Users/Shared/projects/competition/experiments/instruction-effects/revisions/research-v009/preflight/priority-fixtures/final030-root-readiness02-executed-suite/directory-deletion.spec.mjs:12:65)
        at /Users/Shared/projects/competition/experiments/instruction-effects/revisions/research-v009/preflight/priority-fixtures/final030-root-readiness02-executed-suite/directory-deletion.spec.mjs:63:100

    attachment #1: screenshot (image/png) ──────────────────────────────────────────────────────────
    experiments/instruction-effects/revisions/research-v009/preflight/priority-fixtures/stage30-root-readiness03-check-1791673018847/negative-bulk-delete-flips-completion-079/artifacts/directory-deletion-079-bul-0c686-d-completion-on-restoration/test-failed-1.png
    ────────────────────────────────────────────────────────────────────────────────────────────────

    Error Context: experiments/instruction-effects/revisions/research-v009/preflight/priority-fixtures/stage30-root-readiness03-check-1791673018847/negative-bulk-delete-flips-completion-079/artifacts/directory-deletion-079-bul-0c686-d-completion-on-restoration/error-context.md

    attachment #3: trace (application/zip) ─────────────────────────────────────────────────────────
    experiments/instruction-effects/revisions/research-v009/preflight/priority-fixtures/stage30-root-readiness03-check-1791673018847/negative-bulk-delete-flips-completion-079/artifacts/directory-deletion-079-bul-0c686-d-completion-on-restoration/trace.zip
    Usage:

        npx playwright show-trace experiments/instruction-effects/revisions/research-v009/preflight/priority-fixtures/stage30-root-readiness03-check-1791673018847/negative-bulk-delete-flips-completion-079/artifacts/directory-deletion-079-bul-0c686-d-completion-on-restoration/trace.zip

    ────────────────────────────────────────────────────────────────────────────────────────────────


  1 failed
    experiments/instruction-effects/revisions/research-v009/preflight/priority-fixtures/final030-root-readiness02-executed-suite/directory-deletion.spec.mjs:56:2 › 079 bulk directory deletion preserves duplicate owner identities stored task order and completion on restoration 
