
Running 4 tests using 1 worker



[1/4] experiments/instruction-effects/revisions/research-v010/preflight/task038-executed02-suite/directory-prefix-search.spec.mjs:12:2 › 130 Starts with matches the whole normalized prefix and preserves other modes filters and order
[2/4] experiments/instruction-effects/revisions/research-v010/preflight/task038-executed02-suite/directory-prefix-search.spec.mjs:16:2 › 131 prefix normalization is ASCII only and punctuation remains literal
[3/4] experiments/instruction-effects/revisions/research-v010/preflight/task038-executed02-suite/directory-prefix-search.spec.mjs:19:2 › 132 every bulk action and matching export honor prefix and protect embedded matches
[4/4] experiments/instruction-effects/revisions/research-v010/preflight/task038-executed02-suite/directory-prefix-search.spec.mjs:28:2 › 133 prefix views and exports preserve literal metadata and both remembered positions
  1) experiments/instruction-effects/revisions/research-v010/preflight/task038-executed02-suite/directory-prefix-search.spec.mjs:28:2 › 133 prefix views and exports preserve literal metadata and both remembered positions 

    Error: expect(locator).toBeVisible() failed

    Locator: getByText('No matching tasks', { exact: true })
    Expected: visible
    Timeout: 5000ms
    Error: element(s) not found

    Call log:
      - Expect "toBeVisible" getByText('No matching tasks', { exact: true }) with timeout 5000ms
      - waiting for getByText('No matching tasks', { exact: true })


       at directory-presence-helpers.mjs:9

       7 | async function titles(p,expected){const r=p.getByTestId('task-row').filter({visible:true});await expect(r).toHaveCount(expected.length);for(const [i,title] of expected.entries())await expect(r.nth(i).getByRole('checkbox',{name:'Complete '+title,exact:true})).toBeVisible();}
       8 | async function result(p,names,counts,expected,total){
    >  9 |  if(!expected.length)await expect(p.getByText('No matching tasks',{exact:true})).toBeVisible();
         |                                                                                  ^
      10 |  await expect(rows(p).getByTestId('directory-task-title')).toHaveText(expected);
      11 |  await expect(owners(p).getByTestId('directory-owner-name')).toHaveText(names.map(projectName));
      12 |  await expect(owners(p).getByTestId('directory-owner-summary')).toHaveText(counts);
        at result (/Users/Shared/projects/competition/experiments/instruction-effects/revisions/research-v010/preflight/task038-executed02-suite/directory-presence-helpers.mjs:9:82)
        at /Users/Shared/projects/competition/experiments/instruction-effects/revisions/research-v010/preflight/task038-executed02-suite/directory-prefix-search.spec.mjs:32:358

    attachment #1: screenshot (image/png) ──────────────────────────────────────────────────────────
    experiments/instruction-effects/revisions/research-v010/preflight/task038-focused-check-1791680325024/positive-async/artifacts/directory-prefix-search-13-dfee3-d-both-remembered-positions/test-failed-1.png
    ────────────────────────────────────────────────────────────────────────────────────────────────

    Error Context: experiments/instruction-effects/revisions/research-v010/preflight/task038-focused-check-1791680325024/positive-async/artifacts/directory-prefix-search-13-dfee3-d-both-remembered-positions/error-context.md

    attachment #3: trace (application/zip) ─────────────────────────────────────────────────────────
    experiments/instruction-effects/revisions/research-v010/preflight/task038-focused-check-1791680325024/positive-async/artifacts/directory-prefix-search-13-dfee3-d-both-remembered-positions/trace.zip
    Usage:

        npx playwright show-trace experiments/instruction-effects/revisions/research-v010/preflight/task038-focused-check-1791680325024/positive-async/artifacts/directory-prefix-search-13-dfee3-d-both-remembered-positions/trace.zip

    ────────────────────────────────────────────────────────────────────────────────────────────────


  1 failed
    experiments/instruction-effects/revisions/research-v010/preflight/task038-executed02-suite/directory-prefix-search.spec.mjs:28:2 › 133 prefix views and exports preserve literal metadata and both remembered positions 
  3 passed (59.3s)
