
Running 1 test using 1 worker



[1/1] experiments/instruction-effects/revisions/research-v008/preflight/priority-fixtures/final030-third-executed-suite/workspace-export.spec.mjs:36:2 › 094 workspace export uses matching intersections owner creation and stored task order despite global sorting
  1) experiments/instruction-effects/revisions/research-v008/preflight/priority-fixtures/final030-third-executed-suite/workspace-export.spec.mjs:36:2 › 094 workspace export uses matching intersections owner creation and stored task order despite global sorting 

    Error: expect(received).toBe(expected) // Object.is equality

    Expected: "workboard-workspace.json"
    Received: "wrong.json"

      29 |
      30 |
    > 31 | async function exported(p){const [d]=await Promise.all([p.waitForEvent('download'),p.getByRole('button',{name:'Export matching workspace',exact:true}).click()]);expect(d.suggestedFilename()).toBe('workboard-workspace.json');const stream=await d.createReadStream(),chunks=[];for await(const chunk of stream)chunks.push(chunk);const value=JSON.parse(Buffer.concat(chunks).toString('utf8'));expect(value.format).toBe('workboard-workspace');expect(value.version).toBe(1);expect(Number.isInteger(value.version)).toBe(true);return value.projects;}
         |                                                                                                                                                                                                ^
      32 | function noIds(value){for(const [key,item] of Object.entries(value)){expect(['id','projectId','taskId','ownerId','positionMap','fieldSnapshots'].includes(key)).toBe(false);if(item&&typeof item==='object')noIds(item);}}
      33 | async function defaults(p,owner,value){await p.getByRole('combobox',{name:'Default task priority',exact:true}).selectOption({label:value});const o=await p.context().newPage();try{await expect.poll(async()=>{await returnTo(o,owner);return o.getByRole('combobox',{name:'Default task priority',exact:true}).locator('option:checked').textContent();}).toBe(value);}finally{await o.close();}await returnTo(p,owner);}
      34 | test.beforeEach(async({context})=>{await isolateBrowser(context);});
        at exported (/Users/Shared/projects/competition/experiments/instruction-effects/revisions/research-v008/preflight/priority-fixtures/final030-third-executed-suite/workspace-export.spec.mjs:31:192)
        at /Users/Shared/projects/competition/experiments/instruction-effects/revisions/research-v008/preflight/priority-fixtures/final030-third-executed-suite/workspace-export.spec.mjs:40:337

    attachment #1: screenshot (image/png) ──────────────────────────────────────────────────────────
    experiments/instruction-effects/revisions/research-v008/preflight/priority-fixtures/stage30-final-controls-1791660945847/negative-workspace-export-wrong-filename-094/artifacts/workspace-export-094-works-e9788-rder-despite-global-sorting/test-failed-1.png
    ────────────────────────────────────────────────────────────────────────────────────────────────

    Error Context: experiments/instruction-effects/revisions/research-v008/preflight/priority-fixtures/stage30-final-controls-1791660945847/negative-workspace-export-wrong-filename-094/artifacts/workspace-export-094-works-e9788-rder-despite-global-sorting/error-context.md

    attachment #3: trace (application/zip) ─────────────────────────────────────────────────────────
    experiments/instruction-effects/revisions/research-v008/preflight/priority-fixtures/stage30-final-controls-1791660945847/negative-workspace-export-wrong-filename-094/artifacts/workspace-export-094-works-e9788-rder-despite-global-sorting/trace.zip
    Usage:

        npx playwright show-trace experiments/instruction-effects/revisions/research-v008/preflight/priority-fixtures/stage30-final-controls-1791660945847/negative-workspace-export-wrong-filename-094/artifacts/workspace-export-094-works-e9788-rder-despite-global-sorting/trace.zip

    ────────────────────────────────────────────────────────────────────────────────────────────────


  1 failed
    experiments/instruction-effects/revisions/research-v008/preflight/priority-fixtures/final030-third-executed-suite/workspace-export.spec.mjs:36:2 › 094 workspace export uses matching intersections owner creation and stored task order despite global sorting 
