
Running 1 test using 1 worker



[1/1] experiments/instruction-effects/revisions/research-v010/preflight/task039-executed03-suite/directory-owner-archive.spec.mjs:16:2 › 134 archive and restore each represented owner while preserving all excluded task fields and creation order
  1) experiments/instruction-effects/revisions/research-v010/preflight/task039-executed03-suite/directory-owner-archive.spec.mjs:16:2 › 134 archive and restore each represented owner while preserving all excluded task fields and creation order 

    Error: expect(received).toEqual(expected) // deep equality

    - Expected  - 1
    + Received  + 1

    @@ -4,11 +4,11 @@
        "name": "task-039 Archive first owner",
        "tasks": Array [
          Object {
            "completed": true,
            "deleted": false,
    -       "dueDate": "3199-03-01",
    +       "dueDate": "",
            "notes": "  Archive Ω
      kept  ",
            "priority": "Low",
            "title": "ArchiveOwners39 Zulu",
          },

      17 |   test.setTimeout(180000);const a='Archive first owner',b='Archive second owner',c='Archive excluded owner',d='Archive empty owner',q='ArchiveOwners'+stage,date=String(3160+stage)+'-03-01',one=q+' Zulu',two=q+' Alpha',three=q+' Middle',guard='Excluded metadata '+stage;
      18 |   await project(page,a,'High');await configured(page,a,one,{priority:'Low',date,notes:'  Archive Ω\nkept  ',completed:true});await configured(page,a,guard,{priority:'High',notes:'Literal excluded',deleted:true});await project(page,b,'Low');await configured(page,b,two,{priority:'High'});await configured(page,b,three,{priority:'Normal',completed:true});await project(page,c);await configured(page,c,'Nonmatching '+stage,{notes:q});await project(page,d);const originals=[await full(page,a),await full(page,b),await full(page,c),await full(page,d)];
    > 19 |   await directory(page,q,one);await result(page,[a,b],['1/1 completed','1/2 completed'],[one,two,three],'2/3 completed');await expect(archive(page)).toBeEnabled();await expect(restore(page)).toBeDisabled();await page.getByRole('combobox',{name:'Directory order',exact:true}).selectOption({label:'Title'});await result(page,[a,b],['1/1 completed','1/2 completed'],[two,three,one],'2/3 completed');await archive(page).click();await result(page,[],[],[],'0/0 completed');await expect(archive(page)).toBeDisabled();await expect(restore(page)).toBeDisabled();await expect(page.getByRole('textbox',{name:'Directory search',exact:true})).toHaveValue(q);await expect(page.getByRole('combobox',{name:'Directory order',exact:true}).locator('option:checked')).toHaveText('Title');await scope(page,'Archived');await result(page,[a,b],['1/1 completed','1/2 completed'],[two,three,one],'2/3 completed');await expect(archive(page)).toBeDisabled();await expect(restore(page)).toBeEnabled();await protectedWrites(page);for(const [i,name] of [a,b].entries())expect(await full(page,name,true)).toEqual({...originals[i],archived:true});expect(await full(page,c)).toEqual(originals[2]);expect(await full(page,d)).toEqual(originals[3]);await restore(page).click();await result(page,[],[],[],'0/0 completed');await expect(restore(page)).toBeDisabled();await scope(page,'Active');await result(page,[a,b],['1/1 completed','1/2 completed'],[two,three,one],'2/3 completed');for(const [i,name] of [a,b,c,d].entries())expect(await full(page,name)).toEqual(originals[i]);
         |                                                                                                                                                                                                                                                                                                                                                                                                                                                                                                                                                                                                                                                                                                                                                                                                                                                                                                                                                                                                                                                                                                                    ^
      20 |  });
      21 |  test('135 duplicate names remain distinct and Deleted matches still represent an owner',async({page})=>{
      22 |   test.setTimeout(120000);const a='Archive duplicate',q='ArchiveDuplicate'+stage,target=q+' deleted',guard='Duplicate excluded '+stage,archived=q+' archived live';const mk=(title,deleted)=>({title,completed:false,priority:'High',dueDate:'',notes:'  Duplicate Ω\nkept  ',deleted});const docs=[{name:projectName(a),archived:false,defaultPriority:'Low',tasks:[mk(target,true)]},{name:projectName(a),archived:false,defaultPriority:'High',tasks:[mk(guard,false)]},{name:projectName(a),archived:true,defaultPriority:'Normal',tasks:[mk(archived,false)]}];await page.goto('/');await page.getByRole('textbox',{name:'Workspace JSON',exact:true}).fill(JSON.stringify({format:'workboard-workspace',version:1,projects:docs}));await page.getByRole('button',{name:'Import workspace',exact:true}).click();await expect(projectRow(page,a)).toHaveCount(2);await directory(page,q,archived===target?target:guard);await result(page,[],[],[],'0/0 completed');await page.getByRole('combobox',{name:'Task filter',exact:true}).selectOption({label:'Deleted'});await result(page,[a],['0/1 completed'],[target],'0/1 completed');await protectedWrites(page);await expect(archive(page)).toBeEnabled();expect(await workspace(page)).toEqual([docs[0]]);await archive(page).click();await result(page,[],[],[],'0/0 completed');await scope(page,'Archived');await result(page,[a],['0/1 completed'],[target],'0/1 completed');expect(await workspace(page)).toEqual([{...docs[0],archived:true}]);await restore(page).click();await result(page,[],[],[],'0/0 completed');await scope(page,'Active');await result(page,[a],['0/1 completed'],[target],'0/1 completed');expect(await workspace(page)).toEqual([docs[0]]);await page.getByRole('combobox',{name:'Task filter',exact:true}).selectOption({label:'All'});await result(page,[],[],[],'0/0 completed');await query(page,guard);await result(page,[a],['0/1 completed'],[guard],'0/1 completed');expect(await workspace(page)).toEqual([docs[1]]);await query(page,q);await result(page,[],[],[],'0/0 completed');await scope(page,'Archived');await result(page,[a],['0/1 completed'],[archived],'0/1 completed');expect(await workspace(page)).toEqual([docs[2]]);
        at /Users/Shared/projects/competition/experiments/instruction-effects/revisions/research-v010/preflight/task039-executed03-suite/directory-owner-archive.spec.mjs:19:1076

    attachment #1: screenshot (image/png) ──────────────────────────────────────────────────────────
    experiments/instruction-effects/revisions/research-v010/preflight/task039-focused03-check-1791681132046/negative-archive39-date-clear-134/artifacts/directory-owner-archive-13-a8700-k-fields-and-creation-order/test-failed-1.png
    ────────────────────────────────────────────────────────────────────────────────────────────────

    Error Context: experiments/instruction-effects/revisions/research-v010/preflight/task039-focused03-check-1791681132046/negative-archive39-date-clear-134/artifacts/directory-owner-archive-13-a8700-k-fields-and-creation-order/error-context.md

    attachment #3: trace (application/zip) ─────────────────────────────────────────────────────────
    experiments/instruction-effects/revisions/research-v010/preflight/task039-focused03-check-1791681132046/negative-archive39-date-clear-134/artifacts/directory-owner-archive-13-a8700-k-fields-and-creation-order/trace.zip
    Usage:

        npx playwright show-trace experiments/instruction-effects/revisions/research-v010/preflight/task039-focused03-check-1791681132046/negative-archive39-date-clear-134/artifacts/directory-owner-archive-13-a8700-k-fields-and-creation-order/trace.zip

    ────────────────────────────────────────────────────────────────────────────────────────────────


  1 failed
    experiments/instruction-effects/revisions/research-v010/preflight/task039-executed03-suite/directory-owner-archive.spec.mjs:16:2 › 134 archive and restore each represented owner while preserving all excluded task fields and creation order 
