
Running 71 tests using 1 worker



[1/71] experiments/instruction-effects/revisions/research-v005/decisions/task-021-draft/suite/bulk-directory.spec.mjs:13:2 › 067 bulk completion intersects every directory filter and preserves fields order and reserved positions
[2/71] experiments/instruction-effects/revisions/research-v005/decisions/task-021-draft/suite/bulk-directory.spec.mjs:24:2 › 068 archived deleted and empty directory scopes disable both bulk actions without changing protected records
[3/71] experiments/instruction-effects/revisions/research-v005/decisions/task-021-draft/suite/bulk-directory.spec.mjs:29:2 › 069 bulk changes retain two project restart sentinels with literal original metadata
[4/71] experiments/instruction-effects/revisions/research-v005/decisions/task-021-draft/suite/default-priority.spec.mjs:11:2 › 027 pre-default projects and tasks preserve their distinct saved priorities
[5/71] experiments/instruction-effects/revisions/research-v005/decisions/task-021-draft/suite/default-priority.spec.mjs:20:2 › 028 project default affects only future tasks and retains filters and summary
[6/71] experiments/instruction-effects/revisions/research-v005/decisions/task-021-draft/suite/default-priority.spec.mjs:53:2 › 029 project default survives rename archive and restoration
[7/71] experiments/instruction-effects/revisions/research-v005/decisions/task-021-draft/suite/deletion.spec.mjs:10:2 › 054 deleted tasks preserve fields intersect filters and remain read-only through project archival
[8/71] experiments/instruction-effects/revisions/research-v005/decisions/task-021-draft/suite/deletion.spec.mjs:18:2 › 055 restoration retains reserved order explicit priority completion and remembered destination positions
[9/71] experiments/instruction-effects/revisions/research-v005/decisions/task-021-draft/suite/deletion.spec.mjs:23:2 › 056 upgraded original tasks remain live and deleted-only project persists with an empty live summary
[10/71] experiments/instruction-effects/revisions/research-v005/decisions/task-021-draft/suite/deletion.spec.mjs:27:2 › 057 deleted filter intersects priority due range and title search
[11/71] experiments/instruction-effects/revisions/research-v005/decisions/task-021-draft/suite/directory-order.spec.mjs:10:2 › 070 directory ordering is global stable and preserves literal titles and stored project order
[12/71] experiments/instruction-effects/revisions/research-v005/decisions/task-021-draft/suite/directory-order.spec.mjs:20:2 › 071 directory filters ranges search and bulk updates retain selected order without changing metadata
[13/71] experiments/instruction-effects/revisions/research-v005/decisions/task-021-draft/suite/directory-order.spec.mjs:25:2 › 072 directory ordering includes deleted archived records and significant internal whitespace
[14/71] experiments/instruction-effects/revisions/research-v005/decisions/task-021-draft/suite/directory.spec.mjs:12:2 › 064 directory preserves owner and stored order with live deleted archived and literal field semantics
[15/71] experiments/instruction-effects/revisions/research-v005/decisions/task-021-draft/suite/directory.spec.mjs:17:2 › 065 directory intersects and retains filters validates ranges and resets on a new opening
[16/71] experiments/instruction-effects/revisions/research-v005/decisions/task-021-draft/suite/directory.spec.mjs:20:2 › 066 directory includes original imported records and uses current whitespace matching without mutating project state
[17/71] experiments/instruction-effects/revisions/research-v005/decisions/task-021-draft/suite/due-date.spec.mjs:11:2 › 030 dates default empty save canonically survive rename and clear
[18/71] experiments/instruction-effects/revisions/research-v005/decisions/task-021-draft/suite/due-date.spec.mjs:21:2 › 031 invalid formats and impossible calendar dates preserve the saved date
[19/71] experiments/instruction-effects/revisions/research-v005/decisions/task-021-draft/suite/due-date.spec.mjs:29:2 › 032 date changes retain task identity filters order and all-task summary
[20/71] experiments/instruction-effects/revisions/research-v005/decisions/task-021-draft/suite/due-date.spec.mjs:44:2 › 033 archived dates are read-only restored and old data stays undated
[21/71] experiments/instruction-effects/revisions/research-v005/decisions/task-021-draft/suite/due-range.spec.mjs:14:2 › 034 date ranges include endpoints exclude undated tasks and preserve order
[22/71] experiments/instruction-effects/revisions/research-v005/decisions/task-021-draft/suite/due-range.spec.mjs:24:2 › 035 due ranges intersect completion priority and live date edits
[23/71] experiments/instruction-effects/revisions/research-v005/decisions/task-021-draft/suite/due-range.spec.mjs:40:2 › 036 invalid due ranges preserve the last applied membership
[24/71] experiments/instruction-effects/revisions/research-v005/decisions/task-021-draft/suite/due-range.spec.mjs:48:2 › 037 archived ranges stay usable and reopening clears transient boundaries
[25/71] experiments/instruction-effects/revisions/research-v005/decisions/task-021-draft/suite/due-range.spec.mjs:57:2 › 038 project default rename and hidden creation retain the applied range
[26/71] experiments/instruction-effects/revisions/research-v005/decisions/task-021-draft/suite/export.spec.mjs:7:2 › 058 export includes every stored task in order with literal values despite current filters
[27/71] experiments/instruction-effects/revisions/research-v005/decisions/task-021-draft/suite/export.spec.mjs:11:2 › 059 archived upgraded and empty projects export without mutation
[28/71] experiments/instruction-effects/revisions/research-v005/decisions/task-021-draft/suite/import.spec.mjs:14:2 › 060 exported projects import independently with saved fields deleted order and project defaults
[29/71] experiments/instruction-effects/revisions/research-v005/decisions/task-021-draft/suite/import.spec.mjs:17:2 › 061 malformed root documents and blank override reject atomically and retain inputs
[30/71] experiments/instruction-effects/revisions/research-v005/decisions/task-021-draft/suite/import.spec.mjs:20:2 › 062 invalid later tasks reject the entire import without partial project task or existing-data writes
[31/71] experiments/instruction-effects/revisions/research-v005/decisions/task-021-draft/suite/import.spec.mjs:23:2 › 063 archived and empty imports preserve flags literal data and native restart sentinels
[32/71] experiments/instruction-effects/revisions/research-v005/decisions/task-021-draft/suite/move-task.spec.mjs:15:2 › 039 moving a task preserves data and destination order without inheriting defaults
[33/71] experiments/instruction-effects/revisions/research-v005/decisions/task-021-draft/suite/move-task.spec.mjs:26:2 › 040 moving under combined filters retains source range and independent data
[34/71] experiments/instruction-effects/revisions/research-v005/decisions/task-021-draft/suite/move-task.spec.mjs:37:2 › 041 destination choices use active current project names in creation order
[35/71] experiments/instruction-effects/revisions/research-v005/decisions/task-021-draft/suite/move-task.spec.mjs:41:2 › 042 archived source moves are disabled restoration allows moving an undated task
[36/71] experiments/instruction-effects/revisions/research-v005/decisions/task-021-draft/suite/notes.spec.mjs:10:2 › 052 multiline notes retain literal text filters and archived read-only behavior
[37/71] experiments/instruction-effects/revisions/research-v005/decisions/task-021-draft/suite/notes.spec.mjs:21:2 › 053 notes travel through moves and returns while original archived data upgrades
[38/71] experiments/instruction-effects/revisions/research-v005/decisions/task-021-draft/suite/priority-filter.spec.mjs:8:3 › 023 priority and completion filters intersect in creation order
[39/71] experiments/instruction-effects/revisions/research-v005/decisions/task-021-draft/suite/priority-filter.spec.mjs:42:3 › 024 filtered edits re-evaluate rows while retaining both filter choices
[40/71] experiments/instruction-effects/revisions/research-v005/decisions/task-021-draft/suite/priority-filter.spec.mjs:73:3 › 025 task rename retains combined filter membership
[41/71] experiments/instruction-effects/revisions/research-v005/decisions/task-021-draft/suite/priority-filter.spec.mjs:91:3 › 026 archived combined filters are readable without enabling task editing
[42/71] experiments/instruction-effects/revisions/research-v005/decisions/task-021-draft/suite/priority.spec.mjs:8:3 › 022 pre-priority archived data acquires Normal without changing completion
[43/71] experiments/instruction-effects/revisions/research-v005/decisions/task-021-draft/suite/priority.spec.mjs:19:3 › 019 independent priorities default to Normal and persist through rename
[44/71] experiments/instruction-effects/revisions/research-v005/decisions/task-021-draft/suite/priority.spec.mjs:50:3 › 020 priority edits preserve completion filters and summary
[45/71] experiments/instruction-effects/revisions/research-v005/decisions/task-021-draft/suite/priority.spec.mjs:71:3 › 021 archived priorities are read-only and restored unchanged
[46/71] experiments/instruction-effects/revisions/research-v005/decisions/task-021-draft/suite/return-order.spec.mjs:13:2 › 043 returning tasks in reverse order restores prior positions and current fields
[47/71] experiments/instruction-effects/revisions/research-v005/decisions/task-021-draft/suite/return-order.spec.mjs:20:2 › 044 rename archival and restoration preserve returning project identity
[48/71] experiments/instruction-effects/revisions/research-v005/decisions/task-021-draft/suite/return-order.spec.mjs:27:2 › 045 return positions belong to each project and precede later new arrivals
[49/71] experiments/instruction-effects/revisions/research-v005/decisions/task-021-draft/suite/search-whitespace.spec.mjs:5:2 › 050 task search collapses spaces tabs without changing stored titles or filters
[50/71] experiments/instruction-effects/revisions/research-v005/decisions/task-021-draft/suite/search-whitespace.spec.mjs:12:2 › 051 project whitespace matching retains original names and archived intersection
[51/71] experiments/instruction-effects/revisions/research-v005/decisions/task-021-draft/suite/search.spec.mjs:7:2 › 046 project search trims ASCII case and intersects archive filter in creation order
[52/71] experiments/instruction-effects/revisions/research-v005/decisions/task-021-draft/suite/search.spec.mjs:15:2 › 047 task search intersects all filters retaining order and summary counts
[53/71] experiments/instruction-effects/revisions/research-v005/decisions/task-021-draft/suite/search.spec.mjs:30:2 › 048 rename re-evaluates search membership and archived search remains readable
[54/71] experiments/instruction-effects/revisions/research-v005/decisions/task-021-draft/suite/search.spec.mjs:37:2 › 049 upgraded original task012 return positions remain usable
[55/71] experiments/instruction-effects/revisions/research-v005/decisions/task-021-draft/suite/workboard.spec.mjs:8:1 › 001 health and project creation persist on reload
[56/71] experiments/instruction-effects/revisions/research-v005/decisions/task-021-draft/suite/workboard.spec.mjs:25:1 › 002 blank project input is rejected
[57/71] experiments/instruction-effects/revisions/research-v005/decisions/task-021-draft/suite/workboard.spec.mjs:38:1 › 003 project creation order
[58/71] experiments/instruction-effects/revisions/research-v005/decisions/task-021-draft/suite/workboard.spec.mjs:46:3 › 004 trimmed tasks and project URL survive reload
[59/71] experiments/instruction-effects/revisions/research-v005/decisions/task-021-draft/suite/workboard.spec.mjs:55:3 › 005 blank task input is rejected
[60/71] experiments/instruction-effects/revisions/research-v005/decisions/task-021-draft/suite/workboard.spec.mjs:64:3 › 006 tasks do not cross project boundaries
[61/71] experiments/instruction-effects/revisions/research-v005/decisions/task-021-draft/suite/workboard.spec.mjs:73:3 › 007 task filters and completion state persist
[62/71] experiments/instruction-effects/revisions/research-v005/decisions/task-021-draft/suite/workboard.spec.mjs:102:3 › 008 archive state persists and project can be restored
[63/71] experiments/instruction-effects/revisions/research-v005/decisions/task-021-draft/suite/workboard.spec.mjs:114:3 › 009 archived tasks are read-only and survive restoration
[64/71] experiments/instruction-effects/revisions/research-v005/decisions/task-021-draft/suite/workboard.spec.mjs:142:3 › 010 completion summaries reflect all tasks
[65/71] experiments/instruction-effects/revisions/research-v005/decisions/task-021-draft/suite/workboard.spec.mjs:155:1 › 011 seed process-restart persistence checks
[66/71] experiments/instruction-effects/revisions/research-v005/decisions/task-021-draft/suite/workboard.spec.mjs:207:3 › 013 rename preserves project URL, task state, summary and creation order
[67/71] experiments/instruction-effects/revisions/research-v005/decisions/task-021-draft/suite/workboard.spec.mjs:231:3 › 014 blank rename preserves original name
[68/71] experiments/instruction-effects/revisions/research-v005/decisions/task-021-draft/suite/workboard.spec.mjs:241:3 › 015 archived rename controls become available after restoration
[69/71] experiments/instruction-effects/revisions/research-v005/decisions/task-021-draft/suite/workboard.spec.mjs:260:3 › 016 task rename preserves completion, order, filter membership and summary
[70/71] experiments/instruction-effects/revisions/research-v005/decisions/task-021-draft/suite/workboard.spec.mjs:283:3 › 017 blank task rename preserves the original title
[71/71] experiments/instruction-effects/revisions/research-v005/decisions/task-021-draft/suite/workboard.spec.mjs:294:3 › 018 archived task rename controls become enabled after restoration
  71 passed (4.5m)
