
Running 1 test using 1 worker



[1/1] experiments/instruction-effects/revisions/research-v004/decisions/task-018-draft/suite/import.spec.mjs:17:2 › 061 malformed root documents and blank override reject atomically and retain inputs
  1) experiments/instruction-effects/revisions/research-v004/decisions/task-018-draft/suite/import.spec.mjs:17:2 › 061 malformed root documents and blank override reject atomically and retain inputs 

    Error: expect(locator).toHaveText(expected) failed

    Locator:  getByTestId('project-row').filter({ hasText: 'task-018 Parse guard existing' }).visible().getByTestId('project-summary')
    Expected: "0/1 completed"
    Received: "0/0 completed"
    Timeout:  5000ms

    Call log:
      - Expect "toHaveText" getByTestId('project-row').filter({ hasText: 'task-018 Parse guard existing' }).visible().getByTestId('project-summary') with timeout 5000ms
      - waiting for getByTestId('project-row').filter({ hasText: 'task-018 Parse guard existing' }).visible().getByTestId('project-summary')
        14 × locator resolved to <span data-testid="project-summary">0/0 completed</span>
           - unexpected value "0/0 completed"


       8 | async function saved(page,owner,title,label,value){await taskRow(page,title).getByRole('textbox',{name:label,exact:true}).fill(value);await taskRow(page,title).getByRole('button',{name:label==='Task notes'?'Save notes':'Save due date',exact:true}).click();const observer=await page.context().newPage();try{await expect.poll(async()=>{await observer.goto('/');await openProject(observer,owner);return taskRow(observer,title).getByRole('textbox',{name:label,exact:true}).inputValue();},{timeout:5000}).toBe(value);}finally{await observer.close();}}
       9 | async function guards(page,prefix){await createProject(page,prefix+' existing');await openProject(page,prefix+' existing');await createTask(page,'Guard retained');await createProject(page,prefix+' archived');await projectRow(page,prefix+' archived').getByRole('button',{name:'Archive project',exact:true}).click();const observer=await page.context().newPage();const counts={};try{await observer.goto('/');await expect(projectRow(observer,prefix+' existing')).toBeVisible();counts.Active=await observer.getByTestId('project-row').filter({visible:true}).count();await observer.getByRole('combobox',{name:'Project filter',exact:true}).selectOption({label:'Archived'});await expect(projectRow(observer,prefix+' archived')).toBeVisible();counts.Archived=await observer.getByTestId('project-row').filter({visible:true}).count();}finally{await observer.close();}return counts;}
    > 10 | async function unchanged(page,prefix,counts){const observer=await page.context().newPage();try{await observer.goto('/');await expect(projectRow(observer,prefix+' existing')).toBeVisible();await expect(observer.getByTestId('project-row').filter({visible:true})).toHaveCount(counts.Active);await expect(projectRow(observer,prefix+' existing').getByTestId('project-summary')).toHaveText('0/1 completed');await observer.getByRole('combobox',{name:'Project filter',exact:true}).selectOption({label:'Archived'});await expect(projectRow(observer,prefix+' archived')).toBeVisible();await expect(observer.getByTestId('project-row').filter({visible:true})).toHaveCount(counts.Archived);}finally{await observer.close();}}
         |                                                                                                                                                                                                                                                                                                                                                                                      ^
      11 | async function rejected(page,raw,name,alert='Invalid project JSON'){await page.goto('/');await page.getByRole('textbox',{name:'Project JSON',exact:true}).fill(raw);await page.getByRole('textbox',{name:'Imported project name',exact:true}).fill(name);await page.getByRole('button',{name:'Import project',exact:true}).click();await expect(page.getByRole('alert')).toContainText(alert);await expect(page.getByRole('textbox',{name:'Project JSON',exact:true})).toHaveValue(raw);await expect(page.getByRole('textbox',{name:'Imported project name',exact:true})).toHaveValue(name);}
      12 | test.beforeEach(async({context})=>{await isolateBrowser(context);});
      13 | if(stage>=18){
        at unchanged (/Users/Shared/projects/competition/experiments/instruction-effects/revisions/research-v004/decisions/task-018-draft/suite/import.spec.mjs:10:374)
        at /Users/Shared/projects/competition/experiments/instruction-effects/revisions/research-v004/decisions/task-018-draft/suite/import.spec.mjs:18:683

    attachment #1: screenshot (image/png) ──────────────────────────────────────────────────────────
    experiments/instruction-effects/revisions/research-v004/preflight/priority-fixtures/stage-18-check-1791637620165/negative-invalid-import-mutates-existing/artifacts/import-061-malformed-root--a948e-tomically-and-retain-inputs/test-failed-1.png
    ────────────────────────────────────────────────────────────────────────────────────────────────

    Error Context: experiments/instruction-effects/revisions/research-v004/preflight/priority-fixtures/stage-18-check-1791637620165/negative-invalid-import-mutates-existing/artifacts/import-061-malformed-root--a948e-tomically-and-retain-inputs/error-context.md

    attachment #3: trace (application/zip) ─────────────────────────────────────────────────────────
    experiments/instruction-effects/revisions/research-v004/preflight/priority-fixtures/stage-18-check-1791637620165/negative-invalid-import-mutates-existing/artifacts/import-061-malformed-root--a948e-tomically-and-retain-inputs/trace.zip
    Usage:

        npx playwright show-trace experiments/instruction-effects/revisions/research-v004/preflight/priority-fixtures/stage-18-check-1791637620165/negative-invalid-import-mutates-existing/artifacts/import-061-malformed-root--a948e-tomically-and-retain-inputs/trace.zip

    ────────────────────────────────────────────────────────────────────────────────────────────────


  1 failed
    experiments/instruction-effects/revisions/research-v004/decisions/task-018-draft/suite/import.spec.mjs:17:2 › 061 malformed root documents and blank override reject atomically and retain inputs 
