
Running 62 tests using 1 worker



[1/62] experiments/instruction-effects/revisions/research-v005/decisions/task-018-draft/suite/default-priority.spec.mjs:11:2 › 027 pre-default projects and tasks preserve their distinct saved priorities
[2/62] experiments/instruction-effects/revisions/research-v005/decisions/task-018-draft/suite/default-priority.spec.mjs:20:2 › 028 project default affects only future tasks and retains filters and summary
[3/62] experiments/instruction-effects/revisions/research-v005/decisions/task-018-draft/suite/default-priority.spec.mjs:53:2 › 029 project default survives rename archive and restoration
[4/62] experiments/instruction-effects/revisions/research-v005/decisions/task-018-draft/suite/deletion.spec.mjs:10:2 › 054 deleted tasks preserve fields intersect filters and remain read-only through project archival
  1) experiments/instruction-effects/revisions/research-v005/decisions/task-018-draft/suite/deletion.spec.mjs:10:2 › 054 deleted tasks preserve fields intersect filters and remain read-only through project archival 

    Error: expect(locator).toHaveValue(expected) failed

    Locator: getByTestId('task-row').filter({ has: getByRole('checkbox', { name: 'Complete Completed remove', exact: true }) }).visible().getByRole('textbox', { name: 'Task notes', exact: true })
    Expected: "  Deleted Ω note
    second line  "
    Timeout: 5000ms
    Error: element(s) not found

    Call log:
      - Expect "toHaveValue" getByTestId('task-row').filter({ has: getByRole('checkbox', { name: 'Complete Completed remove', exact: true }) }).visible().getByRole('textbox', { name: 'Task notes', exact: true }) with timeout 5000ms
      - waiting for getByTestId('task-row').filter({ has: getByRole('checkbox', { name: 'Complete Completed remove', exact: true }) }).visible().getByRole('textbox', { name: 'Task notes', exact: true })


      12 |   await expect(filter(page).locator('option')).toHaveText(['All','Open','Completed','Deleted']);await page.getByRole('checkbox',{name:'Complete '+title,exact:true}).check();await summary(page,owner,'1/4 completed');await taskRow(page,title).getByRole('combobox',{name:'Task priority',exact:true}).selectOption({label:'High'});await expectPersistedPriority(page,owner,title,'High');await saved(page,owner,title,'Task due date','2036-02-29');await saved(page,owner,title,'Task notes','  Deleted Ω note\nsecond line  ');await page.getByRole('checkbox',{name:'Complete Completed remove sentinel',exact:true}).check();await summary(page,owner,'2/4 completed');await taskRow(page,'Completed remove sentinel').getByRole('combobox',{name:'Task priority',exact:true}).selectOption({label:'High'});await expectPersistedPriority(page,owner,'Completed remove sentinel','High');await saved(page,owner,'Completed remove sentinel','Task due date','2036-02-29');
      13 |   await filter(page).selectOption({label:'Completed'});await page.getByRole('combobox',{name:'Priority filter',exact:true}).selectOption({label:'High'});await page.getByRole('textbox',{name:'Task search',exact:true}).fill('completed remove');await page.getByRole('button',{name:'Search tasks',exact:true}).click();await page.getByRole('textbox',{name:'Due from',exact:true}).fill('2036-02-29');await page.getByRole('textbox',{name:'Due through',exact:true}).fill('2036-02-29');await page.getByRole('button',{name:'Apply due range',exact:true}).click();await expect(taskRow(page,title)).toBeVisible();await taskRow(page,title).getByRole('button',{name:'Delete task',exact:true}).click();await summary(page,owner,'1/3 completed');await expect(taskRow(page,'Completed remove sentinel')).toBeVisible();await expect(page.getByTestId('task-row').filter({visible:true})).toHaveCount(1);await expect(filter(page).locator('option:checked')).toHaveText('Completed');await expect(page.getByRole('textbox',{name:'Task search',exact:true})).toHaveValue('completed remove');await expect(page.getByRole('combobox',{name:'Priority filter',exact:true}).locator('option:checked')).toHaveText('High');await expect(page.getByRole('textbox',{name:'Due from',exact:true})).toHaveValue('2036-02-29');await expect(page.getByRole('textbox',{name:'Due through',exact:true})).toHaveValue('2036-02-29');
    > 14 |   await filter(page).selectOption({label:'Deleted'});await expect(taskRow(page,title)).toBeVisible();await expect(taskRow(page,title).getByRole('combobox',{name:'Task priority',exact:true}).locator('option:checked')).toHaveText('High');await expect(taskRow(page,title).getByRole('textbox',{name:'Task due date',exact:true})).toHaveValue('2036-02-29');await expect(page.getByRole('checkbox',{name:'Complete '+title,exact:true})).toBeChecked();await expect(notes(page,title)).toHaveValue('  Deleted Ω note\nsecond line  ');for(const label of ['New task title','Task due date','Task notes'])await expect(taskRow(page,title).getByRole('textbox',{name:label,exact:true})).toBeDisabled();await expect(page.getByRole('checkbox',{name:'Complete '+title,exact:true})).toBeDisabled();for(const label of ['Task priority','Destination project'])await expect(taskRow(page,title).getByRole('combobox',{name:label,exact:true})).toBeDisabled();for(const label of ['Rename task','Save due date','Save notes','Move task'])await expect(taskRow(page,title).getByRole('button',{name:label,exact:true})).toBeDisabled();await expect(taskRow(page,title).getByRole('button',{name:'Restore task',exact:true})).toBeEnabled();await page.reload();await expect(notes(page,title)).toHaveValue('  Deleted Ω note\nsecond line  ');
         |                                                                                                                                                                                                                                                                                                                                                                                                                                                                                                                                                                                                                                                                                                                                                                                                                                                                                                                                                                                                                                                                                                                                                                                                                                                                                                   ^
      15 |   await page.getByRole('button',{name:'Projects',exact:true}).click();await projectRow(page,owner).getByRole('button',{name:'Archive project',exact:true}).click();await page.getByRole('combobox',{name:'Project filter',exact:true}).selectOption({label:'Archived'});await openProject(page,owner);await expect(taskRow(page,'Live before').getByRole('button',{name:'Delete task',exact:true})).toBeDisabled();await filter(page).selectOption({label:'Deleted'});await expect(taskRow(page,title)).toBeVisible();await expect(taskRow(page,title).getByRole('button',{name:'Restore task',exact:true})).toBeDisabled();await expect(page.getByRole('button',{name:'Search tasks',exact:true})).toBeEnabled();await expect(page.getByRole('button',{name:'Apply due range',exact:true})).toBeEnabled();await page.getByRole('button',{name:'Projects',exact:true}).click();await page.getByRole('combobox',{name:'Project filter',exact:true}).selectOption({label:'Archived'});await projectRow(page,owner).getByRole('button',{name:'Restore project',exact:true}).click();await page.getByRole('combobox',{name:'Project filter',exact:true}).selectOption({label:'Active'});await openProject(page,owner);await filter(page).selectOption({label:'Deleted'});await expect(taskRow(page,title)).toBeVisible();await expect(taskRow(page,title).getByRole('button',{name:'Restore task',exact:true})).toBeEnabled();
      16 |  });
      17 |  test('055 restoration retains reserved order explicit priority completion and remembered destination positions',async({page})=>{
        at /Users/Shared/projects/competition/experiments/instruction-effects/revisions/research-v005/decisions/task-018-draft/suite/deletion.spec.mjs:14:1251

    attachment #1: screenshot (image/png) ──────────────────────────────────────────────────────────
    experiments/instruction-effects/revisions/research-v005/preflight/priority-fixtures/stage-18-check-1791640247637/positive-async/artifacts/deletion-054-deleted-tasks-2a876-ly-through-project-archival/test-failed-1.png
    ────────────────────────────────────────────────────────────────────────────────────────────────

    Error Context: experiments/instruction-effects/revisions/research-v005/preflight/priority-fixtures/stage-18-check-1791640247637/positive-async/artifacts/deletion-054-deleted-tasks-2a876-ly-through-project-archival/error-context.md

    attachment #3: trace (application/zip) ─────────────────────────────────────────────────────────
    experiments/instruction-effects/revisions/research-v005/preflight/priority-fixtures/stage-18-check-1791640247637/positive-async/artifacts/deletion-054-deleted-tasks-2a876-ly-through-project-archival/trace.zip
    Usage:

        npx playwright show-trace experiments/instruction-effects/revisions/research-v005/preflight/priority-fixtures/stage-18-check-1791640247637/positive-async/artifacts/deletion-054-deleted-tasks-2a876-ly-through-project-archival/trace.zip

    ────────────────────────────────────────────────────────────────────────────────────────────────




[5/62] experiments/instruction-effects/revisions/research-v005/decisions/task-018-draft/suite/deletion.spec.mjs:17:2 › 055 restoration retains reserved order explicit priority completion and remembered destination positions
  2) experiments/instruction-effects/revisions/research-v005/decisions/task-018-draft/suite/deletion.spec.mjs:17:2 › 055 restoration retains reserved order explicit priority completion and remembered destination positions 

    Error: expect(locator).toBeVisible() failed

    Locator: getByTestId('task-row').filter({ has: getByRole('checkbox', { name: 'Complete Reserved', exact: true }) }).visible()
    Expected: visible
    Timeout: 5000ms
    Error: element(s) not found

    Call log:
      - Expect "toBeVisible" getByTestId('task-row').filter({ has: getByRole('checkbox', { name: 'Complete Reserved', exact: true }) }).visible() with timeout 5000ms
      - waiting for getByTestId('task-row').filter({ has: getByRole('checkbox', { name: 'Complete Reserved', exact: true }) }).visible()


      18 |   await createProject(page,'Deletion target');await openProject(page,'Deletion target');await createTask(page,'Target first');await createProject(page,'Deletion order');await openProject(page,'Deletion order');for(const t of ['Before','Reserved','After'])await createTask(page,t);await taskRow(page,'Reserved').getByRole('combobox',{name:'Task priority',exact:true}).selectOption({label:'High'});await expectPersistedPriority(page,'Deletion order','Reserved','High');await page.getByRole('checkbox',{name:'Complete Reserved',exact:true}).check();await summary(page,'Deletion order','1/3 completed');await saved(page,'Deletion order','Reserved','Task due date','2037-01-01');await saved(page,'Deletion order','Reserved','Task notes','Restore original note');
      19 |   const move=async(target)=>{await taskRow(page,'Reserved').getByRole('combobox',{name:'Destination project',exact:true}).selectOption({label:projectName(target)});await taskRow(page,'Reserved').getByRole('button',{name:'Move task',exact:true}).click();await page.goto('/');await openProject(page,target);await expect(taskRow(page,'Reserved')).toBeVisible();};
    > 20 |   await move('Deletion target');await createTask(page,'Target later');await move('Deletion order');await taskRow(page,'Reserved').getByRole('button',{name:'Delete task',exact:true}).click();await summary(page,'Deletion order','0/2 completed');await createTask(page,'New arrival');await page.getByRole('combobox',{name:'Default task priority',exact:true}).selectOption({label:'Low'});await filter(page).selectOption({label:'Deleted'});await expect(taskRow(page,'Reserved')).toBeVisible();await taskRow(page,'Reserved').getByRole('button',{name:'Restore task',exact:true}).click();await summary(page,'Deletion order','1/4 completed');await expect(filter(page).locator('option:checked')).toHaveText('Deleted');await filter(page).selectOption({label:'All'});await ordered(page,['Before','Reserved','After','New arrival']);await expect(taskRow(page,'Reserved').getByRole('combobox',{name:'Task priority',exact:true}).locator('option:checked')).toHaveText('High');await expect(page.getByRole('checkbox',{name:'Complete Reserved',exact:true})).toBeChecked();await expect(notes(page,'Reserved')).toHaveValue('Restore original note');await expect(taskRow(page,'Reserved').getByRole('textbox',{name:'Task due date',exact:true})).toHaveValue('2037-01-01');await move('Deletion target');await ordered(page,['Target first','Reserved','Target later']);await page.reload();await ordered(page,['Target first','Reserved','Target later']);
         |                                                                                                                                                                                                                                                                                                                                                                                                                                                                                          ^
      21 |  });
      22 |  test('056 upgraded original tasks remain live and deleted-only project persists with an empty live summary',async({page})=>{
      23 |   await page.goto('/');await page.getByRole('combobox',{name:'Project filter',exact:true}).selectOption({label:'Archived'});await page.getByTestId('project-row').filter({hasText:'task-015 Persistence renamed'}).filter({visible:true}).getByRole('button',{name:'Open project',exact:true}).click();await expect(taskRow(page,'Memory kept')).toBeVisible();await expect(taskRow(page,'Memory kept').getByRole('button',{name:'Delete task',exact:true})).toBeDisabled();
        at /Users/Shared/projects/competition/experiments/instruction-effects/revisions/research-v005/decisions/task-018-draft/suite/deletion.spec.mjs:20:474

    attachment #1: screenshot (image/png) ──────────────────────────────────────────────────────────
    experiments/instruction-effects/revisions/research-v005/preflight/priority-fixtures/stage-18-check-1791640247637/positive-async/artifacts/deletion-055-restoration-r-fdb65-bered-destination-positions/test-failed-1.png
    ────────────────────────────────────────────────────────────────────────────────────────────────

    Error Context: experiments/instruction-effects/revisions/research-v005/preflight/priority-fixtures/stage-18-check-1791640247637/positive-async/artifacts/deletion-055-restoration-r-fdb65-bered-destination-positions/error-context.md

    attachment #3: trace (application/zip) ─────────────────────────────────────────────────────────
    experiments/instruction-effects/revisions/research-v005/preflight/priority-fixtures/stage-18-check-1791640247637/positive-async/artifacts/deletion-055-restoration-r-fdb65-bered-destination-positions/trace.zip
    Usage:

        npx playwright show-trace experiments/instruction-effects/revisions/research-v005/preflight/priority-fixtures/stage-18-check-1791640247637/positive-async/artifacts/deletion-055-restoration-r-fdb65-bered-destination-positions/trace.zip

    ────────────────────────────────────────────────────────────────────────────────────────────────




[6/62] experiments/instruction-effects/revisions/research-v005/decisions/task-018-draft/suite/deletion.spec.mjs:22:2 › 056 upgraded original tasks remain live and deleted-only project persists with an empty live summary
  3) experiments/instruction-effects/revisions/research-v005/decisions/task-018-draft/suite/deletion.spec.mjs:22:2 › 056 upgraded original tasks remain live and deleted-only project persists with an empty live summary 

    Error: expect(locator).toHaveValue(expected) failed

    Locator: getByTestId('task-row').filter({ has: getByRole('checkbox', { name: 'Complete Deleted memory', exact: true }) }).visible().getByRole('textbox', { name: 'Task notes', exact: true })
    Expected: "Original deleted note
    retained"
    Timeout: 5000ms
    Error: element(s) not found

    Call log:
      - Expect "toHaveValue" getByTestId('task-row').filter({ has: getByRole('checkbox', { name: 'Complete Deleted memory', exact: true }) }).visible().getByRole('textbox', { name: 'Task notes', exact: true }) with timeout 5000ms
      - waiting for getByTestId('task-row').filter({ has: getByRole('checkbox', { name: 'Complete Deleted memory', exact: true }) }).visible().getByRole('textbox', { name: 'Task notes', exact: true })


      22 |  test('056 upgraded original tasks remain live and deleted-only project persists with an empty live summary',async({page})=>{
      23 |   await page.goto('/');await page.getByRole('combobox',{name:'Project filter',exact:true}).selectOption({label:'Archived'});await page.getByTestId('project-row').filter({hasText:'task-015 Persistence renamed'}).filter({visible:true}).getByRole('button',{name:'Open project',exact:true}).click();await expect(taskRow(page,'Memory kept')).toBeVisible();await expect(taskRow(page,'Memory kept').getByRole('button',{name:'Delete task',exact:true})).toBeDisabled();
    > 24 |   await createProject(page,'Deletion restart');await openProject(page,'Deletion restart');await createTask(page,'Deleted memory');await saved(page,'Deletion restart','Deleted memory','Task notes','Original deleted note\nretained');await taskRow(page,'Deleted memory').getByRole('button',{name:'Delete task',exact:true}).click();await summary(page,'Deletion restart','0/0 completed');await filter(page).selectOption({label:'Deleted'});await expect(notes(page,'Deleted memory')).toHaveValue('Original deleted note\nretained');await page.reload();await expect(notes(page,'Deleted memory')).toHaveValue('Original deleted note\nretained');
         |                                                                                                                                                                                                                                                                                                                                                                                                                                                                                                                                                                                                            ^
      25 |  });
      26 |  test('057 deleted filter intersects priority due range and title search',async({page})=>{
      27 |   const owner='Deleted intersections';await createProject(page,owner);await openProject(page,owner);for(const t of ['Hit one','Hit two','Other title','Undated hit'])await createTask(page,t);
        at /Users/Shared/projects/competition/experiments/instruction-effects/revisions/research-v005/decisions/task-018-draft/suite/deletion.spec.mjs:24:588

    attachment #1: screenshot (image/png) ──────────────────────────────────────────────────────────
    experiments/instruction-effects/revisions/research-v005/preflight/priority-fixtures/stage-18-check-1791640247637/positive-async/artifacts/deletion-056-upgraded-orig-a63ca--with-an-empty-live-summary/test-failed-1.png
    ────────────────────────────────────────────────────────────────────────────────────────────────

    Error Context: experiments/instruction-effects/revisions/research-v005/preflight/priority-fixtures/stage-18-check-1791640247637/positive-async/artifacts/deletion-056-upgraded-orig-a63ca--with-an-empty-live-summary/error-context.md

    attachment #3: trace (application/zip) ─────────────────────────────────────────────────────────
    experiments/instruction-effects/revisions/research-v005/preflight/priority-fixtures/stage-18-check-1791640247637/positive-async/artifacts/deletion-056-upgraded-orig-a63ca--with-an-empty-live-summary/trace.zip
    Usage:

        npx playwright show-trace experiments/instruction-effects/revisions/research-v005/preflight/priority-fixtures/stage-18-check-1791640247637/positive-async/artifacts/deletion-056-upgraded-orig-a63ca--with-an-empty-live-summary/trace.zip

    ────────────────────────────────────────────────────────────────────────────────────────────────




[7/62] experiments/instruction-effects/revisions/research-v005/decisions/task-018-draft/suite/deletion.spec.mjs:26:2 › 057 deleted filter intersects priority due range and title search
[8/62] experiments/instruction-effects/revisions/research-v005/decisions/task-018-draft/suite/due-date.spec.mjs:11:2 › 030 dates default empty save canonically survive rename and clear
[9/62] experiments/instruction-effects/revisions/research-v005/decisions/task-018-draft/suite/due-date.spec.mjs:21:2 › 031 invalid formats and impossible calendar dates preserve the saved date
[10/62] experiments/instruction-effects/revisions/research-v005/decisions/task-018-draft/suite/due-date.spec.mjs:29:2 › 032 date changes retain task identity filters order and all-task summary
[11/62] experiments/instruction-effects/revisions/research-v005/decisions/task-018-draft/suite/due-date.spec.mjs:44:2 › 033 archived dates are read-only restored and old data stays undated
[12/62] experiments/instruction-effects/revisions/research-v005/decisions/task-018-draft/suite/due-range.spec.mjs:14:2 › 034 date ranges include endpoints exclude undated tasks and preserve order
[13/62] experiments/instruction-effects/revisions/research-v005/decisions/task-018-draft/suite/due-range.spec.mjs:24:2 › 035 due ranges intersect completion priority and live date edits
[14/62] experiments/instruction-effects/revisions/research-v005/decisions/task-018-draft/suite/due-range.spec.mjs:40:2 › 036 invalid due ranges preserve the last applied membership
[15/62] experiments/instruction-effects/revisions/research-v005/decisions/task-018-draft/suite/due-range.spec.mjs:48:2 › 037 archived ranges stay usable and reopening clears transient boundaries
[16/62] experiments/instruction-effects/revisions/research-v005/decisions/task-018-draft/suite/due-range.spec.mjs:57:2 › 038 project default rename and hidden creation retain the applied range
[17/62] experiments/instruction-effects/revisions/research-v005/decisions/task-018-draft/suite/export.spec.mjs:7:2 › 058 export includes every stored task in order with literal values despite current filters
[18/62] experiments/instruction-effects/revisions/research-v005/decisions/task-018-draft/suite/export.spec.mjs:11:2 › 059 archived upgraded and empty projects export without mutation
[19/62] experiments/instruction-effects/revisions/research-v005/decisions/task-018-draft/suite/import.spec.mjs:14:2 › 060 exported projects import independently with saved fields deleted order and project defaults
[20/62] experiments/instruction-effects/revisions/research-v005/decisions/task-018-draft/suite/import.spec.mjs:17:2 › 061 malformed root documents and blank override reject atomically and retain inputs
[21/62] experiments/instruction-effects/revisions/research-v005/decisions/task-018-draft/suite/import.spec.mjs:20:2 › 062 invalid later tasks reject the entire import without partial project task or existing-data writes
[22/62] experiments/instruction-effects/revisions/research-v005/decisions/task-018-draft/suite/import.spec.mjs:23:2 › 063 archived and empty imports preserve flags literal data and native restart sentinels
[23/62] experiments/instruction-effects/revisions/research-v005/decisions/task-018-draft/suite/move-task.spec.mjs:14:2 › 039 moving a task preserves data and destination order without inheriting defaults
[24/62] experiments/instruction-effects/revisions/research-v005/decisions/task-018-draft/suite/move-task.spec.mjs:25:2 › 040 moving under combined filters retains source range and independent data
[25/62] experiments/instruction-effects/revisions/research-v005/decisions/task-018-draft/suite/move-task.spec.mjs:35:2 › 041 destination choices use active current project names in creation order
[26/62] experiments/instruction-effects/revisions/research-v005/decisions/task-018-draft/suite/move-task.spec.mjs:39:2 › 042 archived source moves are disabled restoration allows moving an undated task
[27/62] experiments/instruction-effects/revisions/research-v005/decisions/task-018-draft/suite/notes.spec.mjs:10:2 › 052 multiline notes retain literal text filters and archived read-only behavior
[28/62] experiments/instruction-effects/revisions/research-v005/decisions/task-018-draft/suite/notes.spec.mjs:21:2 › 053 notes travel through moves and returns while original archived data upgrades
[29/62] experiments/instruction-effects/revisions/research-v005/decisions/task-018-draft/suite/priority-filter.spec.mjs:8:3 › 023 priority and completion filters intersect in creation order
[30/62] experiments/instruction-effects/revisions/research-v005/decisions/task-018-draft/suite/priority-filter.spec.mjs:42:3 › 024 filtered edits re-evaluate rows while retaining both filter choices
[31/62] experiments/instruction-effects/revisions/research-v005/decisions/task-018-draft/suite/priority-filter.spec.mjs:72:3 › 025 task rename retains combined filter membership
[32/62] experiments/instruction-effects/revisions/research-v005/decisions/task-018-draft/suite/priority-filter.spec.mjs:89:3 › 026 archived combined filters are readable without enabling task editing
[33/62] experiments/instruction-effects/revisions/research-v005/decisions/task-018-draft/suite/priority.spec.mjs:8:3 › 022 pre-priority archived data acquires Normal without changing completion
[34/62] experiments/instruction-effects/revisions/research-v005/decisions/task-018-draft/suite/priority.spec.mjs:19:3 › 019 independent priorities default to Normal and persist through rename
[35/62] experiments/instruction-effects/revisions/research-v005/decisions/task-018-draft/suite/priority.spec.mjs:50:3 › 020 priority edits preserve completion filters and summary
[36/62] experiments/instruction-effects/revisions/research-v005/decisions/task-018-draft/suite/priority.spec.mjs:71:3 › 021 archived priorities are read-only and restored unchanged
[37/62] experiments/instruction-effects/revisions/research-v005/decisions/task-018-draft/suite/return-order.spec.mjs:13:2 › 043 returning tasks in reverse order restores prior positions and current fields
[38/62] experiments/instruction-effects/revisions/research-v005/decisions/task-018-draft/suite/return-order.spec.mjs:20:2 › 044 rename archival and restoration preserve returning project identity
[39/62] experiments/instruction-effects/revisions/research-v005/decisions/task-018-draft/suite/return-order.spec.mjs:27:2 › 045 return positions belong to each project and precede later new arrivals
[40/62] experiments/instruction-effects/revisions/research-v005/decisions/task-018-draft/suite/search-whitespace.spec.mjs:5:2 › 050 task search collapses spaces tabs without changing stored titles or filters
[41/62] experiments/instruction-effects/revisions/research-v005/decisions/task-018-draft/suite/search-whitespace.spec.mjs:12:2 › 051 project whitespace matching retains original names and archived intersection
[42/62] experiments/instruction-effects/revisions/research-v005/decisions/task-018-draft/suite/search.spec.mjs:7:2 › 046 project search trims ASCII case and intersects archive filter in creation order
[43/62] experiments/instruction-effects/revisions/research-v005/decisions/task-018-draft/suite/search.spec.mjs:15:2 › 047 task search intersects all filters retaining order and summary counts
[44/62] experiments/instruction-effects/revisions/research-v005/decisions/task-018-draft/suite/search.spec.mjs:30:2 › 048 rename re-evaluates search membership and archived search remains readable
[45/62] experiments/instruction-effects/revisions/research-v005/decisions/task-018-draft/suite/search.spec.mjs:37:2 › 049 upgraded original task012 return positions remain usable
[46/62] experiments/instruction-effects/revisions/research-v005/decisions/task-018-draft/suite/workboard.spec.mjs:8:1 › 001 health and project creation persist on reload
[47/62] experiments/instruction-effects/revisions/research-v005/decisions/task-018-draft/suite/workboard.spec.mjs:25:1 › 002 blank project input is rejected
[48/62] experiments/instruction-effects/revisions/research-v005/decisions/task-018-draft/suite/workboard.spec.mjs:38:1 › 003 project creation order
[49/62] experiments/instruction-effects/revisions/research-v005/decisions/task-018-draft/suite/workboard.spec.mjs:46:3 › 004 trimmed tasks and project URL survive reload
[50/62] experiments/instruction-effects/revisions/research-v005/decisions/task-018-draft/suite/workboard.spec.mjs:55:3 › 005 blank task input is rejected
[51/62] experiments/instruction-effects/revisions/research-v005/decisions/task-018-draft/suite/workboard.spec.mjs:64:3 › 006 tasks do not cross project boundaries
[52/62] experiments/instruction-effects/revisions/research-v005/decisions/task-018-draft/suite/workboard.spec.mjs:73:3 › 007 task filters and completion state persist
[53/62] experiments/instruction-effects/revisions/research-v005/decisions/task-018-draft/suite/workboard.spec.mjs:102:3 › 008 archive state persists and project can be restored
[54/62] experiments/instruction-effects/revisions/research-v005/decisions/task-018-draft/suite/workboard.spec.mjs:114:3 › 009 archived tasks are read-only and survive restoration
[55/62] experiments/instruction-effects/revisions/research-v005/decisions/task-018-draft/suite/workboard.spec.mjs:142:3 › 010 completion summaries reflect all tasks
[56/62] experiments/instruction-effects/revisions/research-v005/decisions/task-018-draft/suite/workboard.spec.mjs:155:1 › 011 seed process-restart persistence checks
[57/62] experiments/instruction-effects/revisions/research-v005/decisions/task-018-draft/suite/workboard.spec.mjs:207:3 › 013 rename preserves project URL, task state, summary and creation order
[58/62] experiments/instruction-effects/revisions/research-v005/decisions/task-018-draft/suite/workboard.spec.mjs:231:3 › 014 blank rename preserves original name
[59/62] experiments/instruction-effects/revisions/research-v005/decisions/task-018-draft/suite/workboard.spec.mjs:241:3 › 015 archived rename controls become available after restoration
[60/62] experiments/instruction-effects/revisions/research-v005/decisions/task-018-draft/suite/workboard.spec.mjs:260:3 › 016 task rename preserves completion, order, filter membership and summary
[61/62] experiments/instruction-effects/revisions/research-v005/decisions/task-018-draft/suite/workboard.spec.mjs:283:3 › 017 blank task rename preserves the original title
[62/62] experiments/instruction-effects/revisions/research-v005/decisions/task-018-draft/suite/workboard.spec.mjs:294:3 › 018 archived task rename controls become enabled after restoration
  3 failed
    experiments/instruction-effects/revisions/research-v005/decisions/task-018-draft/suite/deletion.spec.mjs:10:2 › 054 deleted tasks preserve fields intersect filters and remain read-only through project archival 
    experiments/instruction-effects/revisions/research-v005/decisions/task-018-draft/suite/deletion.spec.mjs:17:2 › 055 restoration retains reserved order explicit priority completion and remembered destination positions 
    experiments/instruction-effects/revisions/research-v005/decisions/task-018-draft/suite/deletion.spec.mjs:22:2 › 056 upgraded original tasks remain live and deleted-only project persists with an empty live summary 
  59 passed (4.4m)
