
Running 1 test using 1 worker



[1/1] experiments/instruction-effects/revisions/research-v005/decisions/task-022-draft/suite/bulk-directory.spec.mjs:13:2 › 067 bulk completion intersects every directory filter and preserves fields order and reserved positions
  1) experiments/instruction-effects/revisions/research-v005/decisions/task-022-draft/suite/bulk-directory.spec.mjs:13:2 › 067 bulk completion intersects every directory filter and preserves fields order and reserved positions 

    Error: Completion state must be durable before the next navigation

    Completion state must be durable before the next navigation

    expect(received).toBe(expected) // Object.is equality

    Expected: true
    Received: false

    Call Log:
    - Timeout 5000ms exceeded while waiting on the predicate

       at helpers.mjs:62

      60 |       await expect(taskRow(observer, title)).toBeVisible();
      61 |       return observer.getByRole('checkbox', {name:'Complete '+title, exact:true}).isChecked();
    > 62 |     }, {timeout:5000, message:'Completion state must be durable before the next navigation'}).toBe(completed);
         |                                                                                               ^
      63 |   } finally { await observer.close(); }
      64 | }
      65 |
        at expectPersistedCompletion (/Users/Shared/projects/competition/experiments/instruction-effects/revisions/research-v005/decisions/task-022-draft/suite/helpers.mjs:62:95)
        at /Users/Shared/projects/competition/experiments/instruction-effects/revisions/research-v005/decisions/task-022-draft/suite/bulk-directory.spec.mjs:18:824

    attachment #1: screenshot (image/png) ──────────────────────────────────────────────────────────
    experiments/instruction-effects/revisions/research-v005/preflight/priority-fixtures/summary-full-check-1791648700104/negative-bulk-ignored/artifacts/bulk-directory-067-bulk-co-a28bd-rder-and-reserved-positions/test-failed-1.png
    ────────────────────────────────────────────────────────────────────────────────────────────────

    Error Context: experiments/instruction-effects/revisions/research-v005/preflight/priority-fixtures/summary-full-check-1791648700104/negative-bulk-ignored/artifacts/bulk-directory-067-bulk-co-a28bd-rder-and-reserved-positions/error-context.md

    attachment #3: trace (application/zip) ─────────────────────────────────────────────────────────
    experiments/instruction-effects/revisions/research-v005/preflight/priority-fixtures/summary-full-check-1791648700104/negative-bulk-ignored/artifacts/bulk-directory-067-bulk-co-a28bd-rder-and-reserved-positions/trace.zip
    Usage:

        npx playwright show-trace experiments/instruction-effects/revisions/research-v005/preflight/priority-fixtures/summary-full-check-1791648700104/negative-bulk-ignored/artifacts/bulk-directory-067-bulk-co-a28bd-rder-and-reserved-positions/trace.zip

    ────────────────────────────────────────────────────────────────────────────────────────────────


  1 failed
    experiments/instruction-effects/revisions/research-v005/decisions/task-022-draft/suite/bulk-directory.spec.mjs:13:2 › 067 bulk completion intersects every directory filter and preserves fields order and reserved positions 
