
Running 1 test using 1 worker



[1/1] experiments/instruction-effects/revisions/research-v007/decisions/task-026-draft/suite/directory-due-edit.spec.mjs:33:2 › 085 directory due-date assignment honors intersections and preserves every nonmatching field
  1) experiments/instruction-effects/revisions/research-v007/decisions/task-026-draft/suite/directory-due-edit.spec.mjs:33:2 › 085 directory due-date assignment honors intersections and preserves every nonmatching field 

    Error: expect(locator).toBeDisabled() failed

    Locator:  getByRole('button', { name: 'Save visible due date', exact: true })
    Expected: disabled
    Received: enabled
    Timeout:  5000ms

    Call log:
      - Expect "toBeDisabled" getByRole('button', { name: 'Save visible due date', exact: true }) with timeout 5000ms
      - waiting for getByRole('button', { name: 'Save visible due date', exact: true })
        14 × locator resolved to <button>Save visible due date</button>
           - unexpected value "enabled"


      37 |   await createProject(page,c);await openProject(page,c);await configured(page,c,archived,fields);await page.getByRole('button',{name:'Projects',exact:true}).click();await projectRow(page,c).getByRole('button',{name:'Archive project',exact:true}).click();await expect(projectRow(page,c)).toHaveCount(0);
      38 |   await directory(page,q);await result(page,[a,b],['1/4 completed','0/1 completed'],[first,low,late,done,second],'1/5 completed');await page.getByRole('combobox',{name:'Task filter',exact:true}).selectOption({label:'Open'});await result(page,[a,b],['0/3 completed','0/1 completed'],[first,low,late,second],'0/4 completed');await page.getByRole('combobox',{name:'Priority filter',exact:true}).selectOption({label:'High'});await result(page,[a,b],['0/2 completed','0/1 completed'],[first,late,second],'0/3 completed');await page.getByRole('textbox',{name:'Due from',exact:true}).fill(fields.date);await page.getByRole('textbox',{name:'Due through',exact:true}).fill(fields.date);await page.getByRole('button',{name:'Apply due range',exact:true}).click();await result(page,[a,b],['0/1 completed','0/1 completed'],[first,second],'0/2 completed');await page.getByRole('combobox',{name:'Directory order',exact:true}).selectOption({label:'Title'});await result(page,[a,b],['0/1 completed','0/1 completed'],[second,first],'0/2 completed');
    > 39 |   await page.getByRole('textbox',{name:'Visible tasks due date',exact:true}).fill(' 2400-02-29 ');await save(page).click();await result(page,[],[],[],'0/0 completed');await expect(save(page)).toBeDisabled();
         |                                                                                                                                                                                                 ^
      40 |   const o=await page.context().newPage();try{await returnTo(o,a);await titles(o,[first,low,late,done,other]);for(const [title,date] of [[first,'2400-02-29'],[low,fields.date],[late,'2064-03-01'],[done,fields.date],[other,fields.date]])await expect(taskRow(o,title).getByRole('textbox',{name:'Task due date',exact:true})).toHaveValue(date);await expect(taskRow(o,first).getByRole('combobox',{name:'Task priority',exact:true}).locator('option:checked')).toHaveText('High');await expect(taskRow(o,first).getByRole('textbox',{name:'Task notes',exact:true})).toHaveValue(fields.notes);await expect(o.getByRole('checkbox',{name:'Complete '+done,exact:true})).toBeChecked();await o.getByRole('combobox',{name:'Task filter',exact:true}).selectOption({label:'Deleted'});await expect(taskRow(o,deleted).getByRole('textbox',{name:'Task due date',exact:true})).toHaveValue(fields.date);await returnTo(o,b);await expect(taskRow(o,second).getByRole('textbox',{name:'Task due date',exact:true})).toHaveValue('2400-02-29');}finally{await o.close();}
      41 |   await page.getByRole('textbox',{name:'Due from',exact:true}).fill('2400-02-29');await page.getByRole('textbox',{name:'Due through',exact:true}).fill('2400-02-29');await page.getByRole('button',{name:'Apply due range',exact:true}).click();await result(page,[a,b],['0/1 completed','0/1 completed'],[second,first],'0/2 completed');await page.getByRole('textbox',{name:'Visible tasks due date',exact:true}).fill('');await save(page).click();await result(page,[],[],[],'0/0 completed');await page.getByRole('textbox',{name:'Due from',exact:true}).fill('');await page.getByRole('textbox',{name:'Due through',exact:true}).fill('');await page.getByRole('button',{name:'Apply due range',exact:true}).click();await result(page,[a,b],['0/2 completed','0/1 completed'],[second,late,first],'0/3 completed');
      42 |   await page.getByRole('combobox',{name:'Task filter',exact:true}).selectOption({label:'Completed'});await result(page,[a],['1/1 completed'],[done],'1/1 completed');await page.getByRole('textbox',{name:'Visible tasks due date',exact:true}).fill('0001-01-01');await save(page).click();await result(page,[a],['1/1 completed'],[done],'1/1 completed');await returnTo(page,a);await expect(taskRow(page,done).getByRole('textbox',{name:'Task due date',exact:true})).toHaveValue('0001-01-01');await expect(taskRow(page,first).getByRole('textbox',{name:'Task due date',exact:true})).toHaveValue('');
        at /Users/Shared/projects/competition/experiments/instruction-effects/revisions/research-v007/decisions/task-026-draft/suite/directory-due-edit.spec.mjs:39:193

    attachment #1: screenshot (image/png) ──────────────────────────────────────────────────────────
    experiments/instruction-effects/revisions/research-v007/preflight/priority-fixtures/stage26-date-check-1791656587624/negative-date-enabled-protected-085/artifacts/directory-due-edit-085-dir-f51f5-ves-every-nonmatching-field/test-failed-1.png
    ────────────────────────────────────────────────────────────────────────────────────────────────

    Error Context: experiments/instruction-effects/revisions/research-v007/preflight/priority-fixtures/stage26-date-check-1791656587624/negative-date-enabled-protected-085/artifacts/directory-due-edit-085-dir-f51f5-ves-every-nonmatching-field/error-context.md

    attachment #3: trace (application/zip) ─────────────────────────────────────────────────────────
    experiments/instruction-effects/revisions/research-v007/preflight/priority-fixtures/stage26-date-check-1791656587624/negative-date-enabled-protected-085/artifacts/directory-due-edit-085-dir-f51f5-ves-every-nonmatching-field/trace.zip
    Usage:

        npx playwright show-trace experiments/instruction-effects/revisions/research-v007/preflight/priority-fixtures/stage26-date-check-1791656587624/negative-date-enabled-protected-085/artifacts/directory-due-edit-085-dir-f51f5-ves-every-nonmatching-field/trace.zip

    ────────────────────────────────────────────────────────────────────────────────────────────────


  1 failed
    experiments/instruction-effects/revisions/research-v007/decisions/task-026-draft/suite/directory-due-edit.spec.mjs:33:2 › 085 directory due-date assignment honors intersections and preserves every nonmatching field 
