
Running 1 test using 1 worker



[1/1] experiments/instruction-effects/revisions/research-v006/decisions/task-020-draft/suite/bulk-directory.spec.mjs:24:2 › 068 archived deleted and empty directory scopes disable both bulk actions without changing protected records
  1) experiments/instruction-effects/revisions/research-v006/decisions/task-020-draft/suite/bulk-directory.spec.mjs:24:2 › 068 archived deleted and empty directory scopes disable both bulk actions without changing protected records 

    Error: expect(locator).toBeDisabled() failed

    Locator:  getByRole('button', { name: 'Complete visible tasks', exact: true })
    Expected: disabled
    Received: enabled
    Timeout:  5000ms

    Call log:
      - Expect "toBeDisabled" getByRole('button', { name: 'Complete visible tasks', exact: true }) with timeout 5000ms
      - waiting for getByRole('button', { name: 'Complete visible tasks', exact: true })
        14 × locator resolved to <button>Complete visible tasks</button>
           - unexpected value "enabled"


      24 |  test('068 archived deleted and empty directory scopes disable both bulk actions without changing protected records',async({page})=>{
      25 |   const owner='Bulk protected',archived='Bulk protected archived',live=projectName('Protected live'),deleted=projectName('Protected deleted'),archiveTitle=projectName('Protected archived'),archiveDeleted=projectName('Protected archived deleted');await createProject(page,owner);await openProject(page,owner);await configured(page,owner,live,'Low','2051-01-01',true);await configured(page,owner,deleted,'High','2051-02-01',true);await taskRow(page,deleted).getByRole('button',{name:'Delete task',exact:true}).click();await observerProject(page,owner,async observer=>{await expect(taskRow(observer,live)).toBeVisible();await expect(taskRow(observer,deleted)).toHaveCount(0);});await createProject(page,archived);await openProject(page,archived);await configured(page,archived,archiveTitle,'High','2051-01-01',true);await configured(page,archived,archiveDeleted,'High','2051-01-01',true);await taskRow(page,archiveDeleted).getByRole('button',{name:'Delete task',exact:true}).click();await observerProject(page,archived,async observer=>{await observer.getByRole('combobox',{name:'Task filter',exact:true}).selectOption({label:'Deleted'});await expect(observer.getByRole('checkbox',{name:'Complete '+archiveDeleted,exact:true})).toBeChecked();});await page.goto('/');await projectRow(page,archived).getByRole('button',{name:'Archive project',exact:true}).click();await expect(projectRow(page,archived)).toHaveCount(0);
    > 26 |   await directory(page,projectName('Protected'));await expect(rows(page)).toHaveCount(1);await expect(complete(page)).toBeDisabled();await expect(reopen(page)).toBeEnabled();await page.getByRole('combobox',{name:'Task filter',exact:true}).selectOption({label:'Deleted'});await expect(rows(page).getByTestId('directory-task-title')).toHaveText([deleted]);await expect(complete(page)).toBeDisabled();await expect(reopen(page)).toBeDisabled();await page.getByRole('combobox',{name:'Project scope',exact:true}).selectOption({label:'Archived'});await expect(rows(page).getByTestId('directory-task-title')).toHaveText([archiveDeleted]);await page.getByRole('combobox',{name:'Task filter',exact:true}).selectOption({label:'All'});await expect(rows(page).getByTestId('directory-task-title')).toHaveText([archiveTitle]);await expect(complete(page)).toBeDisabled();await expect(reopen(page)).toBeDisabled();await directory(page,live);await expect(rows(page).getByTestId('directory-task-title')).toHaveText([live]);await page.getByRole('textbox',{name:'Directory search',exact:true}).fill(projectName('Protected absent'));await page.getByRole('button',{name:'Search directory',exact:true}).click();await expect(page.getByText('No matching tasks',{exact:true})).toBeVisible();await expect(rows(page)).toHaveCount(0);await expect(complete(page)).toBeDisabled();await expect(reopen(page)).toBeDisabled();
         |                                                                                                                       ^
      27 |   await observerProject(page,owner,async observer=>{await expect(observer.getByRole('checkbox',{name:'Complete '+live,exact:true})).toBeChecked();await observer.getByRole('combobox',{name:'Task filter',exact:true}).selectOption({label:'Deleted'});await expect(observer.getByRole('checkbox',{name:'Complete '+deleted,exact:true})).toBeChecked();});await page.goto('/');await page.getByRole('combobox',{name:'Project filter',exact:true}).selectOption({label:'Archived'});await openProject(page,archived);await expect(page.getByRole('checkbox',{name:'Complete '+archiveTitle,exact:true})).toBeChecked();await expect(page.getByRole('checkbox',{name:'Complete '+archiveTitle,exact:true})).toBeDisabled();
      28 |  });
      29 |  test('069 bulk changes retain two project restart sentinels with literal original metadata',async({page})=>{
        at /Users/Shared/projects/competition/experiments/instruction-effects/revisions/research-v006/decisions/task-020-draft/suite/bulk-directory.spec.mjs:26:119

    attachment #1: screenshot (image/png) ──────────────────────────────────────────────────────────
    experiments/instruction-effects/revisions/research-v006/preflight/priority-fixtures/full-read-check-1791650274249/negative-bulk-enabled-protected/artifacts/bulk-directory-068-archive-1cddf--changing-protected-records/test-failed-1.png
    ────────────────────────────────────────────────────────────────────────────────────────────────

    Error Context: experiments/instruction-effects/revisions/research-v006/preflight/priority-fixtures/full-read-check-1791650274249/negative-bulk-enabled-protected/artifacts/bulk-directory-068-archive-1cddf--changing-protected-records/error-context.md

    attachment #3: trace (application/zip) ─────────────────────────────────────────────────────────
    experiments/instruction-effects/revisions/research-v006/preflight/priority-fixtures/full-read-check-1791650274249/negative-bulk-enabled-protected/artifacts/bulk-directory-068-archive-1cddf--changing-protected-records/trace.zip
    Usage:

        npx playwright show-trace experiments/instruction-effects/revisions/research-v006/preflight/priority-fixtures/full-read-check-1791650274249/negative-bulk-enabled-protected/artifacts/bulk-directory-068-archive-1cddf--changing-protected-records/trace.zip

    ────────────────────────────────────────────────────────────────────────────────────────────────


  1 failed
    experiments/instruction-effects/revisions/research-v006/decisions/task-020-draft/suite/bulk-directory.spec.mjs:24:2 › 068 archived deleted and empty directory scopes disable both bulk actions without changing protected records 
