
Running 1 test using 1 worker



[1/1] experiments/instruction-effects/revisions/research-v003/decisions/task-012-draft/suite/return-order.spec.mjs:20:2 › 044 rename archival and restoration preserve returning project identity
  1) experiments/instruction-effects/revisions/research-v003/decisions/task-012-draft/suite/return-order.spec.mjs:20:2 › 044 rename archival and restoration preserve returning project identity 

    Error: expect(locator).toBeVisible() failed

    Locator: getByTestId('task-row').visible().nth(1).getByRole('checkbox', { name: 'Complete Identity returning', exact: true })
    Expected: visible
    Timeout: 5000ms
    Error: element(s) not found

    Call log:
      - Expect "toBeVisible" getByTestId('task-row').visible().nth(1).getByRole('checkbox', { name: 'Complete Identity returning', exact: true }) with timeout 5000ms
      - waiting for getByTestId('task-row').visible().nth(1).getByRole('checkbox', { name: 'Complete Identity returning', exact: true })


       8 |  const observer=await page.context().newPage();try{await expect.poll(async()=>{await observer.goto('/');await openProject(observer,target);await expect(taskRow(observer,title)).toBeVisible();let count=await taskRow(observer,title).count();await observer.goto('/');await expect(projectRow(observer,source).getByTestId('project-summary')).toHaveText(sourceSummary);await openProject(observer,source);return [count,await taskRow(observer,title).count()];},{timeout:5000}).toEqual([1,0]);}finally{await observer.close();}
       9 | }
    > 10 | async function order(page,titles){const rows=page.getByTestId('task-row').filter({visible:true});await expect(rows).toHaveCount(titles.length);for(const [i,title] of titles.entries())await expect(rows.nth(i).getByRole('checkbox',{name:'Complete '+title,exact:true})).toBeVisible();}
         |                                                                                                                                                                                                                                                                            ^
      11 | test.beforeEach(async({context})=>{await isolateBrowser(context);});
      12 | if(stage>=12){
      13 |  test('043 returning tasks in reverse order restores prior positions and current fields',async({page})=>{
        at order (/Users/Shared/projects/competition/experiments/instruction-effects/revisions/research-v003/decisions/task-012-draft/suite/return-order.spec.mjs:10:268)
        at /Users/Shared/projects/competition/experiments/instruction-effects/revisions/research-v003/decisions/task-012-draft/suite/return-order.spec.mjs:25:166

    attachment #1: screenshot (image/png) ──────────────────────────────────────────────────────────
    experiments/instruction-effects/revisions/research-v003/preflight/priority-fixtures/stage-12-check-1791629700754/negative-rename-return-reset/artifacts/return-order-044-rename-ar-76d15--returning-project-identity/test-failed-1.png
    ────────────────────────────────────────────────────────────────────────────────────────────────

    Error Context: experiments/instruction-effects/revisions/research-v003/preflight/priority-fixtures/stage-12-check-1791629700754/negative-rename-return-reset/artifacts/return-order-044-rename-ar-76d15--returning-project-identity/error-context.md

    attachment #3: trace (application/zip) ─────────────────────────────────────────────────────────
    experiments/instruction-effects/revisions/research-v003/preflight/priority-fixtures/stage-12-check-1791629700754/negative-rename-return-reset/artifacts/return-order-044-rename-ar-76d15--returning-project-identity/trace.zip
    Usage:

        npx playwright show-trace experiments/instruction-effects/revisions/research-v003/preflight/priority-fixtures/stage-12-check-1791629700754/negative-rename-return-reset/artifacts/return-order-044-rename-ar-76d15--returning-project-identity/trace.zip

    ────────────────────────────────────────────────────────────────────────────────────────────────


  1 failed
    experiments/instruction-effects/revisions/research-v003/decisions/task-012-draft/suite/return-order.spec.mjs:20:2 › 044 rename archival and restoration preserve returning project identity 
