
Running 1 test using 1 worker



[1/1] experiments/instruction-effects/revisions/research-v008/preflight/priority-fixtures/final030-third-executed-suite/directory-priority.spec.mjs:60:2 › 083 bulk priority assignment distinguishes duplicate owners and preserves completion and local order
  1) experiments/instruction-effects/revisions/research-v008/preflight/priority-fixtures/final030-third-executed-suite/directory-priority.spec.mjs:60:2 › 083 bulk priority assignment distinguishes duplicate owners and preserves completion and local order 

    Error: expect(locator).toHaveText(expected) failed

    Locator: getByTestId('directory-owner-row').visible().getByTestId('directory-owner-name')
    Timeout: 5000ms
    - Expected  - 1
    + Received  + 0

      Array [
        "task-030 Priority duplicate owner",
    -   "task-030 Priority duplicate owner",
      ]

    Call log:
      - Expect "toHaveText" getByTestId('directory-owner-row').visible().getByTestId('directory-owner-name') with timeout 5000ms
      - waiting for getByTestId('directory-owner-row').visible().getByTestId('directory-owner-name')
        14 × locator resolved to 1 element


       9 |  if(!expected.length)await expect(p.getByText('No matching tasks',{exact:true})).toBeVisible();
      10 |  await expect(rows(p).getByTestId('directory-task-title')).toHaveText(expected);
    > 11 |  await expect(owners(p).getByTestId('directory-owner-name')).toHaveText(names.map(projectName));
         |                                                              ^
      12 |  await expect(owners(p).getByTestId('directory-owner-summary')).toHaveText(counts);
      13 |  await expect(p.getByTestId('directory-summary')).toHaveText(total);
      14 | }
        at result (/Users/Shared/projects/competition/experiments/instruction-effects/revisions/research-v008/preflight/priority-fixtures/final030-third-executed-suite/directory-priority.spec.mjs:11:62)
        at /Users/Shared/projects/competition/experiments/instruction-effects/revisions/research-v008/preflight/priority-fixtures/final030-third-executed-suite/directory-priority.spec.mjs:65:481

    attachment #1: screenshot (image/png) ──────────────────────────────────────────────────────────
    experiments/instruction-effects/revisions/research-v008/preflight/priority-fixtures/stage30-final-controls-1791660945847/negative-priority-collapses-owners-083/artifacts/directory-priority-083-bul-09255--completion-and-local-order/test-failed-1.png
    ────────────────────────────────────────────────────────────────────────────────────────────────

    Error Context: experiments/instruction-effects/revisions/research-v008/preflight/priority-fixtures/stage30-final-controls-1791660945847/negative-priority-collapses-owners-083/artifacts/directory-priority-083-bul-09255--completion-and-local-order/error-context.md

    attachment #3: trace (application/zip) ─────────────────────────────────────────────────────────
    experiments/instruction-effects/revisions/research-v008/preflight/priority-fixtures/stage30-final-controls-1791660945847/negative-priority-collapses-owners-083/artifacts/directory-priority-083-bul-09255--completion-and-local-order/trace.zip
    Usage:

        npx playwright show-trace experiments/instruction-effects/revisions/research-v008/preflight/priority-fixtures/stage30-final-controls-1791660945847/negative-priority-collapses-owners-083/artifacts/directory-priority-083-bul-09255--completion-and-local-order/trace.zip

    ────────────────────────────────────────────────────────────────────────────────────────────────


  1 failed
    experiments/instruction-effects/revisions/research-v008/preflight/priority-fixtures/final030-third-executed-suite/directory-priority.spec.mjs:60:2 › 083 bulk priority assignment distinguishes duplicate owners and preserves completion and local order 
