
Running 1 test using 1 worker



[1/1] experiments/instruction-effects/revisions/research-v006/decisions/task-023-draft/suite/directory-order.spec.mjs:10:2 › 070 directory ordering is global stable and preserves literal titles and stored project order
  1) experiments/instruction-effects/revisions/research-v006/decisions/task-023-draft/suite/directory-order.spec.mjs:10:2 › 070 directory ordering is global stable and preserves literal titles and stored project order 

    Error: expect(locator).toHaveText(expected) failed

    Locator: getByTestId('directory-task-row').visible().getByTestId('directory-project-name')
    Timeout: 5000ms
    - Expected  - 1
    + Received  + 1

      Array [
    -   "task-023 Ordering Zulu owner",
        "task-023 Ordering Alpha owner",
        "task-023 Ordering Zulu owner",
        "task-023 Ordering Alpha owner",
    +   "task-023 Ordering Zulu owner",
        "task-023 Ordering Zulu owner",
      ]

    Call log:
      - Expect "toHaveText" getByTestId('directory-task-row').visible().getByTestId('directory-project-name') with timeout 5000ms
      - waiting for getByTestId('directory-task-row').visible().getByTestId('directory-project-name')
        14 × locator resolved to 5 elements


      12 |   await createProject(page,a);await openProject(page,a);await configured(page,a,z,'High','2053-02-01');await configured(page,a,bravo,'Low');await configured(page,a,upper,'Normal','2053-01-01');await createProject(page,b);await openProject(page,b);await configured(page,b,lower,'Normal','2053-01-01');await configured(page,b,bravo,'High','2053-02-01');
      13 |   await directory(page,prefix);await expect(order(page).locator('option')).toHaveText(['Original','Priority','Due date','Title']);await expect(title(page)).toHaveText([z,bravo,upper,lower,bravo]);
    > 14 |   await order(page).selectOption({label:'Priority'});await expect(title(page)).toHaveText([z,bravo,upper,lower,bravo]);await expect(rows(page).getByTestId('directory-project-name')).toHaveText([projectName(a),projectName(b),projectName(a),projectName(b),projectName(a)]);
         |                                                                                                                                                                                       ^
      15 |   await order(page).selectOption({label:'Due date'});await expect(title(page)).toHaveText([upper,lower,z,bravo,bravo]);await expect(rows(page).getByTestId('directory-project-name')).toHaveText([projectName(a),projectName(b),projectName(a),projectName(b),projectName(a)]);
      16 |   await order(page).selectOption({label:'Title'});await expect(title(page)).toHaveText([upper,lower,bravo,bravo,z]);await expect(rows(page).getByTestId('directory-project-name')).toHaveText([projectName(a),projectName(b),projectName(a),projectName(b),projectName(a)]);
      17 |   await rows(page).first().getByRole('button',{name:'Open project',exact:true}).click();await expect(page.getByTestId('task-row').filter({visible:true}).getByRole('checkbox')).toHaveCount(3);for(const [i,t] of [z,bravo,upper].entries())await expect(page.getByTestId('task-row').filter({visible:true}).nth(i).getByRole('checkbox',{name:'Complete '+t,exact:true})).toBeVisible();
        at /Users/Shared/projects/competition/experiments/instruction-effects/revisions/research-v006/decisions/task-023-draft/suite/directory-order.spec.mjs:14:183

    attachment #1: screenshot (image/png) ──────────────────────────────────────────────────────────
    experiments/instruction-effects/revisions/research-v006/preflight/priority-fixtures/stage23-full-read-check-1791652711648/negative-order-reverse-ties/artifacts/directory-order-070-direct-8e477-es-and-stored-project-order/test-failed-1.png
    ────────────────────────────────────────────────────────────────────────────────────────────────

    Error Context: experiments/instruction-effects/revisions/research-v006/preflight/priority-fixtures/stage23-full-read-check-1791652711648/negative-order-reverse-ties/artifacts/directory-order-070-direct-8e477-es-and-stored-project-order/error-context.md

    attachment #3: trace (application/zip) ─────────────────────────────────────────────────────────
    experiments/instruction-effects/revisions/research-v006/preflight/priority-fixtures/stage23-full-read-check-1791652711648/negative-order-reverse-ties/artifacts/directory-order-070-direct-8e477-es-and-stored-project-order/trace.zip
    Usage:

        npx playwright show-trace experiments/instruction-effects/revisions/research-v006/preflight/priority-fixtures/stage23-full-read-check-1791652711648/negative-order-reverse-ties/artifacts/directory-order-070-direct-8e477-es-and-stored-project-order/trace.zip

    ────────────────────────────────────────────────────────────────────────────────────────────────


  1 failed
    experiments/instruction-effects/revisions/research-v006/decisions/task-023-draft/suite/directory-order.spec.mjs:10:2 › 070 directory ordering is global stable and preserves literal titles and stored project order 
