
Running 1 test using 1 worker



[1/1] experiments/instruction-effects/revisions/research-v003/decisions/task-015-draft/suite/notes.spec.mjs:10:2 › 052 multiline notes retain literal text filters and archived read-only behavior
  1) experiments/instruction-effects/revisions/research-v003/decisions/task-015-draft/suite/notes.spec.mjs:10:2 › 052 multiline notes retain literal text filters and archived read-only behavior 

    Error: expect(received).toBe(expected) // Object.is equality

    Expected: ""
    Received: "  First line Ω
      Only in notes
    </textarea><script>window.ffNotesExecuted=true</script><textarea>
    last line  "

    Call Log:
    - Timeout 5000ms exceeded while waiting on the predicate

      4 | async function saveNotes(page,project,title,value){
      5 |  await notes(page,title).fill(value);await taskRow(page,title).getByRole('button',{name:'Save notes',exact:true}).click();
    > 6 |  const observer=await page.context().newPage();try{await expect.poll(async()=>{await observer.goto('/');await openProject(observer,project);return notes(observer,title).inputValue();},{timeout:5000}).toBe(value);}finally{await observer.close();}
        |                                                                                                                                                                                                         ^
      7 | }
      8 | test.beforeEach(async({context})=>{await isolateBrowser(context);});
      9 | if(stage>=15){
        at saveNotes (/Users/Shared/projects/competition/experiments/instruction-effects/revisions/research-v003/decisions/task-015-draft/suite/notes.spec.mjs:6:201)
        at /Users/Shared/projects/competition/experiments/instruction-effects/revisions/research-v003/decisions/task-015-draft/suite/notes.spec.mjs:16:433

    attachment #1: screenshot (image/png) ──────────────────────────────────────────────────────────
    experiments/instruction-effects/revisions/research-v003/preflight/priority-fixtures/stage-15-check-1791631719319/negative-ignored-note-clear/artifacts/notes-052-multiline-notes--1b071-archived-read-only-behavior/test-failed-1.png
    ────────────────────────────────────────────────────────────────────────────────────────────────

    Error Context: experiments/instruction-effects/revisions/research-v003/preflight/priority-fixtures/stage-15-check-1791631719319/negative-ignored-note-clear/artifacts/notes-052-multiline-notes--1b071-archived-read-only-behavior/error-context.md

    attachment #3: trace (application/zip) ─────────────────────────────────────────────────────────
    experiments/instruction-effects/revisions/research-v003/preflight/priority-fixtures/stage-15-check-1791631719319/negative-ignored-note-clear/artifacts/notes-052-multiline-notes--1b071-archived-read-only-behavior/trace.zip
    Usage:

        npx playwright show-trace experiments/instruction-effects/revisions/research-v003/preflight/priority-fixtures/stage-15-check-1791631719319/negative-ignored-note-clear/artifacts/notes-052-multiline-notes--1b071-archived-read-only-behavior/trace.zip

    ────────────────────────────────────────────────────────────────────────────────────────────────


  1 failed
    experiments/instruction-effects/revisions/research-v003/decisions/task-015-draft/suite/notes.spec.mjs:10:2 › 052 multiline notes retain literal text filters and archived read-only behavior 
