
Running 8 tests using 1 worker



[1/8] runs/instruction-effects/pilot-005/definitions/project/acceptance/workboard.spec.mjs:6:1 › 001 health and project creation persist on reload
  1) runs/instruction-effects/pilot-005/definitions/project/acceptance/workboard.spec.mjs:6:1 › 001 health and project creation persist on reload 

    Error: expect(locator).toBeVisible() failed

    Locator: getByTestId('project-row').filter({ hasText: 'recovery-1791562718469764000 Alpha create' })
    Expected: visible
    Timeout: 5000ms
    Error: element(s) not found

    Call log:
      - Expect "toBeVisible" getByTestId('project-row').filter({ hasText: 'recovery-1791562718469764000 Alpha create' }) with timeout 5000ms
      - waiting for getByTestId('project-row').filter({ hasText: 'recovery-1791562718469764000 Alpha create' })


       at helpers.mjs:16

      14 |   await page.getByRole('textbox', { name: 'Project name', exact: true }).fill(name === name.trim() ? projectName(name) : '  ' + projectName(name) + '  ');
      15 |   await page.getByRole('button', { name: 'Create project', exact: true }).click();
    > 16 |   await expect(projectRow(page, name.trim())).toBeVisible();
         |                                               ^
      17 | }
      18 | export async function openProject(page, name) {
      19 |   await projectRow(page, name).getByRole('button', { name: 'Open project', exact: true }).click();
        at createProject (/Users/Shared/projects/competition/runs/instruction-effects/pilot-005/definitions/project/acceptance/helpers.mjs:16:47)
        at /Users/Shared/projects/competition/runs/instruction-effects/pilot-005/definitions/project/acceptance/workboard.spec.mjs:12:3

    attachment #1: screenshot (image/png) ──────────────────────────────────────────────────────────
    runs/instruction-effects/pilot-005/preflight/recovery-working-tree/b008/task-002/attempt-060/acceptance/artifacts/workboard-001-health-and-project-creation-persist-on-reload/test-failed-1.png
    ────────────────────────────────────────────────────────────────────────────────────────────────

    Error Context: runs/instruction-effects/pilot-005/preflight/recovery-working-tree/b008/task-002/attempt-060/acceptance/artifacts/workboard-001-health-and-project-creation-persist-on-reload/error-context.md

    attachment #3: trace (application/zip) ─────────────────────────────────────────────────────────
    runs/instruction-effects/pilot-005/preflight/recovery-working-tree/b008/task-002/attempt-060/acceptance/artifacts/workboard-001-health-and-project-creation-persist-on-reload/trace.zip
    Usage:

        npx playwright show-trace runs/instruction-effects/pilot-005/preflight/recovery-working-tree/b008/task-002/attempt-060/acceptance/artifacts/workboard-001-health-and-project-creation-persist-on-reload/trace.zip

    ────────────────────────────────────────────────────────────────────────────────────────────────




[2/8] runs/instruction-effects/pilot-005/definitions/project/acceptance/workboard.spec.mjs:21:1 › 002 blank project input is rejected
[3/8] runs/instruction-effects/pilot-005/definitions/project/acceptance/workboard.spec.mjs:30:1 › 003 project creation order
  2) runs/instruction-effects/pilot-005/definitions/project/acceptance/workboard.spec.mjs:30:1 › 003 project creation order 

    Error: expect(locator).toBeVisible() failed

    Locator: getByTestId('project-row').filter({ hasText: 'recovery-1791562718469764000 Order first' })
    Expected: visible
    Timeout: 5000ms
    Error: element(s) not found

    Call log:
      - Expect "toBeVisible" getByTestId('project-row').filter({ hasText: 'recovery-1791562718469764000 Order first' }) with timeout 5000ms
      - waiting for getByTestId('project-row').filter({ hasText: 'recovery-1791562718469764000 Order first' })


       at helpers.mjs:16

      14 |   await page.getByRole('textbox', { name: 'Project name', exact: true }).fill(name === name.trim() ? projectName(name) : '  ' + projectName(name) + '  ');
      15 |   await page.getByRole('button', { name: 'Create project', exact: true }).click();
    > 16 |   await expect(projectRow(page, name.trim())).toBeVisible();
         |                                               ^
      17 | }
      18 | export async function openProject(page, name) {
      19 |   await projectRow(page, name).getByRole('button', { name: 'Open project', exact: true }).click();
        at createProject (/Users/Shared/projects/competition/runs/instruction-effects/pilot-005/definitions/project/acceptance/helpers.mjs:16:47)
        at /Users/Shared/projects/competition/runs/instruction-effects/pilot-005/definitions/project/acceptance/workboard.spec.mjs:31:3

    attachment #1: screenshot (image/png) ──────────────────────────────────────────────────────────
    runs/instruction-effects/pilot-005/preflight/recovery-working-tree/b008/task-002/attempt-060/acceptance/artifacts/workboard-003-project-creation-order/test-failed-1.png
    ────────────────────────────────────────────────────────────────────────────────────────────────

    Error Context: runs/instruction-effects/pilot-005/preflight/recovery-working-tree/b008/task-002/attempt-060/acceptance/artifacts/workboard-003-project-creation-order/error-context.md

    attachment #3: trace (application/zip) ─────────────────────────────────────────────────────────
    runs/instruction-effects/pilot-005/preflight/recovery-working-tree/b008/task-002/attempt-060/acceptance/artifacts/workboard-003-project-creation-order/trace.zip
    Usage:

        npx playwright show-trace runs/instruction-effects/pilot-005/preflight/recovery-working-tree/b008/task-002/attempt-060/acceptance/artifacts/workboard-003-project-creation-order/trace.zip

    ────────────────────────────────────────────────────────────────────────────────────────────────




[4/8] runs/instruction-effects/pilot-005/definitions/project/acceptance/workboard.spec.mjs:38:3 › 004 trimmed tasks and project URL survive reload
  3) runs/instruction-effects/pilot-005/definitions/project/acceptance/workboard.spec.mjs:38:3 › 004 trimmed tasks and project URL survive reload 

    Error: expect(locator).toBeVisible() failed

    Locator: getByTestId('project-row').filter({ hasText: 'recovery-1791562718469764000 Task reload' })
    Expected: visible
    Timeout: 5000ms
    Error: element(s) not found

    Call log:
      - Expect "toBeVisible" getByTestId('project-row').filter({ hasText: 'recovery-1791562718469764000 Task reload' }) with timeout 5000ms
      - waiting for getByTestId('project-row').filter({ hasText: 'recovery-1791562718469764000 Task reload' })


       at helpers.mjs:16

      14 |   await page.getByRole('textbox', { name: 'Project name', exact: true }).fill(name === name.trim() ? projectName(name) : '  ' + projectName(name) + '  ');
      15 |   await page.getByRole('button', { name: 'Create project', exact: true }).click();
    > 16 |   await expect(projectRow(page, name.trim())).toBeVisible();
         |                                               ^
      17 | }
      18 | export async function openProject(page, name) {
      19 |   await projectRow(page, name).getByRole('button', { name: 'Open project', exact: true }).click();
        at createProject (/Users/Shared/projects/competition/runs/instruction-effects/pilot-005/definitions/project/acceptance/helpers.mjs:16:47)
        at /Users/Shared/projects/competition/runs/instruction-effects/pilot-005/definitions/project/acceptance/workboard.spec.mjs:39:5

    attachment #1: screenshot (image/png) ──────────────────────────────────────────────────────────
    runs/instruction-effects/pilot-005/preflight/recovery-working-tree/b008/task-002/attempt-060/acceptance/artifacts/workboard-004-trimmed-tasks-and-project-URL-survive-reload/test-failed-1.png
    ────────────────────────────────────────────────────────────────────────────────────────────────

    Error Context: runs/instruction-effects/pilot-005/preflight/recovery-working-tree/b008/task-002/attempt-060/acceptance/artifacts/workboard-004-trimmed-tasks-and-project-URL-survive-reload/error-context.md

    attachment #3: trace (application/zip) ─────────────────────────────────────────────────────────
    runs/instruction-effects/pilot-005/preflight/recovery-working-tree/b008/task-002/attempt-060/acceptance/artifacts/workboard-004-trimmed-tasks-and-project-URL-survive-reload/trace.zip
    Usage:

        npx playwright show-trace runs/instruction-effects/pilot-005/preflight/recovery-working-tree/b008/task-002/attempt-060/acceptance/artifacts/workboard-004-trimmed-tasks-and-project-URL-survive-reload/trace.zip

    ────────────────────────────────────────────────────────────────────────────────────────────────




[5/8] runs/instruction-effects/pilot-005/definitions/project/acceptance/workboard.spec.mjs:47:3 › 005 blank task input is rejected
  4) runs/instruction-effects/pilot-005/definitions/project/acceptance/workboard.spec.mjs:47:3 › 005 blank task input is rejected 

    Error: expect(locator).toBeVisible() failed

    Locator: getByTestId('project-row').filter({ hasText: 'recovery-1791562718469764000 Task invalid' })
    Expected: visible
    Timeout: 5000ms
    Error: element(s) not found

    Call log:
      - Expect "toBeVisible" getByTestId('project-row').filter({ hasText: 'recovery-1791562718469764000 Task invalid' }) with timeout 5000ms
      - waiting for getByTestId('project-row').filter({ hasText: 'recovery-1791562718469764000 Task invalid' })


       at helpers.mjs:16

      14 |   await page.getByRole('textbox', { name: 'Project name', exact: true }).fill(name === name.trim() ? projectName(name) : '  ' + projectName(name) + '  ');
      15 |   await page.getByRole('button', { name: 'Create project', exact: true }).click();
    > 16 |   await expect(projectRow(page, name.trim())).toBeVisible();
         |                                               ^
      17 | }
      18 | export async function openProject(page, name) {
      19 |   await projectRow(page, name).getByRole('button', { name: 'Open project', exact: true }).click();
        at createProject (/Users/Shared/projects/competition/runs/instruction-effects/pilot-005/definitions/project/acceptance/helpers.mjs:16:47)
        at /Users/Shared/projects/competition/runs/instruction-effects/pilot-005/definitions/project/acceptance/workboard.spec.mjs:48:5

    attachment #1: screenshot (image/png) ──────────────────────────────────────────────────────────
    runs/instruction-effects/pilot-005/preflight/recovery-working-tree/b008/task-002/attempt-060/acceptance/artifacts/workboard-005-blank-task-input-is-rejected/test-failed-1.png
    ────────────────────────────────────────────────────────────────────────────────────────────────

    Error Context: runs/instruction-effects/pilot-005/preflight/recovery-working-tree/b008/task-002/attempt-060/acceptance/artifacts/workboard-005-blank-task-input-is-rejected/error-context.md

    attachment #3: trace (application/zip) ─────────────────────────────────────────────────────────
    runs/instruction-effects/pilot-005/preflight/recovery-working-tree/b008/task-002/attempt-060/acceptance/artifacts/workboard-005-blank-task-input-is-rejected/trace.zip
    Usage:

        npx playwright show-trace runs/instruction-effects/pilot-005/preflight/recovery-working-tree/b008/task-002/attempt-060/acceptance/artifacts/workboard-005-blank-task-input-is-rejected/trace.zip

    ────────────────────────────────────────────────────────────────────────────────────────────────




[6/8] runs/instruction-effects/pilot-005/definitions/project/acceptance/workboard.spec.mjs:56:3 › 006 tasks do not cross project boundaries
  5) runs/instruction-effects/pilot-005/definitions/project/acceptance/workboard.spec.mjs:56:3 › 006 tasks do not cross project boundaries 

    Error: expect(locator).toBeVisible() failed

    Locator: getByTestId('project-row').filter({ hasText: 'recovery-1791562718469764000 Task owner' })
    Expected: visible
    Timeout: 5000ms
    Error: element(s) not found

    Call log:
      - Expect "toBeVisible" getByTestId('project-row').filter({ hasText: 'recovery-1791562718469764000 Task owner' }) with timeout 5000ms
      - waiting for getByTestId('project-row').filter({ hasText: 'recovery-1791562718469764000 Task owner' })


       at helpers.mjs:16

      14 |   await page.getByRole('textbox', { name: 'Project name', exact: true }).fill(name === name.trim() ? projectName(name) : '  ' + projectName(name) + '  ');
      15 |   await page.getByRole('button', { name: 'Create project', exact: true }).click();
    > 16 |   await expect(projectRow(page, name.trim())).toBeVisible();
         |                                               ^
      17 | }
      18 | export async function openProject(page, name) {
      19 |   await projectRow(page, name).getByRole('button', { name: 'Open project', exact: true }).click();
        at createProject (/Users/Shared/projects/competition/runs/instruction-effects/pilot-005/definitions/project/acceptance/helpers.mjs:16:47)
        at /Users/Shared/projects/competition/runs/instruction-effects/pilot-005/definitions/project/acceptance/workboard.spec.mjs:57:5

    attachment #1: screenshot (image/png) ──────────────────────────────────────────────────────────
    runs/instruction-effects/pilot-005/preflight/recovery-working-tree/b008/task-002/attempt-060/acceptance/artifacts/workboard-006-tasks-do-not-cross-project-boundaries/test-failed-1.png
    ────────────────────────────────────────────────────────────────────────────────────────────────

    Error Context: runs/instruction-effects/pilot-005/preflight/recovery-working-tree/b008/task-002/attempt-060/acceptance/artifacts/workboard-006-tasks-do-not-cross-project-boundaries/error-context.md

    attachment #3: trace (application/zip) ─────────────────────────────────────────────────────────
    runs/instruction-effects/pilot-005/preflight/recovery-working-tree/b008/task-002/attempt-060/acceptance/artifacts/workboard-006-tasks-do-not-cross-project-boundaries/trace.zip
    Usage:

        npx playwright show-trace runs/instruction-effects/pilot-005/preflight/recovery-working-tree/b008/task-002/attempt-060/acceptance/artifacts/workboard-006-tasks-do-not-cross-project-boundaries/trace.zip

    ────────────────────────────────────────────────────────────────────────────────────────────────




[7/8] runs/instruction-effects/pilot-005/definitions/project/acceptance/workboard.spec.mjs:65:3 › 007 task filters and completion state persist
  6) runs/instruction-effects/pilot-005/definitions/project/acceptance/workboard.spec.mjs:65:3 › 007 task filters and completion state persist 

    Error: expect(locator).toBeVisible() failed

    Locator: getByTestId('project-row').filter({ hasText: 'recovery-1791562718469764000 Task filters' })
    Expected: visible
    Timeout: 5000ms
    Error: element(s) not found

    Call log:
      - Expect "toBeVisible" getByTestId('project-row').filter({ hasText: 'recovery-1791562718469764000 Task filters' }) with timeout 5000ms
      - waiting for getByTestId('project-row').filter({ hasText: 'recovery-1791562718469764000 Task filters' })


       at helpers.mjs:16

      14 |   await page.getByRole('textbox', { name: 'Project name', exact: true }).fill(name === name.trim() ? projectName(name) : '  ' + projectName(name) + '  ');
      15 |   await page.getByRole('button', { name: 'Create project', exact: true }).click();
    > 16 |   await expect(projectRow(page, name.trim())).toBeVisible();
         |                                               ^
      17 | }
      18 | export async function openProject(page, name) {
      19 |   await projectRow(page, name).getByRole('button', { name: 'Open project', exact: true }).click();
        at createProject (/Users/Shared/projects/competition/runs/instruction-effects/pilot-005/definitions/project/acceptance/helpers.mjs:16:47)
        at /Users/Shared/projects/competition/runs/instruction-effects/pilot-005/definitions/project/acceptance/workboard.spec.mjs:66:5

    attachment #1: screenshot (image/png) ──────────────────────────────────────────────────────────
    runs/instruction-effects/pilot-005/preflight/recovery-working-tree/b008/task-002/attempt-060/acceptance/artifacts/workboard-007-task-filters-and-completion-state-persist/test-failed-1.png
    ────────────────────────────────────────────────────────────────────────────────────────────────

    Error Context: runs/instruction-effects/pilot-005/preflight/recovery-working-tree/b008/task-002/attempt-060/acceptance/artifacts/workboard-007-task-filters-and-completion-state-persist/error-context.md

    attachment #3: trace (application/zip) ─────────────────────────────────────────────────────────
    runs/instruction-effects/pilot-005/preflight/recovery-working-tree/b008/task-002/attempt-060/acceptance/artifacts/workboard-007-task-filters-and-completion-state-persist/trace.zip
    Usage:

        npx playwright show-trace runs/instruction-effects/pilot-005/preflight/recovery-working-tree/b008/task-002/attempt-060/acceptance/artifacts/workboard-007-task-filters-and-completion-state-persist/trace.zip

    ────────────────────────────────────────────────────────────────────────────────────────────────




[8/8] runs/instruction-effects/pilot-005/definitions/project/acceptance/workboard.spec.mjs:132:1 › 011 seed process-restart persistence checks
  7) runs/instruction-effects/pilot-005/definitions/project/acceptance/workboard.spec.mjs:132:1 › 011 seed process-restart persistence checks 

    Error: page.goto: net::ERR_CONNECTION_REFUSED at http://127.0.0.1:60618/
    Call log:
      - navigating to "http://127.0.0.1:60618/", waiting until "load"


       at helpers.mjs:13

      11 | }
      12 | export async function createProject(page, name) {
    > 13 |   await page.goto('/');
         |              ^
      14 |   await page.getByRole('textbox', { name: 'Project name', exact: true }).fill(name === name.trim() ? projectName(name) : '  ' + projectName(name) + '  ');
      15 |   await page.getByRole('button', { name: 'Create project', exact: true }).click();
      16 |   await expect(projectRow(page, name.trim())).toBeVisible();
        at createProject (/Users/Shared/projects/competition/runs/instruction-effects/pilot-005/definitions/project/acceptance/helpers.mjs:13:14)
        at /Users/Shared/projects/competition/runs/instruction-effects/pilot-005/definitions/project/acceptance/workboard.spec.mjs:133:9

    attachment #1: screenshot (image/png) ──────────────────────────────────────────────────────────
    runs/instruction-effects/pilot-005/preflight/recovery-working-tree/b008/task-002/attempt-060/acceptance/artifacts/workboard-011-seed-process-restart-persistence-checks/test-failed-1.png
    ────────────────────────────────────────────────────────────────────────────────────────────────

    Error Context: runs/instruction-effects/pilot-005/preflight/recovery-working-tree/b008/task-002/attempt-060/acceptance/artifacts/workboard-011-seed-process-restart-persistence-checks/error-context.md

    attachment #3: trace (application/zip) ─────────────────────────────────────────────────────────
    runs/instruction-effects/pilot-005/preflight/recovery-working-tree/b008/task-002/attempt-060/acceptance/artifacts/workboard-011-seed-process-restart-persistence-checks/trace.zip
    Usage:

        npx playwright show-trace runs/instruction-effects/pilot-005/preflight/recovery-working-tree/b008/task-002/attempt-060/acceptance/artifacts/workboard-011-seed-process-restart-persistence-checks/trace.zip

    ────────────────────────────────────────────────────────────────────────────────────────────────


  7 failed
    runs/instruction-effects/pilot-005/definitions/project/acceptance/workboard.spec.mjs:6:1 › 001 health and project creation persist on reload 
    runs/instruction-effects/pilot-005/definitions/project/acceptance/workboard.spec.mjs:30:1 › 003 project creation order 
    runs/instruction-effects/pilot-005/definitions/project/acceptance/workboard.spec.mjs:38:3 › 004 trimmed tasks and project URL survive reload 
    runs/instruction-effects/pilot-005/definitions/project/acceptance/workboard.spec.mjs:47:3 › 005 blank task input is rejected 
    runs/instruction-effects/pilot-005/definitions/project/acceptance/workboard.spec.mjs:56:3 › 006 tasks do not cross project boundaries 
    runs/instruction-effects/pilot-005/definitions/project/acceptance/workboard.spec.mjs:65:3 › 007 task filters and completion state persist 
    runs/instruction-effects/pilot-005/definitions/project/acceptance/workboard.spec.mjs:132:1 › 011 seed process-restart persistence checks 
  1 passed (33.4s)
