
Running 1 test using 1 worker



[1/1] experiments/instruction-effects/revisions/research-v010/preflight/task036-executed02-suite/directory-notes-status.spec.mjs:20:2 › 123 notes presence alone selects each bulk write and assignment or clear changes membership
  1) experiments/instruction-effects/revisions/research-v010/preflight/task036-executed02-suite/directory-notes-status.spec.mjs:20:2 › 123 notes presence alone selects each bulk write and assignment or clear changes membership 

    Error: expect(received).toBe(expected) // Object.is equality

    Expected: ""
    Received: "2956-03-01"

    Call Log:
    - Timeout 5000ms exceeded while waiting on the predicate

       at directory-presence-helpers.mjs:36

      34 | async function download(p){const [d]=await Promise.all([p.waitForEvent('download'),p.getByRole('button',{name:'Download project',exact:true}).click()]);const s=await d.createReadStream(),chunks=[];for await(const c of s)chunks.push(c);return JSON.parse(Buffer.concat(chunks).toString('utf8')).project;}
      35 | async function workspace(p){const [d]=await Promise.all([p.waitForEvent('download'),p.getByRole('button',{name:'Export matching workspace',exact:true}).click()]);const s=await d.createReadStream(),chunks=[];for await(const c of s)chunks.push(c);return JSON.parse(Buffer.concat(chunks).toString('utf8')).projects;}
    > 36 | async function fieldStored(p,owner,title,label,value){const o=await p.context().newPage();try{await expect.poll(async()=>{await returnTo(o,owner);return taskRow(o,title).getByRole('textbox',{name:label,exact:true}).inputValue();}).toBe(value);}finally{await o.close();}}
         |                                                                                                                                                                                                                                        ^
      37 | async function protectedWrites(p){for(const label of ['Complete visible tasks','Reopen visible tasks','Delete visible tasks','Set visible priority','Save visible due date','Save visible notes'])await expect(p.getByRole('button',{name:label,exact:true})).toBeDisabled();}
      38 |
      39 |
        at fieldStored (/Users/Shared/projects/competition/experiments/instruction-effects/revisions/research-v010/preflight/task036-executed02-suite/directory-presence-helpers.mjs:36:232)
        at /Users/Shared/projects/competition/experiments/instruction-effects/revisions/research-v010/preflight/task036-executed02-suite/directory-notes-status.spec.mjs:27:307

    attachment #1: screenshot (image/png) ──────────────────────────────────────────────────────────
    experiments/instruction-effects/revisions/research-v010/preflight/task036-focused02-check-1791677773977/negative-notes36-bulk-date-ignored-123/artifacts/directory-notes-status-123-f4c7d-or-clear-changes-membership/test-failed-1.png
    ────────────────────────────────────────────────────────────────────────────────────────────────

    Error Context: experiments/instruction-effects/revisions/research-v010/preflight/task036-focused02-check-1791677773977/negative-notes36-bulk-date-ignored-123/artifacts/directory-notes-status-123-f4c7d-or-clear-changes-membership/error-context.md

    attachment #3: trace (application/zip) ─────────────────────────────────────────────────────────
    experiments/instruction-effects/revisions/research-v010/preflight/task036-focused02-check-1791677773977/negative-notes36-bulk-date-ignored-123/artifacts/directory-notes-status-123-f4c7d-or-clear-changes-membership/trace.zip
    Usage:

        npx playwright show-trace experiments/instruction-effects/revisions/research-v010/preflight/task036-focused02-check-1791677773977/negative-notes36-bulk-date-ignored-123/artifacts/directory-notes-status-123-f4c7d-or-clear-changes-membership/trace.zip

    ────────────────────────────────────────────────────────────────────────────────────────────────


  1 failed
    experiments/instruction-effects/revisions/research-v010/preflight/task036-executed02-suite/directory-notes-status.spec.mjs:20:2 › 123 notes presence alone selects each bulk write and assignment or clear changes membership 
