
Running 1 test using 1 worker



[1/1] experiments/instruction-effects/revisions/research-v010/preflight/task036-executed02-suite/directory-notes-status.spec.mjs:20:2 › 123 notes presence alone selects each bulk write and assignment or clear changes membership
  1) experiments/instruction-effects/revisions/research-v010/preflight/task036-executed02-suite/directory-notes-status.spec.mjs:20:2 › 123 notes presence alone selects each bulk write and assignment or clear changes membership 

    Error: expect(received).toEqual(expected) // deep equality

    - Expected  - 0
    + Received  + 1

      Array [
        "NotesIndependent36 empty",
    +   "NotesIndependent36 present",
      ]

      27 |   await page.getByRole('textbox',{name:'Visible tasks due date',exact:true}).fill(date);await page.getByRole('button',{name:'Save visible due date',exact:true}).click();await expect(rows(page).getByTestId('directory-task-due-date')).toHaveText([date]);await fieldStored(page,a,target,'Task due date',date);await fieldStored(page,a,guard,'Task due date','');
      28 |   await page.getByRole('textbox',{name:'Visible tasks notes',exact:true}).fill(literal);await page.getByRole('button',{name:'Save visible notes',exact:true}).click();await result(page,[],[],[],'0/0 completed');await fieldStored(page,a,target,'Task notes',literal);await fieldStored(page,a,guard,'Task notes',original);await controls(page,{q,notes:'Empty'});
    > 29 |   await ownNotes(page,a,guard,'');await directory(page,q,target);await result(page,[a],['1/2 completed'],[target,guard],'1/2 completed');await status(page).selectOption({label:'Present'});await result(page,[a],['0/1 completed'],[target],'0/1 completed');expect((await workspace(page))[0].tasks.map(t=>t.title)).toEqual([target]);
         |                                                                                                                                                                                                                                                                                                                        ^
      30 |   await page.getByRole('button',{name:'Delete visible tasks',exact:true}).click();await result(page,[],[],[],'0/0 completed');await page.getByRole('combobox',{name:'Task filter',exact:true}).selectOption({label:'Deleted'});await result(page,[a],['0/1 completed'],[target],'0/1 completed');await protectedWrites(page);await page.getByRole('button',{name:'Restore visible tasks',exact:true}).click();await result(page,[],[],[],'0/0 completed');await status(page).selectOption({label:'All'});await result(page,[a],['0/1 completed'],[deleted],'0/1 completed');await page.getByRole('combobox',{name:'Task filter',exact:true}).selectOption({label:'All'});await result(page,[a],['1/2 completed'],[target,guard],'1/2 completed');await status(page).selectOption({label:'Present'});await result(page,[a],['0/1 completed'],[target],'0/1 completed');await page.getByRole('textbox',{name:'Visible tasks notes',exact:true}).fill('');await page.getByRole('button',{name:'Save visible notes',exact:true}).click();await result(page,[],[],[],'0/0 completed');await fieldStored(page,a,target,'Task notes','');await status(page).selectOption({label:'Empty'});await result(page,[a],['1/2 completed'],[target,guard],'1/2 completed');await returnTo(page,a);expect((await download(page)).tasks).toEqual([{title:target,completed:false,priority:'Low',dueDate:date,notes:'',deleted:false},{title:guard,completed:true,priority:'High',dueDate:'',notes:'',deleted:false},{title:deleted,completed:false,priority:'High',dueDate:date,notes:'',deleted:true}]);
      31 |  });
      32 |  test('124 imported duplicate owners and literal notes keep independent identity and read-only exports',async({page})=>{
        at /Users/Shared/projects/competition/experiments/instruction-effects/revisions/research-v010/preflight/task036-executed02-suite/directory-notes-status.spec.mjs:29:312

    attachment #1: screenshot (image/png) ──────────────────────────────────────────────────────────
    experiments/instruction-effects/revisions/research-v010/preflight/task036-focused02-check-1791677773977/negative-notes36-workspace-export-ignored-123/artifacts/directory-notes-status-123-f4c7d-or-clear-changes-membership/test-failed-1.png
    ────────────────────────────────────────────────────────────────────────────────────────────────

    Error Context: experiments/instruction-effects/revisions/research-v010/preflight/task036-focused02-check-1791677773977/negative-notes36-workspace-export-ignored-123/artifacts/directory-notes-status-123-f4c7d-or-clear-changes-membership/error-context.md

    attachment #3: trace (application/zip) ─────────────────────────────────────────────────────────
    experiments/instruction-effects/revisions/research-v010/preflight/task036-focused02-check-1791677773977/negative-notes36-workspace-export-ignored-123/artifacts/directory-notes-status-123-f4c7d-or-clear-changes-membership/trace.zip
    Usage:

        npx playwright show-trace experiments/instruction-effects/revisions/research-v010/preflight/task036-focused02-check-1791677773977/negative-notes36-workspace-export-ignored-123/artifacts/directory-notes-status-123-f4c7d-or-clear-changes-membership/trace.zip

    ────────────────────────────────────────────────────────────────────────────────────────────────


  1 failed
    experiments/instruction-effects/revisions/research-v010/preflight/task036-executed02-suite/directory-notes-status.spec.mjs:20:2 › 123 notes presence alone selects each bulk write and assignment or clear changes membership 
