
Running 1 test using 1 worker



[1/1] experiments/instruction-effects/revisions/research-v009/preflight/priority-fixtures/final030-root-readiness02-executed-suite/directory-project-order.spec.mjs:48:2 › 092 project-name ordering compares Unicode code points and literal spacing across protected scope
  1) experiments/instruction-effects/revisions/research-v009/preflight/priority-fixtures/final030-root-readiness02-executed-suite/directory-project-order.spec.mjs:48:2 › 092 project-name ordering compares Unicode code points and literal spacing across protected scope 

    Error: expect(received).toEqual(expected) // deep equality

    - Expected  - 1
    + Received  + 1

      Array [
        "task-030 Name Unicode target 5",
        "task-030 Name Unicode target 4",
    -   "task-030 Name Unicode target 1",
        "task-030 Name Unicode target 0",
    +   "task-030 Name Unicode target 1",
        "task-030 Name Unicode target 3",
        "task-030 Name Unicode target 2",
      ]

    Call Log:
    - Timeout 5000ms exceeded while waiting on the predicate

      49 |   test.setTimeout(90000);const names=['Name Unicode å','Name Unicode Å','Name Unicode 🙂','Name Unicode \uE000','Name Unicode gap task','Name Unicode gap  task'],q=projectName('Name Unicode target'),tasks=names.map((_,i)=>q+' '+i);
      50 |   for(const [i,owner] of names.entries()){await createProject(page,owner);await openProject(page,owner);await configured(page,owner,tasks[i],{priority:'High',date:'2064-02-29',deleted:true});await page.goto('/');await projectRow(page,owner).getByRole('button',{name:'Archive project',exact:true}).click();await expect(projectRow(page,owner)).toHaveCount(0);}
    > 51 |   await directory(page,q);await result(page,[],[],[],'0/0 completed');await page.getByRole('combobox',{name:'Project scope',exact:true}).selectOption({label:'Archived'});await result(page,[],[],[],'0/0 completed');await page.getByRole('combobox',{name:'Task filter',exact:true}).selectOption({label:'Deleted'});await result(page,names,names.map(()=>'0/1 completed'),tasks,'0/6 completed');await page.getByRole('combobox',{name:'Directory order',exact:true}).selectOption({label:'Project name'});await expect.poll(async()=>{try{return await rows(page).getByTestId('directory-task-title').allTextContents();}catch(e){if(e.message.includes('Execution context was destroyed'))return null;throw e;}}).toEqual([tasks[5],tasks[4],tasks[1],tasks[0],tasks[3],tasks[2]]);await expect(owners(page).getByTestId('directory-owner-name')).toHaveText(names.map(projectName));await expect(page.getByRole('button',{name:'Set visible priority',exact:true})).toBeDisabled();await expect(page.getByRole('button',{name:'Delete visible tasks',exact:true})).toBeDisabled();await expect(page.getByRole('button',{name:'Restore visible tasks',exact:true})).toBeDisabled();await page.getByRole('combobox',{name:'Directory order',exact:true}).selectOption({label:'Original'});await result(page,names,names.map(()=>'0/1 completed'),tasks,'0/6 completed');
         |                                                                                                                                                                                                                                                                                                                                                                                                                                                                                                                                                                                                                                                                                                                         ^
      52 |  });
      53 | }
      54 |
        at /Users/Shared/projects/competition/experiments/instruction-effects/revisions/research-v009/preflight/priority-fixtures/final030-root-readiness02-executed-suite/directory-project-order.spec.mjs:51:697

    attachment #1: screenshot (image/png) ──────────────────────────────────────────────────────────
    experiments/instruction-effects/revisions/research-v009/preflight/priority-fixtures/stage30-root-readiness03-check-1791673018847/negative-name-order-unicode-fold-092/artifacts/directory-project-order-09-19eaf-cing-across-protected-scope/test-failed-1.png
    ────────────────────────────────────────────────────────────────────────────────────────────────

    Error Context: experiments/instruction-effects/revisions/research-v009/preflight/priority-fixtures/stage30-root-readiness03-check-1791673018847/negative-name-order-unicode-fold-092/artifacts/directory-project-order-09-19eaf-cing-across-protected-scope/error-context.md

    attachment #3: trace (application/zip) ─────────────────────────────────────────────────────────
    experiments/instruction-effects/revisions/research-v009/preflight/priority-fixtures/stage30-root-readiness03-check-1791673018847/negative-name-order-unicode-fold-092/artifacts/directory-project-order-09-19eaf-cing-across-protected-scope/trace.zip
    Usage:

        npx playwright show-trace experiments/instruction-effects/revisions/research-v009/preflight/priority-fixtures/stage30-root-readiness03-check-1791673018847/negative-name-order-unicode-fold-092/artifacts/directory-project-order-09-19eaf-cing-across-protected-scope/trace.zip

    ────────────────────────────────────────────────────────────────────────────────────────────────


  1 failed
    experiments/instruction-effects/revisions/research-v009/preflight/priority-fixtures/final030-root-readiness02-executed-suite/directory-project-order.spec.mjs:48:2 › 092 project-name ordering compares Unicode code points and literal spacing across protected scope 
