
Running 1 test using 1 worker



[1/1] experiments/instruction-effects/revisions/research-v007/decisions/task-025-draft/suite/directory-priority.spec.mjs:32:2 › 082 directory priority assignment honors intersected live results and protects nonmatching metadata
  1) experiments/instruction-effects/revisions/research-v007/decisions/task-025-draft/suite/directory-priority.spec.mjs:32:2 › 082 directory priority assignment honors intersected live results and protects nonmatching metadata 

    Error: expect(locator).toHaveText(expected) failed

    Locator: getByTestId('directory-task-row').visible().getByTestId('directory-task-title')
    Timeout: 5000ms
    - Expected  - 4
    + Received  + 1

    - Array [
    -   "task-025 Priority batch record target alpha",
    -   "task-025 Priority batch record target zulu",
    - ]
    + Array []

    Call log:
      - Expect "toHaveText" getByTestId('directory-task-row').visible().getByTestId('directory-task-title') with timeout 5000ms
      - waiting for getByTestId('directory-task-row').visible().getByTestId('directory-task-title')
        14 × locator resolved to 0 elements


       8 | async function result(p,names,counts,expected,total){
       9 |  if(!expected.length)await expect(p.getByText('No matching tasks',{exact:true})).toBeVisible();
    > 10 |  await expect(rows(p).getByTestId('directory-task-title')).toHaveText(expected);
         |                                                            ^
      11 |  await expect(owners(p).getByTestId('directory-owner-name')).toHaveText(names.map(projectName));
      12 |  await expect(owners(p).getByTestId('directory-owner-summary')).toHaveText(counts);
      13 |  await expect(p.getByTestId('directory-summary')).toHaveText(total);
        at result (/Users/Shared/projects/competition/experiments/instruction-effects/revisions/research-v007/decisions/task-025-draft/suite/directory-priority.spec.mjs:10:60)
        at /Users/Shared/projects/competition/experiments/instruction-effects/revisions/research-v007/decisions/task-025-draft/suite/directory-priority.spec.mjs:53:107

    attachment #1: screenshot (image/png) ──────────────────────────────────────────────────────────
    experiments/instruction-effects/revisions/research-v007/preflight/priority-fixtures/stage25-priority-check-1791656427450/negative-priority-flips-completion-082/artifacts/directory-priority-082-dir-a9ee4-otects-nonmatching-metadata/test-failed-1.png
    ────────────────────────────────────────────────────────────────────────────────────────────────

    Error Context: experiments/instruction-effects/revisions/research-v007/preflight/priority-fixtures/stage25-priority-check-1791656427450/negative-priority-flips-completion-082/artifacts/directory-priority-082-dir-a9ee4-otects-nonmatching-metadata/error-context.md

    attachment #3: trace (application/zip) ─────────────────────────────────────────────────────────
    experiments/instruction-effects/revisions/research-v007/preflight/priority-fixtures/stage25-priority-check-1791656427450/negative-priority-flips-completion-082/artifacts/directory-priority-082-dir-a9ee4-otects-nonmatching-metadata/trace.zip
    Usage:

        npx playwright show-trace experiments/instruction-effects/revisions/research-v007/preflight/priority-fixtures/stage25-priority-check-1791656427450/negative-priority-flips-completion-082/artifacts/directory-priority-082-dir-a9ee4-otects-nonmatching-metadata/trace.zip

    ────────────────────────────────────────────────────────────────────────────────────────────────


  1 failed
    experiments/instruction-effects/revisions/research-v007/decisions/task-025-draft/suite/directory-priority.spec.mjs:32:2 › 082 directory priority assignment honors intersected live results and protects nonmatching metadata 
