
Running 8 tests using 1 worker



[1/8] runs/instruction-effects/pilot-008/definitions/project/acceptance/workboard.spec.mjs:6:1 › 001 health and project creation persist on reload
[2/8] runs/instruction-effects/pilot-008/definitions/project/acceptance/workboard.spec.mjs:21:1 › 002 blank project input is rejected
[3/8] runs/instruction-effects/pilot-008/definitions/project/acceptance/workboard.spec.mjs:30:1 › 003 project creation order
[4/8] runs/instruction-effects/pilot-008/definitions/project/acceptance/workboard.spec.mjs:38:3 › 004 trimmed tasks and project URL survive reload
[5/8] runs/instruction-effects/pilot-008/definitions/project/acceptance/workboard.spec.mjs:47:3 › 005 blank task input is rejected
[6/8] runs/instruction-effects/pilot-008/definitions/project/acceptance/workboard.spec.mjs:56:3 › 006 tasks do not cross project boundaries
[7/8] runs/instruction-effects/pilot-008/definitions/project/acceptance/workboard.spec.mjs:65:3 › 007 task filters and completion state persist
  1) runs/instruction-effects/pilot-008/definitions/project/acceptance/workboard.spec.mjs:65:3 › 007 task filters and completion state persist 

    Error: expect(locator).not.toBeChecked() failed

    Locator:  getByRole('checkbox', { name: 'Complete Done task', exact: true })
    Expected: not checked
    Received: checked
    Timeout:  5000ms

    Call log:
      - Expect "not toBeChecked" getByRole('checkbox', { name: 'Complete Done task', exact: true }) with timeout 5000ms
      - waiting for getByRole('checkbox', { name: 'Complete Done task', exact: true })
        14 × locator resolved to <input checked value="1" type="checkbox" name="completed" aria-label="Complete Done task" onchange="this.form.requestSubmit()"/>
           - unexpected value "checked"


      80 |     await page.getByRole('checkbox', { name: 'Complete Done task', exact: true }).uncheck();
      81 |     await page.reload();
    > 82 |     await expect(page.getByRole('checkbox', { name: 'Complete Done task', exact: true })).not.toBeChecked();
         |                                                                                               ^
      83 |   });
      84 | }
      85 |
        at /Users/Shared/projects/competition/runs/instruction-effects/pilot-008/definitions/project/acceptance/workboard.spec.mjs:82:95

    attachment #1: screenshot (image/png) ──────────────────────────────────────────────────────────
    runs/instruction-effects/pilot-008/tasks/task-002/attempts/b001/attempt-001/acceptance/artifacts/workboard-007-task-filters-and-completion-state-persist/test-failed-1.png
    ────────────────────────────────────────────────────────────────────────────────────────────────

    Error Context: runs/instruction-effects/pilot-008/tasks/task-002/attempts/b001/attempt-001/acceptance/artifacts/workboard-007-task-filters-and-completion-state-persist/error-context.md

    attachment #3: trace (application/zip) ─────────────────────────────────────────────────────────
    runs/instruction-effects/pilot-008/tasks/task-002/attempts/b001/attempt-001/acceptance/artifacts/workboard-007-task-filters-and-completion-state-persist/trace.zip
    Usage:

        npx playwright show-trace runs/instruction-effects/pilot-008/tasks/task-002/attempts/b001/attempt-001/acceptance/artifacts/workboard-007-task-filters-and-completion-state-persist/trace.zip

    ────────────────────────────────────────────────────────────────────────────────────────────────




[8/8] runs/instruction-effects/pilot-008/definitions/project/acceptance/workboard.spec.mjs:132:1 › 011 seed process-restart persistence checks
  1 failed
    runs/instruction-effects/pilot-008/definitions/project/acceptance/workboard.spec.mjs:65:3 › 007 task filters and completion state persist 
  7 passed (8.2s)
