
Running 1 test using 1 worker



[1/1] experiments/instruction-effects/revisions/research-v010/preflight/task034-executed03-suite/directory-word-search.spec.mjs:41:2 › 113 directory Phrase All words and Any words reuse the current title query with ASCII normalization and empty query
  1) experiments/instruction-effects/revisions/research-v010/preflight/task034-executed03-suite/directory-word-search.spec.mjs:41:2 › 113 directory Phrase All words and Any words reuse the current title query with ASCII normalization and empty query 

    Error: expect(locator).toBeVisible() failed

    Locator: getByTestId('directory-task-row').visible().getByTestId('directory-task-title').filter({ hasText: 'Beryl34   Cobalt34' }).first()
    Expected: visible
    Timeout: 5000ms
    Error: element(s) not found

    Call log:
      - Expect "toBeVisible" getByTestId('directory-task-row').visible().getByTestId('directory-task-title').filter({ hasText: 'Beryl34   Cobalt34' }).first() with timeout 5000ms
      - waiting for getByTestId('directory-task-row').visible().getByTestId('directory-task-title').filter({ hasText: 'Beryl34   Cobalt34' }).first()


      13 |  await expect(p.getByTestId('directory-summary')).toHaveText(total);
      14 | }
    > 15 | async function directory(p,q,ready){await p.goto('/');await p.getByRole('button',{name:'Task directory',exact:true}).click();await expect(rows(p).getByTestId('directory-task-title').filter({hasText:ready}).first()).toBeVisible();await p.getByRole('textbox',{name:'Directory search',exact:true}).fill(q);await p.getByRole('button',{name:'Search directory',exact:true}).click();}
         |                                                                                                                                                                                                                        ^
      16 | async function returnTo(p,owner){await p.goto('/');await openProject(p,owner);}
      17 | async function observed(p,owner,title,field,value){
      18 |  const o=await p.context().newPage();try{await expect.poll(async()=>{await returnTo(o,owner);return taskRow(o,title).getByRole('textbox',{name:field,exact:true}).inputValue();},{timeout:5000}).toBe(value);}finally{await o.close();}
        at directory (/Users/Shared/projects/competition/experiments/instruction-effects/revisions/research-v010/preflight/task034-executed03-suite/directory-word-search.spec.mjs:15:216)
        at /Users/Shared/projects/competition/experiments/instruction-effects/revisions/research-v010/preflight/task034-executed03-suite/directory-word-search.spec.mjs:44:3

    attachment #1: screenshot (image/png) ──────────────────────────────────────────────────────────
    experiments/instruction-effects/revisions/research-v010/preflight/task034-focused03-check-1791676184546/negative-word-empty-is-none-113/artifacts/directory-word-search-113--7bfd3-rmalization-and-empty-query/test-failed-1.png
    ────────────────────────────────────────────────────────────────────────────────────────────────

    Error Context: experiments/instruction-effects/revisions/research-v010/preflight/task034-focused03-check-1791676184546/negative-word-empty-is-none-113/artifacts/directory-word-search-113--7bfd3-rmalization-and-empty-query/error-context.md

    attachment #3: trace (application/zip) ─────────────────────────────────────────────────────────
    experiments/instruction-effects/revisions/research-v010/preflight/task034-focused03-check-1791676184546/negative-word-empty-is-none-113/artifacts/directory-word-search-113--7bfd3-rmalization-and-empty-query/trace.zip
    Usage:

        npx playwright show-trace experiments/instruction-effects/revisions/research-v010/preflight/task034-focused03-check-1791676184546/negative-word-empty-is-none-113/artifacts/directory-word-search-113--7bfd3-rmalization-and-empty-query/trace.zip

    ────────────────────────────────────────────────────────────────────────────────────────────────


  1 failed
    experiments/instruction-effects/revisions/research-v010/preflight/task034-executed03-suite/directory-word-search.spec.mjs:41:2 › 113 directory Phrase All words and Any words reuse the current title query with ASCII normalization and empty query 
