
Running 1 test using 1 worker



[1/1] experiments/instruction-effects/revisions/research-v010/preflight/task036-executed02-suite/directory-notes-status.spec.mjs:39:2 › 125 notes membership writes preserve both owner positions and the restart fixture
  1) experiments/instruction-effects/revisions/research-v010/preflight/task036-executed02-suite/directory-notes-status.spec.mjs:39:2 › 125 notes membership writes preserve both owner positions and the restart fixture 

    Error: expect(locator).toBeVisible() failed

    Locator: getByTestId('task-row').visible().nth(1).getByRole('checkbox', { name: 'Complete NotesRestart36 travelling', exact: true })
    Expected: visible
    Timeout: 5000ms
    Error: element(s) not found

    Call log:
      - Expect "toBeVisible" getByTestId('task-row').visible().nth(1).getByRole('checkbox', { name: 'Complete NotesRestart36 travelling', exact: true }) with timeout 5000ms
      - waiting for getByTestId('task-row').visible().nth(1).getByRole('checkbox', { name: 'Complete NotesRestart36 travelling', exact: true })


       at directory-presence-helpers.mjs:7

       5 | const save=p=>p.getByRole('button',{name:'Set visible priority',exact:true});
       6 | const restore=p=>p.getByRole('button',{name:'Restore visible tasks',exact:true});
    >  7 | async function titles(p,expected){const r=p.getByTestId('task-row').filter({visible:true});await expect(r).toHaveCount(expected.length);for(const [i,title] of expected.entries())await expect(r.nth(i).getByRole('checkbox',{name:'Complete '+title,exact:true})).toBeVisible();}
         |                                                                                                                                                                                                                                                                    ^
       8 | async function result(p,names,counts,expected,total){
       9 |  if(!expected.length)await expect(p.getByText('No matching tasks',{exact:true})).toBeVisible();
      10 |  await expect(rows(p).getByTestId('directory-task-title')).toHaveText(expected);
        at titles (/Users/Shared/projects/competition/experiments/instruction-effects/revisions/research-v010/preflight/task036-executed02-suite/directory-presence-helpers.mjs:7:260)
        at move (/Users/Shared/projects/competition/experiments/instruction-effects/revisions/research-v010/preflight/task036-executed02-suite/directory-notes-status.spec.mjs:42:374)
        at /Users/Shared/projects/competition/experiments/instruction-effects/revisions/research-v010/preflight/task036-executed02-suite/directory-notes-status.spec.mjs:45:238

    attachment #1: screenshot (image/png) ──────────────────────────────────────────────────────────
    experiments/instruction-effects/revisions/research-v010/preflight/task036-focused02-check-1791677773977/negative-notes36-forgets-foreign-125/artifacts/directory-notes-status-125-75dd2-ons-and-the-restart-fixture/test-failed-1.png
    ────────────────────────────────────────────────────────────────────────────────────────────────

    Error Context: experiments/instruction-effects/revisions/research-v010/preflight/task036-focused02-check-1791677773977/negative-notes36-forgets-foreign-125/artifacts/directory-notes-status-125-75dd2-ons-and-the-restart-fixture/error-context.md

    attachment #3: trace (application/zip) ─────────────────────────────────────────────────────────
    experiments/instruction-effects/revisions/research-v010/preflight/task036-focused02-check-1791677773977/negative-notes36-forgets-foreign-125/artifacts/directory-notes-status-125-75dd2-ons-and-the-restart-fixture/trace.zip
    Usage:

        npx playwright show-trace experiments/instruction-effects/revisions/research-v010/preflight/task036-focused02-check-1791677773977/negative-notes36-forgets-foreign-125/artifacts/directory-notes-status-125-75dd2-ons-and-the-restart-fixture/trace.zip

    ────────────────────────────────────────────────────────────────────────────────────────────────


  1 failed
    experiments/instruction-effects/revisions/research-v010/preflight/task036-executed02-suite/directory-notes-status.spec.mjs:39:2 › 125 notes membership writes preserve both owner positions and the restart fixture 
