
Running 8 tests using 1 worker



[1/8] runs/instruction-effects/pilot-005/definitions/project/acceptance/workboard.spec.mjs:6:1 › 001 health and project creation persist on reload
[2/8] runs/instruction-effects/pilot-005/definitions/project/acceptance/workboard.spec.mjs:21:1 › 002 blank project input is rejected
[3/8] runs/instruction-effects/pilot-005/definitions/project/acceptance/workboard.spec.mjs:30:1 › 003 project creation order
[4/8] runs/instruction-effects/pilot-005/definitions/project/acceptance/workboard.spec.mjs:38:3 › 004 trimmed tasks and project URL survive reload
[5/8] runs/instruction-effects/pilot-005/definitions/project/acceptance/workboard.spec.mjs:47:3 › 005 blank task input is rejected
[6/8] runs/instruction-effects/pilot-005/definitions/project/acceptance/workboard.spec.mjs:56:3 › 006 tasks do not cross project boundaries
[7/8] runs/instruction-effects/pilot-005/definitions/project/acceptance/workboard.spec.mjs:65:3 › 007 task filters and completion state persist
  1) runs/instruction-effects/pilot-005/definitions/project/acceptance/workboard.spec.mjs:65:3 › 007 task filters and completion state persist 

    Test timeout of 20000ms exceeded.

    Error: locator.selectOption: Test timeout of 20000ms exceeded.
    Call log:
      - waiting for getByRole('combobox', { name: 'Task filter', exact: true })


      69 |     await createTask(page, 'Open task');
      70 |     await page.getByRole('checkbox', { name: 'Complete Done task', exact: true }).check();
    > 71 |     await page.getByRole('combobox', { name: 'Task filter', exact: true }).selectOption({ label: 'Open' });
         |                                                                            ^
      72 |     await expect(taskRow(page, 'Open task')).toBeVisible();
      73 |     await expect(taskRow(page, 'Done task')).toHaveCount(0);
      74 |     await page.getByRole('combobox', { name: 'Task filter', exact: true }).selectOption({ label: 'Completed' });
        at /Users/Shared/projects/competition/runs/instruction-effects/pilot-005/definitions/project/acceptance/workboard.spec.mjs:71:76

    attachment #1: screenshot (image/png) ──────────────────────────────────────────────────────────
    runs/instruction-effects/pilot-005/tasks/task-002/attempts/b008/attempt-023/acceptance/artifacts/workboard-007-task-filters-and-completion-state-persist/test-failed-1.png
    ────────────────────────────────────────────────────────────────────────────────────────────────

    Error Context: runs/instruction-effects/pilot-005/tasks/task-002/attempts/b008/attempt-023/acceptance/artifacts/workboard-007-task-filters-and-completion-state-persist/error-context.md

    attachment #3: trace (application/zip) ─────────────────────────────────────────────────────────
    runs/instruction-effects/pilot-005/tasks/task-002/attempts/b008/attempt-023/acceptance/artifacts/workboard-007-task-filters-and-completion-state-persist/trace.zip
    Usage:

        npx playwright show-trace runs/instruction-effects/pilot-005/tasks/task-002/attempts/b008/attempt-023/acceptance/artifacts/workboard-007-task-filters-and-completion-state-persist/trace.zip

    ────────────────────────────────────────────────────────────────────────────────────────────────




[8/8] runs/instruction-effects/pilot-005/definitions/project/acceptance/workboard.spec.mjs:132:1 › 011 seed process-restart persistence checks
  1 failed
    runs/instruction-effects/pilot-005/definitions/project/acceptance/workboard.spec.mjs:65:3 › 007 task filters and completion state persist 
  7 passed (22.7s)
