
Running 19 tests using 1 worker



[1/19] experiments/instruction-effects/revisions/research-v008/preflight/priority-fixtures/final030-executed-suite/directory-due-edit.spec.mjs:36:2 › 085 directory due-date assignment honors intersections and preserves every nonmatching field
[2/19] experiments/instruction-effects/revisions/research-v008/preflight/priority-fixtures/final030-executed-suite/directory-due-edit.spec.mjs:48:2 › 086 invalid visible due dates are atomic and valid Gregorian boundaries persist
[3/19] experiments/instruction-effects/revisions/research-v008/preflight/priority-fixtures/final030-executed-suite/directory-due-position.spec.mjs:8:14 › 087 bulk date assignment preserves own and foreign reserved positions later edits and export order
[4/19] experiments/instruction-effects/revisions/research-v008/preflight/priority-fixtures/final030-executed-suite/directory-notes-edit.spec.mjs:37:2 › 088 directory notes preserve literal text every intersection and other fields
[5/19] experiments/instruction-effects/revisions/research-v008/preflight/priority-fixtures/final030-executed-suite/directory-notes-edit.spec.mjs:45:2 › 089 directory notes limit counts Unicode code points and rejects atomically with correction text retained
[6/19] experiments/instruction-effects/revisions/research-v008/preflight/priority-fixtures/final030-executed-suite/directory-notes-position.spec.mjs:8:14 › 090 bulk notes assignment preserves own and foreign reserved positions later edits and export order
  1) experiments/instruction-effects/revisions/research-v008/preflight/priority-fixtures/final030-executed-suite/directory-notes-position.spec.mjs:8:14 › 090 bulk notes assignment preserves own and foreign reserved positions later edits and export order 

    Error: expect(locator).toBeVisible() failed

    Locator: getByTestId('project-row').filter({ hasText: 'task-030 Bulk position first' }).visible()
    Expected: visible
    Error: strict mode violation: getByTestId('project-row').filter({ hasText: 'task-030 Bulk position first' }).visible() resolved to 2 elements:
        1) <div data-testid="project-row">…</div> aka getByText('task-030 Bulk position first1')
        2) <div data-testid="project-row">…</div> aka getByText('task-030 Bulk position first0')

    Call log:
      - Expect "toBeVisible" getByTestId('project-row').filter({ hasText: 'task-030 Bulk position first' }).visible() with timeout 5000ms
      - waiting for getByTestId('project-row').filter({ hasText: 'task-030 Bulk position first' }).visible()


       at helpers.mjs:16

      14 |   await page.getByRole('textbox', { name: 'Project name', exact: true }).fill(name === name.trim() ? projectName(name) : '  ' + projectName(name) + '  ');
      15 |   await page.getByRole('button', { name: 'Create project', exact: true }).click();
    > 16 |   await expect(projectRow(page, name.trim())).toBeVisible();
         |                                               ^
      17 | }
      18 | export async function openProject(page, name) {
      19 |   await projectRow(page, name).getByRole('button', { name: 'Open project', exact: true }).click();
        at createProject (/Users/Shared/projects/competition/experiments/instruction-effects/revisions/research-v008/preflight/priority-fixtures/final030-executed-suite/helpers.mjs:16:47)
        at /Users/Shared/projects/competition/experiments/instruction-effects/revisions/research-v008/preflight/priority-fixtures/final030-executed-suite/directory-notes-position.spec.mjs:10:2

    attachment #1: screenshot (image/png) ──────────────────────────────────────────────────────────
    experiments/instruction-effects/revisions/research-v008/preflight/priority-fixtures/stage30-final-controls-1791660080500/positive-final-focused/artifacts/directory-notes-position-0-eeeeb-ater-edits-and-export-order/test-failed-1.png
    ────────────────────────────────────────────────────────────────────────────────────────────────

    Error Context: experiments/instruction-effects/revisions/research-v008/preflight/priority-fixtures/stage30-final-controls-1791660080500/positive-final-focused/artifacts/directory-notes-position-0-eeeeb-ater-edits-and-export-order/error-context.md

    attachment #3: trace (application/zip) ─────────────────────────────────────────────────────────
    experiments/instruction-effects/revisions/research-v008/preflight/priority-fixtures/stage30-final-controls-1791660080500/positive-final-focused/artifacts/directory-notes-position-0-eeeeb-ater-edits-and-export-order/trace.zip
    Usage:

        npx playwright show-trace experiments/instruction-effects/revisions/research-v008/preflight/priority-fixtures/stage30-final-controls-1791660080500/positive-final-focused/artifacts/directory-notes-position-0-eeeeb-ater-edits-and-export-order/trace.zip

    ────────────────────────────────────────────────────────────────────────────────────────────────




[7/19] experiments/instruction-effects/revisions/research-v008/preflight/priority-fixtures/final030-executed-suite/directory-priority-position.spec.mjs:8:14 › 084 bulk priority assignment preserves own and foreign reserved positions later edits and export order
  2) experiments/instruction-effects/revisions/research-v008/preflight/priority-fixtures/final030-executed-suite/directory-priority-position.spec.mjs:8:14 › 084 bulk priority assignment preserves own and foreign reserved positions later edits and export order 

    Error: expect(locator).toBeVisible() failed

    Locator: getByTestId('project-row').filter({ hasText: 'task-030 Bulk position first' }).visible()
    Expected: visible
    Error: strict mode violation: getByTestId('project-row').filter({ hasText: 'task-030 Bulk position first' }).visible() resolved to 3 elements:
        1) <div data-testid="project-row">…</div> aka getByText('task-030 Bulk position first1')
        2) <div data-testid="project-row">…</div> aka getByText('task-030 Bulk position first0').first()
        3) <div data-testid="project-row">…</div> aka getByText('task-030 Bulk position first0').nth(1)

    Call log:
      - Expect "toBeVisible" getByTestId('project-row').filter({ hasText: 'task-030 Bulk position first' }).visible() with timeout 5000ms
      - waiting for getByTestId('project-row').filter({ hasText: 'task-030 Bulk position first' }).visible()


       at helpers.mjs:16

      14 |   await page.getByRole('textbox', { name: 'Project name', exact: true }).fill(name === name.trim() ? projectName(name) : '  ' + projectName(name) + '  ');
      15 |   await page.getByRole('button', { name: 'Create project', exact: true }).click();
    > 16 |   await expect(projectRow(page, name.trim())).toBeVisible();
         |                                               ^
      17 | }
      18 | export async function openProject(page, name) {
      19 |   await projectRow(page, name).getByRole('button', { name: 'Open project', exact: true }).click();
        at createProject (/Users/Shared/projects/competition/experiments/instruction-effects/revisions/research-v008/preflight/priority-fixtures/final030-executed-suite/helpers.mjs:16:47)
        at /Users/Shared/projects/competition/experiments/instruction-effects/revisions/research-v008/preflight/priority-fixtures/final030-executed-suite/directory-priority-position.spec.mjs:10:2

    attachment #1: screenshot (image/png) ──────────────────────────────────────────────────────────
    experiments/instruction-effects/revisions/research-v008/preflight/priority-fixtures/stage30-final-controls-1791660080500/positive-final-focused/artifacts/directory-priority-positio-d7c58-ater-edits-and-export-order/test-failed-1.png
    ────────────────────────────────────────────────────────────────────────────────────────────────

    Error Context: experiments/instruction-effects/revisions/research-v008/preflight/priority-fixtures/stage30-final-controls-1791660080500/positive-final-focused/artifacts/directory-priority-positio-d7c58-ater-edits-and-export-order/error-context.md

    attachment #3: trace (application/zip) ─────────────────────────────────────────────────────────
    experiments/instruction-effects/revisions/research-v008/preflight/priority-fixtures/stage30-final-controls-1791660080500/positive-final-focused/artifacts/directory-priority-positio-d7c58-ater-edits-and-export-order/trace.zip
    Usage:

        npx playwright show-trace experiments/instruction-effects/revisions/research-v008/preflight/priority-fixtures/stage30-final-controls-1791660080500/positive-final-focused/artifacts/directory-priority-positio-d7c58-ater-edits-and-export-order/trace.zip

    ────────────────────────────────────────────────────────────────────────────────────────────────




[8/19] experiments/instruction-effects/revisions/research-v008/preflight/priority-fixtures/final030-executed-suite/directory-priority.spec.mjs:32:2 › 082 directory priority assignment honors intersected live results and protects nonmatching metadata
[9/19] experiments/instruction-effects/revisions/research-v008/preflight/priority-fixtures/final030-executed-suite/directory-priority.spec.mjs:60:2 › 083 bulk priority assignment distinguishes duplicate owners and preserves completion and local order
  3) experiments/instruction-effects/revisions/research-v008/preflight/priority-fixtures/final030-executed-suite/directory-priority.spec.mjs:60:2 › 083 bulk priority assignment distinguishes duplicate owners and preserves completion and local order 

    Error: expect(locator).toBeVisible() failed

    Locator: getByText('No matching tasks', { exact: true })
    Expected: visible
    Timeout: 5000ms
    Error: element(s) not found

    Call log:
      - Expect "toBeVisible" getByText('No matching tasks', { exact: true }) with timeout 5000ms
      - waiting for getByText('No matching tasks', { exact: true })


       7 | async function titles(p,expected){const r=p.getByTestId('task-row').filter({visible:true});await expect(r).toHaveCount(expected.length);for(const [i,title] of expected.entries())await expect(r.nth(i).getByRole('checkbox',{name:'Complete '+title,exact:true})).toBeVisible();}
       8 | async function result(p,names,counts,expected,total){
    >  9 |  if(!expected.length)await expect(p.getByText('No matching tasks',{exact:true})).toBeVisible();
         |                                                                                  ^
      10 |  await expect(rows(p).getByTestId('directory-task-title')).toHaveText(expected);
      11 |  await expect(owners(p).getByTestId('directory-owner-name')).toHaveText(names.map(projectName));
      12 |  await expect(owners(p).getByTestId('directory-owner-summary')).toHaveText(counts);
        at result (/Users/Shared/projects/competition/experiments/instruction-effects/revisions/research-v008/preflight/priority-fixtures/final030-executed-suite/directory-priority.spec.mjs:9:82)
        at /Users/Shared/projects/competition/experiments/instruction-effects/revisions/research-v008/preflight/priority-fixtures/final030-executed-suite/directory-priority.spec.mjs:65:335

    attachment #1: screenshot (image/png) ──────────────────────────────────────────────────────────
    experiments/instruction-effects/revisions/research-v008/preflight/priority-fixtures/stage30-final-controls-1791660080500/positive-final-focused/artifacts/directory-priority-083-bul-09255--completion-and-local-order/test-failed-1.png
    ────────────────────────────────────────────────────────────────────────────────────────────────

    Error Context: experiments/instruction-effects/revisions/research-v008/preflight/priority-fixtures/stage30-final-controls-1791660080500/positive-final-focused/artifacts/directory-priority-083-bul-09255--completion-and-local-order/error-context.md

    attachment #3: trace (application/zip) ─────────────────────────────────────────────────────────
    experiments/instruction-effects/revisions/research-v008/preflight/priority-fixtures/stage30-final-controls-1791660080500/positive-final-focused/artifacts/directory-priority-083-bul-09255--completion-and-local-order/trace.zip
    Usage:

        npx playwright show-trace experiments/instruction-effects/revisions/research-v008/preflight/priority-fixtures/stage30-final-controls-1791660080500/positive-final-focused/artifacts/directory-priority-083-bul-09255--completion-and-local-order/trace.zip

    ────────────────────────────────────────────────────────────────────────────────────────────────




[10/19] experiments/instruction-effects/revisions/research-v008/preflight/priority-fixtures/final030-executed-suite/directory-project-order-position.spec.mjs:8:14 › 093 project-name ordering preserves own and foreign reserved positions later edits and export order
  4) experiments/instruction-effects/revisions/research-v008/preflight/priority-fixtures/final030-executed-suite/directory-project-order-position.spec.mjs:8:14 › 093 project-name ordering preserves own and foreign reserved positions later edits and export order 

    Error: expect(locator).toBeVisible() failed

    Locator: getByTestId('project-row').filter({ hasText: 'task-030 Bulk position first' }).visible()
    Expected: visible
    Error: strict mode violation: getByTestId('project-row').filter({ hasText: 'task-030 Bulk position first' }).visible() resolved to 4 elements:
        1) <div data-testid="project-row">…</div> aka getByText('task-030 Bulk position first1')
        2) <div data-testid="project-row">…</div> aka getByText('task-030 Bulk position first0').first()
        3) <div data-testid="project-row">…</div> aka getByText('task-030 Bulk position first0').nth(1)
        4) <div data-testid="project-row">…</div> aka getByText('task-030 Bulk position first0').nth(2)

    Call log:
      - Expect "toBeVisible" getByTestId('project-row').filter({ hasText: 'task-030 Bulk position first' }).visible() with timeout 5000ms
      - waiting for getByTestId('project-row').filter({ hasText: 'task-030 Bulk position first' }).visible()


       at helpers.mjs:16

      14 |   await page.getByRole('textbox', { name: 'Project name', exact: true }).fill(name === name.trim() ? projectName(name) : '  ' + projectName(name) + '  ');
      15 |   await page.getByRole('button', { name: 'Create project', exact: true }).click();
    > 16 |   await expect(projectRow(page, name.trim())).toBeVisible();
         |                                               ^
      17 | }
      18 | export async function openProject(page, name) {
      19 |   await projectRow(page, name).getByRole('button', { name: 'Open project', exact: true }).click();
        at createProject (/Users/Shared/projects/competition/experiments/instruction-effects/revisions/research-v008/preflight/priority-fixtures/final030-executed-suite/helpers.mjs:16:47)
        at /Users/Shared/projects/competition/experiments/instruction-effects/revisions/research-v008/preflight/priority-fixtures/final030-executed-suite/directory-project-order-position.spec.mjs:10:2

    attachment #1: screenshot (image/png) ──────────────────────────────────────────────────────────
    experiments/instruction-effects/revisions/research-v008/preflight/priority-fixtures/stage30-final-controls-1791660080500/positive-final-focused/artifacts/directory-project-order-po-b8c18-ater-edits-and-export-order/test-failed-1.png
    ────────────────────────────────────────────────────────────────────────────────────────────────

    Error Context: experiments/instruction-effects/revisions/research-v008/preflight/priority-fixtures/stage30-final-controls-1791660080500/positive-final-focused/artifacts/directory-project-order-po-b8c18-ater-edits-and-export-order/error-context.md

    attachment #3: trace (application/zip) ─────────────────────────────────────────────────────────
    experiments/instruction-effects/revisions/research-v008/preflight/priority-fixtures/stage30-final-controls-1791660080500/positive-final-focused/artifacts/directory-project-order-po-b8c18-ater-edits-and-export-order/trace.zip
    Usage:

        npx playwright show-trace experiments/instruction-effects/revisions/research-v008/preflight/priority-fixtures/stage30-final-controls-1791660080500/positive-final-focused/artifacts/directory-project-order-po-b8c18-ater-edits-and-export-order/trace.zip

    ────────────────────────────────────────────────────────────────────────────────────────────────




[11/19] experiments/instruction-effects/revisions/research-v008/preflight/priority-fixtures/final030-executed-suite/directory-project-order.spec.mjs:33:2 › 091 project-name ordering folds ASCII keeps stable owner ties and reads current renames without changing storage
  5) experiments/instruction-effects/revisions/research-v008/preflight/priority-fixtures/final030-executed-suite/directory-project-order.spec.mjs:33:2 › 091 project-name ordering folds ASCII keeps stable owner ties and reads current renames without changing storage 

    Error: expect(locator).toBeVisible() failed

    Locator: getByTestId('project-row').filter({ hasText: 'task-030 Name order ALPHA' }).visible()
    Expected: visible
    Error: strict mode violation: getByTestId('project-row').filter({ hasText: 'task-030 Name order ALPHA' }).visible() resolved to 2 elements:
        1) <div data-testid="project-row">…</div> aka getByText('task-030 Name order alpha0/2')
        2) <div data-testid="project-row">…</div> aka getByText('task-030 Name order ALPHA0/0')

    Call log:
      - Expect "toBeVisible" getByTestId('project-row').filter({ hasText: 'task-030 Name order ALPHA' }).visible() with timeout 5000ms
      - waiting for getByTestId('project-row').filter({ hasText: 'task-030 Name order ALPHA' }).visible()


       at helpers.mjs:16

      14 |   await page.getByRole('textbox', { name: 'Project name', exact: true }).fill(name === name.trim() ? projectName(name) : '  ' + projectName(name) + '  ');
      15 |   await page.getByRole('button', { name: 'Create project', exact: true }).click();
    > 16 |   await expect(projectRow(page, name.trim())).toBeVisible();
         |                                               ^
      17 | }
      18 | export async function openProject(page, name) {
      19 |   await projectRow(page, name).getByRole('button', { name: 'Open project', exact: true }).click();
        at createProject (/Users/Shared/projects/competition/experiments/instruction-effects/revisions/research-v008/preflight/priority-fixtures/final030-executed-suite/helpers.mjs:16:47)
        at /Users/Shared/projects/competition/experiments/instruction-effects/revisions/research-v008/preflight/priority-fixtures/final030-executed-suite/directory-project-order.spec.mjs:35:67

    attachment #1: screenshot (image/png) ──────────────────────────────────────────────────────────
    experiments/instruction-effects/revisions/research-v008/preflight/priority-fixtures/stage30-final-controls-1791660080500/positive-final-focused/artifacts/directory-project-order-09-94f4b-es-without-changing-storage/test-failed-1.png
    ────────────────────────────────────────────────────────────────────────────────────────────────

    Error Context: experiments/instruction-effects/revisions/research-v008/preflight/priority-fixtures/stage30-final-controls-1791660080500/positive-final-focused/artifacts/directory-project-order-09-94f4b-es-without-changing-storage/error-context.md

    attachment #3: trace (application/zip) ─────────────────────────────────────────────────────────
    experiments/instruction-effects/revisions/research-v008/preflight/priority-fixtures/stage30-final-controls-1791660080500/positive-final-focused/artifacts/directory-project-order-09-94f4b-es-without-changing-storage/trace.zip
    Usage:

        npx playwright show-trace experiments/instruction-effects/revisions/research-v008/preflight/priority-fixtures/stage30-final-controls-1791660080500/positive-final-focused/artifacts/directory-project-order-09-94f4b-es-without-changing-storage/trace.zip

    ────────────────────────────────────────────────────────────────────────────────────────────────




[12/19] experiments/instruction-effects/revisions/research-v008/preflight/priority-fixtures/final030-executed-suite/directory-project-order.spec.mjs:43:2 › 092 project-name ordering compares Unicode code points and literal spacing across protected scope
[13/19] experiments/instruction-effects/revisions/research-v008/preflight/priority-fixtures/final030-executed-suite/workspace-export.spec.mjs:36:2 › 094 workspace export uses matching intersections owner creation and stored task order despite global sorting
[14/19] experiments/instruction-effects/revisions/research-v008/preflight/priority-fixtures/final030-executed-suite/workspace-export.spec.mjs:43:2 › 095 workspace export preserves duplicate archived owners and selects only matching deleted tasks
[15/19] experiments/instruction-effects/revisions/research-v008/preflight/priority-fixtures/final030-executed-suite/workspace-export.spec.mjs:48:2 › 096 empty matching workspace export is valid and leaves known data and controls unchanged
[16/19] experiments/instruction-effects/revisions/research-v008/preflight/priority-fixtures/final030-executed-suite/workspace-import.spec.mjs:42:2 › 097 workspace import appends independent duplicate owners trims names and preserves literal fields without overwriting existing data
[17/19] experiments/instruction-effects/revisions/research-v008/preflight/priority-fixtures/final030-executed-suite/workspace-import.spec.mjs:52:2 › 098 imported deleted tasks restore into supplied positions and preserve bulk-edited fields across later moves
  6) experiments/instruction-effects/revisions/research-v008/preflight/priority-fixtures/final030-executed-suite/workspace-import.spec.mjs:52:2 › 098 imported deleted tasks restore into supplied positions and preserve bulk-edited fields across later moves 

    Error: expect(received).toMatchObject(expected)

    - Expected  - 2
    + Received  + 2

      Object {
        "deleted": false,
        "dueDate": "2068-02-29",
    -   "notes": "  Bulk imported Ω
    - new literal  ",
    +   "notes": "Imported deleted Ω
    + kept",
        "priority": "High",
      }

      54 |   await importing(page,workspace([owner(projectName(a),[task(before),task(travel,{priority:'Low',dueDate:'2064-02-29',notes:'Imported deleted Ω\nkept',deleted:true}),task(after)],{defaultPriority:'High'})]));await countProjects(page,a,1);await openProject(page,a);await titles(page,[before,after]);await page.getByRole('combobox',{name:'Task filter',exact:true}).selectOption({label:'Deleted'});await expect(taskRow(page,travel)).toBeVisible();await taskRow(page,travel).getByRole('button',{name:'Restore task',exact:true}).click();const o=await page.context().newPage();try{await expect.poll(async()=>{await returnTo(o,a);return o.getByTestId('task-row').filter({visible:true}).count();}).toBe(3);}finally{await o.close();}await returnTo(page,a);await titles(page,[before,travel,after]);
      55 |   async function move(source,target,sourceOrder,targetOrder){await returnTo(page,source);await taskRow(page,travel).getByRole('combobox',{name:'Destination project',exact:true}).selectOption({label:projectName(target)});await taskRow(page,travel).getByRole('button',{name:'Move task',exact:true}).click();const observer=await page.context().newPage();try{await returnTo(observer,target);await titles(observer,targetOrder);await returnTo(observer,source);await titles(observer,sourceOrder);}finally{await observer.close();}await returnTo(page,target);}
    > 56 |   await move(a,b,[before,after],[holdBefore,travel]);await createTask(page,holdAfter);await move(b,a,[holdBefore,holdAfter],[before,travel,after]);await move(a,b,[before,after],[holdBefore,travel,holdAfter]);await directory(page,travel);await result(page,[b],['0/1 completed'],[travel],'0/1 completed');await page.getByRole('combobox',{name:'Visible tasks priority',exact:true}).selectOption({label:'High'});await page.getByRole('button',{name:'Set visible priority',exact:true}).click();await result(page,[b],['0/1 completed'],[travel],'0/1 completed');await expectPersistedPriority(page,b,travel,'High');await page.getByRole('textbox',{name:'Visible tasks due date',exact:true}).fill('2068-02-29');await page.getByRole('button',{name:'Save visible due date',exact:true}).click();await result(page,[b],['0/1 completed'],[travel],'0/1 completed');const dateObserver=await page.context().newPage();try{await expect.poll(async()=>{await returnTo(dateObserver,b);return taskRow(dateObserver,travel).getByRole('textbox',{name:'Task due date',exact:true}).inputValue();}).toBe('2068-02-29');}finally{await dateObserver.close();}await page.getByRole('textbox',{name:'Visible tasks notes',exact:true}).fill('  Bulk imported Ω\nnew literal  ');await page.getByRole('button',{name:'Save visible notes',exact:true}).click();await result(page,[b],['0/1 completed'],[travel],'0/1 completed');const data=await exported(page);expect(data[0].tasks[0]).toMatchObject({priority:'High',dueDate:'2068-02-29',notes:'  Bulk imported Ω\nnew literal  ',deleted:false});await move(b,a,[holdBefore,holdAfter],[before,travel,after]);await expect(taskRow(page,travel).getByRole('textbox',{name:'Task notes',exact:true})).toHaveValue('  Bulk imported Ω\nnew literal  ');await expect(taskRow(page,travel).getByRole('textbox',{name:'Task due date',exact:true})).toHaveValue('2068-02-29');await expect(taskRow(page,travel).getByRole('combobox',{name:'Task priority',exact:true}).locator('option:checked')).toHaveText('High');
         |                                                                                                                                                                                                                                                                                                                                                                                                                                                                                                                                                                                                                                                                                                                                                                                                                                                                                                                                                                                                                                                                                                                                                                                                                                                                                                                                                                                                                                                                                              ^
      57 |  });
      58 |  test('099 invalid workspace objects including the final owner fail atomically and retain the rejected input',async({page})=>{
      59 |   test.setTimeout(180000);const a='Workspace invalid record',q=projectName(a),existing=q+' existing';await createProject(page,a);await openProject(page,a);await configured(page,a,existing,{priority:'High',date:'2064-02-29',notes:'Existing literal Ω\nkept'});
        at /Users/Shared/projects/competition/experiments/instruction-effects/revisions/research-v008/preflight/priority-fixtures/final030-executed-suite/workspace-import.spec.mjs:56:1438

    attachment #1: screenshot (image/png) ──────────────────────────────────────────────────────────
    experiments/instruction-effects/revisions/research-v008/preflight/priority-fixtures/stage30-final-controls-1791660080500/positive-final-focused/artifacts/workspace-import-098-impor-329dd-d-fields-across-later-moves/test-failed-1.png
    ────────────────────────────────────────────────────────────────────────────────────────────────

    Error Context: experiments/instruction-effects/revisions/research-v008/preflight/priority-fixtures/stage30-final-controls-1791660080500/positive-final-focused/artifacts/workspace-import-098-impor-329dd-d-fields-across-later-moves/error-context.md

    attachment #3: trace (application/zip) ─────────────────────────────────────────────────────────
    experiments/instruction-effects/revisions/research-v008/preflight/priority-fixtures/stage30-final-controls-1791660080500/positive-final-focused/artifacts/workspace-import-098-impor-329dd-d-fields-across-later-moves/trace.zip
    Usage:

        npx playwright show-trace experiments/instruction-effects/revisions/research-v008/preflight/priority-fixtures/stage30-final-controls-1791660080500/positive-final-focused/artifacts/workspace-import-098-impor-329dd-d-fields-across-later-moves/trace.zip

    ────────────────────────────────────────────────────────────────────────────────────────────────




[18/19] experiments/instruction-effects/revisions/research-v008/preflight/priority-fixtures/final030-executed-suite/workspace-import.spec.mjs:58:2 › 099 invalid workspace objects including the final owner fail atomically and retain the rejected input
[19/19] experiments/instruction-effects/revisions/research-v008/preflight/priority-fixtures/final030-executed-suite/workspace-import.spec.mjs:67:2 › 100 empty workspace imports create nothing and matching exports round-trip as independent owners
  6 failed
    experiments/instruction-effects/revisions/research-v008/preflight/priority-fixtures/final030-executed-suite/directory-notes-position.spec.mjs:8:14 › 090 bulk notes assignment preserves own and foreign reserved positions later edits and export order 
    experiments/instruction-effects/revisions/research-v008/preflight/priority-fixtures/final030-executed-suite/directory-priority-position.spec.mjs:8:14 › 084 bulk priority assignment preserves own and foreign reserved positions later edits and export order 
    experiments/instruction-effects/revisions/research-v008/preflight/priority-fixtures/final030-executed-suite/directory-priority.spec.mjs:60:2 › 083 bulk priority assignment distinguishes duplicate owners and preserves completion and local order 
    experiments/instruction-effects/revisions/research-v008/preflight/priority-fixtures/final030-executed-suite/directory-project-order-position.spec.mjs:8:14 › 093 project-name ordering preserves own and foreign reserved positions later edits and export order 
    experiments/instruction-effects/revisions/research-v008/preflight/priority-fixtures/final030-executed-suite/directory-project-order.spec.mjs:33:2 › 091 project-name ordering folds ASCII keeps stable owner ties and reads current renames without changing storage 
    experiments/instruction-effects/revisions/research-v008/preflight/priority-fixtures/final030-executed-suite/workspace-import.spec.mjs:52:2 › 098 imported deleted tasks restore into supplied positions and preserve bulk-edited fields across later moves 
  13 passed (5.7m)
