
Running 1 test using 1 worker



[1/1] experiments/instruction-effects/revisions/research-v010/preflight/task032-executed02-suite/project-name-limit.spec.mjs:13:2 › 105 project names count code points after trim and preserve rejected create input
  1) experiments/instruction-effects/revisions/research-v010/preflight/task032-executed02-suite/project-name-limit.spec.mjs:13:2 › 105 project names count code points after trim and preserve rejected create input 

    Error: expect(locator).toHaveValue(expected) failed

    Locator:  getByRole('textbox', { name: 'Project name', exact: true })
    Expected: "😀😀😀😀😀😀😀😀😀😀😀😀😀😀😀😀😀😀😀😀😀😀😀😀😀😀😀😀😀😀😀😀😀😀😀😀😀😀😀😀😀😀😀😀😀😀😀😀😀😀😀😀😀😀😀😀😀😀😀😀😀😀😀😀😀😀😀😀😀😀😀😀😀😀😀😀😀😀😀😀😀😀😀😀😀😀😀😀😀😀😀😀😀😀😀😀😀😀😀😀😀😀😀😀😀😀😀😀😀😀😀😀😀😀😀😀😀😀😀😀😀😀😀😀😀😀😀😀😀😀😀😀😀😀😀😀😀😀😀😀😀😀😀😀😀😀😀😀😀😀😀😀😀😀😀😀😀😀😀😀😀😀😀😀😀😀😀😀😀😀😀😀😀😀😀😀😀😀😀😀😀😀😀😀😀😀😀😀😀😀😀😀😀😀😀😀😀😀😀😀😀"
    Received: ""
    Timeout:  5000ms

    Call log:
      - Expect "toHaveValue" getByRole('textbox', { name: 'Project name', exact: true }) with timeout 5000ms
      - waiting for getByRole('textbox', { name: 'Project name', exact: true })
        14 × locator resolved to <input value="" name="name"/>
           - unexpected value ""


      13 |  test('105 project names count code points after trim and preserve rejected create input',async({page})=>{
      14 |   test.setTimeout(60000);await createProject(page,'Name limit boundary guard');const name=boundary('Name limit boundary','😀');await createLiteral(page,'  '+name+'  ');await page.reload();await literalRow(page,name).getByRole('button',{name:'Open project',exact:true}).click();expect((await download(page)).project.name).toBe(name);await page.goto('/');await expect(projectRow(page,'Name limit boundary guard')).toBeVisible();const count=await rows(page).count();
    > 15 |   for(const value of ['😀'.repeat(201),'e\u0301'.repeat(101)]){await page.getByRole('textbox',{name:'Project name',exact:true}).fill(value);await page.getByRole('button',{name:'Create project',exact:true}).click();await expect(page.getByRole('alert').filter({hasText:alert}).first()).toContainText(alert);await expect(page.getByRole('textbox',{name:'Project name',exact:true})).toHaveValue(value);const observer=await page.context().newPage();try{await observer.goto('/');await expect(rows(observer)).toHaveCount(count);await expect(projectRow(observer,'Name limit boundary guard')).toBeVisible();}finally{await observer.close();}}
         |                                                                                                                                                                                                                                                                                                                                                                                           ^
      16 |   const edited=projectName('Name limit later valid');await page.getByRole('textbox',{name:'Project name',exact:true}).fill(edited);await page.getByRole('button',{name:'Create project',exact:true}).click();await expect(projectRow(page,'Name limit later valid')).toBeVisible();await expect(rows(page)).toHaveCount(count+1);
      17 |  });
      18 |  test('106 rejected rename is atomic and successful boundary rename retains identity fields and owner order',async({page})=>{
        at /Users/Shared/projects/competition/experiments/instruction-effects/revisions/research-v010/preflight/task032-executed02-suite/project-name-limit.spec.mjs:15:379

    attachment #1: screenshot (image/png) ──────────────────────────────────────────────────────────
    experiments/instruction-effects/revisions/research-v010/preflight/task032-focused02-check-1791674872547/negative-name-limit-loses-input-105/artifacts/project-name-limit-105-pro-0384d-serve-rejected-create-input/test-failed-1.png
    ────────────────────────────────────────────────────────────────────────────────────────────────

    Error Context: experiments/instruction-effects/revisions/research-v010/preflight/task032-focused02-check-1791674872547/negative-name-limit-loses-input-105/artifacts/project-name-limit-105-pro-0384d-serve-rejected-create-input/error-context.md

    attachment #3: trace (application/zip) ─────────────────────────────────────────────────────────
    experiments/instruction-effects/revisions/research-v010/preflight/task032-focused02-check-1791674872547/negative-name-limit-loses-input-105/artifacts/project-name-limit-105-pro-0384d-serve-rejected-create-input/trace.zip
    Usage:

        npx playwright show-trace experiments/instruction-effects/revisions/research-v010/preflight/task032-focused02-check-1791674872547/negative-name-limit-loses-input-105/artifacts/project-name-limit-105-pro-0384d-serve-rejected-create-input/trace.zip

    ────────────────────────────────────────────────────────────────────────────────────────────────


  1 failed
    experiments/instruction-effects/revisions/research-v010/preflight/task032-executed02-suite/project-name-limit.spec.mjs:13:2 › 105 project names count code points after trim and preserve rejected create input 
