
Running 1 test using 1 worker



[1/1] experiments/instruction-effects/revisions/research-v004/decisions/task-018-draft/suite/import.spec.mjs:23:2 › 063 archived and empty imports preserve flags literal data and native restart sentinels
  1) experiments/instruction-effects/revisions/research-v004/decisions/task-018-draft/suite/import.spec.mjs:23:2 › 063 archived and empty imports preserve flags literal data and native restart sentinels 

    Error: expect(locator).toBeVisible() failed

    Locator: getByText('Archived project', { exact: true })
    Expected: visible
    Timeout: 5000ms
    Error: element(s) not found

    Call log:
      - Expect "toBeVisible" getByText('Archived project', { exact: true }) with timeout 5000ms
      - waiting for getByText('Archived project', { exact: true })


      22 |  });
      23 |  test('063 archived and empty imports preserve flags literal data and native restart sentinels',async({page})=>{
    > 24 |   const doc=document([{title:'Imported live',completed:false,priority:'Low',dueDate:'2044-02-29',notes:'Live import',deleted:false},{title:'Imported deleted',completed:true,priority:'High',dueDate:'2042-01-01',notes:'Import Ω\nretained',deleted:true}]);doc.project.id=-999;doc.project.tasks[0].id=-999;doc.project.archived=true;doc.project.defaultPriority='High';await imported(page,doc,'Import restart');await expect(page.getByText('Archived project',{exact:true})).toBeVisible();await expect(taskRow(page,'Imported live').getByRole('textbox',{name:'Task notes',exact:true})).toHaveValue('Live import');await expect(taskRow(page,'Imported live').getByRole('textbox',{name:'Task notes',exact:true})).toBeDisabled();await page.getByRole('combobox',{name:'Task filter',exact:true}).selectOption({label:'Deleted'});await expect(taskRow(page,'Imported deleted')).toBeVisible();await expect(taskRow(page,'Imported deleted').getByRole('button',{name:'Restore task',exact:true})).toBeDisabled();await page.getByRole('button',{name:'Projects',exact:true}).click();await page.getByRole('combobox',{name:'Project filter',exact:true}).selectOption({label:'Archived'});await projectRow(page,'Import restart').getByRole('button',{name:'Restore project',exact:true}).click();await page.getByRole('combobox',{name:'Project filter',exact:true}).selectOption({label:'Active'});await openProject(page,'Import restart');await expect(taskRow(page,'Imported live').getByRole('textbox',{name:'Task notes',exact:true})).toBeEnabled();await page.getByRole('combobox',{name:'Task filter',exact:true}).selectOption({label:'Deleted'});await expect(taskRow(page,'Imported deleted').getByRole('textbox',{name:'Task notes',exact:true})).toHaveValue('Import Ω\nretained');await expect(taskRow(page,'Imported deleted').getByRole('button',{name:'Restore task',exact:true})).toBeEnabled();const emptyDoc=document([]);emptyDoc.project.id=-999;await imported(page,emptyDoc,'Import empty');expect((await exported(page)).project).toMatchObject({name:projectName('Import empty'),archived:false,defaultPriority:'Normal',tasks:[]});await page.reload();expect((await exported(page)).project.tasks).toEqual([]);
         |                                                                                                                                                                                                                                                                                                                                                                                                                                                                                    ^
      25 |  });
      26 | }
      27 |
        at /Users/Shared/projects/competition/experiments/instruction-effects/revisions/research-v004/decisions/task-018-draft/suite/import.spec.mjs:24:468

    attachment #1: screenshot (image/png) ──────────────────────────────────────────────────────────
    experiments/instruction-effects/revisions/research-v004/preflight/priority-fixtures/stage-18-check-1791637620165/negative-import-drops-archive/artifacts/import-063-archived-and-em-2dbbc-nd-native-restart-sentinels/test-failed-1.png
    ────────────────────────────────────────────────────────────────────────────────────────────────

    Error Context: experiments/instruction-effects/revisions/research-v004/preflight/priority-fixtures/stage-18-check-1791637620165/negative-import-drops-archive/artifacts/import-063-archived-and-em-2dbbc-nd-native-restart-sentinels/error-context.md

    attachment #3: trace (application/zip) ─────────────────────────────────────────────────────────
    experiments/instruction-effects/revisions/research-v004/preflight/priority-fixtures/stage-18-check-1791637620165/negative-import-drops-archive/artifacts/import-063-archived-and-em-2dbbc-nd-native-restart-sentinels/trace.zip
    Usage:

        npx playwright show-trace experiments/instruction-effects/revisions/research-v004/preflight/priority-fixtures/stage-18-check-1791637620165/negative-import-drops-archive/artifacts/import-063-archived-and-em-2dbbc-nd-native-restart-sentinels/trace.zip

    ────────────────────────────────────────────────────────────────────────────────────────────────


  1 failed
    experiments/instruction-effects/revisions/research-v004/decisions/task-018-draft/suite/import.spec.mjs:23:2 › 063 archived and empty imports preserve flags literal data and native restart sentinels 
