
Running 1 test using 1 worker



[1/1] experiments/instruction-effects/revisions/research-v008/preflight/priority-fixtures/final030-third-executed-suite/directory-due-edit.spec.mjs:36:2 › 085 directory due-date assignment honors intersections and preserves every nonmatching field
  1) experiments/instruction-effects/revisions/research-v008/preflight/priority-fixtures/final030-third-executed-suite/directory-due-edit.spec.mjs:36:2 › 085 directory due-date assignment honors intersections and preserves every nonmatching field 

    Error: expect(locator).toBeVisible() failed

    Locator: getByText('No matching tasks', { exact: true })
    Expected: visible
    Timeout: 5000ms
    Error: element(s) not found

    Call log:
      - Expect "toBeVisible" getByText('No matching tasks', { exact: true }) with timeout 5000ms
      - waiting for getByText('No matching tasks', { exact: true })


       7 | async function titles(p,expected){const r=p.getByTestId('task-row').filter({visible:true});await expect(r).toHaveCount(expected.length);for(const [i,title] of expected.entries())await expect(r.nth(i).getByRole('checkbox',{name:'Complete '+title,exact:true})).toBeVisible();}
       8 | async function result(p,names,counts,expected,total){
    >  9 |  if(!expected.length)await expect(p.getByText('No matching tasks',{exact:true})).toBeVisible();
         |                                                                                  ^
      10 |  await expect(rows(p).getByTestId('directory-task-title')).toHaveText(expected);
      11 |  await expect(owners(p).getByTestId('directory-owner-name')).toHaveText(names.map(projectName));
      12 |  await expect(owners(p).getByTestId('directory-owner-summary')).toHaveText(counts);
        at result (/Users/Shared/projects/competition/experiments/instruction-effects/revisions/research-v008/preflight/priority-fixtures/final030-third-executed-suite/directory-due-edit.spec.mjs:9:82)
        at /Users/Shared/projects/competition/experiments/instruction-effects/revisions/research-v008/preflight/priority-fixtures/final030-third-executed-suite/directory-due-edit.spec.mjs:44:446

    attachment #1: screenshot (image/png) ──────────────────────────────────────────────────────────
    experiments/instruction-effects/revisions/research-v008/preflight/priority-fixtures/stage30-final-controls-1791660945847/negative-bulk-date-clear-ignored-085/artifacts/directory-due-edit-085-dir-f51f5-ves-every-nonmatching-field/test-failed-1.png
    ────────────────────────────────────────────────────────────────────────────────────────────────

    Error Context: experiments/instruction-effects/revisions/research-v008/preflight/priority-fixtures/stage30-final-controls-1791660945847/negative-bulk-date-clear-ignored-085/artifacts/directory-due-edit-085-dir-f51f5-ves-every-nonmatching-field/error-context.md

    attachment #3: trace (application/zip) ─────────────────────────────────────────────────────────
    experiments/instruction-effects/revisions/research-v008/preflight/priority-fixtures/stage30-final-controls-1791660945847/negative-bulk-date-clear-ignored-085/artifacts/directory-due-edit-085-dir-f51f5-ves-every-nonmatching-field/trace.zip
    Usage:

        npx playwright show-trace experiments/instruction-effects/revisions/research-v008/preflight/priority-fixtures/stage30-final-controls-1791660945847/negative-bulk-date-clear-ignored-085/artifacts/directory-due-edit-085-dir-f51f5-ves-every-nonmatching-field/trace.zip

    ────────────────────────────────────────────────────────────────────────────────────────────────


  1 failed
    experiments/instruction-effects/revisions/research-v008/preflight/priority-fixtures/final030-third-executed-suite/directory-due-edit.spec.mjs:36:2 › 085 directory due-date assignment honors intersections and preserves every nonmatching field 
