
Running 62 tests using 1 worker



[1/62] experiments/instruction-effects/revisions/research-v004/decisions/task-018-draft/suite/default-priority.spec.mjs:11:2 › 027 pre-default projects and tasks preserve their distinct saved priorities
[2/62] experiments/instruction-effects/revisions/research-v004/decisions/task-018-draft/suite/default-priority.spec.mjs:20:2 › 028 project default affects only future tasks and retains filters and summary
[3/62] experiments/instruction-effects/revisions/research-v004/decisions/task-018-draft/suite/default-priority.spec.mjs:53:2 › 029 project default survives rename archive and restoration
[4/62] experiments/instruction-effects/revisions/research-v004/decisions/task-018-draft/suite/deletion.spec.mjs:10:2 › 054 deleted tasks preserve fields intersect filters and remain read-only through project archival
[5/62] experiments/instruction-effects/revisions/research-v004/decisions/task-018-draft/suite/deletion.spec.mjs:17:2 › 055 restoration retains reserved order explicit priority completion and remembered destination positions
[6/62] experiments/instruction-effects/revisions/research-v004/decisions/task-018-draft/suite/deletion.spec.mjs:22:2 › 056 upgraded original tasks remain live and deleted-only project persists with an empty live summary
[7/62] experiments/instruction-effects/revisions/research-v004/decisions/task-018-draft/suite/deletion.spec.mjs:26:2 › 057 deleted filter intersects priority due range and title search
[8/62] experiments/instruction-effects/revisions/research-v004/decisions/task-018-draft/suite/due-date.spec.mjs:11:2 › 030 dates default empty save canonically survive rename and clear
[9/62] experiments/instruction-effects/revisions/research-v004/decisions/task-018-draft/suite/due-date.spec.mjs:21:2 › 031 invalid formats and impossible calendar dates preserve the saved date
[10/62] experiments/instruction-effects/revisions/research-v004/decisions/task-018-draft/suite/due-date.spec.mjs:29:2 › 032 date changes retain task identity filters order and all-task summary
[11/62] experiments/instruction-effects/revisions/research-v004/decisions/task-018-draft/suite/due-date.spec.mjs:44:2 › 033 archived dates are read-only restored and old data stays undated
[12/62] experiments/instruction-effects/revisions/research-v004/decisions/task-018-draft/suite/due-range.spec.mjs:14:2 › 034 date ranges include endpoints exclude undated tasks and preserve order
[13/62] experiments/instruction-effects/revisions/research-v004/decisions/task-018-draft/suite/due-range.spec.mjs:24:2 › 035 due ranges intersect completion priority and live date edits
[14/62] experiments/instruction-effects/revisions/research-v004/decisions/task-018-draft/suite/due-range.spec.mjs:40:2 › 036 invalid due ranges preserve the last applied membership
[15/62] experiments/instruction-effects/revisions/research-v004/decisions/task-018-draft/suite/due-range.spec.mjs:48:2 › 037 archived ranges stay usable and reopening clears transient boundaries
[16/62] experiments/instruction-effects/revisions/research-v004/decisions/task-018-draft/suite/due-range.spec.mjs:57:2 › 038 project default rename and hidden creation retain the applied range
[17/62] experiments/instruction-effects/revisions/research-v004/decisions/task-018-draft/suite/export.spec.mjs:7:2 › 058 export includes every stored task in order with literal values despite current filters
[18/62] experiments/instruction-effects/revisions/research-v004/decisions/task-018-draft/suite/export.spec.mjs:11:2 › 059 archived upgraded and empty projects export without mutation
[19/62] experiments/instruction-effects/revisions/research-v004/decisions/task-018-draft/suite/import.spec.mjs:14:2 › 060 exported projects import independently with saved fields deleted order and project defaults
  1) experiments/instruction-effects/revisions/research-v004/decisions/task-018-draft/suite/import.spec.mjs:14:2 › 060 exported projects import independently with saved fields deleted order and project defaults 

    Error: page.reload: net::ERR_ABORTED; maybe frame was detached?
    Call log:
      - waiting for navigation until "load"


      13 | if(stage>=18){
      14 |  test('060 exported projects import independently with saved fields deleted order and project defaults',async({page})=>{
    > 15 |   const owner='Import origin',title='Imported reserved',note='  Import Ω\n<script>literal</script>  ';await createProject(page,owner);await openProject(page,owner);for(const t of ['Imported before',title,'Imported after'])await createTask(page,t);await page.getByRole('checkbox',{name:'Complete '+title,exact:true}).check();await taskRow(page,title).getByRole('combobox',{name:'Task priority',exact:true}).selectOption({label:'High'});await expectPersistedPriority(page,owner,title,'High');await saved(page,owner,title,'Task due date','2040-02-29');await saved(page,owner,title,'Task notes',note);await taskRow(page,title).getByRole('button',{name:'Delete task',exact:true}).click();await page.getByRole('combobox',{name:'Default task priority',exact:true}).selectOption({label:'Low'});await expect.poll(async()=>{await page.reload();return (await exported(page)).project.defaultPriority;},{timeout:5000}).toBe('Low');const original=await exported(page);const data=copy(original);data.project.id=-999;data.project.tasks[0].id=-999;await imported(page,data,'Import copy');await expect(page.getByRole('combobox',{name:'Default task priority',exact:true}).locator('option:checked')).toHaveText('Low');await expect(taskRow(page,'Imported before')).toBeVisible();await expect(taskRow(page,'Imported after')).toBeVisible();await createTask(page,'Imported arrival');await expect(taskRow(page,'Imported arrival').getByRole('combobox',{name:'Task priority',exact:true}).locator('option:checked')).toHaveText('Low');await page.getByRole('combobox',{name:'Task filter',exact:true}).selectOption({label:'Deleted'});await expect(taskRow(page,title)).toBeVisible();await expect(page.getByRole('checkbox',{name:'Complete '+title,exact:true})).toBeChecked();await expect(taskRow(page,title).getByRole('textbox',{name:'Task notes',exact:true})).toHaveValue(note);await expect(taskRow(page,title).getByRole('textbox',{name:'Task notes',exact:true})).toBeDisabled();await expect(taskRow(page,title).getByRole('textbox',{name:'Task due date',exact:true})).toHaveValue('2040-02-29');await expect(taskRow(page,title).getByRole('combobox',{name:'Task priority',exact:true}).locator('option:checked')).toHaveText('High');await taskRow(page,title).getByRole('button',{name:'Restore task',exact:true}).click();await page.getByRole('combobox',{name:'Task filter',exact:true}).selectOption({label:'All'});const rows=page.getByTestId('task-row').filter({visible:true});await expect(rows).toHaveCount(4);for(const [i,t] of ['Imported before',title,'Imported after','Imported arrival'].entries())await expect(rows.nth(i).getByRole('checkbox',{name:'Complete '+t,exact:true})).toBeVisible();await saved(page,'Import copy',title,'Task notes','Changed only copy');await page.goto('/');await openProject(page,owner);expect(await exported(page)).toEqual(original);
         |                                                                                                                                                                                                                                                                                                                                                                                                                                                                                                                                                                                                                                                                                                                                                                                                                                                          ^
      16 |  });
      17 |  test('061 malformed root documents and blank override reject atomically and retain inputs',async({page})=>{
      18 |   test.setTimeout(40000);const prefix='Parse guard',counts=await guards(page,prefix);const good=document([]);const variants=['{broken',JSON.stringify(null),JSON.stringify([]),JSON.stringify({}),JSON.stringify({...good,format:'other'}),JSON.stringify({...good,version:2}),JSON.stringify({...good,version:true}),JSON.stringify({...good,project:{...good.project,name:'   '}}),JSON.stringify({...good,project:{...good.project,archived:'false'}}),JSON.stringify({...good,project:{...good.project,defaultPriority:'Urgent'}}),JSON.stringify({...good,project:{...good.project,tasks:{}}})];for(const [i,raw] of variants.entries()){await rejected(page,raw,projectName(prefix+' rejected '+i));await unchanged(page,prefix,counts);}await rejected(page,JSON.stringify(good),'  ','Project name is required');await unchanged(page,prefix,counts);
        at expect.poll.timeout (/Users/Shared/projects/competition/experiments/instruction-effects/revisions/research-v004/decisions/task-018-draft/suite/import.spec.mjs:15:826)
        at /Users/Shared/projects/competition/experiments/instruction-effects/revisions/research-v004/decisions/task-018-draft/suite/import.spec.mjs:15:787

    Error Context: experiments/instruction-effects/revisions/research-v004/preflight/priority-fixtures/stage-18-check-1791637211217/positive-form/artifacts/import-060-exported-projec-1db6c--order-and-project-defaults/error-context.md

    attachment #2: trace (application/zip) ─────────────────────────────────────────────────────────
    experiments/instruction-effects/revisions/research-v004/preflight/priority-fixtures/stage-18-check-1791637211217/positive-form/artifacts/import-060-exported-projec-1db6c--order-and-project-defaults/trace.zip
    Usage:

        npx playwright show-trace experiments/instruction-effects/revisions/research-v004/preflight/priority-fixtures/stage-18-check-1791637211217/positive-form/artifacts/import-060-exported-projec-1db6c--order-and-project-defaults/trace.zip

    ────────────────────────────────────────────────────────────────────────────────────────────────




[20/62] experiments/instruction-effects/revisions/research-v004/decisions/task-018-draft/suite/import.spec.mjs:17:2 › 061 malformed root documents and blank override reject atomically and retain inputs
[21/62] experiments/instruction-effects/revisions/research-v004/decisions/task-018-draft/suite/import.spec.mjs:20:2 › 062 invalid later tasks reject the entire import without partial project task or existing-data writes
[22/62] experiments/instruction-effects/revisions/research-v004/decisions/task-018-draft/suite/import.spec.mjs:23:2 › 063 archived and empty imports preserve flags literal data and native restart sentinels
[23/62] experiments/instruction-effects/revisions/research-v004/decisions/task-018-draft/suite/move-task.spec.mjs:14:2 › 039 moving a task preserves data and destination order without inheriting defaults
[24/62] experiments/instruction-effects/revisions/research-v004/decisions/task-018-draft/suite/move-task.spec.mjs:25:2 › 040 moving under combined filters retains source range and independent data
[25/62] experiments/instruction-effects/revisions/research-v004/decisions/task-018-draft/suite/move-task.spec.mjs:33:2 › 041 destination choices use active current project names in creation order
[26/62] experiments/instruction-effects/revisions/research-v004/decisions/task-018-draft/suite/move-task.spec.mjs:37:2 › 042 archived source moves are disabled restoration allows moving an undated task
[27/62] experiments/instruction-effects/revisions/research-v004/decisions/task-018-draft/suite/notes.spec.mjs:10:2 › 052 multiline notes retain literal text filters and archived read-only behavior
[28/62] experiments/instruction-effects/revisions/research-v004/decisions/task-018-draft/suite/notes.spec.mjs:21:2 › 053 notes travel through moves and returns while original archived data upgrades
[29/62] experiments/instruction-effects/revisions/research-v004/decisions/task-018-draft/suite/priority-filter.spec.mjs:8:3 › 023 priority and completion filters intersect in creation order
[30/62] experiments/instruction-effects/revisions/research-v004/decisions/task-018-draft/suite/priority-filter.spec.mjs:42:3 › 024 filtered edits re-evaluate rows while retaining both filter choices
[31/62] experiments/instruction-effects/revisions/research-v004/decisions/task-018-draft/suite/priority-filter.spec.mjs:72:3 › 025 task rename retains combined filter membership
[32/62] experiments/instruction-effects/revisions/research-v004/decisions/task-018-draft/suite/priority-filter.spec.mjs:89:3 › 026 archived combined filters are readable without enabling task editing
[33/62] experiments/instruction-effects/revisions/research-v004/decisions/task-018-draft/suite/priority.spec.mjs:8:3 › 022 pre-priority archived data acquires Normal without changing completion
[34/62] experiments/instruction-effects/revisions/research-v004/decisions/task-018-draft/suite/priority.spec.mjs:19:3 › 019 independent priorities default to Normal and persist through rename
[35/62] experiments/instruction-effects/revisions/research-v004/decisions/task-018-draft/suite/priority.spec.mjs:50:3 › 020 priority edits preserve completion filters and summary
[36/62] experiments/instruction-effects/revisions/research-v004/decisions/task-018-draft/suite/priority.spec.mjs:71:3 › 021 archived priorities are read-only and restored unchanged
[37/62] experiments/instruction-effects/revisions/research-v004/decisions/task-018-draft/suite/return-order.spec.mjs:13:2 › 043 returning tasks in reverse order restores prior positions and current fields
[38/62] experiments/instruction-effects/revisions/research-v004/decisions/task-018-draft/suite/return-order.spec.mjs:20:2 › 044 rename archival and restoration preserve returning project identity
[39/62] experiments/instruction-effects/revisions/research-v004/decisions/task-018-draft/suite/return-order.spec.mjs:27:2 › 045 return positions belong to each project and precede later new arrivals
[40/62] experiments/instruction-effects/revisions/research-v004/decisions/task-018-draft/suite/search-whitespace.spec.mjs:5:2 › 050 task search collapses spaces tabs without changing stored titles or filters
[41/62] experiments/instruction-effects/revisions/research-v004/decisions/task-018-draft/suite/search-whitespace.spec.mjs:12:2 › 051 project whitespace matching retains original names and archived intersection
[42/62] experiments/instruction-effects/revisions/research-v004/decisions/task-018-draft/suite/search.spec.mjs:7:2 › 046 project search trims ASCII case and intersects archive filter in creation order
[43/62] experiments/instruction-effects/revisions/research-v004/decisions/task-018-draft/suite/search.spec.mjs:15:2 › 047 task search intersects all filters retaining order and summary counts
[44/62] experiments/instruction-effects/revisions/research-v004/decisions/task-018-draft/suite/search.spec.mjs:30:2 › 048 rename re-evaluates search membership and archived search remains readable
[45/62] experiments/instruction-effects/revisions/research-v004/decisions/task-018-draft/suite/search.spec.mjs:37:2 › 049 upgraded original task012 return positions remain usable
[46/62] experiments/instruction-effects/revisions/research-v004/decisions/task-018-draft/suite/workboard.spec.mjs:8:1 › 001 health and project creation persist on reload
[47/62] experiments/instruction-effects/revisions/research-v004/decisions/task-018-draft/suite/workboard.spec.mjs:25:1 › 002 blank project input is rejected
[48/62] experiments/instruction-effects/revisions/research-v004/decisions/task-018-draft/suite/workboard.spec.mjs:38:1 › 003 project creation order
[49/62] experiments/instruction-effects/revisions/research-v004/decisions/task-018-draft/suite/workboard.spec.mjs:46:3 › 004 trimmed tasks and project URL survive reload
[50/62] experiments/instruction-effects/revisions/research-v004/decisions/task-018-draft/suite/workboard.spec.mjs:55:3 › 005 blank task input is rejected
[51/62] experiments/instruction-effects/revisions/research-v004/decisions/task-018-draft/suite/workboard.spec.mjs:64:3 › 006 tasks do not cross project boundaries
[52/62] experiments/instruction-effects/revisions/research-v004/decisions/task-018-draft/suite/workboard.spec.mjs:73:3 › 007 task filters and completion state persist
[53/62] experiments/instruction-effects/revisions/research-v004/decisions/task-018-draft/suite/workboard.spec.mjs:102:3 › 008 archive state persists and project can be restored
[54/62] experiments/instruction-effects/revisions/research-v004/decisions/task-018-draft/suite/workboard.spec.mjs:114:3 › 009 archived tasks are read-only and survive restoration
[55/62] experiments/instruction-effects/revisions/research-v004/decisions/task-018-draft/suite/workboard.spec.mjs:142:3 › 010 completion summaries reflect all tasks
[56/62] experiments/instruction-effects/revisions/research-v004/decisions/task-018-draft/suite/workboard.spec.mjs:155:1 › 011 seed process-restart persistence checks
[57/62] experiments/instruction-effects/revisions/research-v004/decisions/task-018-draft/suite/workboard.spec.mjs:207:3 › 013 rename preserves project URL, task state, summary and creation order
[58/62] experiments/instruction-effects/revisions/research-v004/decisions/task-018-draft/suite/workboard.spec.mjs:231:3 › 014 blank rename preserves original name
[59/62] experiments/instruction-effects/revisions/research-v004/decisions/task-018-draft/suite/workboard.spec.mjs:241:3 › 015 archived rename controls become available after restoration
[60/62] experiments/instruction-effects/revisions/research-v004/decisions/task-018-draft/suite/workboard.spec.mjs:260:3 › 016 task rename preserves completion, order, filter membership and summary
[61/62] experiments/instruction-effects/revisions/research-v004/decisions/task-018-draft/suite/workboard.spec.mjs:283:3 › 017 blank task rename preserves the original title
[62/62] experiments/instruction-effects/revisions/research-v004/decisions/task-018-draft/suite/workboard.spec.mjs:294:3 › 018 archived task rename controls become enabled after restoration
  1 failed
    experiments/instruction-effects/revisions/research-v004/decisions/task-018-draft/suite/import.spec.mjs:14:2 › 060 exported projects import independently with saved fields deleted order and project defaults 
  61 passed (3.2m)
