
Running 1 test using 1 worker



[1/1] experiments/instruction-effects/revisions/research-v005/decisions/task-022-draft/suite/directory-summary.spec.mjs:10:2 › 074 directory totals follow global intersections bulk updates protected scopes and unchanged project summaries
  1) experiments/instruction-effects/revisions/research-v005/decisions/task-022-draft/suite/directory-summary.spec.mjs:10:2 › 074 directory totals follow global intersections bulk updates protected scopes and unchanged project summaries 

    Error: expect(locator).toHaveText(expected) failed

    Locator:  getByTestId('directory-summary')
    Expected: "3/6 completed"
    Received: "6/12 completed"
    Timeout:  5000ms

    Call log:
      - Expect "toHaveText" getByTestId('directory-summary') with timeout 5000ms
      - waiting for getByTestId('directory-summary')
        14 × locator resolved to <span data-testid="directory-summary">6/12 completed</span>
           - unexpected value "6/12 completed"


      4 | const summary=p=>p.getByTestId('directory-summary');
      5 | async function directory(p,q){await p.goto('/');await p.getByRole('button',{name:'Task directory',exact:true}).click();await p.getByRole('textbox',{name:'Directory search',exact:true}).fill(q);await p.getByRole('button',{name:'Search directory',exact:true}).click();}
    > 6 | async function result(p,value,titles){if(!titles.length)await expect(p.getByText('No matching tasks',{exact:true})).toBeVisible();await expect(rows(p).getByTestId('directory-task-title')).toHaveText(titles);await expect(summary(p)).toHaveCount(1);await expect(summary(p)).toHaveText(value);}
        |                                                                                                                                                                                                                                                                                 ^
      7 | async function configured(p,owner,title,priority,date='',completed=false,deleted=false){await createTask(p,title);if(priority!=='Normal'){await taskRow(p,title).getByRole('combobox',{name:'Task priority',exact:true}).selectOption({label:priority});await expectPersistedPriority(p,owner,title,priority);}if(date){await taskRow(p,title).getByRole('textbox',{name:'Task due date',exact:true}).fill(date);await taskRow(p,title).getByRole('button',{name:'Save due date',exact:true}).click();const observer=await p.context().newPage();try{await expect.poll(async()=>{await observer.goto('/');await openProject(observer,owner);return taskRow(observer,title).getByRole('textbox',{name:'Task due date',exact:true}).inputValue();},{timeout:5000}).toBe(date);}finally{await observer.close();}}if(completed){await p.getByRole('checkbox',{name:'Complete '+title,exact:true}).check();await expectPersistedCompletion(p,owner,title,true);}if(deleted){await taskRow(p,title).getByRole('button',{name:'Delete task',exact:true}).click();const observer=await p.context().newPage();try{await observer.goto('/');await openProject(observer,owner);await observer.getByRole('combobox',{name:'Task filter',exact:true}).selectOption({label:'Deleted'});await expect(taskRow(observer,title)).toBeVisible();}finally{await observer.close();}await p.goto('/');await openProject(p,owner);}}
      8 | test.beforeEach(async({context})=>{await isolateBrowser(context);});
      9 | if(stage>=22){
        at result (/Users/Shared/projects/competition/experiments/instruction-effects/revisions/research-v005/decisions/task-022-draft/suite/directory-summary.spec.mjs:6:273)
        at /Users/Shared/projects/competition/experiments/instruction-effects/revisions/research-v005/decisions/task-022-draft/suite/directory-summary.spec.mjs:13:56

    attachment #1: screenshot (image/png) ──────────────────────────────────────────────────────────
    experiments/instruction-effects/revisions/research-v005/preflight/priority-fixtures/summary-full-check-1791648700104/negative-summary-duplicates/artifacts/directory-summary-074-dire-c7f66-unchanged-project-summaries/test-failed-1.png
    ────────────────────────────────────────────────────────────────────────────────────────────────

    Error Context: experiments/instruction-effects/revisions/research-v005/preflight/priority-fixtures/summary-full-check-1791648700104/negative-summary-duplicates/artifacts/directory-summary-074-dire-c7f66-unchanged-project-summaries/error-context.md

    attachment #3: trace (application/zip) ─────────────────────────────────────────────────────────
    experiments/instruction-effects/revisions/research-v005/preflight/priority-fixtures/summary-full-check-1791648700104/negative-summary-duplicates/artifacts/directory-summary-074-dire-c7f66-unchanged-project-summaries/trace.zip
    Usage:

        npx playwright show-trace experiments/instruction-effects/revisions/research-v005/preflight/priority-fixtures/summary-full-check-1791648700104/negative-summary-duplicates/artifacts/directory-summary-074-dire-c7f66-unchanged-project-summaries/trace.zip

    ────────────────────────────────────────────────────────────────────────────────────────────────


  1 failed
    experiments/instruction-effects/revisions/research-v005/decisions/task-022-draft/suite/directory-summary.spec.mjs:10:2 › 074 directory totals follow global intersections bulk updates protected scopes and unchanged project summaries 
