
Running 1 test using 1 worker



[1/1] experiments/instruction-effects/revisions/research-v006/decisions/task-020-search-stress-draft/suite/deletion.spec.mjs:27:2 › 057 deleted filter intersects priority due range and title search
  1) experiments/instruction-effects/revisions/research-v006/decisions/task-020-search-stress-draft/suite/deletion.spec.mjs:27:2 › 057 deleted filter intersects priority due range and title search 

    Error: expect(locator).toHaveCount(expected) failed

    Locator:  getByTestId('task-row').visible()
    Expected: 1
    Received: 2
    Timeout:  5000ms

    Call log:
      - Expect "toHaveCount" getByTestId('task-row').visible() with timeout 5000ms
      - waiting for getByTestId('task-row').visible()
        14 × locator resolved to 2 elements
           - unexpected value "2"


      30 |   for(const t of ['Hit one','Hit two','Other title'])await saved(page,owner,t,'Task due date','2039-01-01');
      31 |   for(const t of ['Hit one','Hit two','Other title','Undated hit']){await taskRow(page,t).getByRole('button',{name:'Delete task',exact:true}).click();await summary(page,owner,'0/'+(3-['Hit one','Hit two','Other title','Undated hit'].indexOf(t))+' completed');}
    > 32 |   await filter(page).selectOption({label:'Deleted'});await expect(taskRow(page,'Hit one')).toBeVisible();await expect(page.getByTestId('task-row').filter({visible:true})).toHaveCount(4);await page.getByRole('combobox',{name:'Priority filter',exact:true}).selectOption({label:'High'});await expect(taskRow(page,'Hit one')).toBeVisible();await expect(page.getByTestId('task-row').filter({visible:true})).toHaveCount(3);await page.getByRole('textbox',{name:'Due from',exact:true}).fill('2039-01-01');await page.getByRole('textbox',{name:'Due through',exact:true}).fill('2039-01-01');await page.getByRole('button',{name:'Apply due range',exact:true}).click();await expect(taskRow(page,'Hit one')).toBeVisible();await expect(page.getByTestId('task-row').filter({visible:true})).toHaveCount(2);await page.getByRole('textbox',{name:'Task search',exact:true}).fill('HIT');await page.getByRole('button',{name:'Search tasks',exact:true}).click();await expect(taskRow(page,'Hit one')).toBeVisible();await expect(page.getByTestId('task-row').filter({visible:true})).toHaveCount(1);await page.reload();await expect(taskRow(page,'Hit one')).toBeVisible();await expect(page.getByTestId('task-row').filter({visible:true})).toHaveCount(1);
         |                                                                                                                                                                                                                                                                                                                                                                                                                                                                                                                                                                                                                                                                                                                                                                                                                                                                                                                                                                                                                                                                                               ^
      33 |  });
      34 |
      35 | }
        at /Users/Shared/projects/competition/experiments/instruction-effects/revisions/research-v006/decisions/task-020-search-stress-draft/suite/deletion.spec.mjs:32:1055

    attachment #1: screenshot (image/png) ──────────────────────────────────────────────────────────
    experiments/instruction-effects/revisions/research-v006/preflight/priority-fixtures/deletion-search-defect-check-1791650708132/negative-deleted-ignores-search/artifacts/deletion-057-deleted-filte-bf527--due-range-and-title-search/test-failed-1.png
    ────────────────────────────────────────────────────────────────────────────────────────────────

    Error Context: experiments/instruction-effects/revisions/research-v006/preflight/priority-fixtures/deletion-search-defect-check-1791650708132/negative-deleted-ignores-search/artifacts/deletion-057-deleted-filte-bf527--due-range-and-title-search/error-context.md

    attachment #3: trace (application/zip) ─────────────────────────────────────────────────────────
    experiments/instruction-effects/revisions/research-v006/preflight/priority-fixtures/deletion-search-defect-check-1791650708132/negative-deleted-ignores-search/artifacts/deletion-057-deleted-filte-bf527--due-range-and-title-search/trace.zip
    Usage:

        npx playwright show-trace experiments/instruction-effects/revisions/research-v006/preflight/priority-fixtures/deletion-search-defect-check-1791650708132/negative-deleted-ignores-search/artifacts/deletion-057-deleted-filte-bf527--due-range-and-title-search/trace.zip

    ────────────────────────────────────────────────────────────────────────────────────────────────


  1 failed
    experiments/instruction-effects/revisions/research-v006/decisions/task-020-search-stress-draft/suite/deletion.spec.mjs:27:2 › 057 deleted filter intersects priority due range and title search 
