
Running 1 test using 1 worker



[1/1] experiments/instruction-effects/revisions/research-v008/preflight/priority-fixtures/final030-third-executed-suite/directory-notes-edit.spec.mjs:37:2 › 088 directory notes preserve literal text every intersection and other fields
  1) experiments/instruction-effects/revisions/research-v008/preflight/priority-fixtures/final030-third-executed-suite/directory-notes-edit.spec.mjs:37:2 › 088 directory notes preserve literal text every intersection and other fields 

    Error: expect(locator).toHaveText(expected) failed

    Locator: getByTestId('directory-task-row').visible().getByTestId('directory-task-title')
    Timeout: 5000ms
    - Expected  - 1
    + Received  + 1

      Array [
    -   "task-030 Notes batch record alpha target",
        "task-030 Notes batch record zulu target",
    +   "task-030 Notes batch record alpha target",
      ]

    Call log:
      - Expect "toHaveText" getByTestId('directory-task-row').visible().getByTestId('directory-task-title') with timeout 5000ms
      - waiting for getByTestId('directory-task-row').visible().getByTestId('directory-task-title')
        14 × locator resolved to 2 elements


       8 | async function result(p,names,counts,expected,total){
       9 |  if(!expected.length)await expect(p.getByText('No matching tasks',{exact:true})).toBeVisible();
    > 10 |  await expect(rows(p).getByTestId('directory-task-title')).toHaveText(expected);
         |                                                            ^
      11 |  await expect(owners(p).getByTestId('directory-owner-name')).toHaveText(names.map(projectName));
      12 |  await expect(owners(p).getByTestId('directory-owner-summary')).toHaveText(counts);
      13 |  await expect(p.getByTestId('directory-summary')).toHaveText(total);
        at result (/Users/Shared/projects/competition/experiments/instruction-effects/revisions/research-v008/preflight/priority-fixtures/final030-third-executed-suite/directory-notes-edit.spec.mjs:10:60)
        at /Users/Shared/projects/competition/experiments/instruction-effects/revisions/research-v008/preflight/priority-fixtures/final030-third-executed-suite/directory-notes-edit.spec.mjs:42:115

    attachment #1: screenshot (image/png) ──────────────────────────────────────────────────────────
    experiments/instruction-effects/revisions/research-v008/preflight/priority-fixtures/stage30-final-controls-1791660945847/negative-bulk-notes-resets-order-088/artifacts/directory-notes-edit-088-d-3accc-tersection-and-other-fields/test-failed-1.png
    ────────────────────────────────────────────────────────────────────────────────────────────────

    Error Context: experiments/instruction-effects/revisions/research-v008/preflight/priority-fixtures/stage30-final-controls-1791660945847/negative-bulk-notes-resets-order-088/artifacts/directory-notes-edit-088-d-3accc-tersection-and-other-fields/error-context.md

    attachment #3: trace (application/zip) ─────────────────────────────────────────────────────────
    experiments/instruction-effects/revisions/research-v008/preflight/priority-fixtures/stage30-final-controls-1791660945847/negative-bulk-notes-resets-order-088/artifacts/directory-notes-edit-088-d-3accc-tersection-and-other-fields/trace.zip
    Usage:

        npx playwright show-trace experiments/instruction-effects/revisions/research-v008/preflight/priority-fixtures/stage30-final-controls-1791660945847/negative-bulk-notes-resets-order-088/artifacts/directory-notes-edit-088-d-3accc-tersection-and-other-fields/trace.zip

    ────────────────────────────────────────────────────────────────────────────────────────────────


  1 failed
    experiments/instruction-effects/revisions/research-v008/preflight/priority-fixtures/final030-third-executed-suite/directory-notes-edit.spec.mjs:37:2 › 088 directory notes preserve literal text every intersection and other fields 
