
Running 1 test using 1 worker



[1/1] experiments/instruction-effects/revisions/research-v008/preflight/priority-fixtures/final030-third-executed-suite/directory-notes-edit.spec.mjs:37:2 › 088 directory notes preserve literal text every intersection and other fields
  1) experiments/instruction-effects/revisions/research-v008/preflight/priority-fixtures/final030-third-executed-suite/directory-notes-edit.spec.mjs:37:2 › 088 directory notes preserve literal text every intersection and other fields 

    Error: expect(received).toBe(expected) // Object.is equality

    - Expected  - 3
    + Received  + 1

    -   Literal Ω 😀	 with  spaces
    - second line
    -   
    +   Literal Ω 😀	 with  spaces second line   

    Call Log:
    - Timeout 5000ms exceeded while waiting on the predicate

      31 |
      32 |
    > 33 | async function persistedField(p,owner,title,label,value){const o=await p.context().newPage();try{await expect.poll(async()=>{await returnTo(o,owner);return taskRow(o,title).getByRole('textbox',{name:label,exact:true}).inputValue();},{timeout:5000}).toBe(value);}finally{await o.close();}}
         |                                                                                                                                                                                                                                                          ^
      34 |
      35 | test.beforeEach(async({context})=>{await isolateBrowser(context);});
      36 | if(stage>=27){
        at persistedField (/Users/Shared/projects/competition/experiments/instruction-effects/revisions/research-v008/preflight/priority-fixtures/final030-third-executed-suite/directory-notes-edit.spec.mjs:33:250)
        at /Users/Shared/projects/competition/experiments/instruction-effects/revisions/research-v008/preflight/priority-fixtures/final030-third-executed-suite/directory-notes-edit.spec.mjs:40:1233

    attachment #1: screenshot (image/png) ──────────────────────────────────────────────────────────
    experiments/instruction-effects/revisions/research-v008/preflight/priority-fixtures/stage30-final-controls-1791660945847/negative-bulk-notes-flattened-088/artifacts/directory-notes-edit-088-d-3accc-tersection-and-other-fields/test-failed-1.png
    ────────────────────────────────────────────────────────────────────────────────────────────────

    Error Context: experiments/instruction-effects/revisions/research-v008/preflight/priority-fixtures/stage30-final-controls-1791660945847/negative-bulk-notes-flattened-088/artifacts/directory-notes-edit-088-d-3accc-tersection-and-other-fields/error-context.md

    attachment #3: trace (application/zip) ─────────────────────────────────────────────────────────
    experiments/instruction-effects/revisions/research-v008/preflight/priority-fixtures/stage30-final-controls-1791660945847/negative-bulk-notes-flattened-088/artifacts/directory-notes-edit-088-d-3accc-tersection-and-other-fields/trace.zip
    Usage:

        npx playwright show-trace experiments/instruction-effects/revisions/research-v008/preflight/priority-fixtures/stage30-final-controls-1791660945847/negative-bulk-notes-flattened-088/artifacts/directory-notes-edit-088-d-3accc-tersection-and-other-fields/trace.zip

    ────────────────────────────────────────────────────────────────────────────────────────────────


  1 failed
    experiments/instruction-effects/revisions/research-v008/preflight/priority-fixtures/final030-third-executed-suite/directory-notes-edit.spec.mjs:37:2 › 088 directory notes preserve literal text every intersection and other fields 
