
Running 11 tests using 1 worker



[1/11] runs/instruction-effects/pilot-011/definitions/project/acceptance/workboard.spec.mjs:6:1 › 001 health and project creation persist on reload
[2/11] runs/instruction-effects/pilot-011/definitions/project/acceptance/workboard.spec.mjs:21:1 › 002 blank project input is rejected
[3/11] runs/instruction-effects/pilot-011/definitions/project/acceptance/workboard.spec.mjs:34:1 › 003 project creation order
[4/11] runs/instruction-effects/pilot-011/definitions/project/acceptance/workboard.spec.mjs:42:3 › 004 trimmed tasks and project URL survive reload
[5/11] runs/instruction-effects/pilot-011/definitions/project/acceptance/workboard.spec.mjs:51:3 › 005 blank task input is rejected
[6/11] runs/instruction-effects/pilot-011/definitions/project/acceptance/workboard.spec.mjs:60:3 › 006 tasks do not cross project boundaries
[7/11] runs/instruction-effects/pilot-011/definitions/project/acceptance/workboard.spec.mjs:69:3 › 007 task filters and completion state persist
[8/11] runs/instruction-effects/pilot-011/definitions/project/acceptance/workboard.spec.mjs:96:3 › 008 archive state persists and project can be restored
  1) runs/instruction-effects/pilot-011/definitions/project/acceptance/workboard.spec.mjs:96:3 › 008 archive state persists and project can be restored 

    Error: expect(locator).toBeVisible() failed

    Locator: getByTestId('project-row').filter({ hasText: 'task-003 Archive lifecycle' }).visible()
    Expected: visible
    Error: strict mode violation: getByTestId('project-row').filter({ hasText: 'task-003 Archive lifecycle' }).visible() resolved to 2 elements:
        1) <div class="project-row" data-testid="project-row">…</div> aka getByText('task-003 Archive lifecycle0/0').first()
        2) <div class="project-row" data-testid="project-row">…</div> aka getByText('task-003 Archive lifecycle0/0').nth(1)

    Call log:
      - Expect "toBeVisible" getByTestId('project-row').filter({ hasText: 'task-003 Archive lifecycle' }).visible() with timeout 5000ms
      - waiting for getByTestId('project-row').filter({ hasText: 'task-003 Archive lifecycle' }).visible()


      103 |     await projectRow(page, 'Archive lifecycle').getByRole('button', { name: 'Restore project', exact: true }).click();
      104 |     await page.getByRole('combobox', { name: 'Project filter', exact: true }).selectOption({ label: 'Active' });
    > 105 |     await expect(projectRow(page, 'Archive lifecycle')).toBeVisible();
          |                                                         ^
      106 |   });
      107 |
      108 |   test('009 archived tasks are read-only and survive restoration', async ({ page }) => {
        at /Users/Shared/projects/competition/runs/instruction-effects/pilot-011/definitions/project/acceptance/workboard.spec.mjs:105:57

    attachment #1: screenshot (image/png) ──────────────────────────────────────────────────────────
    runs/instruction-effects/pilot-011/tasks/task-003/attempts/b012/attempt-002/acceptance/artifacts/workboard-008-archive-stat-82517-and-project-can-be-restored/test-failed-1.png
    ────────────────────────────────────────────────────────────────────────────────────────────────

    Error Context: runs/instruction-effects/pilot-011/tasks/task-003/attempts/b012/attempt-002/acceptance/artifacts/workboard-008-archive-stat-82517-and-project-can-be-restored/error-context.md

    attachment #3: trace (application/zip) ─────────────────────────────────────────────────────────
    runs/instruction-effects/pilot-011/tasks/task-003/attempts/b012/attempt-002/acceptance/artifacts/workboard-008-archive-stat-82517-and-project-can-be-restored/trace.zip
    Usage:

        npx playwright show-trace runs/instruction-effects/pilot-011/tasks/task-003/attempts/b012/attempt-002/acceptance/artifacts/workboard-008-archive-stat-82517-and-project-can-be-restored/trace.zip

    ────────────────────────────────────────────────────────────────────────────────────────────────




[9/11] runs/instruction-effects/pilot-011/definitions/project/acceptance/workboard.spec.mjs:108:3 › 009 archived tasks are read-only and survive restoration
  2) runs/instruction-effects/pilot-011/definitions/project/acceptance/workboard.spec.mjs:108:3 › 009 archived tasks are read-only and survive restoration 

    Error: locator.click: Error: strict mode violation: getByTestId('project-row').filter({ hasText: 'task-003 Archive tasks' }).visible().getByRole('button', { name: 'Open project', exact: true }) resolved to 2 elements:
        1) <button type="button">Open project</button> aka locator('div:nth-child(26) > .project-actions > button').first()
        2) <button type="button">Open project</button> aka locator('div:nth-child(52) > .project-actions > button').first()

    Call log:
      - waiting for getByTestId('project-row').filter({ hasText: 'task-003 Archive tasks' }).visible().getByRole('button', { name: 'Open project', exact: true })


       at helpers.mjs:19

      17 | }
      18 | export async function openProject(page, name) {
    > 19 |   await projectRow(page, name).getByRole('button', { name: 'Open project', exact: true }).click();
         |                                                                                           ^
      20 |   await expect(page.getByRole('heading', { name: projectName(name), exact: true }).first()).toBeVisible();
      21 | }
      22 | export async function createTask(page, title) {
        at openProject (/Users/Shared/projects/competition/runs/instruction-effects/pilot-011/definitions/project/acceptance/helpers.mjs:19:91)
        at /Users/Shared/projects/competition/runs/instruction-effects/pilot-011/definitions/project/acceptance/workboard.spec.mjs:129:11

    attachment #1: screenshot (image/png) ──────────────────────────────────────────────────────────
    runs/instruction-effects/pilot-011/tasks/task-003/attempts/b012/attempt-002/acceptance/artifacts/workboard-009-archived-tas-93ee2-nly-and-survive-restoration/test-failed-1.png
    ────────────────────────────────────────────────────────────────────────────────────────────────

    Error Context: runs/instruction-effects/pilot-011/tasks/task-003/attempts/b012/attempt-002/acceptance/artifacts/workboard-009-archived-tas-93ee2-nly-and-survive-restoration/error-context.md

    attachment #3: trace (application/zip) ─────────────────────────────────────────────────────────
    runs/instruction-effects/pilot-011/tasks/task-003/attempts/b012/attempt-002/acceptance/artifacts/workboard-009-archived-tas-93ee2-nly-and-survive-restoration/trace.zip
    Usage:

        npx playwright show-trace runs/instruction-effects/pilot-011/tasks/task-003/attempts/b012/attempt-002/acceptance/artifacts/workboard-009-archived-tas-93ee2-nly-and-survive-restoration/trace.zip

    ────────────────────────────────────────────────────────────────────────────────────────────────




[10/11] runs/instruction-effects/pilot-011/definitions/project/acceptance/workboard.spec.mjs:134:3 › 010 completion summaries reflect all tasks
[11/11] runs/instruction-effects/pilot-011/definitions/project/acceptance/workboard.spec.mjs:146:1 › 011 seed process-restart persistence checks
  2 failed
    runs/instruction-effects/pilot-011/definitions/project/acceptance/workboard.spec.mjs:96:3 › 008 archive state persists and project can be restored 
    runs/instruction-effects/pilot-011/definitions/project/acceptance/workboard.spec.mjs:108:3 › 009 archived tasks are read-only and survive restoration 
  9 passed (8.9s)
