
Running 11 tests using 1 worker



[1/11] runs/instruction-effects/pilot-012/definitions/project/acceptance/workboard.spec.mjs:7:1 › 001 health and project creation persist on reload
[2/11] runs/instruction-effects/pilot-012/definitions/project/acceptance/workboard.spec.mjs:22:1 › 002 blank project input is rejected
[3/11] runs/instruction-effects/pilot-012/definitions/project/acceptance/workboard.spec.mjs:35:1 › 003 project creation order
[4/11] runs/instruction-effects/pilot-012/definitions/project/acceptance/workboard.spec.mjs:43:3 › 004 trimmed tasks and project URL survive reload
[5/11] runs/instruction-effects/pilot-012/definitions/project/acceptance/workboard.spec.mjs:52:3 › 005 blank task input is rejected
[6/11] runs/instruction-effects/pilot-012/definitions/project/acceptance/workboard.spec.mjs:61:3 › 006 tasks do not cross project boundaries
[7/11] runs/instruction-effects/pilot-012/definitions/project/acceptance/workboard.spec.mjs:70:3 › 007 task filters and completion state persist
[8/11] runs/instruction-effects/pilot-012/definitions/project/acceptance/workboard.spec.mjs:97:3 › 008 archive state persists and project can be restored
  1) runs/instruction-effects/pilot-012/definitions/project/acceptance/workboard.spec.mjs:97:3 › 008 archive state persists and project can be restored 

    Error: expect(locator).toBeVisible() failed

    Locator: getByTestId('project-row').filter({ hasText: 'task-003 Archive lifecycle' }).visible()
    Expected: visible
    Error: strict mode violation: getByTestId('project-row').filter({ hasText: 'task-003 Archive lifecycle' }).visible() resolved to 2 elements:
        1) <div class="project-row" data-testid="project-row">…</div> aka getByText('task-003 Archive lifecycle0/0').first()
        2) <div class="project-row" data-testid="project-row">…</div> aka getByText('task-003 Archive lifecycle0/0').nth(1)

    Call log:
      - Expect "toBeVisible" getByTestId('project-row').filter({ hasText: 'task-003 Archive lifecycle' }).visible() with timeout 5000ms
      - waiting for getByTestId('project-row').filter({ hasText: 'task-003 Archive lifecycle' }).visible()


      104 |     await projectRow(page, 'Archive lifecycle').getByRole('button', { name: 'Restore project', exact: true }).click();
      105 |     await page.getByRole('combobox', { name: 'Project filter', exact: true }).selectOption({ label: 'Active' });
    > 106 |     await expect(projectRow(page, 'Archive lifecycle')).toBeVisible();
          |                                                         ^
      107 |   });
      108 |
      109 |   test('009 archived tasks are read-only and survive restoration', async ({ page }) => {
        at /Users/Shared/projects/competition/runs/instruction-effects/pilot-012/definitions/project/acceptance/workboard.spec.mjs:106:57

    attachment #1: screenshot (image/png) ──────────────────────────────────────────────────────────
    runs/instruction-effects/pilot-012/tasks/task-003/attempts/b004/attempt-001/acceptance/artifacts/workboard-008-archive-stat-82517-and-project-can-be-restored/test-failed-1.png
    ────────────────────────────────────────────────────────────────────────────────────────────────

    Error Context: runs/instruction-effects/pilot-012/tasks/task-003/attempts/b004/attempt-001/acceptance/artifacts/workboard-008-archive-stat-82517-and-project-can-be-restored/error-context.md

    attachment #3: trace (application/zip) ─────────────────────────────────────────────────────────
    runs/instruction-effects/pilot-012/tasks/task-003/attempts/b004/attempt-001/acceptance/artifacts/workboard-008-archive-stat-82517-and-project-can-be-restored/trace.zip
    Usage:

        npx playwright show-trace runs/instruction-effects/pilot-012/tasks/task-003/attempts/b004/attempt-001/acceptance/artifacts/workboard-008-archive-stat-82517-and-project-can-be-restored/trace.zip

    ────────────────────────────────────────────────────────────────────────────────────────────────




[9/11] runs/instruction-effects/pilot-012/definitions/project/acceptance/workboard.spec.mjs:109:3 › 009 archived tasks are read-only and survive restoration
  2) runs/instruction-effects/pilot-012/definitions/project/acceptance/workboard.spec.mjs:109:3 › 009 archived tasks are read-only and survive restoration 

    Test timeout of 20000ms exceeded.

    Error: locator.click: Test timeout of 20000ms exceeded.
    Call log:
      - waiting for getByTestId('project-row').filter({ hasText: 'task-003 Archive tasks' }).visible().getByRole('button', { name: 'Restore project', exact: true })


      126 |     await page.getByRole('button', { name: 'Projects', exact: true }).click();
      127 |     await page.getByRole('combobox', { name: 'Project filter', exact: true }).selectOption({ label: 'Archived' });
    > 128 |     await projectRow(page, 'Archive tasks').getByRole('button', { name: 'Restore project', exact: true }).click();
          |                                                                                                           ^
      129 |     await page.getByRole('combobox', { name: 'Project filter', exact: true }).selectOption({ label: 'Active' });
      130 |     await openProject(page, 'Archive tasks');
      131 |     await expect(page.getByRole('checkbox', { name: 'Complete Retained task', exact: true })).toBeChecked();
        at /Users/Shared/projects/competition/runs/instruction-effects/pilot-012/definitions/project/acceptance/workboard.spec.mjs:128:107

    attachment #1: screenshot (image/png) ──────────────────────────────────────────────────────────
    runs/instruction-effects/pilot-012/tasks/task-003/attempts/b004/attempt-001/acceptance/artifacts/workboard-009-archived-tas-93ee2-nly-and-survive-restoration/test-failed-1.png
    ────────────────────────────────────────────────────────────────────────────────────────────────

    Error Context: runs/instruction-effects/pilot-012/tasks/task-003/attempts/b004/attempt-001/acceptance/artifacts/workboard-009-archived-tas-93ee2-nly-and-survive-restoration/error-context.md

    attachment #3: trace (application/zip) ─────────────────────────────────────────────────────────
    runs/instruction-effects/pilot-012/tasks/task-003/attempts/b004/attempt-001/acceptance/artifacts/workboard-009-archived-tas-93ee2-nly-and-survive-restoration/trace.zip
    Usage:

        npx playwright show-trace runs/instruction-effects/pilot-012/tasks/task-003/attempts/b004/attempt-001/acceptance/artifacts/workboard-009-archived-tas-93ee2-nly-and-survive-restoration/trace.zip

    ────────────────────────────────────────────────────────────────────────────────────────────────




[10/11] runs/instruction-effects/pilot-012/definitions/project/acceptance/workboard.spec.mjs:135:3 › 010 completion summaries reflect all tasks
[11/11] runs/instruction-effects/pilot-012/definitions/project/acceptance/workboard.spec.mjs:147:1 › 011 seed process-restart persistence checks
  2 failed
    runs/instruction-effects/pilot-012/definitions/project/acceptance/workboard.spec.mjs:97:3 › 008 archive state persists and project can be restored 
    runs/instruction-effects/pilot-012/definitions/project/acceptance/workboard.spec.mjs:109:3 › 009 archived tasks are read-only and survive restoration 
  9 passed (25.2s)
