
Running 1 test using 1 worker



[1/1] experiments/instruction-effects/revisions/research-v010/preflight/task035-executed04-suite/directory-due-status.spec.mjs:59:2 › 121 every directory bulk operation applies due presence without relying on a date range
  1) experiments/instruction-effects/revisions/research-v010/preflight/task035-executed04-suite/directory-due-status.spec.mjs:59:2 › 121 every directory bulk operation applies due presence without relying on a date range 

    Error: Completion state must be durable before the next navigation

    Completion state must be durable before the next navigation

    expect(received).toBe(expected) // Object.is equality

    Expected: false
    Received: true

    Call Log:
    - Timeout 5000ms exceeded while waiting on the predicate

       at helpers.mjs:62

      60 |       await expect(taskRow(observer, title)).toBeVisible();
      61 |       return observer.getByRole('checkbox', {name:'Complete '+title, exact:true}).isChecked();
    > 62 |     }, {timeout:5000, message:'Completion state must be durable before the next navigation'}).toBe(completed);
         |                                                                                               ^
      63 |   } finally { await observer.close(); }
      64 | }
      65 |
        at expectPersistedCompletion (/Users/Shared/projects/competition/experiments/instruction-effects/revisions/research-v010/preflight/task035-executed04-suite/helpers.mjs:62:95)
        at /Users/Shared/projects/competition/experiments/instruction-effects/revisions/research-v010/preflight/task035-executed04-suite/directory-due-status.spec.mjs:64:201

    attachment #1: screenshot (image/png) ──────────────────────────────────────────────────────────
    experiments/instruction-effects/revisions/research-v010/preflight/task035-focused04-check-1791676972741/negative-due-bulk-complete-ignored-121/artifacts/directory-due-status-121-e-a585b-out-relying-on-a-date-range/test-failed-1.png
    ────────────────────────────────────────────────────────────────────────────────────────────────

    Error Context: experiments/instruction-effects/revisions/research-v010/preflight/task035-focused04-check-1791676972741/negative-due-bulk-complete-ignored-121/artifacts/directory-due-status-121-e-a585b-out-relying-on-a-date-range/error-context.md

    attachment #3: trace (application/zip) ─────────────────────────────────────────────────────────
    experiments/instruction-effects/revisions/research-v010/preflight/task035-focused04-check-1791676972741/negative-due-bulk-complete-ignored-121/artifacts/directory-due-status-121-e-a585b-out-relying-on-a-date-range/trace.zip
    Usage:

        npx playwright show-trace experiments/instruction-effects/revisions/research-v010/preflight/task035-focused04-check-1791676972741/negative-due-bulk-complete-ignored-121/artifacts/directory-due-status-121-e-a585b-out-relying-on-a-date-range/trace.zip

    ────────────────────────────────────────────────────────────────────────────────────────────────


  1 failed
    experiments/instruction-effects/revisions/research-v010/preflight/task035-executed04-suite/directory-due-status.spec.mjs:59:2 › 121 every directory bulk operation applies due presence without relying on a date range 
