
Running 1 test using 1 worker



[1/1] experiments/instruction-effects/revisions/research-v010/preflight/task039-executed04-suite/directory-owner-archive.spec.mjs:16:2 › 134 archive and restore each represented owner while preserving all excluded task fields and creation order
  1) experiments/instruction-effects/revisions/research-v010/preflight/task039-executed04-suite/directory-owner-archive.spec.mjs:16:2 › 134 archive and restore each represented owner while preserving all excluded task fields and creation order 

    Error: expect(locator).toHaveText(expected) failed

    Locator: getByTestId('directory-owner-row').visible().getByTestId('directory-owner-summary')
    Timeout: 5000ms
    - Expected  - 1
    + Received  + 1

      Array [
    -   "1/1 completed",
    +   "0/1 completed",
        "1/2 completed",
      ]

    Call log:
      - Expect "toHaveText" getByTestId('directory-owner-row').visible().getByTestId('directory-owner-summary') with timeout 5000ms
      - waiting for getByTestId('directory-owner-row').visible().getByTestId('directory-owner-summary')
        14 × locator resolved to 2 elements


       at directory-presence-helpers.mjs:12

      10 |  await expect(rows(p).getByTestId('directory-task-title')).toHaveText(expected);
      11 |  await expect(owners(p).getByTestId('directory-owner-name')).toHaveText(names.map(projectName));
    > 12 |  await expect(owners(p).getByTestId('directory-owner-summary')).toHaveText(counts);
         |                                                                 ^
      13 |  await expect(p.getByTestId('directory-summary')).toHaveText(total);
      14 | }
      15 | async function directory(p,q,ready){await p.goto('/');await p.getByRole('button',{name:'Task directory',exact:true}).click();await expect(rows(p).getByTestId('directory-task-title').filter({hasText:ready}).first()).toBeVisible();await p.getByRole('textbox',{name:'Directory search',exact:true}).fill(q);await p.getByRole('button',{name:'Search directory',exact:true}).click();}
        at result (/Users/Shared/projects/competition/experiments/instruction-effects/revisions/research-v010/preflight/task039-executed04-suite/directory-presence-helpers.mjs:12:65)
        at /Users/Shared/projects/competition/experiments/instruction-effects/revisions/research-v010/preflight/task039-executed04-suite/directory-owner-archive.spec.mjs:19:799

    attachment #1: screenshot (image/png) ──────────────────────────────────────────────────────────
    experiments/instruction-effects/revisions/research-v010/preflight/task039-focused04-check-1791681925727/negative-archive39-completion-flip-134/artifacts/directory-owner-archive-13-a8700-k-fields-and-creation-order/test-failed-1.png
    ────────────────────────────────────────────────────────────────────────────────────────────────

    Error Context: experiments/instruction-effects/revisions/research-v010/preflight/task039-focused04-check-1791681925727/negative-archive39-completion-flip-134/artifacts/directory-owner-archive-13-a8700-k-fields-and-creation-order/error-context.md

    attachment #3: trace (application/zip) ─────────────────────────────────────────────────────────
    experiments/instruction-effects/revisions/research-v010/preflight/task039-focused04-check-1791681925727/negative-archive39-completion-flip-134/artifacts/directory-owner-archive-13-a8700-k-fields-and-creation-order/trace.zip
    Usage:

        npx playwright show-trace experiments/instruction-effects/revisions/research-v010/preflight/task039-focused04-check-1791681925727/negative-archive39-completion-flip-134/artifacts/directory-owner-archive-13-a8700-k-fields-and-creation-order/trace.zip

    ────────────────────────────────────────────────────────────────────────────────────────────────


  1 failed
    experiments/instruction-effects/revisions/research-v010/preflight/task039-executed04-suite/directory-owner-archive.spec.mjs:16:2 › 134 archive and restore each represented owner while preserving all excluded task fields and creation order 
