........................................................../opt/homebrew/Cellar/python@3.14/3.14.8_1/Frameworks/Python.framework/Versions/3.14/lib/python3.14/tempfile.py:484: ResourceWarning: Implicitly cleaning up <HTTPError 500: 'invalid tool arguments'>
  _warnings.warn(self.warn_message, ResourceWarning)
/opt/homebrew/Cellar/python@3.14/3.14.8_1/Frameworks/Python.framework/Versions/3.14/lib/python3.14/tempfile.py:484: ResourceWarning: Implicitly cleaning up <HTTPError 500: 'Internal Server Error'>
  _warnings.warn(self.warn_message, ResourceWarning)
./opt/homebrew/Cellar/python@3.14/3.14.8_1/Frameworks/Python.framework/Versions/3.14/lib/python3.14/tempfile.py:484: ResourceWarning: Implicitly cleaning up <HTTPError 405: 'Only metered inference POST requests are supported.'>
  _warnings.warn(self.warn_message, ResourceWarning)
../opt/homebrew/Cellar/python@3.14/3.14.8_1/Frameworks/Python.framework/Versions/3.14/lib/python3.14/tempfile.py:484: ResourceWarning: Implicitly cleaning up <HTTPError 403: 'Inactive or incorrect inference lease.'>
  _warnings.warn(self.warn_message, ResourceWarning)
.../opt/homebrew/Cellar/python@3.14/3.14.8_1/Frameworks/Python.framework/Versions/3.14/lib/python3.14/tempfile.py:484: ResourceWarning: Implicitly cleaning up <HTTPError 403: 'Model differs from frozen builder configuration.'>
  _warnings.warn(self.warn_message, ResourceWarning)
......................................................................................../opt/homebrew/Cellar/python@3.14/3.14.8_1/Frameworks/Python.framework/Versions/3.14/lib/python3.14/pathlib/__init__.py:330: ResourceWarning: unclosed database in <sqlite3.Connection object at 0x108cace50>
  @property
ResourceWarning: Enable tracemalloc to get the object allocation traceback
/opt/homebrew/Cellar/python@3.14/3.14.8_1/Frameworks/Python.framework/Versions/3.14/lib/python3.14/pathlib/__init__.py:330: ResourceWarning: unclosed database in <sqlite3.Connection object at 0x108cad300>
  @property
ResourceWarning: Enable tracemalloc to get the object allocation traceback
.....
----------------------------------------------------------------------
Ran 157 tests in 13.227s

OK
