........................................................EEEEEEE....E............................................................................./opt/homebrew/Cellar/python@3.14/3.14.8_1/Frameworks/Python.framework/Versions/3.14/lib/python3.14/tempfile.py:484: ResourceWarning: Implicitly cleaning up <HTTPError 503: 'unavailable'>
  _warnings.warn(self.warn_message, ResourceWarning)
/opt/homebrew/Cellar/python@3.14/3.14.8_1/Frameworks/Python.framework/Versions/3.14/lib/python3.14/unittest/mock.py:694: ResourceWarning: unclosed database in <sqlite3.Connection object at 0x1090ce6b0>
  raise AttributeError(name)
ResourceWarning: Enable tracemalloc to get the object allocation traceback
/opt/homebrew/Cellar/python@3.14/3.14.8_1/Frameworks/Python.framework/Versions/3.14/lib/python3.14/unittest/mock.py:694: ResourceWarning: unclosed database in <sqlite3.Connection object at 0x1090ce890>
  raise AttributeError(name)
ResourceWarning: Enable tracemalloc to get the object allocation traceback
......
======================================================================
ERROR: test_failed_tool_parse_retains_native_consumption (test_gateway.GatewayTests.test_failed_tool_parse_retains_native_consumption)
----------------------------------------------------------------------
Traceback (most recent call last):
  File "/Users/Shared/projects/competition/tests/test_gateway.py", line 24, in setUp
    self.gateway = InferenceGateway(self.ledger, {
                   ~~~~~~~~~~~~~~~~^^^^^^^^^^^^^^^
        "fixture-model": {
        ^^^^^^^^^^^^^^^^^^
    ...<2 lines>...
        }
        ^
    })
    ^^
  File "/Users/Shared/projects/competition/orchestrator/gateway.py", line 93, in __init__
    self.server = ThreadingHTTPServer(("127.0.0.1", port), Handler)
                  ~~~~~~~~~~~~~~~~~~~^^^^^^^^^^^^^^^^^^^^^^^^^^^^^^
  File "/opt/homebrew/Cellar/python@3.14/3.14.8_1/Frameworks/Python.framework/Versions/3.14/lib/python3.14/socketserver.py", line 457, in __init__
    self.server_bind()
    ~~~~~~~~~~~~~~~~^^
  File "/opt/homebrew/Cellar/python@3.14/3.14.8_1/Frameworks/Python.framework/Versions/3.14/lib/python3.14/http/server.py", line 148, in server_bind
    socketserver.TCPServer.server_bind(self)
    ~~~~~~~~~~~~~~~~~~~~~~~~~~~~~~~~~~^^^^^^
  File "/opt/homebrew/Cellar/python@3.14/3.14.8_1/Frameworks/Python.framework/Versions/3.14/lib/python3.14/socketserver.py", line 478, in server_bind
    self.socket.bind(self.server_address)
    ~~~~~~~~~~~~~~~~^^^^^^^^^^^^^^^^^^^^^
PermissionError: [Errno 1] Operation not permitted

======================================================================
ERROR: test_gateway_does_not_expose_arbitrary_host_urls (test_gateway.GatewayTests.test_gateway_does_not_expose_arbitrary_host_urls)
----------------------------------------------------------------------
Traceback (most recent call last):
  File "/Users/Shared/projects/competition/tests/test_gateway.py", line 24, in setUp
    self.gateway = InferenceGateway(self.ledger, {
                   ~~~~~~~~~~~~~~~~^^^^^^^^^^^^^^^
        "fixture-model": {
        ^^^^^^^^^^^^^^^^^^
    ...<2 lines>...
        }
        ^
    })
    ^^
  File "/Users/Shared/projects/competition/orchestrator/gateway.py", line 93, in __init__
    self.server = ThreadingHTTPServer(("127.0.0.1", port), Handler)
                  ~~~~~~~~~~~~~~~~~~~^^^^^^^^^^^^^^^^^^^^^^^^^^^^^^
  File "/opt/homebrew/Cellar/python@3.14/3.14.8_1/Frameworks/Python.framework/Versions/3.14/lib/python3.14/socketserver.py", line 457, in __init__
    self.server_bind()
    ~~~~~~~~~~~~~~~~^^
  File "/opt/homebrew/Cellar/python@3.14/3.14.8_1/Frameworks/Python.framework/Versions/3.14/lib/python3.14/http/server.py", line 148, in server_bind
    socketserver.TCPServer.server_bind(self)
    ~~~~~~~~~~~~~~~~~~~~~~~~~~~~~~~~~~^^^^^^
  File "/opt/homebrew/Cellar/python@3.14/3.14.8_1/Frameworks/Python.framework/Versions/3.14/lib/python3.14/socketserver.py", line 478, in server_bind
    self.socket.bind(self.server_address)
    ~~~~~~~~~~~~~~~~^^^^^^^^^^^^^^^^^^^^^
PermissionError: [Errno 1] Operation not permitted

======================================================================
ERROR: test_hosted_run_disables_local_inference_leases (test_gateway.GatewayTests.test_hosted_run_disables_local_inference_leases)
----------------------------------------------------------------------
Traceback (most recent call last):
  File "/Users/Shared/projects/competition/tests/test_gateway.py", line 24, in setUp
    self.gateway = InferenceGateway(self.ledger, {
                   ~~~~~~~~~~~~~~~~^^^^^^^^^^^^^^^
        "fixture-model": {
        ^^^^^^^^^^^^^^^^^^
    ...<2 lines>...
        }
        ^
    })
    ^^
  File "/Users/Shared/projects/competition/orchestrator/gateway.py", line 93, in __init__
    self.server = ThreadingHTTPServer(("127.0.0.1", port), Handler)
                  ~~~~~~~~~~~~~~~~~~~^^^^^^^^^^^^^^^^^^^^^^^^^^^^^^
  File "/opt/homebrew/Cellar/python@3.14/3.14.8_1/Frameworks/Python.framework/Versions/3.14/lib/python3.14/socketserver.py", line 457, in __init__
    self.server_bind()
    ~~~~~~~~~~~~~~~~^^
  File "/opt/homebrew/Cellar/python@3.14/3.14.8_1/Frameworks/Python.framework/Versions/3.14/lib/python3.14/http/server.py", line 148, in server_bind
    socketserver.TCPServer.server_bind(self)
    ~~~~~~~~~~~~~~~~~~~~~~~~~~~~~~~~~~^^^^^^
  File "/opt/homebrew/Cellar/python@3.14/3.14.8_1/Frameworks/Python.framework/Versions/3.14/lib/python3.14/socketserver.py", line 478, in server_bind
    self.socket.bind(self.server_address)
    ~~~~~~~~~~~~~~~~^^^^^^^^^^^^^^^^^^^^^
PermissionError: [Errno 1] Operation not permitted

======================================================================
ERROR: test_incorrect_and_revoked_leases_cannot_infer (test_gateway.GatewayTests.test_incorrect_and_revoked_leases_cannot_infer)
----------------------------------------------------------------------
Traceback (most recent call last):
  File "/Users/Shared/projects/competition/tests/test_gateway.py", line 24, in setUp
    self.gateway = InferenceGateway(self.ledger, {
                   ~~~~~~~~~~~~~~~~^^^^^^^^^^^^^^^
        "fixture-model": {
        ^^^^^^^^^^^^^^^^^^
    ...<2 lines>...
        }
        ^
    })
    ^^
  File "/Users/Shared/projects/competition/orchestrator/gateway.py", line 93, in __init__
    self.server = ThreadingHTTPServer(("127.0.0.1", port), Handler)
                  ~~~~~~~~~~~~~~~~~~~^^^^^^^^^^^^^^^^^^^^^^^^^^^^^^
  File "/opt/homebrew/Cellar/python@3.14/3.14.8_1/Frameworks/Python.framework/Versions/3.14/lib/python3.14/socketserver.py", line 457, in __init__
    self.server_bind()
    ~~~~~~~~~~~~~~~~^^
  File "/opt/homebrew/Cellar/python@3.14/3.14.8_1/Frameworks/Python.framework/Versions/3.14/lib/python3.14/http/server.py", line 148, in server_bind
    socketserver.TCPServer.server_bind(self)
    ~~~~~~~~~~~~~~~~~~~~~~~~~~~~~~~~~~^^^^^^
  File "/opt/homebrew/Cellar/python@3.14/3.14.8_1/Frameworks/Python.framework/Versions/3.14/lib/python3.14/socketserver.py", line 478, in server_bind
    self.socket.bind(self.server_address)
    ~~~~~~~~~~~~~~~~^^^^^^^^^^^^^^^^^^^^^
PermissionError: [Errno 1] Operation not permitted

======================================================================
ERROR: test_native_counter_disagreement_is_missing_evidence (test_gateway.GatewayTests.test_native_counter_disagreement_is_missing_evidence)
----------------------------------------------------------------------
Traceback (most recent call last):
  File "/Users/Shared/projects/competition/tests/test_gateway.py", line 24, in setUp
    self.gateway = InferenceGateway(self.ledger, {
                   ~~~~~~~~~~~~~~~~^^^^^^^^^^^^^^^
        "fixture-model": {
        ^^^^^^^^^^^^^^^^^^
    ...<2 lines>...
        }
        ^
    })
    ^^
  File "/Users/Shared/projects/competition/orchestrator/gateway.py", line 93, in __init__
    self.server = ThreadingHTTPServer(("127.0.0.1", port), Handler)
                  ~~~~~~~~~~~~~~~~~~~^^^^^^^^^^^^^^^^^^^^^^^^^^^^^^
  File "/opt/homebrew/Cellar/python@3.14/3.14.8_1/Frameworks/Python.framework/Versions/3.14/lib/python3.14/socketserver.py", line 457, in __init__
    self.server_bind()
    ~~~~~~~~~~~~~~~~^^
  File "/opt/homebrew/Cellar/python@3.14/3.14.8_1/Frameworks/Python.framework/Versions/3.14/lib/python3.14/http/server.py", line 148, in server_bind
    socketserver.TCPServer.server_bind(self)
    ~~~~~~~~~~~~~~~~~~~~~~~~~~~~~~~~~~^^^^^^
  File "/opt/homebrew/Cellar/python@3.14/3.14.8_1/Frameworks/Python.framework/Versions/3.14/lib/python3.14/socketserver.py", line 478, in server_bind
    self.socket.bind(self.server_address)
    ~~~~~~~~~~~~~~~~^^^^^^^^^^^^^^^^^^^^^
PermissionError: [Errno 1] Operation not permitted

======================================================================
ERROR: test_native_sse_usage_is_logged_even_with_plain_content_type (test_gateway.GatewayTests.test_native_sse_usage_is_logged_even_with_plain_content_type)
----------------------------------------------------------------------
Traceback (most recent call last):
  File "/Users/Shared/projects/competition/tests/test_gateway.py", line 24, in setUp
    self.gateway = InferenceGateway(self.ledger, {
                   ~~~~~~~~~~~~~~~~^^^^^^^^^^^^^^^
        "fixture-model": {
        ^^^^^^^^^^^^^^^^^^
    ...<2 lines>...
        }
        ^
    })
    ^^
  File "/Users/Shared/projects/competition/orchestrator/gateway.py", line 93, in __init__
    self.server = ThreadingHTTPServer(("127.0.0.1", port), Handler)
                  ~~~~~~~~~~~~~~~~~~~^^^^^^^^^^^^^^^^^^^^^^^^^^^^^^
  File "/opt/homebrew/Cellar/python@3.14/3.14.8_1/Frameworks/Python.framework/Versions/3.14/lib/python3.14/socketserver.py", line 457, in __init__
    self.server_bind()
    ~~~~~~~~~~~~~~~~^^
  File "/opt/homebrew/Cellar/python@3.14/3.14.8_1/Frameworks/Python.framework/Versions/3.14/lib/python3.14/http/server.py", line 148, in server_bind
    socketserver.TCPServer.server_bind(self)
    ~~~~~~~~~~~~~~~~~~~~~~~~~~~~~~~~~~^^^^^^
  File "/opt/homebrew/Cellar/python@3.14/3.14.8_1/Frameworks/Python.framework/Versions/3.14/lib/python3.14/socketserver.py", line 478, in server_bind
    self.socket.bind(self.server_address)
    ~~~~~~~~~~~~~~~~^^^^^^^^^^^^^^^^^^^^^
PermissionError: [Errno 1] Operation not permitted

======================================================================
ERROR: test_other_models_are_not_available_through_the_gateway (test_gateway.GatewayTests.test_other_models_are_not_available_through_the_gateway)
----------------------------------------------------------------------
Traceback (most recent call last):
  File "/Users/Shared/projects/competition/tests/test_gateway.py", line 24, in setUp
    self.gateway = InferenceGateway(self.ledger, {
                   ~~~~~~~~~~~~~~~~^^^^^^^^^^^^^^^
        "fixture-model": {
        ^^^^^^^^^^^^^^^^^^
    ...<2 lines>...
        }
        ^
    })
    ^^
  File "/Users/Shared/projects/competition/orchestrator/gateway.py", line 93, in __init__
    self.server = ThreadingHTTPServer(("127.0.0.1", port), Handler)
                  ~~~~~~~~~~~~~~~~~~~^^^^^^^^^^^^^^^^^^^^^^^^^^^^^^
  File "/opt/homebrew/Cellar/python@3.14/3.14.8_1/Frameworks/Python.framework/Versions/3.14/lib/python3.14/socketserver.py", line 457, in __init__
    self.server_bind()
    ~~~~~~~~~~~~~~~~^^
  File "/opt/homebrew/Cellar/python@3.14/3.14.8_1/Frameworks/Python.framework/Versions/3.14/lib/python3.14/http/server.py", line 148, in server_bind
    socketserver.TCPServer.server_bind(self)
    ~~~~~~~~~~~~~~~~~~~~~~~~~~~~~~~~~~^^^^^^
  File "/opt/homebrew/Cellar/python@3.14/3.14.8_1/Frameworks/Python.framework/Versions/3.14/lib/python3.14/socketserver.py", line 478, in server_bind
    self.socket.bind(self.server_address)
    ~~~~~~~~~~~~~~~~^^^^^^^^^^^^^^^^^^^^^
PermissionError: [Errno 1] Operation not permitted

======================================================================
ERROR: test_twelve_simultaneous_gateways_keep_lease_and_accounting_separate (test_parallel_rounds.ParallelRoundTests.test_twelve_simultaneous_gateways_keep_lease_and_accounting_separate)
----------------------------------------------------------------------
Traceback (most recent call last):
  File "/Users/Shared/projects/competition/tests/test_parallel_rounds.py", line 64, in test_twelve_simultaneous_gateways_keep_lease_and_accounting_separate
    gateways=[InferenceGateway(ledger,prices) for i in range(12)]
              ~~~~~~~~~~~~~~~~^^^^^^^^^^^^^^^
  File "/Users/Shared/projects/competition/orchestrator/gateway.py", line 93, in __init__
    self.server = ThreadingHTTPServer(("127.0.0.1", port), Handler)
                  ~~~~~~~~~~~~~~~~~~~^^^^^^^^^^^^^^^^^^^^^^^^^^^^^^
  File "/opt/homebrew/Cellar/python@3.14/3.14.8_1/Frameworks/Python.framework/Versions/3.14/lib/python3.14/socketserver.py", line 457, in __init__
    self.server_bind()
    ~~~~~~~~~~~~~~~~^^
  File "/opt/homebrew/Cellar/python@3.14/3.14.8_1/Frameworks/Python.framework/Versions/3.14/lib/python3.14/http/server.py", line 148, in server_bind
    socketserver.TCPServer.server_bind(self)
    ~~~~~~~~~~~~~~~~~~~~~~~~~~~~~~~~~~^^^^^^
  File "/opt/homebrew/Cellar/python@3.14/3.14.8_1/Frameworks/Python.framework/Versions/3.14/lib/python3.14/socketserver.py", line 478, in server_bind
    self.socket.bind(self.server_address)
    ~~~~~~~~~~~~~~~~^^^^^^^^^^^^^^^^^^^^^
PermissionError: [Errno 1] Operation not permitted

----------------------------------------------------------------------
Ran 151 tests in 4.912s

FAILED (errors=8)
