
Running 1 test using 1 worker



[1/1] experiments/instruction-effects/revisions/research-v010/preflight/task037-executed02-suite/directory-project-default.spec.mjs:11:2 › 126 owner default differs from task priority and intersects notes dates completion and archived scope
  1) experiments/instruction-effects/revisions/research-v010/preflight/task037-executed02-suite/directory-project-default.spec.mjs:11:2 › 126 owner default differs from task priority and intersects notes dates completion and archived scope 

    Error: expect(locator).toBeVisible() failed

    Locator: getByText('No matching tasks', { exact: true })
    Expected: visible
    Timeout: 5000ms
    Error: element(s) not found

    Call log:
      - Expect "toBeVisible" getByText('No matching tasks', { exact: true }) with timeout 5000ms
      - waiting for getByText('No matching tasks', { exact: true })
        - waiting for navigation to finish...
        - navigated to "http://127.0.0.1:60946/directory?owner_default_filter=High&directory_notes_status=All&directory_due_status=All&directory_order=Original&project_scope=Active&filter=All&priority_filter=All&due_from=&d…"


       at directory-presence-helpers.mjs:9

       7 | async function titles(p,expected){const r=p.getByTestId('task-row').filter({visible:true});await expect(r).toHaveCount(expected.length);for(const [i,title] of expected.entries())await expect(r.nth(i).getByRole('checkbox',{name:'Complete '+title,exact:true})).toBeVisible();}
       8 | async function result(p,names,counts,expected,total){
    >  9 |  if(!expected.length)await expect(p.getByText('No matching tasks',{exact:true})).toBeVisible();
         |                                                                                  ^
      10 |  await expect(rows(p).getByTestId('directory-task-title')).toHaveText(expected);
      11 |  await expect(owners(p).getByTestId('directory-owner-name')).toHaveText(names.map(projectName));
      12 |  await expect(owners(p).getByTestId('directory-owner-summary')).toHaveText(counts);
        at result (/Users/Shared/projects/competition/experiments/instruction-effects/revisions/research-v010/preflight/task037-executed02-suite/directory-presence-helpers.mjs:9:82)
        at /Users/Shared/projects/competition/experiments/instruction-effects/revisions/research-v010/preflight/task037-executed02-suite/directory-project-default.spec.mjs:14:556

    attachment #1: screenshot (image/png) ──────────────────────────────────────────────────────────
    experiments/instruction-effects/revisions/research-v010/preflight/task037-focused02-check-1791678940018/negative-owner37-resets-controls-126/artifacts/directory-project-default--3c0de-mpletion-and-archived-scope/test-failed-1.png
    ────────────────────────────────────────────────────────────────────────────────────────────────

    Error Context: experiments/instruction-effects/revisions/research-v010/preflight/task037-focused02-check-1791678940018/negative-owner37-resets-controls-126/artifacts/directory-project-default--3c0de-mpletion-and-archived-scope/error-context.md

    attachment #3: trace (application/zip) ─────────────────────────────────────────────────────────
    experiments/instruction-effects/revisions/research-v010/preflight/task037-focused02-check-1791678940018/negative-owner37-resets-controls-126/artifacts/directory-project-default--3c0de-mpletion-and-archived-scope/trace.zip
    Usage:

        npx playwright show-trace experiments/instruction-effects/revisions/research-v010/preflight/task037-focused02-check-1791678940018/negative-owner37-resets-controls-126/artifacts/directory-project-default--3c0de-mpletion-and-archived-scope/trace.zip

    ────────────────────────────────────────────────────────────────────────────────────────────────


  1 failed
    experiments/instruction-effects/revisions/research-v010/preflight/task037-executed02-suite/directory-project-default.spec.mjs:11:2 › 126 owner default differs from task priority and intersects notes dates completion and archived scope 
