
Running 1 test using 1 worker



[1/1] experiments/instruction-effects/revisions/research-v004/decisions/task-016-draft/suite/deletion.spec.mjs:10:2 › 054 deleted tasks preserve fields intersect filters and remain read-only through project archival
  1) experiments/instruction-effects/revisions/research-v004/decisions/task-016-draft/suite/deletion.spec.mjs:10:2 › 054 deleted tasks preserve fields intersect filters and remain read-only through project archival 

    Error: expect(locator).toBeVisible() failed

    Locator: getByTestId('task-row').filter({ has: getByRole('checkbox', { name: 'Complete Completed remove', exact: true }) }).visible()
    Expected: visible
    Timeout: 5000ms
    Error: element(s) not found

    Call log:
      - Expect "toBeVisible" getByTestId('task-row').filter({ has: getByRole('checkbox', { name: 'Complete Completed remove', exact: true }) }).visible() with timeout 5000ms
      - waiting for getByTestId('task-row').filter({ has: getByRole('checkbox', { name: 'Complete Completed remove', exact: true }) }).visible()
        - waiting for navigation to finish...
        - navigated to "http://127.0.0.1:52538/projects/1100?due_from=2036-02-29&due_through=2036-02-29&task_search=completed+remove&priority_filter=High&filter=Deleted"


      12 |   await expect(filter(page).locator('option')).toHaveText(['All','Open','Completed','Deleted']);await page.getByRole('checkbox',{name:'Complete '+title,exact:true}).check();await summary(page,owner,'1/4 completed');await taskRow(page,title).getByRole('combobox',{name:'Task priority',exact:true}).selectOption({label:'High'});await expectPersistedPriority(page,owner,title,'High');await saved(page,owner,title,'Task due date','2036-02-29');await saved(page,owner,title,'Task notes','  Deleted Ω note\nsecond line  ');await page.getByRole('checkbox',{name:'Complete Completed remove sentinel',exact:true}).check();await summary(page,owner,'2/4 completed');await taskRow(page,'Completed remove sentinel').getByRole('combobox',{name:'Task priority',exact:true}).selectOption({label:'High'});await expectPersistedPriority(page,owner,'Completed remove sentinel','High');await saved(page,owner,'Completed remove sentinel','Task due date','2036-02-29');
      13 |   await filter(page).selectOption({label:'Completed'});await page.getByRole('combobox',{name:'Priority filter',exact:true}).selectOption({label:'High'});await page.getByRole('textbox',{name:'Task search',exact:true}).fill('completed remove');await page.getByRole('button',{name:'Search tasks',exact:true}).click();await page.getByRole('textbox',{name:'Due from',exact:true}).fill('2036-02-29');await page.getByRole('textbox',{name:'Due through',exact:true}).fill('2036-02-29');await page.getByRole('button',{name:'Apply due range',exact:true}).click();await expect(taskRow(page,title)).toBeVisible();await taskRow(page,title).getByRole('button',{name:'Delete task',exact:true}).click();await summary(page,owner,'1/3 completed');await expect(taskRow(page,'Completed remove sentinel')).toBeVisible();await expect(page.getByTestId('task-row').filter({visible:true})).toHaveCount(1);await expect(filter(page).locator('option:checked')).toHaveText('Completed');await expect(page.getByRole('textbox',{name:'Task search',exact:true})).toHaveValue('completed remove');await expect(page.getByRole('combobox',{name:'Priority filter',exact:true}).locator('option:checked')).toHaveText('High');await expect(page.getByRole('textbox',{name:'Due from',exact:true})).toHaveValue('2036-02-29');await expect(page.getByRole('textbox',{name:'Due through',exact:true})).toHaveValue('2036-02-29');
    > 14 |   await filter(page).selectOption({label:'Deleted'});await expect(taskRow(page,title)).toBeVisible();await expect(taskRow(page,title).getByRole('combobox',{name:'Task priority',exact:true}).locator('option:checked')).toHaveText('High');await expect(taskRow(page,title).getByRole('textbox',{name:'Task due date',exact:true})).toHaveValue('2036-02-29');await expect(page.getByRole('checkbox',{name:'Complete '+title,exact:true})).toBeChecked();await expect(notes(page,title)).toHaveValue('  Deleted Ω note\nsecond line  ');for(const label of ['New task title','Task due date','Task notes'])await expect(taskRow(page,title).getByRole('textbox',{name:label,exact:true})).toBeDisabled();await expect(page.getByRole('checkbox',{name:'Complete '+title,exact:true})).toBeDisabled();for(const label of ['Task priority','Destination project'])await expect(taskRow(page,title).getByRole('combobox',{name:label,exact:true})).toBeDisabled();for(const label of ['Rename task','Save due date','Save notes','Move task'])await expect(taskRow(page,title).getByRole('button',{name:label,exact:true})).toBeDisabled();await expect(taskRow(page,title).getByRole('button',{name:'Restore task',exact:true})).toBeEnabled();await page.reload();await expect(notes(page,title)).toHaveValue('  Deleted Ω note\nsecond line  ');
         |                                                                                        ^
      15 |   await page.getByRole('button',{name:'Projects',exact:true}).click();await projectRow(page,owner).getByRole('button',{name:'Archive project',exact:true}).click();await page.getByRole('combobox',{name:'Project filter',exact:true}).selectOption({label:'Archived'});await openProject(page,owner);await expect(taskRow(page,'Live before').getByRole('button',{name:'Delete task',exact:true})).toBeDisabled();await filter(page).selectOption({label:'Deleted'});await expect(taskRow(page,title)).toBeVisible();await expect(taskRow(page,title).getByRole('button',{name:'Restore task',exact:true})).toBeDisabled();await expect(page.getByRole('button',{name:'Search tasks',exact:true})).toBeEnabled();await expect(page.getByRole('button',{name:'Apply due range',exact:true})).toBeEnabled();await page.getByRole('button',{name:'Projects',exact:true}).click();await page.getByRole('combobox',{name:'Project filter',exact:true}).selectOption({label:'Archived'});await projectRow(page,owner).getByRole('button',{name:'Restore project',exact:true}).click();await page.getByRole('combobox',{name:'Project filter',exact:true}).selectOption({label:'Active'});await openProject(page,owner);await filter(page).selectOption({label:'Deleted'});await expect(taskRow(page,title)).toBeVisible();await expect(taskRow(page,title).getByRole('button',{name:'Restore task',exact:true})).toBeEnabled();
      16 |  });
      17 |  test('055 restoration retains reserved order explicit priority completion and remembered destination positions',async({page})=>{
        at /Users/Shared/projects/competition/experiments/instruction-effects/revisions/research-v004/decisions/task-016-draft/suite/deletion.spec.mjs:14:88

    attachment #1: screenshot (image/png) ──────────────────────────────────────────────────────────
    experiments/instruction-effects/revisions/research-v004/preflight/priority-fixtures/stage-16-check-1791635747612/negative-deletion-loses-priority/artifacts/deletion-054-deleted-tasks-2a876-ly-through-project-archival/test-failed-1.png
    ────────────────────────────────────────────────────────────────────────────────────────────────

    Error Context: experiments/instruction-effects/revisions/research-v004/preflight/priority-fixtures/stage-16-check-1791635747612/negative-deletion-loses-priority/artifacts/deletion-054-deleted-tasks-2a876-ly-through-project-archival/error-context.md

    attachment #3: trace (application/zip) ─────────────────────────────────────────────────────────
    experiments/instruction-effects/revisions/research-v004/preflight/priority-fixtures/stage-16-check-1791635747612/negative-deletion-loses-priority/artifacts/deletion-054-deleted-tasks-2a876-ly-through-project-archival/trace.zip
    Usage:

        npx playwright show-trace experiments/instruction-effects/revisions/research-v004/preflight/priority-fixtures/stage-16-check-1791635747612/negative-deletion-loses-priority/artifacts/deletion-054-deleted-tasks-2a876-ly-through-project-archival/trace.zip

    ────────────────────────────────────────────────────────────────────────────────────────────────


  1 failed
    experiments/instruction-effects/revisions/research-v004/decisions/task-016-draft/suite/deletion.spec.mjs:10:2 › 054 deleted tasks preserve fields intersect filters and remain read-only through project archival 
