
Running 1 test using 1 worker



[1/1] experiments/instruction-effects/revisions/research-v003/preflight/observer-correction/suite/move-task.spec.mjs:37:2 › 042 archived source moves are disabled restoration allows moving an undated task
  1) experiments/instruction-effects/revisions/research-v003/preflight/observer-correction/suite/move-task.spec.mjs:37:2 › 042 archived source moves are disabled restoration allows moving an undated task 

    Error: expect(locator).toBeDisabled() failed

    Locator:  getByTestId('task-row').filter({ has: getByRole('checkbox', { name: 'Complete Undated transfer', exact: true }) }).visible().getByRole('combobox', { name: 'Destination project', exact: true })
    Expected: disabled
    Received: enabled
    Timeout:  5000ms

    Call log:
      - Expect "toBeDisabled" getByTestId('task-row').filter({ has: getByRole('checkbox', { name: 'Complete Undated transfer', exact: true }) }).visible().getByRole('combobox', { name: 'Destination project', exact: true }) with timeout 5000ms
      - waiting for getByTestId('task-row').filter({ has: getByRole('checkbox', { name: 'Complete Undated transfer', exact: true }) }).visible().getByRole('combobox', { name: 'Destination project', exact: true })
        11 × locator resolved to <select name="destination">…</select>
           - unexpected value "enabled"


      36 |  });
      37 |  test('042 archived source moves are disabled restoration allows moving an undated task',async({page})=>{
    > 38 |   await createProject(page,'Read-only transfer target');await createProject(page,'Read-only transfer owner');await openProject(page,'Read-only transfer owner');await createTask(page,'Undated transfer');await page.getByRole('button',{name:'Projects',exact:true}).click();await projectRow(page,'Read-only transfer owner').getByRole('button',{name:'Archive project',exact:true}).click();await expect(projectRow(page,'Read-only transfer owner')).toHaveCount(0);await page.getByRole('combobox',{name:'Project filter',exact:true}).selectOption({label:'Archived'});await openProject(page,'Read-only transfer owner');await expect(destination(page,'Undated transfer')).toBeDisabled();await expect(move(page,'Undated transfer')).toBeDisabled();
         |                                                                                                                                                                                                                                                                                                                                                                                                                                                                                                                                                                                                                                                                                     ^
      39 |   await page.getByRole('button',{name:'Projects',exact:true}).click();await page.getByRole('combobox',{name:'Project filter',exact:true}).selectOption({label:'Archived'});await projectRow(page,'Read-only transfer owner').getByRole('button',{name:'Restore project',exact:true}).click();await page.getByRole('combobox',{name:'Project filter',exact:true}).selectOption({label:'Active'});await openProject(page,'Read-only transfer owner');await expect(destination(page,'Undated transfer')).toBeEnabled();await expect(move(page,'Undated transfer')).toBeEnabled();await destination(page,'Undated transfer').selectOption({label:projectName('Read-only transfer target')});await move(page,'Undated transfer').click();await persistedLocation(page,'Read-only transfer owner','Read-only transfer target','Undated transfer','0/0 completed');await page.goto('/');await openProject(page,'Read-only transfer target');await expect(taskRow(page,'Undated transfer').getByRole('textbox',{name:'Task due date',exact:true})).toHaveValue('');await expect(taskRow(page,'Undated transfer').getByRole('combobox',{name:'Task priority',exact:true}).locator('option:checked')).toHaveText('Normal');await expect(page.getByRole('checkbox',{name:'Complete Undated transfer',exact:true})).not.toBeChecked();
      40 |   await destination(page,'Undated transfer').selectOption({label:projectName('Read-only transfer owner')});await move(page,'Undated transfer').click();await persistedLocation(page,'Read-only transfer target','Read-only transfer owner','Undated transfer','0/0 completed');
      41 |  });
        at /Users/Shared/projects/competition/experiments/instruction-effects/revisions/research-v003/preflight/observer-correction/suite/move-task.spec.mjs:38:661

    attachment #1: screenshot (image/png) ──────────────────────────────────────────────────────────
    experiments/instruction-effects/revisions/research-v003/preflight/observer-correction/check-1791629092667/negative-enabled-archive-move/artifacts/move-task-042-archived-sou-f52c4-lows-moving-an-undated-task/test-failed-1.png
    ────────────────────────────────────────────────────────────────────────────────────────────────

    Error Context: experiments/instruction-effects/revisions/research-v003/preflight/observer-correction/check-1791629092667/negative-enabled-archive-move/artifacts/move-task-042-archived-sou-f52c4-lows-moving-an-undated-task/error-context.md

    attachment #3: trace (application/zip) ─────────────────────────────────────────────────────────
    experiments/instruction-effects/revisions/research-v003/preflight/observer-correction/check-1791629092667/negative-enabled-archive-move/artifacts/move-task-042-archived-sou-f52c4-lows-moving-an-undated-task/trace.zip
    Usage:

        npx playwright show-trace experiments/instruction-effects/revisions/research-v003/preflight/observer-correction/check-1791629092667/negative-enabled-archive-move/artifacts/move-task-042-archived-sou-f52c4-lows-moving-an-undated-task/trace.zip

    ────────────────────────────────────────────────────────────────────────────────────────────────


  1 failed
    experiments/instruction-effects/revisions/research-v003/preflight/observer-correction/suite/move-task.spec.mjs:37:2 › 042 archived source moves are disabled restoration allows moving an undated task 
