
Running 1 test using 1 worker



[1/1] experiments/instruction-effects/revisions/research-v007/decisions/task-025-expanded-draft/suite/directory-priority.spec.mjs:59:2 › 083 bulk priority assignment distinguishes duplicate owners and preserves completion and local order
  1) experiments/instruction-effects/revisions/research-v007/decisions/task-025-expanded-draft/suite/directory-priority.spec.mjs:59:2 › 083 bulk priority assignment distinguishes duplicate owners and preserves completion and local order 

    Error: expect(locator).toBeVisible() failed

    Locator: getByText('No matching tasks', { exact: true })
    Expected: visible
    Timeout: 5000ms
    Error: element(s) not found

    Call log:
      - Expect "toBeVisible" getByText('No matching tasks', { exact: true }) with timeout 5000ms
      - waiting for getByText('No matching tasks', { exact: true })
        - waiting for "http://127.0.0.1:55427/directory?directory_order=Original&project_scope=Active&filter=All&priority_filter=All&due_from=&due_through=&directory_search=task-025+Priority+duplicate+target&visible_priori…" navigation to finish...
        - navigated to "http://127.0.0.1:55427/directory?directory_order=Original&project_scope=Active&filter=All&priority_filter=All&due_from=&due_through=&directory_search=task-025+Priority+duplicate+target&visible_priori…"


       7 | async function titles(p,expected){const r=p.getByTestId('task-row').filter({visible:true});await expect(r).toHaveCount(expected.length);for(const [i,title] of expected.entries())await expect(r.nth(i).getByRole('checkbox',{name:'Complete '+title,exact:true})).toBeVisible();}
       8 | async function result(p,names,counts,expected,total){
    >  9 |  if(!expected.length)await expect(p.getByText('No matching tasks',{exact:true})).toBeVisible();
         |                                                                                  ^
      10 |  await expect(rows(p).getByTestId('directory-task-title')).toHaveText(expected);
      11 |  await expect(owners(p).getByTestId('directory-owner-name')).toHaveText(names.map(projectName));
      12 |  await expect(owners(p).getByTestId('directory-owner-summary')).toHaveText(counts);
        at result (/Users/Shared/projects/competition/experiments/instruction-effects/revisions/research-v007/decisions/task-025-expanded-draft/suite/directory-priority.spec.mjs:9:82)
        at /Users/Shared/projects/competition/experiments/instruction-effects/revisions/research-v007/decisions/task-025-expanded-draft/suite/directory-priority.spec.mjs:64:335

    attachment #1: screenshot (image/png) ──────────────────────────────────────────────────────────
    experiments/instruction-effects/revisions/research-v007/preflight/priority-fixtures/stage25-expanded-check-1791656499546/negative-priority-clears-date-083/artifacts/directory-priority-083-bul-09255--completion-and-local-order/test-failed-1.png
    ────────────────────────────────────────────────────────────────────────────────────────────────

    Error Context: experiments/instruction-effects/revisions/research-v007/preflight/priority-fixtures/stage25-expanded-check-1791656499546/negative-priority-clears-date-083/artifacts/directory-priority-083-bul-09255--completion-and-local-order/error-context.md

    attachment #3: trace (application/zip) ─────────────────────────────────────────────────────────
    experiments/instruction-effects/revisions/research-v007/preflight/priority-fixtures/stage25-expanded-check-1791656499546/negative-priority-clears-date-083/artifacts/directory-priority-083-bul-09255--completion-and-local-order/trace.zip
    Usage:

        npx playwright show-trace experiments/instruction-effects/revisions/research-v007/preflight/priority-fixtures/stage25-expanded-check-1791656499546/negative-priority-clears-date-083/artifacts/directory-priority-083-bul-09255--completion-and-local-order/trace.zip

    ────────────────────────────────────────────────────────────────────────────────────────────────


  1 failed
    experiments/instruction-effects/revisions/research-v007/decisions/task-025-expanded-draft/suite/directory-priority.spec.mjs:59:2 › 083 bulk priority assignment distinguishes duplicate owners and preserves completion and local order 
