
Running 1 test using 1 worker



[1/1] experiments/instruction-effects/revisions/research-v010/preflight/task031-executed-suite/notes-limit.spec.mjs:17:2 › 102 oversized notes preserve other fields and another task while literal whitespace and LF remain intact
  1) experiments/instruction-effects/revisions/research-v010/preflight/task031-executed-suite/notes-limit.spec.mjs:17:2 › 102 oversized notes preserve other fields and another task while literal whitespace and LF remain intact 

    Error: expect(received).toBe(expected) // Object.is equality

    - Expected  - 2
    + Received  + 1

    -   Stored Ω
    - kept literal  
    +   Stored Ω kept literal  

    Call Log:
    - Timeout 5000ms exceeded while waiting on the predicate

      3 | const alertText='Task notes must be at most 10000 characters';
      4 | async function home(page,owner){await page.goto('/');await openProject(page,owner);}
    > 5 | async function stored(page,owner,title,value){const observer=await page.context().newPage();try{await expect.poll(async()=>{await home(observer,owner);return taskRow(observer,title).getByRole('textbox',{name:'Task notes',exact:true}).inputValue();},{timeout:5000}).toBe(value);}finally{await observer.close();}}
        |                                                                                                                                                                                                                                                                          ^
      6 | async function save(page,title,value){await taskRow(page,title).getByRole('textbox',{name:'Task notes',exact:true}).fill(value);await taskRow(page,title).getByRole('button',{name:'Save notes',exact:true}).click();}
      7 | async function field(page,owner,title,label,value){await taskRow(page,title).getByRole('textbox',{name:label,exact:true}).fill(value);await taskRow(page,title).getByRole('button',{name:'Save due date',exact:true}).click();const observer=await page.context().newPage();try{await expect.poll(async()=>{await home(observer,owner);return taskRow(observer,title).getByRole('textbox',{name:label,exact:true}).inputValue();}).toBe(value);}finally{await observer.close();}await home(page,owner);}
      8 | async function titles(page,expected){const rows=page.getByTestId('task-row').filter({visible:true});await expect(rows).toHaveCount(expected.length);for(const [i,title] of expected.entries())await expect(rows.nth(i).getByRole('checkbox',{name:'Complete '+title,exact:true})).toBeVisible();}
        at stored (/Users/Shared/projects/competition/experiments/instruction-effects/revisions/research-v010/preflight/task031-executed-suite/notes-limit.spec.mjs:5:266)
        at /Users/Shared/projects/competition/experiments/instruction-effects/revisions/research-v010/preflight/task031-executed-suite/notes-limit.spec.mjs:19:438

    attachment #1: screenshot (image/png) ──────────────────────────────────────────────────────────
    experiments/instruction-effects/revisions/research-v010/preflight/task031-focused-check-1791674192002/negative-flattened-notes-102/artifacts/notes-limit-102-oversized--31d00-espace-and-LF-remain-intact/test-failed-1.png
    ────────────────────────────────────────────────────────────────────────────────────────────────

    Error Context: experiments/instruction-effects/revisions/research-v010/preflight/task031-focused-check-1791674192002/negative-flattened-notes-102/artifacts/notes-limit-102-oversized--31d00-espace-and-LF-remain-intact/error-context.md

    attachment #3: trace (application/zip) ─────────────────────────────────────────────────────────
    experiments/instruction-effects/revisions/research-v010/preflight/task031-focused-check-1791674192002/negative-flattened-notes-102/artifacts/notes-limit-102-oversized--31d00-espace-and-LF-remain-intact/trace.zip
    Usage:

        npx playwright show-trace experiments/instruction-effects/revisions/research-v010/preflight/task031-focused-check-1791674192002/negative-flattened-notes-102/artifacts/notes-limit-102-oversized--31d00-espace-and-LF-remain-intact/trace.zip

    ────────────────────────────────────────────────────────────────────────────────────────────────


  1 failed
    experiments/instruction-effects/revisions/research-v010/preflight/task031-executed-suite/notes-limit.spec.mjs:17:2 › 102 oversized notes preserve other fields and another task while literal whitespace and LF remain intact 
