
Running 1 test using 1 worker



[1/1] experiments/instruction-effects/revisions/research-v010/preflight/task037-executed02-suite/directory-project-default.spec.mjs:18:2 › 127 every bulk action honors owner default and preserves defaults and nonmatching tasks
  1) experiments/instruction-effects/revisions/research-v010/preflight/task037-executed02-suite/directory-project-default.spec.mjs:18:2 › 127 every bulk action honors owner default and preserves defaults and nonmatching tasks 

    Error: expect(locator).toHaveText(expected) failed

    Locator: getByTestId('directory-task-row').visible().getByTestId('directory-task-title')
    Timeout: 5000ms
    - Expected  - 3
    + Received  + 1

    - Array [
    -   "OwnerBulk37 protected deleted",
    - ]
    + Array []

    Call log:
      - Expect "toHaveText" getByTestId('directory-task-row').visible().getByTestId('directory-task-title') with timeout 5000ms
      - waiting for getByTestId('directory-task-row').visible().getByTestId('directory-task-title')
        - waiting for navigation to finish...
        - navigated to "http://127.0.0.1:60946/directory?owner_default_filter=All&directory_notes_status=All&directory_due_status=All&directory_order=Original&project_scope=Active&filter=Deleted&priority_filter=All&due_from…"
        14 × locator resolved to 0 elements


       at directory-presence-helpers.mjs:10

       8 | async function result(p,names,counts,expected,total){
       9 |  if(!expected.length)await expect(p.getByText('No matching tasks',{exact:true})).toBeVisible();
    > 10 |  await expect(rows(p).getByTestId('directory-task-title')).toHaveText(expected);
         |                                                            ^
      11 |  await expect(owners(p).getByTestId('directory-owner-name')).toHaveText(names.map(projectName));
      12 |  await expect(owners(p).getByTestId('directory-owner-summary')).toHaveText(counts);
      13 |  await expect(p.getByTestId('directory-summary')).toHaveText(total);
        at result (/Users/Shared/projects/competition/experiments/instruction-effects/revisions/research-v010/preflight/task037-executed02-suite/directory-presence-helpers.mjs:10:60)
        at /Users/Shared/projects/competition/experiments/instruction-effects/revisions/research-v010/preflight/task037-executed02-suite/directory-project-default.spec.mjs:24:496

    attachment #1: screenshot (image/png) ──────────────────────────────────────────────────────────
    experiments/instruction-effects/revisions/research-v010/preflight/task037-focused02-check-1791678940018/negative-owner37-bulk-restore-ignored-127/artifacts/directory-project-default--e87d7-aults-and-nonmatching-tasks/test-failed-1.png
    ────────────────────────────────────────────────────────────────────────────────────────────────

    Error Context: experiments/instruction-effects/revisions/research-v010/preflight/task037-focused02-check-1791678940018/negative-owner37-bulk-restore-ignored-127/artifacts/directory-project-default--e87d7-aults-and-nonmatching-tasks/error-context.md

    attachment #3: trace (application/zip) ─────────────────────────────────────────────────────────
    experiments/instruction-effects/revisions/research-v010/preflight/task037-focused02-check-1791678940018/negative-owner37-bulk-restore-ignored-127/artifacts/directory-project-default--e87d7-aults-and-nonmatching-tasks/trace.zip
    Usage:

        npx playwright show-trace experiments/instruction-effects/revisions/research-v010/preflight/task037-focused02-check-1791678940018/negative-owner37-bulk-restore-ignored-127/artifacts/directory-project-default--e87d7-aults-and-nonmatching-tasks/trace.zip

    ────────────────────────────────────────────────────────────────────────────────────────────────


  1 failed
    experiments/instruction-effects/revisions/research-v010/preflight/task037-executed02-suite/directory-project-default.spec.mjs:18:2 › 127 every bulk action honors owner default and preserves defaults and nonmatching tasks 
