
Running 1 test using 1 worker



[1/1] experiments/instruction-effects/revisions/research-v010/preflight/task037-executed02-suite/directory-project-default.spec.mjs:18:2 › 127 every bulk action honors owner default and preserves defaults and nonmatching tasks
  1) experiments/instruction-effects/revisions/research-v010/preflight/task037-executed02-suite/directory-project-default.spec.mjs:18:2 › 127 every bulk action honors owner default and preserves defaults and nonmatching tasks 

    Error: Task priority must be durable before the next navigation

    Task priority must be durable before the next navigation

    expect(received).toBe(expected) // Object.is equality

    Expected: "High"
    Received: "Low"

    Call Log:
    - Timeout 5000ms exceeded while waiting on the predicate

       at helpers.mjs:74

      72 |       await observer.getByRole('combobox', {name:'Task filter', exact:true}).selectOption({label:'All'});
      73 |       return taskRow(observer, title).getByRole('combobox', {name:'Task priority', exact:true}).locator('option:checked').textContent();
    > 74 |     }, {timeout:5000, message:'Task priority must be durable before the next navigation'}).toBe(priority);
         |                                                                                            ^
      75 |   } finally { await observer.close(); }
      76 | }
      77 |
        at expectPersistedPriority (/Users/Shared/projects/competition/experiments/instruction-effects/revisions/research-v010/preflight/task037-executed02-suite/helpers.mjs:74:92)
        at /Users/Shared/projects/competition/experiments/instruction-effects/revisions/research-v010/preflight/task037-executed02-suite/directory-project-default.spec.mjs:22:519

    attachment #1: screenshot (image/png) ──────────────────────────────────────────────────────────
    experiments/instruction-effects/revisions/research-v010/preflight/task037-focused02-check-1791678940018/negative-owner37-bulk-priority-ignored-127/artifacts/directory-project-default--e87d7-aults-and-nonmatching-tasks/test-failed-1.png
    ────────────────────────────────────────────────────────────────────────────────────────────────

    Error Context: experiments/instruction-effects/revisions/research-v010/preflight/task037-focused02-check-1791678940018/negative-owner37-bulk-priority-ignored-127/artifacts/directory-project-default--e87d7-aults-and-nonmatching-tasks/error-context.md

    attachment #3: trace (application/zip) ─────────────────────────────────────────────────────────
    experiments/instruction-effects/revisions/research-v010/preflight/task037-focused02-check-1791678940018/negative-owner37-bulk-priority-ignored-127/artifacts/directory-project-default--e87d7-aults-and-nonmatching-tasks/trace.zip
    Usage:

        npx playwright show-trace experiments/instruction-effects/revisions/research-v010/preflight/task037-focused02-check-1791678940018/negative-owner37-bulk-priority-ignored-127/artifacts/directory-project-default--e87d7-aults-and-nonmatching-tasks/trace.zip

    ────────────────────────────────────────────────────────────────────────────────────────────────


  1 failed
    experiments/instruction-effects/revisions/research-v010/preflight/task037-executed02-suite/directory-project-default.spec.mjs:18:2 › 127 every bulk action honors owner default and preserves defaults and nonmatching tasks 
