
Running 1 test using 1 worker



[1/1] experiments/instruction-effects/revisions/research-v010/preflight/task031-executed-suite/notes-limit.spec.mjs:30:2 › 103 rejected notes and later valid edits preserve own and foreign reserved positions
  1) experiments/instruction-effects/revisions/research-v010/preflight/task031-executed-suite/notes-limit.spec.mjs:30:2 › 103 rejected notes and later valid edits preserve own and foreign reserved positions 

    Error: expect(locator).toBeVisible() failed

    Locator: getByTestId('task-row').visible().nth(1).getByRole('checkbox', { name: 'Complete Limit travelling', exact: true })
    Expected: visible
    Timeout: 5000ms
    Error: element(s) not found

    Call log:
      - Expect "toBeVisible" getByTestId('task-row').visible().nth(1).getByRole('checkbox', { name: 'Complete Limit travelling', exact: true }) with timeout 5000ms
      - waiting for getByTestId('task-row').visible().nth(1).getByRole('checkbox', { name: 'Complete Limit travelling', exact: true })


       6 | async function save(page,title,value){await taskRow(page,title).getByRole('textbox',{name:'Task notes',exact:true}).fill(value);await taskRow(page,title).getByRole('button',{name:'Save notes',exact:true}).click();}
       7 | async function field(page,owner,title,label,value){await taskRow(page,title).getByRole('textbox',{name:label,exact:true}).fill(value);await taskRow(page,title).getByRole('button',{name:'Save due date',exact:true}).click();const observer=await page.context().newPage();try{await expect.poll(async()=>{await home(observer,owner);return taskRow(observer,title).getByRole('textbox',{name:label,exact:true}).inputValue();}).toBe(value);}finally{await observer.close();}await home(page,owner);}
    >  8 | async function titles(page,expected){const rows=page.getByTestId('task-row').filter({visible:true});await expect(rows).toHaveCount(expected.length);for(const [i,title] of expected.entries())await expect(rows.nth(i).getByRole('checkbox',{name:'Complete '+title,exact:true})).toBeVisible();}
         |                                                                                                                                                                                                                                                                                   ^
       9 | async function rejected(page,owner,title,value,original){await save(page,title,value);await expect(page.getByRole('alert').filter({hasText:alertText}).first()).toContainText(alertText);await expect(taskRow(page,title).getByRole('textbox',{name:'Task notes',exact:true})).toHaveValue(value);await stored(page,owner,title,original);await expect(taskRow(page,title).getByRole('textbox',{name:'Task notes',exact:true})).toHaveValue(value);}
      10 | test.beforeEach(async({context})=>{await isolateBrowser(context);});
      11 | if(stage>=31){
        at titles (/Users/Shared/projects/competition/experiments/instruction-effects/revisions/research-v010/preflight/task031-executed-suite/notes-limit.spec.mjs:8:275)
        at move (/Users/Shared/projects/competition/experiments/instruction-effects/revisions/research-v010/preflight/task031-executed-suite/notes-limit.spec.mjs:34:380)
        at /Users/Shared/projects/competition/experiments/instruction-effects/revisions/research-v010/preflight/task031-executed-suite/notes-limit.spec.mjs:36:3

    attachment #1: screenshot (image/png) ──────────────────────────────────────────────────────────
    experiments/instruction-effects/revisions/research-v010/preflight/task031-focused-check-1791674192002/negative-notes-limit-clears-positions-103/artifacts/notes-limit-103-rejected-n-b565b--foreign-reserved-positions/test-failed-1.png
    ────────────────────────────────────────────────────────────────────────────────────────────────

    Error Context: experiments/instruction-effects/revisions/research-v010/preflight/task031-focused-check-1791674192002/negative-notes-limit-clears-positions-103/artifacts/notes-limit-103-rejected-n-b565b--foreign-reserved-positions/error-context.md

    attachment #3: trace (application/zip) ─────────────────────────────────────────────────────────
    experiments/instruction-effects/revisions/research-v010/preflight/task031-focused-check-1791674192002/negative-notes-limit-clears-positions-103/artifacts/notes-limit-103-rejected-n-b565b--foreign-reserved-positions/trace.zip
    Usage:

        npx playwright show-trace experiments/instruction-effects/revisions/research-v010/preflight/task031-focused-check-1791674192002/negative-notes-limit-clears-positions-103/artifacts/notes-limit-103-rejected-n-b565b--foreign-reserved-positions/trace.zip

    ────────────────────────────────────────────────────────────────────────────────────────────────


  1 failed
    experiments/instruction-effects/revisions/research-v010/preflight/task031-executed-suite/notes-limit.spec.mjs:30:2 › 103 rejected notes and later valid edits preserve own and foreign reserved positions 
