
Running 4 tests using 1 worker



[1/4] runs/instruction-effects/pilot-009/definitions/project/acceptance/workboard.spec.mjs:6:1 › 001 health and project creation persist on reload
[2/4] runs/instruction-effects/pilot-009/definitions/project/acceptance/workboard.spec.mjs:21:1 › 002 blank project input is rejected
  1) runs/instruction-effects/pilot-009/definitions/project/acceptance/workboard.spec.mjs:21:1 › 002 blank project input is rejected 

    Error: expect(locator).toHaveCount(expected) failed

    Locator:  getByTestId('project-row').visible()
    Expected: 0
    Received: 1
    Timeout:  5000ms

    Call log:
      - Expect "toHaveCount" getByTestId('project-row').visible() with timeout 5000ms
      - waiting for getByTestId('project-row').visible()
        14 × locator resolved to 1 element
           - unexpected value "1"


      25 |   await page.getByRole('button', { name: 'Create project', exact: true }).click();
      26 |   await expect(page.getByRole('alert')).toContainText('Project name is required');
    > 27 |   await expect(page.getByTestId('project-row').filter({ visible: true })).toHaveCount(rows);
         |                                                                           ^
      28 | });
      29 |
      30 | test('003 project creation order', async ({ page }) => {
        at /Users/Shared/projects/competition/runs/instruction-effects/pilot-009/definitions/project/acceptance/workboard.spec.mjs:27:75

    attachment #1: screenshot (image/png) ──────────────────────────────────────────────────────────
    runs/instruction-effects/pilot-009/tasks/task-001/attempts/b010/attempt-001/acceptance/artifacts/workboard-002-blank-project-input-is-rejected/test-failed-1.png
    ────────────────────────────────────────────────────────────────────────────────────────────────

    Error Context: runs/instruction-effects/pilot-009/tasks/task-001/attempts/b010/attempt-001/acceptance/artifacts/workboard-002-blank-project-input-is-rejected/error-context.md

    attachment #3: trace (application/zip) ─────────────────────────────────────────────────────────
    runs/instruction-effects/pilot-009/tasks/task-001/attempts/b010/attempt-001/acceptance/artifacts/workboard-002-blank-project-input-is-rejected/trace.zip
    Usage:

        npx playwright show-trace runs/instruction-effects/pilot-009/tasks/task-001/attempts/b010/attempt-001/acceptance/artifacts/workboard-002-blank-project-input-is-rejected/trace.zip

    ────────────────────────────────────────────────────────────────────────────────────────────────




[3/4] runs/instruction-effects/pilot-009/definitions/project/acceptance/workboard.spec.mjs:30:1 › 003 project creation order
[4/4] runs/instruction-effects/pilot-009/definitions/project/acceptance/workboard.spec.mjs:142:1 › 011 seed process-restart persistence checks
  1 failed
    runs/instruction-effects/pilot-009/definitions/project/acceptance/workboard.spec.mjs:21:1 › 002 blank project input is rejected 
  3 passed (7.0s)
