
Running 99 tests using 1 worker



[1/99] experiments/instruction-effects/revisions/research-v010/preflight/task030-executed-suite/bulk-directory.spec.mjs:13:2 › 067 bulk completion intersects every directory filter and preserves fields order and reserved positions
[2/99] experiments/instruction-effects/revisions/research-v010/preflight/task030-executed-suite/bulk-directory.spec.mjs:24:2 › 068 archived deleted and empty directory scopes disable both bulk actions without changing protected records
[3/99] experiments/instruction-effects/revisions/research-v010/preflight/task030-executed-suite/bulk-directory.spec.mjs:29:2 › 069 bulk changes retain two project restart sentinels with literal original metadata
[4/99] experiments/instruction-effects/revisions/research-v010/preflight/task030-executed-suite/default-priority.spec.mjs:11:2 › 027 pre-default projects and tasks preserve their distinct saved priorities
[5/99] experiments/instruction-effects/revisions/research-v010/preflight/task030-executed-suite/default-priority.spec.mjs:20:2 › 028 project default affects only future tasks and retains filters and summary
[6/99] experiments/instruction-effects/revisions/research-v010/preflight/task030-executed-suite/default-priority.spec.mjs:53:2 › 029 project default survives rename archive and restoration
[7/99] experiments/instruction-effects/revisions/research-v010/preflight/task030-executed-suite/deletion.spec.mjs:10:2 › 054 deleted tasks preserve fields intersect filters and remain read-only through project archival
[8/99] experiments/instruction-effects/revisions/research-v010/preflight/task030-executed-suite/deletion.spec.mjs:18:2 › 055 restoration retains reserved order explicit priority completion and remembered destination positions
[9/99] experiments/instruction-effects/revisions/research-v010/preflight/task030-executed-suite/deletion.spec.mjs:23:2 › 056 upgraded original tasks remain live and deleted-only project persists with an empty live summary
[10/99] experiments/instruction-effects/revisions/research-v010/preflight/task030-executed-suite/deletion.spec.mjs:27:2 › 057 deleted filter intersects priority due range and title search
[11/99] experiments/instruction-effects/revisions/research-v010/preflight/task030-executed-suite/directory-deletion-position.spec.mjs:8:14 › 080 bulk directory deletion preserves own and foreign reserved positions later edits and export order
[12/99] experiments/instruction-effects/revisions/research-v010/preflight/task030-executed-suite/directory-deletion-restart.spec.mjs:4:14 › 081 seed bulk deletion restoration fields and remembered positions for actual restart
[13/99] experiments/instruction-effects/revisions/research-v010/preflight/task030-executed-suite/directory-deletion.spec.mjs:31:2 › 078 directory bulk deletion and restoration honor every intersection and protect live summaries before restoration
[14/99] experiments/instruction-effects/revisions/research-v010/preflight/task030-executed-suite/directory-deletion.spec.mjs:56:2 › 079 bulk directory deletion preserves duplicate owner identities stored task order and completion on restoration
[15/99] experiments/instruction-effects/revisions/research-v010/preflight/task030-executed-suite/directory-due-edit.spec.mjs:36:2 › 085 directory due-date assignment honors intersections and preserves every nonmatching field
[16/99] experiments/instruction-effects/revisions/research-v010/preflight/task030-executed-suite/directory-due-edit.spec.mjs:48:2 › 086 invalid visible due dates are atomic and valid Gregorian boundaries persist
[17/99] experiments/instruction-effects/revisions/research-v010/preflight/task030-executed-suite/directory-due-position.spec.mjs:8:14 › 087 bulk date assignment preserves own and foreign reserved positions later edits and export order
[18/99] experiments/instruction-effects/revisions/research-v010/preflight/task030-executed-suite/directory-notes-edit.spec.mjs:37:2 › 088 directory notes preserve literal text every intersection and other fields
[19/99] experiments/instruction-effects/revisions/research-v010/preflight/task030-executed-suite/directory-notes-edit.spec.mjs:45:2 › 089 directory notes limit counts Unicode code points and rejects atomically with correction text retained
[20/99] experiments/instruction-effects/revisions/research-v010/preflight/task030-executed-suite/directory-notes-position.spec.mjs:8:14 › 090 bulk notes assignment preserves own and foreign reserved positions later edits and export order
[21/99] experiments/instruction-effects/revisions/research-v010/preflight/task030-executed-suite/directory-order.spec.mjs:10:2 › 070 directory ordering is global stable and preserves literal titles and stored project order
[22/99] experiments/instruction-effects/revisions/research-v010/preflight/task030-executed-suite/directory-order.spec.mjs:20:2 › 071 directory filters ranges search and bulk updates retain selected order without changing metadata
[23/99] experiments/instruction-effects/revisions/research-v010/preflight/task030-executed-suite/directory-order.spec.mjs:25:2 › 072 directory ordering includes deleted archived records and significant internal whitespace
[24/99] experiments/instruction-effects/revisions/research-v010/preflight/task030-executed-suite/directory-order.spec.mjs:32:2 › 073 directory title ordering folds only ASCII and compares Unicode code points without changing exports
[25/99] experiments/instruction-effects/revisions/research-v010/preflight/task030-executed-suite/directory-owners.spec.mjs:10:2 › 076 directory owner totals track intersections bulk results and protected scopes in project creation order
[26/99] experiments/instruction-effects/revisions/research-v010/preflight/task030-executed-suite/directory-owners.spec.mjs:16:2 › 077 duplicate project names preserve separate owner identities and correct open actions after rename and create
[27/99] experiments/instruction-effects/revisions/research-v010/preflight/task030-executed-suite/directory-priority-position.spec.mjs:8:14 › 084 bulk priority assignment preserves own and foreign reserved positions later edits and export order
[28/99] experiments/instruction-effects/revisions/research-v010/preflight/task030-executed-suite/directory-priority.spec.mjs:32:2 › 082 directory priority assignment honors intersected live results and protects nonmatching metadata
[29/99] experiments/instruction-effects/revisions/research-v010/preflight/task030-executed-suite/directory-priority.spec.mjs:60:2 › 083 bulk priority assignment distinguishes duplicate owners and preserves completion and local order
[30/99] experiments/instruction-effects/revisions/research-v010/preflight/task030-executed-suite/directory-project-order-position.spec.mjs:8:14 › 093 project-name ordering preserves own and foreign reserved positions later edits and export order
[31/99] experiments/instruction-effects/revisions/research-v010/preflight/task030-executed-suite/directory-project-order.spec.mjs:38:2 › 091 project-name ordering folds ASCII keeps stable owner ties and reads current renames without changing storage
[32/99] experiments/instruction-effects/revisions/research-v010/preflight/task030-executed-suite/directory-project-order.spec.mjs:48:2 › 092 project-name ordering compares Unicode code points and literal spacing across protected scope
[33/99] experiments/instruction-effects/revisions/research-v010/preflight/task030-executed-suite/directory-summary.spec.mjs:10:2 › 074 directory totals follow global intersections bulk updates protected scopes and unchanged project summaries
[34/99] experiments/instruction-effects/revisions/research-v010/preflight/task030-executed-suite/directory-summary.spec.mjs:17:2 › 075 directory totals show a resolved empty result without altering stored completion
[35/99] experiments/instruction-effects/revisions/research-v010/preflight/task030-executed-suite/directory.spec.mjs:12:2 › 064 directory preserves owner and stored order with live deleted archived and literal field semantics
[36/99] experiments/instruction-effects/revisions/research-v010/preflight/task030-executed-suite/directory.spec.mjs:17:2 › 065 directory intersects and retains filters validates ranges and resets on a new opening
[37/99] experiments/instruction-effects/revisions/research-v010/preflight/task030-executed-suite/directory.spec.mjs:20:2 › 066 directory includes original imported records and uses current whitespace matching without mutating project state
[38/99] experiments/instruction-effects/revisions/research-v010/preflight/task030-executed-suite/due-date.spec.mjs:11:2 › 030 dates default empty save canonically survive rename and clear
[39/99] experiments/instruction-effects/revisions/research-v010/preflight/task030-executed-suite/due-date.spec.mjs:21:2 › 031 invalid formats and impossible calendar dates preserve the saved date
[40/99] experiments/instruction-effects/revisions/research-v010/preflight/task030-executed-suite/due-date.spec.mjs:29:2 › 032 date changes retain task identity filters order and all-task summary
[41/99] experiments/instruction-effects/revisions/research-v010/preflight/task030-executed-suite/due-date.spec.mjs:44:2 › 033 archived dates are read-only restored and old data stays undated
[42/99] experiments/instruction-effects/revisions/research-v010/preflight/task030-executed-suite/due-range.spec.mjs:14:2 › 034 date ranges include endpoints exclude undated tasks and preserve order
[43/99] experiments/instruction-effects/revisions/research-v010/preflight/task030-executed-suite/due-range.spec.mjs:24:2 › 035 due ranges intersect completion priority and live date edits
[44/99] experiments/instruction-effects/revisions/research-v010/preflight/task030-executed-suite/due-range.spec.mjs:40:2 › 036 invalid due ranges preserve the last applied membership
[45/99] experiments/instruction-effects/revisions/research-v010/preflight/task030-executed-suite/due-range.spec.mjs:48:2 › 037 archived ranges stay usable and reopening clears transient boundaries
[46/99] experiments/instruction-effects/revisions/research-v010/preflight/task030-executed-suite/due-range.spec.mjs:57:2 › 038 project default rename and hidden creation retain the applied range
[47/99] experiments/instruction-effects/revisions/research-v010/preflight/task030-executed-suite/export.spec.mjs:7:2 › 058 export includes every stored task in order with literal values despite current filters
[48/99] experiments/instruction-effects/revisions/research-v010/preflight/task030-executed-suite/export.spec.mjs:11:2 › 059 archived upgraded and empty projects export without mutation
[49/99] experiments/instruction-effects/revisions/research-v010/preflight/task030-executed-suite/import.spec.mjs:14:2 › 060 exported projects import independently with saved fields deleted order and project defaults
[50/99] experiments/instruction-effects/revisions/research-v010/preflight/task030-executed-suite/import.spec.mjs:17:2 › 061 malformed root documents and blank override reject atomically and retain inputs
[51/99] experiments/instruction-effects/revisions/research-v010/preflight/task030-executed-suite/import.spec.mjs:20:2 › 062 invalid later tasks reject the entire import without partial project task or existing-data writes
[52/99] experiments/instruction-effects/revisions/research-v010/preflight/task030-executed-suite/import.spec.mjs:23:2 › 063 archived and empty imports preserve flags literal data and native restart sentinels
[53/99] experiments/instruction-effects/revisions/research-v010/preflight/task030-executed-suite/move-task.spec.mjs:15:2 › 039 moving a task preserves data and destination order without inheriting defaults
[54/99] experiments/instruction-effects/revisions/research-v010/preflight/task030-executed-suite/move-task.spec.mjs:26:2 › 040 moving under combined filters retains source range and independent data
[55/99] experiments/instruction-effects/revisions/research-v010/preflight/task030-executed-suite/move-task.spec.mjs:37:2 › 041 destination choices use active current project names in creation order
[56/99] experiments/instruction-effects/revisions/research-v010/preflight/task030-executed-suite/move-task.spec.mjs:41:2 › 042 archived source moves are disabled restoration allows moving an undated task
[57/99] experiments/instruction-effects/revisions/research-v010/preflight/task030-executed-suite/notes.spec.mjs:10:2 › 052 multiline notes retain literal text filters and archived read-only behavior
[58/99] experiments/instruction-effects/revisions/research-v010/preflight/task030-executed-suite/notes.spec.mjs:21:2 › 053 notes travel through moves and returns while original archived data upgrades
[59/99] experiments/instruction-effects/revisions/research-v010/preflight/task030-executed-suite/priority-filter.spec.mjs:8:3 › 023 priority and completion filters intersect in creation order
[60/99] experiments/instruction-effects/revisions/research-v010/preflight/task030-executed-suite/priority-filter.spec.mjs:42:3 › 024 filtered edits re-evaluate rows while retaining both filter choices
[61/99] experiments/instruction-effects/revisions/research-v010/preflight/task030-executed-suite/priority-filter.spec.mjs:73:3 › 025 task rename retains combined filter membership
[62/99] experiments/instruction-effects/revisions/research-v010/preflight/task030-executed-suite/priority-filter.spec.mjs:91:3 › 026 archived combined filters are readable without enabling task editing
[63/99] experiments/instruction-effects/revisions/research-v010/preflight/task030-executed-suite/priority.spec.mjs:8:3 › 022 pre-priority archived data acquires Normal without changing completion
[64/99] experiments/instruction-effects/revisions/research-v010/preflight/task030-executed-suite/priority.spec.mjs:19:3 › 019 independent priorities default to Normal and persist through rename
[65/99] experiments/instruction-effects/revisions/research-v010/preflight/task030-executed-suite/priority.spec.mjs:50:3 › 020 priority edits preserve completion filters and summary
[66/99] experiments/instruction-effects/revisions/research-v010/preflight/task030-executed-suite/priority.spec.mjs:71:3 › 021 archived priorities are read-only and restored unchanged
[67/99] experiments/instruction-effects/revisions/research-v010/preflight/task030-executed-suite/return-order.spec.mjs:13:2 › 043 returning tasks in reverse order restores prior positions and current fields
[68/99] experiments/instruction-effects/revisions/research-v010/preflight/task030-executed-suite/return-order.spec.mjs:20:2 › 044 rename archival and restoration preserve returning project identity
[69/99] experiments/instruction-effects/revisions/research-v010/preflight/task030-executed-suite/return-order.spec.mjs:27:2 › 045 return positions belong to each project and precede later new arrivals
[70/99] experiments/instruction-effects/revisions/research-v010/preflight/task030-executed-suite/search-whitespace.spec.mjs:5:2 › 050 task search collapses spaces tabs without changing stored titles or filters
[71/99] experiments/instruction-effects/revisions/research-v010/preflight/task030-executed-suite/search-whitespace.spec.mjs:12:2 › 051 project whitespace matching retains original names and archived intersection
[72/99] experiments/instruction-effects/revisions/research-v010/preflight/task030-executed-suite/search.spec.mjs:7:2 › 046 project search trims ASCII case and intersects archive filter in creation order
[73/99] experiments/instruction-effects/revisions/research-v010/preflight/task030-executed-suite/search.spec.mjs:15:2 › 047 task search intersects all filters retaining order and summary counts
[74/99] experiments/instruction-effects/revisions/research-v010/preflight/task030-executed-suite/search.spec.mjs:30:2 › 048 rename re-evaluates search membership and archived search remains readable
[75/99] experiments/instruction-effects/revisions/research-v010/preflight/task030-executed-suite/search.spec.mjs:37:2 › 049 upgraded original task012 return positions remain usable
[76/99] experiments/instruction-effects/revisions/research-v010/preflight/task030-executed-suite/workboard.spec.mjs:8:1 › 001 health and project creation persist on reload
[77/99] experiments/instruction-effects/revisions/research-v010/preflight/task030-executed-suite/workboard.spec.mjs:25:1 › 002 blank project input is rejected
[78/99] experiments/instruction-effects/revisions/research-v010/preflight/task030-executed-suite/workboard.spec.mjs:38:1 › 003 project creation order
[79/99] experiments/instruction-effects/revisions/research-v010/preflight/task030-executed-suite/workboard.spec.mjs:46:3 › 004 trimmed tasks and project URL survive reload
[80/99] experiments/instruction-effects/revisions/research-v010/preflight/task030-executed-suite/workboard.spec.mjs:55:3 › 005 blank task input is rejected
[81/99] experiments/instruction-effects/revisions/research-v010/preflight/task030-executed-suite/workboard.spec.mjs:64:3 › 006 tasks do not cross project boundaries
[82/99] experiments/instruction-effects/revisions/research-v010/preflight/task030-executed-suite/workboard.spec.mjs:73:3 › 007 task filters and completion state persist
[83/99] experiments/instruction-effects/revisions/research-v010/preflight/task030-executed-suite/workboard.spec.mjs:102:3 › 008 archive state persists and project can be restored
[84/99] experiments/instruction-effects/revisions/research-v010/preflight/task030-executed-suite/workboard.spec.mjs:114:3 › 009 archived tasks are read-only and survive restoration
[85/99] experiments/instruction-effects/revisions/research-v010/preflight/task030-executed-suite/workboard.spec.mjs:142:3 › 010 completion summaries reflect all tasks
[86/99] experiments/instruction-effects/revisions/research-v010/preflight/task030-executed-suite/workboard.spec.mjs:155:1 › 011 seed process-restart persistence checks
[87/99] experiments/instruction-effects/revisions/research-v010/preflight/task030-executed-suite/workboard.spec.mjs:207:3 › 013 rename preserves project URL, task state, summary and creation order
[88/99] experiments/instruction-effects/revisions/research-v010/preflight/task030-executed-suite/workboard.spec.mjs:231:3 › 014 blank rename preserves original name
[89/99] experiments/instruction-effects/revisions/research-v010/preflight/task030-executed-suite/workboard.spec.mjs:241:3 › 015 archived rename controls become available after restoration
[90/99] experiments/instruction-effects/revisions/research-v010/preflight/task030-executed-suite/workboard.spec.mjs:260:3 › 016 task rename preserves completion, order, filter membership and summary
[91/99] experiments/instruction-effects/revisions/research-v010/preflight/task030-executed-suite/workboard.spec.mjs:283:3 › 017 blank task rename preserves the original title
[92/99] experiments/instruction-effects/revisions/research-v010/preflight/task030-executed-suite/workboard.spec.mjs:294:3 › 018 archived task rename controls become enabled after restoration
[93/99] experiments/instruction-effects/revisions/research-v010/preflight/task030-executed-suite/workspace-export.spec.mjs:36:2 › 094 workspace export uses matching intersections owner creation and stored task order despite global sorting
[94/99] experiments/instruction-effects/revisions/research-v010/preflight/task030-executed-suite/workspace-export.spec.mjs:43:2 › 095 workspace export preserves duplicate archived owners and selects only matching deleted tasks
[95/99] experiments/instruction-effects/revisions/research-v010/preflight/task030-executed-suite/workspace-export.spec.mjs:48:2 › 096 empty matching workspace export is valid and leaves known data and controls unchanged
[96/99] experiments/instruction-effects/revisions/research-v010/preflight/task030-executed-suite/workspace-import.spec.mjs:42:2 › 097 workspace import appends independent duplicate owners trims names and preserves literal fields without overwriting existing data
[97/99] experiments/instruction-effects/revisions/research-v010/preflight/task030-executed-suite/workspace-import.spec.mjs:52:2 › 098 imported deleted tasks restore into supplied positions and preserve bulk-edited fields across later moves
[98/99] experiments/instruction-effects/revisions/research-v010/preflight/task030-executed-suite/workspace-import.spec.mjs:58:2 › 099 invalid workspace objects including the final owner fail atomically and retain the rejected input
[99/99] experiments/instruction-effects/revisions/research-v010/preflight/task030-executed-suite/workspace-import.spec.mjs:67:2 › 100 empty workspace imports create nothing and matching exports round-trip as independent owners
  99 passed (21.1m)
