
Running 1 test using 1 worker



[1/1] experiments/instruction-effects/revisions/research-v010/preflight/task038-executed04-suite/directory-prefix-search.spec.mjs:19:2 › 132 every bulk action and matching export honor prefix and protect embedded matches
  1) experiments/instruction-effects/revisions/research-v010/preflight/task038-executed04-suite/directory-prefix-search.spec.mjs:19:2 › 132 every bulk action and matching export honor prefix and protect embedded matches 

    Error: Task priority must be durable before the next navigation

    Task priority must be durable before the next navigation

    expect(received).toBe(expected) // Object.is equality

    Expected: "High"
    Received: "Low"

    Call Log:
    - Timeout 5000ms exceeded while waiting on the predicate

       at helpers.mjs:74

      72 |       await observer.getByRole('combobox', {name:'Task filter', exact:true}).selectOption({label:'All'});
      73 |       return taskRow(observer, title).getByRole('combobox', {name:'Task priority', exact:true}).locator('option:checked').textContent();
    > 74 |     }, {timeout:5000, message:'Task priority must be durable before the next navigation'}).toBe(priority);
         |                                                                                            ^
      75 |   } finally { await observer.close(); }
      76 | }
      77 |
        at expectPersistedPriority (/Users/Shared/projects/competition/experiments/instruction-effects/revisions/research-v010/preflight/task038-executed04-suite/helpers.mjs:74:92)
        at /Users/Shared/projects/competition/experiments/instruction-effects/revisions/research-v010/preflight/task038-executed04-suite/directory-prefix-search.spec.mjs:23:519

    attachment #1: screenshot (image/png) ──────────────────────────────────────────────────────────
    experiments/instruction-effects/revisions/research-v010/preflight/task038-focused03-check-1791680578205/negative-prefix-bulk-priority-substring-132/artifacts/directory-prefix-search-13-6058e-nd-protect-embedded-matches/test-failed-1.png
    ────────────────────────────────────────────────────────────────────────────────────────────────

    Error Context: experiments/instruction-effects/revisions/research-v010/preflight/task038-focused03-check-1791680578205/negative-prefix-bulk-priority-substring-132/artifacts/directory-prefix-search-13-6058e-nd-protect-embedded-matches/error-context.md

    attachment #3: trace (application/zip) ─────────────────────────────────────────────────────────
    experiments/instruction-effects/revisions/research-v010/preflight/task038-focused03-check-1791680578205/negative-prefix-bulk-priority-substring-132/artifacts/directory-prefix-search-13-6058e-nd-protect-embedded-matches/trace.zip
    Usage:

        npx playwright show-trace experiments/instruction-effects/revisions/research-v010/preflight/task038-focused03-check-1791680578205/negative-prefix-bulk-priority-substring-132/artifacts/directory-prefix-search-13-6058e-nd-protect-embedded-matches/trace.zip

    ────────────────────────────────────────────────────────────────────────────────────────────────


  1 failed
    experiments/instruction-effects/revisions/research-v010/preflight/task038-executed04-suite/directory-prefix-search.spec.mjs:19:2 › 132 every bulk action and matching export honor prefix and protect embedded matches 
