
Running 99 tests using 1 worker



[1/99] experiments/instruction-effects/revisions/research-v009/preflight/priority-fixtures/final030-import-render-ready-executed-suite/bulk-directory.spec.mjs:13:2 › 067 bulk completion intersects every directory filter and preserves fields order and reserved positions
[2/99] experiments/instruction-effects/revisions/research-v009/preflight/priority-fixtures/final030-import-render-ready-executed-suite/bulk-directory.spec.mjs:24:2 › 068 archived deleted and empty directory scopes disable both bulk actions without changing protected records
[3/99] experiments/instruction-effects/revisions/research-v009/preflight/priority-fixtures/final030-import-render-ready-executed-suite/bulk-directory.spec.mjs:29:2 › 069 bulk changes retain two project restart sentinels with literal original metadata
[4/99] experiments/instruction-effects/revisions/research-v009/preflight/priority-fixtures/final030-import-render-ready-executed-suite/default-priority.spec.mjs:11:2 › 027 pre-default projects and tasks preserve their distinct saved priorities
[5/99] experiments/instruction-effects/revisions/research-v009/preflight/priority-fixtures/final030-import-render-ready-executed-suite/default-priority.spec.mjs:20:2 › 028 project default affects only future tasks and retains filters and summary
[6/99] experiments/instruction-effects/revisions/research-v009/preflight/priority-fixtures/final030-import-render-ready-executed-suite/default-priority.spec.mjs:53:2 › 029 project default survives rename archive and restoration
[7/99] experiments/instruction-effects/revisions/research-v009/preflight/priority-fixtures/final030-import-render-ready-executed-suite/deletion.spec.mjs:10:2 › 054 deleted tasks preserve fields intersect filters and remain read-only through project archival
[8/99] experiments/instruction-effects/revisions/research-v009/preflight/priority-fixtures/final030-import-render-ready-executed-suite/deletion.spec.mjs:18:2 › 055 restoration retains reserved order explicit priority completion and remembered destination positions
[9/99] experiments/instruction-effects/revisions/research-v009/preflight/priority-fixtures/final030-import-render-ready-executed-suite/deletion.spec.mjs:23:2 › 056 upgraded original tasks remain live and deleted-only project persists with an empty live summary
[10/99] experiments/instruction-effects/revisions/research-v009/preflight/priority-fixtures/final030-import-render-ready-executed-suite/deletion.spec.mjs:27:2 › 057 deleted filter intersects priority due range and title search
[11/99] experiments/instruction-effects/revisions/research-v009/preflight/priority-fixtures/final030-import-render-ready-executed-suite/directory-deletion-position.spec.mjs:8:14 › 080 bulk directory deletion preserves own and foreign reserved positions later edits and export order
[12/99] experiments/instruction-effects/revisions/research-v009/preflight/priority-fixtures/final030-import-render-ready-executed-suite/directory-deletion-restart.spec.mjs:4:14 › 081 seed bulk deletion restoration fields and remembered positions for actual restart
[13/99] experiments/instruction-effects/revisions/research-v009/preflight/priority-fixtures/final030-import-render-ready-executed-suite/directory-deletion.spec.mjs:31:2 › 078 directory bulk deletion and restoration honor every intersection and protect live summaries before restoration
[14/99] experiments/instruction-effects/revisions/research-v009/preflight/priority-fixtures/final030-import-render-ready-executed-suite/directory-deletion.spec.mjs:56:2 › 079 bulk directory deletion preserves duplicate owner identities stored task order and completion on restoration
  1) experiments/instruction-effects/revisions/research-v009/preflight/priority-fixtures/final030-import-render-ready-executed-suite/directory-deletion.spec.mjs:56:2 › 079 bulk directory deletion preserves duplicate owner identities stored task order and completion on restoration 

    Error: expect(received).toBe(expected) // Object.is equality

    Expected: 2
    Received: 0

    Call Log:
    - Timeout 5000ms exceeded while waiting on the predicate

      58 |   const a='Bulk duplicate owner',b='Bulk duplicate temporary',q=projectName('Duplicate bulk target'),first=q+' zulu first',second=q+' alpha second',beforeA='Duplicate before A',afterA='Duplicate after A',beforeB='Duplicate before B',afterB='Duplicate after B';
      59 |   await createProject(page,a);await openProject(page,a);await createTask(page,beforeA);await createTask(page,first);await createTask(page,afterA);await createProject(page,b);await openProject(page,b);await createTask(page,beforeB);await createTask(page,second);await page.getByRole('checkbox',{name:'Complete '+second,exact:true}).check();await expectPersistedCompletion(page,b,second,true);await returnTo(page,b);await createTask(page,afterB);
    > 60 |   await page.getByRole('textbox',{name:'New project name',exact:true}).fill(projectName(a));await page.getByRole('button',{name:'Rename project',exact:true}).click();const o=await page.context().newPage();try{await expect.poll(async()=>{await o.goto('/');return projectRow(o,a).count();},{timeout:5000}).toBe(2);}finally{await o.close();}
         |                                                                                                                                                                                                                                                                                                                 ^
      61 |   await directory(page,q);await result(page,[a,a],['0/1 completed','1/1 completed'],[first,second],'1/2 completed');await page.getByRole('combobox',{name:'Directory order',exact:true}).selectOption({label:'Title'});await result(page,[a,a],['0/1 completed','1/1 completed'],[second,first],'1/2 completed');await remove(page).click();await result(page,[],[],[],'0/0 completed');
      62 |   const live=await page.context().newPage();try{await live.goto('/');await expect(projectRow(live,a).getByTestId('project-summary')).toHaveText(['0/2 completed','0/2 completed']);}finally{await live.close();}
      63 |   await page.getByRole('combobox',{name:'Task filter',exact:true}).selectOption({label:'Deleted'});await result(page,[a,a],['0/1 completed','1/1 completed'],[second,first],'1/2 completed');await owners(page).nth(0).getByRole('button',{name:'Open project',exact:true}).click();await titles(page,[beforeA,afterA]);
        at /Users/Shared/projects/competition/experiments/instruction-effects/revisions/research-v009/preflight/priority-fixtures/final030-import-render-ready-executed-suite/directory-deletion.spec.mjs:60:305

    attachment #1: screenshot (image/png) ──────────────────────────────────────────────────────────
    experiments/instruction-effects/revisions/research-v009/preflight/priority-fixtures/stage30-import-render-ready-full-check-1791669856641/positive-async/artifacts/directory-deletion-079-bul-0c686-d-completion-on-restoration/test-failed-1.png
    ────────────────────────────────────────────────────────────────────────────────────────────────

    Error Context: experiments/instruction-effects/revisions/research-v009/preflight/priority-fixtures/stage30-import-render-ready-full-check-1791669856641/positive-async/artifacts/directory-deletion-079-bul-0c686-d-completion-on-restoration/error-context.md

    attachment #3: trace (application/zip) ─────────────────────────────────────────────────────────
    experiments/instruction-effects/revisions/research-v009/preflight/priority-fixtures/stage30-import-render-ready-full-check-1791669856641/positive-async/artifacts/directory-deletion-079-bul-0c686-d-completion-on-restoration/trace.zip
    Usage:

        npx playwright show-trace experiments/instruction-effects/revisions/research-v009/preflight/priority-fixtures/stage30-import-render-ready-full-check-1791669856641/positive-async/artifacts/directory-deletion-079-bul-0c686-d-completion-on-restoration/trace.zip

    ────────────────────────────────────────────────────────────────────────────────────────────────




[15/99] experiments/instruction-effects/revisions/research-v009/preflight/priority-fixtures/final030-import-render-ready-executed-suite/directory-due-edit.spec.mjs:36:2 › 085 directory due-date assignment honors intersections and preserves every nonmatching field
[16/99] experiments/instruction-effects/revisions/research-v009/preflight/priority-fixtures/final030-import-render-ready-executed-suite/directory-due-edit.spec.mjs:48:2 › 086 invalid visible due dates are atomic and valid Gregorian boundaries persist
[17/99] experiments/instruction-effects/revisions/research-v009/preflight/priority-fixtures/final030-import-render-ready-executed-suite/directory-due-position.spec.mjs:8:14 › 087 bulk date assignment preserves own and foreign reserved positions later edits and export order
[18/99] experiments/instruction-effects/revisions/research-v009/preflight/priority-fixtures/final030-import-render-ready-executed-suite/directory-notes-edit.spec.mjs:37:2 › 088 directory notes preserve literal text every intersection and other fields
[19/99] experiments/instruction-effects/revisions/research-v009/preflight/priority-fixtures/final030-import-render-ready-executed-suite/directory-notes-edit.spec.mjs:45:2 › 089 directory notes limit counts Unicode code points and rejects atomically with correction text retained
[20/99] experiments/instruction-effects/revisions/research-v009/preflight/priority-fixtures/final030-import-render-ready-executed-suite/directory-notes-position.spec.mjs:8:14 › 090 bulk notes assignment preserves own and foreign reserved positions later edits and export order
[21/99] experiments/instruction-effects/revisions/research-v009/preflight/priority-fixtures/final030-import-render-ready-executed-suite/directory-order.spec.mjs:10:2 › 070 directory ordering is global stable and preserves literal titles and stored project order
[22/99] experiments/instruction-effects/revisions/research-v009/preflight/priority-fixtures/final030-import-render-ready-executed-suite/directory-order.spec.mjs:20:2 › 071 directory filters ranges search and bulk updates retain selected order without changing metadata
[23/99] experiments/instruction-effects/revisions/research-v009/preflight/priority-fixtures/final030-import-render-ready-executed-suite/directory-order.spec.mjs:25:2 › 072 directory ordering includes deleted archived records and significant internal whitespace
[24/99] experiments/instruction-effects/revisions/research-v009/preflight/priority-fixtures/final030-import-render-ready-executed-suite/directory-order.spec.mjs:32:2 › 073 directory title ordering folds only ASCII and compares Unicode code points without changing exports
[25/99] experiments/instruction-effects/revisions/research-v009/preflight/priority-fixtures/final030-import-render-ready-executed-suite/directory-owners.spec.mjs:10:2 › 076 directory owner totals track intersections bulk results and protected scopes in project creation order
[26/99] experiments/instruction-effects/revisions/research-v009/preflight/priority-fixtures/final030-import-render-ready-executed-suite/directory-owners.spec.mjs:16:2 › 077 duplicate project names preserve separate owner identities and correct open actions after rename and create
  2) experiments/instruction-effects/revisions/research-v009/preflight/priority-fixtures/final030-import-render-ready-executed-suite/directory-owners.spec.mjs:16:2 › 077 duplicate project names preserve separate owner identities and correct open actions after rename and create 

    Error: expect(received).toBe(expected) // Object.is equality

    Expected: 2
    Received: 0

    Call Log:
    - Timeout 5000ms exceeded while waiting on the predicate

      15 |  });
      16 |  test('077 duplicate project names preserve separate owner identities and correct open actions after rename and create',async({page})=>{
    > 17 |   const a='Duplicate owner first',b='Duplicate owner second',q=projectName('Duplicate record'),first=q+' zulu first',second=q+' alpha second',third=q+' middle third';await createProject(page,a);await openProject(page,a);await createTask(page,first);await createProject(page,b);await openProject(page,b);await createTask(page,second);await page.getByRole('checkbox',{name:'Complete '+second,exact:true}).check();await expectPersistedCompletion(page,b,second,true);await page.getByRole('textbox',{name:'New project name',exact:true}).fill(projectName(a));await page.getByRole('button',{name:'Rename project',exact:true}).click();const renamedObserver=await page.context().newPage();try{await expect.poll(async()=>{await renamedObserver.goto('/');return projectRow(renamedObserver,a).count();},{timeout:5000}).toBe(2);}finally{await renamedObserver.close();}await page.goto('/');await expect(projectRow(page,a)).toHaveCount(2);
         |                                                                                                                                                                                                                                                                                                                                                                                                                                                                                                                                                                                                                                                                                                                                                                                                                                        ^
      18 |   await directory(page,q);await result(page,[a,a],['0/1 completed','1/1 completed'],[first,second],'1/2 completed');await page.getByRole('combobox',{name:'Directory order',exact:true}).selectOption({label:'Title'});await result(page,[a,a],['0/1 completed','1/1 completed'],[second,first],'1/2 completed');await owners(page).nth(0).getByRole('button',{name:'Open project',exact:true}).click();await expect(taskRow(page,first)).toBeVisible();await expect(taskRow(page,second)).toHaveCount(0);await directory(page,q);await result(page,[a,a],['0/1 completed','1/1 completed'],[first,second],'1/2 completed');await owners(page).nth(1).getByRole('button',{name:'Open project',exact:true}).click();await expect(taskRow(page,second)).toBeVisible();await expect(page.getByRole('checkbox',{name:'Complete '+second,exact:true})).toBeChecked();await expect(taskRow(page,first)).toHaveCount(0);
      19 |   await page.goto('/');await page.getByRole('textbox',{name:'Project name',exact:true}).fill(projectName(a));await page.getByRole('button',{name:'Create project',exact:true}).click();const observer=await page.context().newPage();try{await expect.poll(async()=>{await observer.goto('/');return projectRow(observer,a).count();},{timeout:5000}).toBe(3);}finally{await observer.close();}await page.goto('/');await expect(projectRow(page,a)).toHaveCount(3);await projectRow(page,a).nth(2).getByRole('button',{name:'Open project',exact:true}).click();await expect(page.getByRole('heading',{name:projectName(a),exact:true}).first()).toBeVisible();await createTask(page,third);await directory(page,q);await result(page,[a,a,a],['0/1 completed','1/1 completed','0/1 completed'],[first,second,third],'1/3 completed');
      20 |  });
        at /Users/Shared/projects/competition/experiments/instruction-effects/revisions/research-v009/preflight/priority-fixtures/final030-import-render-ready-executed-suite/directory-owners.spec.mjs:17:808

    attachment #1: screenshot (image/png) ──────────────────────────────────────────────────────────
    experiments/instruction-effects/revisions/research-v009/preflight/priority-fixtures/stage30-import-render-ready-full-check-1791669856641/positive-async/artifacts/directory-owners-077-dupli-4a2da-ons-after-rename-and-create/test-failed-1.png
    ────────────────────────────────────────────────────────────────────────────────────────────────

    Error Context: experiments/instruction-effects/revisions/research-v009/preflight/priority-fixtures/stage30-import-render-ready-full-check-1791669856641/positive-async/artifacts/directory-owners-077-dupli-4a2da-ons-after-rename-and-create/error-context.md

    attachment #3: trace (application/zip) ─────────────────────────────────────────────────────────
    experiments/instruction-effects/revisions/research-v009/preflight/priority-fixtures/stage30-import-render-ready-full-check-1791669856641/positive-async/artifacts/directory-owners-077-dupli-4a2da-ons-after-rename-and-create/trace.zip
    Usage:

        npx playwright show-trace experiments/instruction-effects/revisions/research-v009/preflight/priority-fixtures/stage30-import-render-ready-full-check-1791669856641/positive-async/artifacts/directory-owners-077-dupli-4a2da-ons-after-rename-and-create/trace.zip

    ────────────────────────────────────────────────────────────────────────────────────────────────




[27/99] experiments/instruction-effects/revisions/research-v009/preflight/priority-fixtures/final030-import-render-ready-executed-suite/directory-priority-position.spec.mjs:8:14 › 084 bulk priority assignment preserves own and foreign reserved positions later edits and export order
[28/99] experiments/instruction-effects/revisions/research-v009/preflight/priority-fixtures/final030-import-render-ready-executed-suite/directory-priority.spec.mjs:32:2 › 082 directory priority assignment honors intersected live results and protects nonmatching metadata
[29/99] experiments/instruction-effects/revisions/research-v009/preflight/priority-fixtures/final030-import-render-ready-executed-suite/directory-priority.spec.mjs:60:2 › 083 bulk priority assignment distinguishes duplicate owners and preserves completion and local order
  3) experiments/instruction-effects/revisions/research-v009/preflight/priority-fixtures/final030-import-render-ready-executed-suite/directory-priority.spec.mjs:60:2 › 083 bulk priority assignment distinguishes duplicate owners and preserves completion and local order 

    Error: expect(received).toBe(expected) // Object.is equality

    Expected: 2
    Received: 0

    Call Log:
    - Timeout 5000ms exceeded while waiting on the predicate

      62 |   await createProject(page,a);await openProject(page,a);await createTask(page,beforeA);await configured(page,a,first,{priority:'Low',date:'2068-02-29',notes:'Duplicate first Ω\nkept'});await createTask(page,afterA);
      63 |   await createProject(page,b);await openProject(page,b);await createTask(page,beforeB);await configured(page,b,second,{priority:'Low',completed:true,date:'2064-02-29',notes:'Duplicate second Ω\nkept'});await createTask(page,afterB);
    > 64 |   await page.getByRole('textbox',{name:'New project name',exact:true}).fill(projectName(a));await page.getByRole('button',{name:'Rename project',exact:true}).click();const observer=await page.context().newPage();try{await expect.poll(async()=>{await observer.goto('/');return projectRow(observer,a).count();},{timeout:5000}).toBe(2);}finally{await observer.close();}
         |                                                                                                                                                                                                                                                                                                                                      ^
      65 |   await directory(page,q);await result(page,[a,a],['0/2 completed','1/1 completed'],[beforeA,first,second],'1/3 completed');await page.getByRole('combobox',{name:'Priority filter',exact:true}).selectOption({label:'Low'});await result(page,[a,a],['0/1 completed','1/1 completed'],[first,second],'1/2 completed');await save(page).click();await result(page,[],[],[],'0/0 completed');await page.getByRole('combobox',{name:'Priority filter',exact:true}).selectOption({label:'Normal'});await result(page,[a,a],['0/2 completed','1/1 completed'],[beforeA,first,second],'1/3 completed');
      66 |   await owners(page).nth(0).getByRole('button',{name:'Open project',exact:true}).click();await titles(page,[beforeA,first,afterA]);await expect(taskRow(page,first).getByRole('combobox',{name:'Task priority',exact:true}).locator('option:checked')).toHaveText('Normal');await expect(taskRow(page,first).getByRole('textbox',{name:'Task due date',exact:true})).toHaveValue('2068-02-29');await expect(taskRow(page,first).getByRole('textbox',{name:'Task notes',exact:true})).toHaveValue('Duplicate first Ω\nkept');await expect(page.getByRole('checkbox',{name:'Complete '+first,exact:true})).not.toBeChecked();
      67 |   await directory(page,q);await result(page,[a,a],['0/2 completed','1/1 completed'],[beforeA,first,second],'1/3 completed');await owners(page).nth(1).getByRole('button',{name:'Open project',exact:true}).click();await titles(page,[beforeB,second,afterB]);await expect(taskRow(page,second).getByRole('combobox',{name:'Task priority',exact:true}).locator('option:checked')).toHaveText('Normal');await expect(taskRow(page,second).getByRole('textbox',{name:'Task due date',exact:true})).toHaveValue('2064-02-29');await expect(taskRow(page,second).getByRole('textbox',{name:'Task notes',exact:true})).toHaveValue('Duplicate second Ω\nkept');await expect(page.getByRole('checkbox',{name:'Complete '+second,exact:true})).toBeChecked();await page.goto('/');await expect(projectRow(page,a).getByTestId('project-summary')).toHaveText(['0/3 completed','1/3 completed']);
        at /Users/Shared/projects/competition/experiments/instruction-effects/revisions/research-v009/preflight/priority-fixtures/final030-import-render-ready-executed-suite/directory-priority.spec.mjs:64:326

    attachment #1: screenshot (image/png) ──────────────────────────────────────────────────────────
    experiments/instruction-effects/revisions/research-v009/preflight/priority-fixtures/stage30-import-render-ready-full-check-1791669856641/positive-async/artifacts/directory-priority-083-bul-09255--completion-and-local-order/test-failed-1.png
    ────────────────────────────────────────────────────────────────────────────────────────────────

    Error Context: experiments/instruction-effects/revisions/research-v009/preflight/priority-fixtures/stage30-import-render-ready-full-check-1791669856641/positive-async/artifacts/directory-priority-083-bul-09255--completion-and-local-order/error-context.md

    attachment #3: trace (application/zip) ─────────────────────────────────────────────────────────
    experiments/instruction-effects/revisions/research-v009/preflight/priority-fixtures/stage30-import-render-ready-full-check-1791669856641/positive-async/artifacts/directory-priority-083-bul-09255--completion-and-local-order/trace.zip
    Usage:

        npx playwright show-trace experiments/instruction-effects/revisions/research-v009/preflight/priority-fixtures/stage30-import-render-ready-full-check-1791669856641/positive-async/artifacts/directory-priority-083-bul-09255--completion-and-local-order/trace.zip

    ────────────────────────────────────────────────────────────────────────────────────────────────




[30/99] experiments/instruction-effects/revisions/research-v009/preflight/priority-fixtures/final030-import-render-ready-executed-suite/directory-project-order-position.spec.mjs:8:14 › 093 project-name ordering preserves own and foreign reserved positions later edits and export order
[31/99] experiments/instruction-effects/revisions/research-v009/preflight/priority-fixtures/final030-import-render-ready-executed-suite/directory-project-order.spec.mjs:38:2 › 091 project-name ordering folds ASCII keeps stable owner ties and reads current renames without changing storage
  4) experiments/instruction-effects/revisions/research-v009/preflight/priority-fixtures/final030-import-render-ready-executed-suite/directory-project-order.spec.mjs:38:2 › 091 project-name ordering folds ASCII keeps stable owner ties and reads current renames without changing storage 

    Error: expect(received).toBe(expected) // Object.is equality

    Expected: 1
    Received: 0

    Call Log:
    - Timeout 5000ms exceeded while waiting on the predicate

      43 |
      44 |   await rows(page).last().getByRole('button',{name:'Open project',exact:true}).click();await titles(page,[az,aa]);const pending=page.waitForEvent('download');await page.getByRole('button',{name:'Download project',exact:true}).click();const stream=await(await pending).createReadStream();const chunks=[];for await(const chunk of stream)chunks.push(chunk);expect(JSON.parse(Buffer.concat(chunks).toString('utf8')).project.tasks.map(t=>t.title)).toEqual([az,aa]);
    > 45 |   const renamed='Name order Aardvark';await page.getByRole('textbox',{name:'New project name',exact:true}).fill(projectName(renamed));await page.getByRole('button',{name:'Rename project',exact:true}).click();const observer=await page.context().newPage();try{await expect.poll(async()=>{await observer.goto('/');return projectRow(observer,renamed).count();}).toBe(1);}finally{await observer.close();}
         |                                                                                                                                                                                                                                                                                                                                                                       ^
      46 |   await directory(page,q);await result(page,[renamed,b,c],['0/2 completed','0/2 completed','0/1 completed'],[az,aa,bz,ba,cz],'0/5 completed');await page.getByRole('combobox',{name:'Directory order',exact:true}).selectOption({label:'Project name'});await result(page,[renamed,b,c],['0/2 completed','0/2 completed','0/1 completed'],[az,aa,bz,ba,cz],'0/5 completed');await page.getByRole('combobox',{name:'Visible tasks priority',exact:true}).selectOption({label:'High'});await page.getByRole('button',{name:'Set visible priority',exact:true}).click();await result(page,[renamed,b,c],['0/2 completed','0/2 completed','0/1 completed'],[az,aa,bz,ba,cz],'0/5 completed');await expect(page.getByRole('combobox',{name:'Directory order',exact:true}).locator('option:checked')).toHaveText('Project name');
      47 |  });
      48 |  test('092 project-name ordering compares Unicode code points and literal spacing across protected scope',async({page})=>{
        at /Users/Shared/projects/competition/experiments/instruction-effects/revisions/research-v009/preflight/priority-fixtures/final030-import-render-ready-executed-suite/directory-project-order.spec.mjs:45:359

    attachment #1: screenshot (image/png) ──────────────────────────────────────────────────────────
    experiments/instruction-effects/revisions/research-v009/preflight/priority-fixtures/stage30-import-render-ready-full-check-1791669856641/positive-async/artifacts/directory-project-order-09-94f4b-es-without-changing-storage/test-failed-1.png
    ────────────────────────────────────────────────────────────────────────────────────────────────

    Error Context: experiments/instruction-effects/revisions/research-v009/preflight/priority-fixtures/stage30-import-render-ready-full-check-1791669856641/positive-async/artifacts/directory-project-order-09-94f4b-es-without-changing-storage/error-context.md

    attachment #3: trace (application/zip) ─────────────────────────────────────────────────────────
    experiments/instruction-effects/revisions/research-v009/preflight/priority-fixtures/stage30-import-render-ready-full-check-1791669856641/positive-async/artifacts/directory-project-order-09-94f4b-es-without-changing-storage/trace.zip
    Usage:

        npx playwright show-trace experiments/instruction-effects/revisions/research-v009/preflight/priority-fixtures/stage30-import-render-ready-full-check-1791669856641/positive-async/artifacts/directory-project-order-09-94f4b-es-without-changing-storage/trace.zip

    ────────────────────────────────────────────────────────────────────────────────────────────────




[32/99] experiments/instruction-effects/revisions/research-v009/preflight/priority-fixtures/final030-import-render-ready-executed-suite/directory-project-order.spec.mjs:48:2 › 092 project-name ordering compares Unicode code points and literal spacing across protected scope
[33/99] experiments/instruction-effects/revisions/research-v009/preflight/priority-fixtures/final030-import-render-ready-executed-suite/directory-summary.spec.mjs:10:2 › 074 directory totals follow global intersections bulk updates protected scopes and unchanged project summaries
[34/99] experiments/instruction-effects/revisions/research-v009/preflight/priority-fixtures/final030-import-render-ready-executed-suite/directory-summary.spec.mjs:17:2 › 075 directory totals show a resolved empty result without altering stored completion
[35/99] experiments/instruction-effects/revisions/research-v009/preflight/priority-fixtures/final030-import-render-ready-executed-suite/directory.spec.mjs:12:2 › 064 directory preserves owner and stored order with live deleted archived and literal field semantics
[36/99] experiments/instruction-effects/revisions/research-v009/preflight/priority-fixtures/final030-import-render-ready-executed-suite/directory.spec.mjs:17:2 › 065 directory intersects and retains filters validates ranges and resets on a new opening
[37/99] experiments/instruction-effects/revisions/research-v009/preflight/priority-fixtures/final030-import-render-ready-executed-suite/directory.spec.mjs:20:2 › 066 directory includes original imported records and uses current whitespace matching without mutating project state
[38/99] experiments/instruction-effects/revisions/research-v009/preflight/priority-fixtures/final030-import-render-ready-executed-suite/due-date.spec.mjs:11:2 › 030 dates default empty save canonically survive rename and clear
[39/99] experiments/instruction-effects/revisions/research-v009/preflight/priority-fixtures/final030-import-render-ready-executed-suite/due-date.spec.mjs:21:2 › 031 invalid formats and impossible calendar dates preserve the saved date
[40/99] experiments/instruction-effects/revisions/research-v009/preflight/priority-fixtures/final030-import-render-ready-executed-suite/due-date.spec.mjs:29:2 › 032 date changes retain task identity filters order and all-task summary
[41/99] experiments/instruction-effects/revisions/research-v009/preflight/priority-fixtures/final030-import-render-ready-executed-suite/due-date.spec.mjs:44:2 › 033 archived dates are read-only restored and old data stays undated
[42/99] experiments/instruction-effects/revisions/research-v009/preflight/priority-fixtures/final030-import-render-ready-executed-suite/due-range.spec.mjs:14:2 › 034 date ranges include endpoints exclude undated tasks and preserve order
[43/99] experiments/instruction-effects/revisions/research-v009/preflight/priority-fixtures/final030-import-render-ready-executed-suite/due-range.spec.mjs:24:2 › 035 due ranges intersect completion priority and live date edits
[44/99] experiments/instruction-effects/revisions/research-v009/preflight/priority-fixtures/final030-import-render-ready-executed-suite/due-range.spec.mjs:40:2 › 036 invalid due ranges preserve the last applied membership
[45/99] experiments/instruction-effects/revisions/research-v009/preflight/priority-fixtures/final030-import-render-ready-executed-suite/due-range.spec.mjs:48:2 › 037 archived ranges stay usable and reopening clears transient boundaries
[46/99] experiments/instruction-effects/revisions/research-v009/preflight/priority-fixtures/final030-import-render-ready-executed-suite/due-range.spec.mjs:57:2 › 038 project default rename and hidden creation retain the applied range
[47/99] experiments/instruction-effects/revisions/research-v009/preflight/priority-fixtures/final030-import-render-ready-executed-suite/export.spec.mjs:7:2 › 058 export includes every stored task in order with literal values despite current filters
[48/99] experiments/instruction-effects/revisions/research-v009/preflight/priority-fixtures/final030-import-render-ready-executed-suite/export.spec.mjs:11:2 › 059 archived upgraded and empty projects export without mutation
[49/99] experiments/instruction-effects/revisions/research-v009/preflight/priority-fixtures/final030-import-render-ready-executed-suite/import.spec.mjs:14:2 › 060 exported projects import independently with saved fields deleted order and project defaults
[50/99] experiments/instruction-effects/revisions/research-v009/preflight/priority-fixtures/final030-import-render-ready-executed-suite/import.spec.mjs:17:2 › 061 malformed root documents and blank override reject atomically and retain inputs
[51/99] experiments/instruction-effects/revisions/research-v009/preflight/priority-fixtures/final030-import-render-ready-executed-suite/import.spec.mjs:20:2 › 062 invalid later tasks reject the entire import without partial project task or existing-data writes
[52/99] experiments/instruction-effects/revisions/research-v009/preflight/priority-fixtures/final030-import-render-ready-executed-suite/import.spec.mjs:23:2 › 063 archived and empty imports preserve flags literal data and native restart sentinels
[53/99] experiments/instruction-effects/revisions/research-v009/preflight/priority-fixtures/final030-import-render-ready-executed-suite/move-task.spec.mjs:15:2 › 039 moving a task preserves data and destination order without inheriting defaults
[54/99] experiments/instruction-effects/revisions/research-v009/preflight/priority-fixtures/final030-import-render-ready-executed-suite/move-task.spec.mjs:26:2 › 040 moving under combined filters retains source range and independent data
[55/99] experiments/instruction-effects/revisions/research-v009/preflight/priority-fixtures/final030-import-render-ready-executed-suite/move-task.spec.mjs:37:2 › 041 destination choices use active current project names in creation order
[56/99] experiments/instruction-effects/revisions/research-v009/preflight/priority-fixtures/final030-import-render-ready-executed-suite/move-task.spec.mjs:41:2 › 042 archived source moves are disabled restoration allows moving an undated task
[57/99] experiments/instruction-effects/revisions/research-v009/preflight/priority-fixtures/final030-import-render-ready-executed-suite/notes.spec.mjs:10:2 › 052 multiline notes retain literal text filters and archived read-only behavior
[58/99] experiments/instruction-effects/revisions/research-v009/preflight/priority-fixtures/final030-import-render-ready-executed-suite/notes.spec.mjs:21:2 › 053 notes travel through moves and returns while original archived data upgrades
[59/99] experiments/instruction-effects/revisions/research-v009/preflight/priority-fixtures/final030-import-render-ready-executed-suite/priority-filter.spec.mjs:8:3 › 023 priority and completion filters intersect in creation order
[60/99] experiments/instruction-effects/revisions/research-v009/preflight/priority-fixtures/final030-import-render-ready-executed-suite/priority-filter.spec.mjs:42:3 › 024 filtered edits re-evaluate rows while retaining both filter choices
[61/99] experiments/instruction-effects/revisions/research-v009/preflight/priority-fixtures/final030-import-render-ready-executed-suite/priority-filter.spec.mjs:73:3 › 025 task rename retains combined filter membership
[62/99] experiments/instruction-effects/revisions/research-v009/preflight/priority-fixtures/final030-import-render-ready-executed-suite/priority-filter.spec.mjs:91:3 › 026 archived combined filters are readable without enabling task editing
[63/99] experiments/instruction-effects/revisions/research-v009/preflight/priority-fixtures/final030-import-render-ready-executed-suite/priority.spec.mjs:8:3 › 022 pre-priority archived data acquires Normal without changing completion
[64/99] experiments/instruction-effects/revisions/research-v009/preflight/priority-fixtures/final030-import-render-ready-executed-suite/priority.spec.mjs:19:3 › 019 independent priorities default to Normal and persist through rename
[65/99] experiments/instruction-effects/revisions/research-v009/preflight/priority-fixtures/final030-import-render-ready-executed-suite/priority.spec.mjs:50:3 › 020 priority edits preserve completion filters and summary
[66/99] experiments/instruction-effects/revisions/research-v009/preflight/priority-fixtures/final030-import-render-ready-executed-suite/priority.spec.mjs:71:3 › 021 archived priorities are read-only and restored unchanged
[67/99] experiments/instruction-effects/revisions/research-v009/preflight/priority-fixtures/final030-import-render-ready-executed-suite/return-order.spec.mjs:13:2 › 043 returning tasks in reverse order restores prior positions and current fields
[68/99] experiments/instruction-effects/revisions/research-v009/preflight/priority-fixtures/final030-import-render-ready-executed-suite/return-order.spec.mjs:20:2 › 044 rename archival and restoration preserve returning project identity
[69/99] experiments/instruction-effects/revisions/research-v009/preflight/priority-fixtures/final030-import-render-ready-executed-suite/return-order.spec.mjs:27:2 › 045 return positions belong to each project and precede later new arrivals
[70/99] experiments/instruction-effects/revisions/research-v009/preflight/priority-fixtures/final030-import-render-ready-executed-suite/search-whitespace.spec.mjs:5:2 › 050 task search collapses spaces tabs without changing stored titles or filters
[71/99] experiments/instruction-effects/revisions/research-v009/preflight/priority-fixtures/final030-import-render-ready-executed-suite/search-whitespace.spec.mjs:12:2 › 051 project whitespace matching retains original names and archived intersection
[72/99] experiments/instruction-effects/revisions/research-v009/preflight/priority-fixtures/final030-import-render-ready-executed-suite/search.spec.mjs:7:2 › 046 project search trims ASCII case and intersects archive filter in creation order
[73/99] experiments/instruction-effects/revisions/research-v009/preflight/priority-fixtures/final030-import-render-ready-executed-suite/search.spec.mjs:15:2 › 047 task search intersects all filters retaining order and summary counts
[74/99] experiments/instruction-effects/revisions/research-v009/preflight/priority-fixtures/final030-import-render-ready-executed-suite/search.spec.mjs:30:2 › 048 rename re-evaluates search membership and archived search remains readable
[75/99] experiments/instruction-effects/revisions/research-v009/preflight/priority-fixtures/final030-import-render-ready-executed-suite/search.spec.mjs:37:2 › 049 upgraded original task012 return positions remain usable
[76/99] experiments/instruction-effects/revisions/research-v009/preflight/priority-fixtures/final030-import-render-ready-executed-suite/workboard.spec.mjs:8:1 › 001 health and project creation persist on reload
[77/99] experiments/instruction-effects/revisions/research-v009/preflight/priority-fixtures/final030-import-render-ready-executed-suite/workboard.spec.mjs:25:1 › 002 blank project input is rejected
[78/99] experiments/instruction-effects/revisions/research-v009/preflight/priority-fixtures/final030-import-render-ready-executed-suite/workboard.spec.mjs:38:1 › 003 project creation order
[79/99] experiments/instruction-effects/revisions/research-v009/preflight/priority-fixtures/final030-import-render-ready-executed-suite/workboard.spec.mjs:46:3 › 004 trimmed tasks and project URL survive reload
[80/99] experiments/instruction-effects/revisions/research-v009/preflight/priority-fixtures/final030-import-render-ready-executed-suite/workboard.spec.mjs:55:3 › 005 blank task input is rejected
[81/99] experiments/instruction-effects/revisions/research-v009/preflight/priority-fixtures/final030-import-render-ready-executed-suite/workboard.spec.mjs:64:3 › 006 tasks do not cross project boundaries
[82/99] experiments/instruction-effects/revisions/research-v009/preflight/priority-fixtures/final030-import-render-ready-executed-suite/workboard.spec.mjs:73:3 › 007 task filters and completion state persist
[83/99] experiments/instruction-effects/revisions/research-v009/preflight/priority-fixtures/final030-import-render-ready-executed-suite/workboard.spec.mjs:102:3 › 008 archive state persists and project can be restored
[84/99] experiments/instruction-effects/revisions/research-v009/preflight/priority-fixtures/final030-import-render-ready-executed-suite/workboard.spec.mjs:114:3 › 009 archived tasks are read-only and survive restoration
[85/99] experiments/instruction-effects/revisions/research-v009/preflight/priority-fixtures/final030-import-render-ready-executed-suite/workboard.spec.mjs:142:3 › 010 completion summaries reflect all tasks
[86/99] experiments/instruction-effects/revisions/research-v009/preflight/priority-fixtures/final030-import-render-ready-executed-suite/workboard.spec.mjs:155:1 › 011 seed process-restart persistence checks
[87/99] experiments/instruction-effects/revisions/research-v009/preflight/priority-fixtures/final030-import-render-ready-executed-suite/workboard.spec.mjs:207:3 › 013 rename preserves project URL, task state, summary and creation order
[88/99] experiments/instruction-effects/revisions/research-v009/preflight/priority-fixtures/final030-import-render-ready-executed-suite/workboard.spec.mjs:231:3 › 014 blank rename preserves original name
[89/99] experiments/instruction-effects/revisions/research-v009/preflight/priority-fixtures/final030-import-render-ready-executed-suite/workboard.spec.mjs:241:3 › 015 archived rename controls become available after restoration
[90/99] experiments/instruction-effects/revisions/research-v009/preflight/priority-fixtures/final030-import-render-ready-executed-suite/workboard.spec.mjs:260:3 › 016 task rename preserves completion, order, filter membership and summary
[91/99] experiments/instruction-effects/revisions/research-v009/preflight/priority-fixtures/final030-import-render-ready-executed-suite/workboard.spec.mjs:283:3 › 017 blank task rename preserves the original title
[92/99] experiments/instruction-effects/revisions/research-v009/preflight/priority-fixtures/final030-import-render-ready-executed-suite/workboard.spec.mjs:294:3 › 018 archived task rename controls become enabled after restoration
[93/99] experiments/instruction-effects/revisions/research-v009/preflight/priority-fixtures/final030-import-render-ready-executed-suite/workspace-export.spec.mjs:36:2 › 094 workspace export uses matching intersections owner creation and stored task order despite global sorting
[94/99] experiments/instruction-effects/revisions/research-v009/preflight/priority-fixtures/final030-import-render-ready-executed-suite/workspace-export.spec.mjs:43:2 › 095 workspace export preserves duplicate archived owners and selects only matching deleted tasks
  5) experiments/instruction-effects/revisions/research-v009/preflight/priority-fixtures/final030-import-render-ready-executed-suite/workspace-export.spec.mjs:43:2 › 095 workspace export preserves duplicate archived owners and selects only matching deleted tasks 

    Error: expect(received).toBe(expected) // Object.is equality

    Expected: 2
    Received: 0

    Call Log:
    - Timeout 5000ms exceeded while waiting on the predicate

      42 |  });
      43 |  test('095 workspace export preserves duplicate archived owners and selects only matching deleted tasks',async({page})=>{
    > 44 |   test.setTimeout(90000);const a='Workspace duplicate archive',b='Workspace duplicate temporary',q=projectName('Workspace deleted record'),first=q+' zulu',second=q+' alpha',guard=q+' low guard',live=q+' live guard',note='Deleted Ω\nkept';await createProject(page,a);await openProject(page,a);await configured(page,a,first,{priority:'High',date:'2068-02-29',notes:note,deleted:true});await configured(page,a,guard,{priority:'Low',date:'2068-02-29',deleted:true});await configured(page,a,live,{priority:'High',date:'2068-02-29'});await createProject(page,b);await openProject(page,b);await configured(page,b,second,{priority:'High',date:'2068-02-29',notes:note,completed:true,deleted:true});await page.getByRole('textbox',{name:'New project name',exact:true}).fill(projectName(a));await page.getByRole('button',{name:'Rename project',exact:true}).click();const o=await page.context().newPage();try{await expect.poll(async()=>{await o.goto('/');return projectRow(o,a).count();}).toBe(2);}finally{await o.close();}await page.goto('/');for(let i=0;i<2;i++){await projectRow(page,a).first().getByRole('button',{name:'Archive project',exact:true}).click();await expect(projectRow(page,a)).toHaveCount(1-i);}
         |                                                                                                                                                                                                                                                                                                                                                                                                                                                                                                                                                                                                                                                                                                                                                                                                                                                                                                                                                                                                                 ^
      45 |   const activeOwner='Workspace scope guard',active=q+' active guard';await createProject(page,activeOwner);await openProject(page,activeOwner);await configured(page,activeOwner,active,{priority:'High',date:'2068-02-29',deleted:true});
      46 |   await directory(page,q);await result(page,[],[],[],'0/0 completed');await page.getByRole('combobox',{name:'Project scope',exact:true}).selectOption({label:'Archived'});await result(page,[a],['0/1 completed'],[live],'0/1 completed');await page.getByRole('combobox',{name:'Task filter',exact:true}).selectOption({label:'Deleted'});await result(page,[a,a],['0/2 completed','1/1 completed'],[first,guard,second],'1/3 completed');await page.getByRole('combobox',{name:'Priority filter',exact:true}).selectOption({label:'High'});await result(page,[a,a],['0/1 completed','1/1 completed'],[first,second],'1/2 completed');await page.getByRole('combobox',{name:'Directory order',exact:true}).selectOption({label:'Title'});await result(page,[a,a],['0/1 completed','1/1 completed'],[second,first],'1/2 completed');const data=await exported(page);expect(data).toHaveLength(2);expect(data.map(p=>p.name)).toEqual([projectName(a),projectName(a)]);expect(data.map(p=>p.tasks.map(t=>t.title))).toEqual([[first],[second]]);for(const p of data){expect(p.archived).toBe(true);expect(p.defaultPriority).toBe('Normal');for(const t of p.tasks)expect(t).toMatchObject({priority:'High',dueDate:'2068-02-29',notes:note,deleted:true});}expect(data.map(p=>p.tasks[0].completed)).toEqual([false,true]);noIds(data);await result(page,[a,a],['0/1 completed','1/1 completed'],[second,first],'1/2 completed');
      47 |  });
        at /Users/Shared/projects/competition/experiments/instruction-effects/revisions/research-v009/preflight/priority-fixtures/final030-import-render-ready-executed-suite/workspace-export.spec.mjs:44:977

    attachment #1: screenshot (image/png) ──────────────────────────────────────────────────────────
    experiments/instruction-effects/revisions/research-v009/preflight/priority-fixtures/stage30-import-render-ready-full-check-1791669856641/positive-async/artifacts/workspace-export-095-works-c0056-only-matching-deleted-tasks/test-failed-1.png
    ────────────────────────────────────────────────────────────────────────────────────────────────

    Error Context: experiments/instruction-effects/revisions/research-v009/preflight/priority-fixtures/stage30-import-render-ready-full-check-1791669856641/positive-async/artifacts/workspace-export-095-works-c0056-only-matching-deleted-tasks/error-context.md

    attachment #3: trace (application/zip) ─────────────────────────────────────────────────────────
    experiments/instruction-effects/revisions/research-v009/preflight/priority-fixtures/stage30-import-render-ready-full-check-1791669856641/positive-async/artifacts/workspace-export-095-works-c0056-only-matching-deleted-tasks/trace.zip
    Usage:

        npx playwright show-trace experiments/instruction-effects/revisions/research-v009/preflight/priority-fixtures/stage30-import-render-ready-full-check-1791669856641/positive-async/artifacts/workspace-export-095-works-c0056-only-matching-deleted-tasks/trace.zip

    ────────────────────────────────────────────────────────────────────────────────────────────────




[95/99] experiments/instruction-effects/revisions/research-v009/preflight/priority-fixtures/final030-import-render-ready-executed-suite/workspace-export.spec.mjs:48:2 › 096 empty matching workspace export is valid and leaves known data and controls unchanged
[96/99] experiments/instruction-effects/revisions/research-v009/preflight/priority-fixtures/final030-import-render-ready-executed-suite/workspace-import.spec.mjs:42:2 › 097 workspace import appends independent duplicate owners trims names and preserves literal fields without overwriting existing data
[97/99] experiments/instruction-effects/revisions/research-v009/preflight/priority-fixtures/final030-import-render-ready-executed-suite/workspace-import.spec.mjs:52:2 › 098 imported deleted tasks restore into supplied positions and preserve bulk-edited fields across later moves
[98/99] experiments/instruction-effects/revisions/research-v009/preflight/priority-fixtures/final030-import-render-ready-executed-suite/workspace-import.spec.mjs:58:2 › 099 invalid workspace objects including the final owner fail atomically and retain the rejected input
[99/99] experiments/instruction-effects/revisions/research-v009/preflight/priority-fixtures/final030-import-render-ready-executed-suite/workspace-import.spec.mjs:67:2 › 100 empty workspace imports create nothing and matching exports round-trip as independent owners
  5 failed
    experiments/instruction-effects/revisions/research-v009/preflight/priority-fixtures/final030-import-render-ready-executed-suite/directory-deletion.spec.mjs:56:2 › 079 bulk directory deletion preserves duplicate owner identities stored task order and completion on restoration 
    experiments/instruction-effects/revisions/research-v009/preflight/priority-fixtures/final030-import-render-ready-executed-suite/directory-owners.spec.mjs:16:2 › 077 duplicate project names preserve separate owner identities and correct open actions after rename and create 
    experiments/instruction-effects/revisions/research-v009/preflight/priority-fixtures/final030-import-render-ready-executed-suite/directory-priority.spec.mjs:60:2 › 083 bulk priority assignment distinguishes duplicate owners and preserves completion and local order 
    experiments/instruction-effects/revisions/research-v009/preflight/priority-fixtures/final030-import-render-ready-executed-suite/directory-project-order.spec.mjs:38:2 › 091 project-name ordering folds ASCII keeps stable owner ties and reads current renames without changing storage 
    experiments/instruction-effects/revisions/research-v009/preflight/priority-fixtures/final030-import-render-ready-executed-suite/workspace-export.spec.mjs:43:2 › 095 workspace export preserves duplicate archived owners and selects only matching deleted tasks 
  94 passed (21.7m)
