
Running 1 test using 1 worker



[1/1] experiments/instruction-effects/revisions/research-v010/preflight/task035-executed04-suite/directory-due-status.spec.mjs:59:2 › 121 every directory bulk operation applies due presence without relying on a date range
  1) experiments/instruction-effects/revisions/research-v010/preflight/task035-executed04-suite/directory-due-status.spec.mjs:59:2 › 121 every directory bulk operation applies due presence without relying on a date range 

    Error: expect(locator).toHaveText(expected) failed

    Locator: getByTestId('directory-task-row').visible().getByTestId('directory-task-due-date')
    Timeout: 5000ms
    - Expected  - 0
    + Received  + 1

      Array [
        "2885-03-01",
    +   "2885-03-01",
      ]

    Call log:
      - Expect "toHaveText" getByTestId('directory-task-row').visible().getByTestId('directory-task-due-date') with timeout 5000ms
      - waiting for getByTestId('directory-task-row').visible().getByTestId('directory-task-due-date')
        3 × locator resolved to 0 elements
        11 × locator resolved to 2 elements


      66 |   await page.getByRole('button',{name:'Reopen visible tasks',exact:true}).click();await result(page,[a],['0/1 completed'],[dated],'0/1 completed');await expectPersistedCompletion(page,a,dated,false);await expectPersistedCompletion(page,a,empty,true);
      67 |   await page.getByRole('combobox',{name:'Visible tasks priority',exact:true}).selectOption({label:'Low'});await page.getByRole('button',{name:'Set visible priority',exact:true}).click();await expect(rows(page).getByTestId('directory-task-priority')).toHaveText(['Low']);await expectPersistedPriority(page,a,dated,'Low');await expectPersistedPriority(page,a,empty,'High');
    > 68 |   await page.getByRole('textbox',{name:'Visible tasks due date',exact:true}).fill(changedDate);await page.getByRole('button',{name:'Save visible due date',exact:true}).click();await expect(rows(page).getByTestId('directory-task-due-date')).toHaveText([changedDate]);await fieldStored(page,a,dated,'Task due date',changedDate);await fieldStored(page,a,empty,'Task due date','');
         |                                                                                                                                                                                                                                                 ^
      69 |   await page.getByRole('textbox',{name:'Visible tasks due date',exact:true}).fill('');await page.getByRole('button',{name:'Save visible due date',exact:true}).click();await result(page,[],[],[],'0/0 completed');await fieldStored(page,a,dated,'Task due date','');
      70 |   // Establish an independent nonmatching dated task for the remaining Undated actions.
      71 |   const observer=await page.context().newPage();try{await returnTo(observer,a);await taskRow(observer,dated).getByRole('textbox',{name:'Task due date',exact:true}).fill(date);await taskRow(observer,dated).getByRole('button',{name:'Save due date',exact:true}).click();await fieldStored(observer,a,dated,'Task due date',date);}finally{await observer.close();}
        at /Users/Shared/projects/competition/experiments/instruction-effects/revisions/research-v010/preflight/task035-executed04-suite/directory-due-status.spec.mjs:68:241

    attachment #1: screenshot (image/png) ──────────────────────────────────────────────────────────
    experiments/instruction-effects/revisions/research-v010/preflight/task035-focused04-check-1791676972741/negative-due-bulk-date-ignored-121/artifacts/directory-due-status-121-e-a585b-out-relying-on-a-date-range/test-failed-1.png
    ────────────────────────────────────────────────────────────────────────────────────────────────

    Error Context: experiments/instruction-effects/revisions/research-v010/preflight/task035-focused04-check-1791676972741/negative-due-bulk-date-ignored-121/artifacts/directory-due-status-121-e-a585b-out-relying-on-a-date-range/error-context.md

    attachment #3: trace (application/zip) ─────────────────────────────────────────────────────────
    experiments/instruction-effects/revisions/research-v010/preflight/task035-focused04-check-1791676972741/negative-due-bulk-date-ignored-121/artifacts/directory-due-status-121-e-a585b-out-relying-on-a-date-range/trace.zip
    Usage:

        npx playwright show-trace experiments/instruction-effects/revisions/research-v010/preflight/task035-focused04-check-1791676972741/negative-due-bulk-date-ignored-121/artifacts/directory-due-status-121-e-a585b-out-relying-on-a-date-range/trace.zip

    ────────────────────────────────────────────────────────────────────────────────────────────────


  1 failed
    experiments/instruction-effects/revisions/research-v010/preflight/task035-executed04-suite/directory-due-status.spec.mjs:59:2 › 121 every directory bulk operation applies due presence without relying on a date range 
