
Running 1 test using 1 worker



[1/1] experiments/instruction-effects/revisions/research-v006/decisions/task-023-draft/suite/directory-owners.spec.mjs:16:2 › 077 duplicate project names preserve separate owner identities and correct open actions after rename and create
  1) experiments/instruction-effects/revisions/research-v006/decisions/task-023-draft/suite/directory-owners.spec.mjs:16:2 › 077 duplicate project names preserve separate owner identities and correct open actions after rename and create 

    Error: expect(locator).toBeVisible() failed

    Locator: getByTestId('task-row').filter({ has: getByRole('checkbox', { name: 'Complete task-023 Duplicate record zulu first', exact: true }) }).visible()
    Expected: visible
    Timeout: 5000ms
    Error: element(s) not found

    Call log:
      - Expect "toBeVisible" getByTestId('task-row').filter({ has: getByRole('checkbox', { name: 'Complete task-023 Duplicate record zulu first', exact: true }) }).visible() with timeout 5000ms
      - waiting for getByTestId('task-row').filter({ has: getByRole('checkbox', { name: 'Complete task-023 Duplicate record zulu first', exact: true }) }).visible()


      16 |  test('077 duplicate project names preserve separate owner identities and correct open actions after rename and create',async({page})=>{
      17 |   const a='Duplicate owner first',b='Duplicate owner second',q=projectName('Duplicate record'),first=q+' zulu first',second=q+' alpha second',third=q+' middle third';await createProject(page,a);await openProject(page,a);await createTask(page,first);await createProject(page,b);await openProject(page,b);await createTask(page,second);await page.getByRole('checkbox',{name:'Complete '+second,exact:true}).check();await expectPersistedCompletion(page,b,second,true);await page.getByRole('textbox',{name:'New project name',exact:true}).fill(projectName(a));await page.getByRole('button',{name:'Rename project',exact:true}).click();const renamedObserver=await page.context().newPage();try{await expect.poll(async()=>{await renamedObserver.goto('/');return projectRow(renamedObserver,a).count();},{timeout:5000}).toBe(2);}finally{await renamedObserver.close();}await page.goto('/');await expect(projectRow(page,a)).toHaveCount(2);
    > 18 |   await directory(page,q);await result(page,[a,a],['0/1 completed','1/1 completed'],[first,second],'1/2 completed');await page.getByRole('combobox',{name:'Directory order',exact:true}).selectOption({label:'Title'});await result(page,[a,a],['0/1 completed','1/1 completed'],[second,first],'1/2 completed');await owners(page).nth(0).getByRole('button',{name:'Open project',exact:true}).click();await expect(taskRow(page,first)).toBeVisible();await expect(taskRow(page,second)).toHaveCount(0);await directory(page,q);await result(page,[a,a],['0/1 completed','1/1 completed'],[first,second],'1/2 completed');await owners(page).nth(1).getByRole('button',{name:'Open project',exact:true}).click();await expect(taskRow(page,second)).toBeVisible();await expect(page.getByRole('checkbox',{name:'Complete '+second,exact:true})).toBeChecked();await expect(taskRow(page,first)).toHaveCount(0);
         |                                                                                                                                                                                                                                                                                                                                                                                                                                           ^
      19 |   await page.goto('/');await page.getByRole('textbox',{name:'Project name',exact:true}).fill(projectName(a));await page.getByRole('button',{name:'Create project',exact:true}).click();const observer=await page.context().newPage();try{await expect.poll(async()=>{await observer.goto('/');return projectRow(observer,a).count();},{timeout:5000}).toBe(3);}finally{await observer.close();}await page.goto('/');await expect(projectRow(page,a)).toHaveCount(3);await projectRow(page,a).nth(2).getByRole('button',{name:'Open project',exact:true}).click();await expect(page.getByRole('heading',{name:projectName(a),exact:true}).first()).toBeVisible();await createTask(page,third);await directory(page,q);await result(page,[a,a,a],['0/1 completed','1/1 completed','0/1 completed'],[first,second,third],'1/3 completed');
      20 |  });
      21 | }
        at /Users/Shared/projects/competition/experiments/instruction-effects/revisions/research-v006/decisions/task-023-draft/suite/directory-owners.spec.mjs:18:427

    attachment #1: screenshot (image/png) ──────────────────────────────────────────────────────────
    experiments/instruction-effects/revisions/research-v006/preflight/priority-fixtures/owners-read-check-1791650438074/negative-owners-wrong-open/artifacts/directory-owners-077-dupli-4a2da-ons-after-rename-and-create/test-failed-1.png
    ────────────────────────────────────────────────────────────────────────────────────────────────

    Error Context: experiments/instruction-effects/revisions/research-v006/preflight/priority-fixtures/owners-read-check-1791650438074/negative-owners-wrong-open/artifacts/directory-owners-077-dupli-4a2da-ons-after-rename-and-create/error-context.md

    attachment #3: trace (application/zip) ─────────────────────────────────────────────────────────
    experiments/instruction-effects/revisions/research-v006/preflight/priority-fixtures/owners-read-check-1791650438074/negative-owners-wrong-open/artifacts/directory-owners-077-dupli-4a2da-ons-after-rename-and-create/trace.zip
    Usage:

        npx playwright show-trace experiments/instruction-effects/revisions/research-v006/preflight/priority-fixtures/owners-read-check-1791650438074/negative-owners-wrong-open/artifacts/directory-owners-077-dupli-4a2da-ons-after-rename-and-create/trace.zip

    ────────────────────────────────────────────────────────────────────────────────────────────────


  1 failed
    experiments/instruction-effects/revisions/research-v006/decisions/task-023-draft/suite/directory-owners.spec.mjs:16:2 › 077 duplicate project names preserve separate owner identities and correct open actions after rename and create 
