
Running 1 test using 1 worker



[1/1] experiments/instruction-effects/revisions/research-v010/preflight/task034-executed03-suite/directory-word-search.spec.mjs:67:2 › 116 word modes and matching export are read-only and retain both remembered owner positions and restart seed
  1) experiments/instruction-effects/revisions/research-v010/preflight/task034-executed03-suite/directory-word-search.spec.mjs:67:2 › 116 word modes and matching export are read-only and retain both remembered owner positions and restart seed 

    Error: expect(received).toMatchObject(expected)

    - Expected  - 2
    + Received  + 1

      Object {
        "completed": true,
        "deleted": false,
        "dueDate": "2634-02-28",
    -   "notes": "  Word mode Ω
    - kept  ",
    +   "notes": "",
        "priority": "High",
        "title": "AmberRestart34 gap CobaltRestart34",
      }

      69 |   await createProject(page,a);await openProject(page,a);await configured(page,a,before,{date:String(2600+stage)+'-02-28'});await configured(page,a,travel,{priority:'High',date:String(2600+stage)+'-02-28',notes:'  Word mode Ω\nkept  ',completed:true});await createTask(page,after);await createProject(page,b);await openProject(page,b);await createTask(page,hold);
      70 |   async function move(source,target,sourceOrder,targetOrder){await returnTo(page,source);await taskRow(page,travel).getByRole('combobox',{name:'Destination project',exact:true}).selectOption({label:projectName(target)});await taskRow(page,travel).getByRole('button',{name:'Move task',exact:true}).click();const o=await page.context().newPage();try{await returnTo(o,target);await titles(o,targetOrder);await returnTo(o,source);await titles(o,sourceOrder);}finally{await o.close();}await returnTo(page,target);}
    > 71 |   await move(a,b,[before,after],[hold,travel]);await createTask(page,later);await move(b,a,[hold,later],[before,travel,after]);const original=await download(page);await directory(page,travel,travel);await result(page,[a],['1/1 completed'],[travel],'1/1 completed');await range(page,String(2600+stage)+'-03-01');await result(page,[],[],[],'0/0 completed');await range(page,String(2600+stage)+'-02-28');await result(page,[a],['1/1 completed'],[travel],'1/1 completed');await query(page,q);await result(page,[],[],[],'0/0 completed');for(const value of ['All words','Any words']){await mode(page).selectOption({label:value});const selected=value==='All words'?[travel]:[before,travel];await result(page,[a],[value==='All words'?'1/1 completed':'1/2 completed'],selected,value==='All words'?'1/1 completed':'1/2 completed');const snapshot=await workspace(page);expect(snapshot[0].tasks.map(t=>t.title)).toEqual(selected);expect(snapshot[0].tasks.find(t=>t.title===travel)).toMatchObject({title:travel,priority:'High',dueDate:String(2600+stage)+'-02-28',notes:'  Word mode Ω\nkept  ',completed:true,deleted:false});}
         |                                                                                                                                                                                                                                                                                                                                                                                                                                                                                                                                                                                                                                                                                                                                                                                                                                                                                                                                                                                                          ^
      72 |   await mode(page).selectOption({label:'Phrase'});await result(page,[],[],[],'0/0 completed');await query(page,'');await result(page,[a],['1/2 completed'],[before,travel],'1/2 completed');await returnTo(page,a);expect(await download(page)).toEqual(original);await move(a,b,[before,after],[hold,travel,later]);await move(b,a,[hold,later],[before,travel,after]);await expect(taskRow(page,travel).getByRole('textbox',{name:'Task notes',exact:true})).toHaveValue('  Word mode Ω\nkept  ');await expect(taskRow(page,travel).getByRole('textbox',{name:'Task due date',exact:true})).toHaveValue(String(2600+stage)+'-02-28');
      73 |  });
      74 | }
        at /Users/Shared/projects/competition/experiments/instruction-effects/revisions/research-v010/preflight/task034-executed03-suite/directory-word-search.spec.mjs:71:970

    attachment #1: screenshot (image/png) ──────────────────────────────────────────────────────────
    experiments/instruction-effects/revisions/research-v010/preflight/task034-focused03-check-1791676184546/negative-word-mutates-notes-116/artifacts/directory-word-search-116--5311d--positions-and-restart-seed/test-failed-1.png
    ────────────────────────────────────────────────────────────────────────────────────────────────

    Error Context: experiments/instruction-effects/revisions/research-v010/preflight/task034-focused03-check-1791676184546/negative-word-mutates-notes-116/artifacts/directory-word-search-116--5311d--positions-and-restart-seed/error-context.md

    attachment #3: trace (application/zip) ─────────────────────────────────────────────────────────
    experiments/instruction-effects/revisions/research-v010/preflight/task034-focused03-check-1791676184546/negative-word-mutates-notes-116/artifacts/directory-word-search-116--5311d--positions-and-restart-seed/trace.zip
    Usage:

        npx playwright show-trace experiments/instruction-effects/revisions/research-v010/preflight/task034-focused03-check-1791676184546/negative-word-mutates-notes-116/artifacts/directory-word-search-116--5311d--positions-and-restart-seed/trace.zip

    ────────────────────────────────────────────────────────────────────────────────────────────────


  1 failed
    experiments/instruction-effects/revisions/research-v010/preflight/task034-executed03-suite/directory-word-search.spec.mjs:67:2 › 116 word modes and matching export are read-only and retain both remembered owner positions and restart seed 
