
Running 8 tests using 1 worker



[1/8] experiments/instruction-effects/revisions/research-v005/decisions/task-018-draft/suite/deletion.spec.mjs:10:2 › 054 deleted tasks preserve fields intersect filters and remain read-only through project archival
[2/8] experiments/instruction-effects/revisions/research-v005/decisions/task-018-draft/suite/deletion.spec.mjs:18:2 › 055 restoration retains reserved order explicit priority completion and remembered destination positions
[3/8] experiments/instruction-effects/revisions/research-v005/decisions/task-018-draft/suite/deletion.spec.mjs:23:2 › 056 upgraded original tasks remain live and deleted-only project persists with an empty live summary
[4/8] experiments/instruction-effects/revisions/research-v005/decisions/task-018-draft/suite/due-date.spec.mjs:29:2 › 032 date changes retain task identity filters order and all-task summary
[5/8] experiments/instruction-effects/revisions/research-v005/decisions/task-018-draft/suite/due-range.spec.mjs:40:2 › 036 invalid due ranges preserve the last applied membership
  1) experiments/instruction-effects/revisions/research-v005/decisions/task-018-draft/suite/due-range.spec.mjs:40:2 › 036 invalid due ranges preserve the last applied membership 

    Error: expect(locator).toHaveCount(expected) failed

    Locator:  getByTestId('task-row').filter({ has: getByRole('checkbox', { name: 'Complete Undated outsider', exact: true }) }).visible()
    Expected: 0
    Received: 1
    Timeout:  5000ms

    Call log:
      - Expect "toHaveCount" getByTestId('task-row').filter({ has: getByRole('checkbox', { name: 'Complete Undated outsider', exact: true }) }).visible() with timeout 5000ms
      - waiting for getByTestId('task-row').filter({ has: getByRole('checkbox', { name: 'Complete Undated outsider', exact: true }) }).visible()
        14 × locator resolved to 1 element
           - unexpected value "1"


      42 |   await range(page,'2028-06-01','2028-06-30');await expect(page.getByTestId('task-row').filter({visible:true})).toHaveCount(1);
      43 |   for(const [a,b,message] of [['2028-02-30','2028-06-30','Due range must use valid YYYY-MM-DD dates'],['2028-06-01','bad','Due range must use valid YYYY-MM-DD dates'],['2028-07-01','2028-06-30','Due from must not be after Due through']]){
    > 44 |    await range(page,a,b);await expect(requiredAlert(page,message)).toBeVisible();await expect(taskRow(page,'Valid member')).toBeVisible();await expect(taskRow(page,'Undated outsider')).toHaveCount(0);
         |                                                                                                                                                                                          ^
      45 |   }
      46 |   await range(page,'','');await expect(page.getByTestId('task-row').filter({visible:true})).toHaveCount(2);
      47 |  });
        at /Users/Shared/projects/competition/experiments/instruction-effects/revisions/research-v005/decisions/task-018-draft/suite/due-range.spec.mjs:44:186

    attachment #1: screenshot (image/png) ──────────────────────────────────────────────────────────
    experiments/instruction-effects/revisions/research-v005/preflight/priority-fixtures/action-check-1791641049805/positive-async-10/artifacts/due-range-036-invalid-due--c1fa7-the-last-applied-membership/test-failed-1.png
    ────────────────────────────────────────────────────────────────────────────────────────────────

    Error Context: experiments/instruction-effects/revisions/research-v005/preflight/priority-fixtures/action-check-1791641049805/positive-async-10/artifacts/due-range-036-invalid-due--c1fa7-the-last-applied-membership/error-context.md

    attachment #3: trace (application/zip) ─────────────────────────────────────────────────────────
    experiments/instruction-effects/revisions/research-v005/preflight/priority-fixtures/action-check-1791641049805/positive-async-10/artifacts/due-range-036-invalid-due--c1fa7-the-last-applied-membership/trace.zip
    Usage:

        npx playwright show-trace experiments/instruction-effects/revisions/research-v005/preflight/priority-fixtures/action-check-1791641049805/positive-async-10/artifacts/due-range-036-invalid-due--c1fa7-the-last-applied-membership/trace.zip

    ────────────────────────────────────────────────────────────────────────────────────────────────




[6/8] experiments/instruction-effects/revisions/research-v005/decisions/task-018-draft/suite/move-task.spec.mjs:25:2 › 040 moving under combined filters retains source range and independent data
[7/8] experiments/instruction-effects/revisions/research-v005/decisions/task-018-draft/suite/priority-filter.spec.mjs:42:3 › 024 filtered edits re-evaluate rows while retaining both filter choices
[8/8] experiments/instruction-effects/revisions/research-v005/decisions/task-018-draft/suite/priority-filter.spec.mjs:73:3 › 025 task rename retains combined filter membership
  1 failed
    experiments/instruction-effects/revisions/research-v005/decisions/task-018-draft/suite/due-range.spec.mjs:40:2 › 036 invalid due ranges preserve the last applied membership 
  7 passed (41.1s)
