
Running 1 test using 1 worker



[1/1] experiments/instruction-effects/revisions/research-v006/decisions/task-024-position-final-draft/suite/directory-deletion-position.spec.mjs:8:14 › 080 bulk directory deletion preserves own and foreign reserved positions later edits and export order
  1) experiments/instruction-effects/revisions/research-v006/decisions/task-024-position-final-draft/suite/directory-deletion-position.spec.mjs:8:14 › 080 bulk directory deletion preserves own and foreign reserved positions later edits and export order 

    Error: expect(locator).toBeVisible() failed

    Locator: getByTestId('task-row').visible().nth(1).getByRole('checkbox', { name: 'Complete task-024 Bulk position travelling', exact: true })
    Expected: visible
    Timeout: 5000ms
    Error: element(s) not found

    Call log:
      - Expect "toBeVisible" getByTestId('task-row').visible().nth(1).getByRole('checkbox', { name: 'Complete task-024 Bulk position travelling', exact: true }) with timeout 5000ms
      - waiting for getByTestId('task-row').visible().nth(1).getByRole('checkbox', { name: 'Complete task-024 Bulk position travelling', exact: true })


      2 | import {stage,projectName,projectRow,taskRow,createProject,openProject,createTask,isolateBrowser,expectPersistedPriority,expectPersistedCompletion} from './helpers.mjs';
      3 | async function home(p,owner){await p.goto('/');await openProject(p,owner);}
    > 4 | async function order(p,titles){const rows=p.getByTestId('task-row').filter({visible:true});await expect(rows).toHaveCount(titles.length);for(const [i,title] of titles.entries())await expect(rows.nth(i).getByRole('checkbox',{name:'Complete '+title,exact:true})).toBeVisible();}
        |                                                                                                                                                                                                                                                                      ^
      5 | async function save(p,owner,title,label,value){await taskRow(p,title).getByRole('textbox',{name:label,exact:true}).fill(value);await taskRow(p,title).getByRole('button',{name:label==='Task notes'?'Save notes':'Save due date',exact:true}).click();const o=await p.context().newPage();try{await expect.poll(async()=>{await home(o,owner);return taskRow(o,title).getByRole('textbox',{name:label,exact:true}).inputValue();},{timeout:5000}).toBe(value);}finally{await o.close();}await home(p,owner);}
      6 | async function move(p,source,target,title,sourceOrder,targetOrder){await taskRow(p,title).getByRole('combobox',{name:'Destination project',exact:true}).selectOption({label:projectName(target)});await taskRow(p,title).getByRole('button',{name:'Move task',exact:true}).click();const o=await p.context().newPage();try{await home(o,target);await order(o,targetOrder);await home(o,source);await order(o,sourceOrder);}finally{await o.close();}await home(p,target);}
      7 | test.beforeEach(async({context})=>{await isolateBrowser(context);});
        at order (/Users/Shared/projects/competition/experiments/instruction-effects/revisions/research-v006/decisions/task-024-position-final-draft/suite/directory-deletion-position.spec.mjs:4:262)
        at move (/Users/Shared/projects/competition/experiments/instruction-effects/revisions/research-v006/decisions/task-024-position-final-draft/suite/directory-deletion-position.spec.mjs:6:337)
        at /Users/Shared/projects/competition/experiments/instruction-effects/revisions/research-v006/decisions/task-024-position-final-draft/suite/directory-deletion-position.spec.mjs:13:63

    attachment #1: screenshot (image/png) ──────────────────────────────────────────────────────────
    experiments/instruction-effects/revisions/research-v006/preflight/priority-fixtures/stage24-position-final-check-1791655551326/negative-delete-clears-positions-080/artifacts/directory-deletion-positio-189ca-ater-edits-and-export-order/test-failed-1.png
    ────────────────────────────────────────────────────────────────────────────────────────────────

    Error Context: experiments/instruction-effects/revisions/research-v006/preflight/priority-fixtures/stage24-position-final-check-1791655551326/negative-delete-clears-positions-080/artifacts/directory-deletion-positio-189ca-ater-edits-and-export-order/error-context.md

    attachment #3: trace (application/zip) ─────────────────────────────────────────────────────────
    experiments/instruction-effects/revisions/research-v006/preflight/priority-fixtures/stage24-position-final-check-1791655551326/negative-delete-clears-positions-080/artifacts/directory-deletion-positio-189ca-ater-edits-and-export-order/trace.zip
    Usage:

        npx playwright show-trace experiments/instruction-effects/revisions/research-v006/preflight/priority-fixtures/stage24-position-final-check-1791655551326/negative-delete-clears-positions-080/artifacts/directory-deletion-positio-189ca-ater-edits-and-export-order/trace.zip

    ────────────────────────────────────────────────────────────────────────────────────────────────


  1 failed
    experiments/instruction-effects/revisions/research-v006/decisions/task-024-position-final-draft/suite/directory-deletion-position.spec.mjs:8:14 › 080 bulk directory deletion preserves own and foreign reserved positions later edits and export order 
