
Running 1 test using 1 worker



[1/1] experiments/instruction-effects/revisions/research-v010/preflight/task036-executed02-suite/directory-notes-status.spec.mjs:39:2 › 125 notes membership writes preserve both owner positions and the restart fixture
  1) experiments/instruction-effects/revisions/research-v010/preflight/task036-executed02-suite/directory-notes-status.spec.mjs:39:2 › 125 notes membership writes preserve both owner positions and the restart fixture 

    Error: expect(locator).toHaveText(expected) failed

    Locator: getByTestId('directory-owner-row').visible().getByTestId('directory-owner-summary')
    Timeout: 5000ms
    - Expected  - 1
    + Received  + 1

      Array [
    -   "1/1 completed",
    +   "0/1 completed",
      ]

    Call log:
      - Expect "toHaveText" getByTestId('directory-owner-row').visible().getByTestId('directory-owner-summary') with timeout 5000ms
      - waiting for getByTestId('directory-owner-row').visible().getByTestId('directory-owner-summary')
        14 × locator resolved to 1 element


       at directory-presence-helpers.mjs:12

      10 |  await expect(rows(p).getByTestId('directory-task-title')).toHaveText(expected);
      11 |  await expect(owners(p).getByTestId('directory-owner-name')).toHaveText(names.map(projectName));
    > 12 |  await expect(owners(p).getByTestId('directory-owner-summary')).toHaveText(counts);
         |                                                                 ^
      13 |  await expect(p.getByTestId('directory-summary')).toHaveText(total);
      14 | }
      15 | async function directory(p,q,ready){await p.goto('/');await p.getByRole('button',{name:'Task directory',exact:true}).click();await expect(rows(p).getByTestId('directory-task-title').filter({hasText:ready}).first()).toBeVisible();await p.getByRole('textbox',{name:'Directory search',exact:true}).fill(q);await p.getByRole('button',{name:'Search directory',exact:true}).click();}
        at result (/Users/Shared/projects/competition/experiments/instruction-effects/revisions/research-v010/preflight/task036-executed02-suite/directory-presence-helpers.mjs:12:65)
        at /Users/Shared/projects/competition/experiments/instruction-effects/revisions/research-v010/preflight/task036-executed02-suite/directory-notes-status.spec.mjs:44:362

    attachment #1: screenshot (image/png) ──────────────────────────────────────────────────────────
    experiments/instruction-effects/revisions/research-v010/preflight/task036-focused02-check-1791677773977/negative-notes36-flips-completion-125/artifacts/directory-notes-status-125-75dd2-ons-and-the-restart-fixture/test-failed-1.png
    ────────────────────────────────────────────────────────────────────────────────────────────────

    Error Context: experiments/instruction-effects/revisions/research-v010/preflight/task036-focused02-check-1791677773977/negative-notes36-flips-completion-125/artifacts/directory-notes-status-125-75dd2-ons-and-the-restart-fixture/error-context.md

    attachment #3: trace (application/zip) ─────────────────────────────────────────────────────────
    experiments/instruction-effects/revisions/research-v010/preflight/task036-focused02-check-1791677773977/negative-notes36-flips-completion-125/artifacts/directory-notes-status-125-75dd2-ons-and-the-restart-fixture/trace.zip
    Usage:

        npx playwright show-trace experiments/instruction-effects/revisions/research-v010/preflight/task036-focused02-check-1791677773977/negative-notes36-flips-completion-125/artifacts/directory-notes-status-125-75dd2-ons-and-the-restart-fixture/trace.zip

    ────────────────────────────────────────────────────────────────────────────────────────────────


  1 failed
    experiments/instruction-effects/revisions/research-v010/preflight/task036-executed02-suite/directory-notes-status.spec.mjs:39:2 › 125 notes membership writes preserve both owner positions and the restart fixture 
