
Running 3 tests using 1 worker



[1/3] experiments/instruction-effects/revisions/research-v005/decisions/task-021-draft/suite/directory-order.spec.mjs:10:2 › 070 directory ordering is global stable and preserves literal titles and stored project order
[2/3] experiments/instruction-effects/revisions/research-v005/decisions/task-021-draft/suite/directory-order.spec.mjs:20:2 › 071 directory filters ranges search and bulk updates retain selected order without changing metadata
[3/3] experiments/instruction-effects/revisions/research-v005/decisions/task-021-draft/suite/directory-order.spec.mjs:25:2 › 072 directory ordering includes deleted archived records and significant internal whitespace
  1) experiments/instruction-effects/revisions/research-v005/decisions/task-021-draft/suite/directory-order.spec.mjs:25:2 › 072 directory ordering includes deleted archived records and significant internal whitespace 

    Error: expect(locator).toBeVisible() failed

    Locator: getByTestId('task-row').filter({ has: getByRole('checkbox', { name: 'Complete task-021 Order protected gap  task', exact: true }) }).visible()
    Expected: visible
    Error: strict mode violation: getByTestId('task-row').filter({ has: getByRole('checkbox', { name: 'Complete task-021 Order protected gap  task', exact: true }) }).visible() resolved to 2 elements:
        1) <div data-testid="task-row">…</div> aka getByTestId('task-row').first()
        2) <div data-testid="task-row">…</div> aka getByTestId('task-row').nth(1)

    Call log:
      - Expect "toBeVisible" getByTestId('task-row').filter({ has: getByRole('checkbox', { name: 'Complete task-021 Order protected gap  task', exact: true }) }).visible() with timeout 5000ms
      - waiting for getByTestId('task-row').filter({ has: getByRole('checkbox', { name: 'Complete task-021 Order protected gap  task', exact: true }) }).visible()


       at helpers.mjs:25

      23 |   await page.getByRole('textbox', { name: 'Task title', exact: true }).fill(title);
      24 |   await page.getByRole('button', { name: 'Create task', exact: true }).click();
    > 25 |   await expect(taskRow(page, title.trim())).toBeVisible();
         |                                             ^
      26 |   await expect(taskRow(page, title.trim()).getByRole('checkbox', { name: 'Complete ' + title.trim(), exact: true })).toBeVisible();
      27 | }
      28 | export async function isolateBrowser(context) {
        at createTask (/Users/Shared/projects/competition/experiments/instruction-effects/revisions/research-v005/decisions/task-021-draft/suite/helpers.mjs:25:45)
        at configured (/Users/Shared/projects/competition/experiments/instruction-effects/revisions/research-v005/decisions/task-021-draft/suite/directory-order.spec.mjs:7:58)
        at /Users/Shared/projects/competition/experiments/instruction-effects/revisions/research-v005/decisions/task-021-draft/suite/directory-order.spec.mjs:26:301

    attachment #1: screenshot (image/png) ──────────────────────────────────────────────────────────
    experiments/instruction-effects/revisions/research-v005/preflight/priority-fixtures/order-focused-check-1791645049322/positive-async/artifacts/directory-order-072-direct-820e7-ificant-internal-whitespace/test-failed-1.png
    ────────────────────────────────────────────────────────────────────────────────────────────────

    Error Context: experiments/instruction-effects/revisions/research-v005/preflight/priority-fixtures/order-focused-check-1791645049322/positive-async/artifacts/directory-order-072-direct-820e7-ificant-internal-whitespace/error-context.md

    attachment #3: trace (application/zip) ─────────────────────────────────────────────────────────
    experiments/instruction-effects/revisions/research-v005/preflight/priority-fixtures/order-focused-check-1791645049322/positive-async/artifacts/directory-order-072-direct-820e7-ificant-internal-whitespace/trace.zip
    Usage:

        npx playwright show-trace experiments/instruction-effects/revisions/research-v005/preflight/priority-fixtures/order-focused-check-1791645049322/positive-async/artifacts/directory-order-072-direct-820e7-ificant-internal-whitespace/trace.zip

    ────────────────────────────────────────────────────────────────────────────────────────────────


  1 failed
    experiments/instruction-effects/revisions/research-v005/decisions/task-021-draft/suite/directory-order.spec.mjs:25:2 › 072 directory ordering includes deleted archived records and significant internal whitespace 
  2 passed (16.7s)
