
Running 99 tests using 1 worker



[1/99] experiments/instruction-effects/revisions/research-v008/preflight/priority-fixtures/final030-fourth-executed-suite/bulk-directory.spec.mjs:13:2 › 067 bulk completion intersects every directory filter and preserves fields order and reserved positions
[2/99] experiments/instruction-effects/revisions/research-v008/preflight/priority-fixtures/final030-fourth-executed-suite/bulk-directory.spec.mjs:24:2 › 068 archived deleted and empty directory scopes disable both bulk actions without changing protected records
[3/99] experiments/instruction-effects/revisions/research-v008/preflight/priority-fixtures/final030-fourth-executed-suite/bulk-directory.spec.mjs:29:2 › 069 bulk changes retain two project restart sentinels with literal original metadata
[4/99] experiments/instruction-effects/revisions/research-v008/preflight/priority-fixtures/final030-fourth-executed-suite/default-priority.spec.mjs:11:2 › 027 pre-default projects and tasks preserve their distinct saved priorities
[5/99] experiments/instruction-effects/revisions/research-v008/preflight/priority-fixtures/final030-fourth-executed-suite/default-priority.spec.mjs:20:2 › 028 project default affects only future tasks and retains filters and summary
[6/99] experiments/instruction-effects/revisions/research-v008/preflight/priority-fixtures/final030-fourth-executed-suite/default-priority.spec.mjs:53:2 › 029 project default survives rename archive and restoration
[7/99] experiments/instruction-effects/revisions/research-v008/preflight/priority-fixtures/final030-fourth-executed-suite/deletion.spec.mjs:10:2 › 054 deleted tasks preserve fields intersect filters and remain read-only through project archival
[8/99] experiments/instruction-effects/revisions/research-v008/preflight/priority-fixtures/final030-fourth-executed-suite/deletion.spec.mjs:18:2 › 055 restoration retains reserved order explicit priority completion and remembered destination positions
[9/99] experiments/instruction-effects/revisions/research-v008/preflight/priority-fixtures/final030-fourth-executed-suite/deletion.spec.mjs:23:2 › 056 upgraded original tasks remain live and deleted-only project persists with an empty live summary
[10/99] experiments/instruction-effects/revisions/research-v008/preflight/priority-fixtures/final030-fourth-executed-suite/deletion.spec.mjs:27:2 › 057 deleted filter intersects priority due range and title search
[11/99] experiments/instruction-effects/revisions/research-v008/preflight/priority-fixtures/final030-fourth-executed-suite/directory-deletion-position.spec.mjs:8:14 › 080 bulk directory deletion preserves own and foreign reserved positions later edits and export order
[12/99] experiments/instruction-effects/revisions/research-v008/preflight/priority-fixtures/final030-fourth-executed-suite/directory-deletion-restart.spec.mjs:4:14 › 081 seed bulk deletion restoration fields and remembered positions for actual restart
  1) experiments/instruction-effects/revisions/research-v008/preflight/priority-fixtures/final030-fourth-executed-suite/directory-deletion-restart.spec.mjs:4:14 › 081 seed bulk deletion restoration fields and remembered positions for actual restart 

    Error: expect(locator).toHaveValue(expected) failed

    Locator: getByTestId('task-row').filter({ has: getByRole('checkbox', { name: 'Complete task-030 Bulk deletion restart record restored first', exact: true }) }).visible().getByRole('textbox', { name: 'Task notes', exact: true })
    Timeout: 5000ms
    - Expected  - 2
    + Received  + 2

    -   Bulk restart Ω 😀
    - updated literal  
    + Restored restart Ω
    + first literal

    Call log:
      - Expect "toHaveValue" getByTestId('task-row').filter({ has: getByRole('checkbox', { name: 'Complete task-030 Bulk deletion restart record restored first', exact: true }) }).visible().getByRole('textbox', { name: 'Task notes', exact: true }) with timeout 5000ms
      - waiting for getByTestId('task-row').filter({ has: getByRole('checkbox', { name: 'Complete task-030 Bulk deletion restart record restored first', exact: true }) }).visible().getByRole('textbox', { name: 'Task notes', exact: true })
        14 × locator resolved to <textarea name="notes">Restored restart Ω↵first literal</textarea>
           - unexpected value "Restored restart Ω
    first literal"


       at bulk-deletion-persistence.mjs:26

      24 | export async function checkBulkDeletionPersistence(p,movePositions){
      25 |  const first=firstTitle(),second=secondTitle();
    > 26 |  await home(p,firstOwner);await order(p,[before,first,after]);await expect(p.getByRole('combobox',{name:'Default task priority',exact:true}).locator('option:checked')).toHaveText('Low');await expect(p.getByRole('checkbox',{name:'Complete '+first,exact:true})).not.toBeChecked();await expect(taskRow(p,first).getByRole('combobox',{name:'Task priority',exact:true}).locator('option:checked')).toHaveText(stage>=25?'Low':'High');await expect(taskRow(p,first).getByRole('textbox',{name:'Task due date',exact:true})).toHaveValue(stage>=26?'2400-02-29':'2064-02-29');await expect(taskRow(p,first).getByRole('textbox',{name:'Task notes',exact:true})).toHaveValue(stage>=27?'  Bulk restart Ω 😀\nupdated literal  ':'Restored restart Ω\nfirst literal');
         |                                                                                                                                                                                                                                                                                                                                                                                                                                                                                                                                                                                                                                                                     ^
      27 |  await p.goto('/');await expect(projectRow(p,firstOwner).getByTestId('project-summary')).toHaveText('0/3 completed');await expect(projectRow(p,secondOwner).getByTestId('project-summary')).toHaveText('0/0 completed');await openProject(p,secondOwner);await order(p,[]);await expect(p.getByRole('combobox',{name:'Default task priority',exact:true}).locator('option:checked')).toHaveText('High');await p.getByRole('combobox',{name:'Task filter',exact:true}).selectOption({label:'Deleted'});await order(p,[second]);await expect(p.getByRole('checkbox',{name:'Complete '+second,exact:true})).toBeChecked();await expect(p.getByRole('checkbox',{name:'Complete '+second,exact:true})).toBeDisabled();await expect(taskRow(p,second).getByRole('combobox',{name:'Task priority',exact:true}).locator('option:checked')).toHaveText('Low');await expect(taskRow(p,second).getByRole('textbox',{name:'Task due date',exact:true})).toHaveValue('2068-02-29');await expect(taskRow(p,second).getByRole('textbox',{name:'Task notes',exact:true})).toHaveValue('Deleted restart Ω\nsecond literal');await expect(taskRow(p,second).getByRole('button',{name:'Restore task',exact:true})).toBeEnabled();await home(p,holding);await order(p,[holdBefore,holdAfter]);
      28 |  if(movePositions){await home(p,firstOwner);await move(p,firstOwner,holding,first,[before,after],[holdBefore,first,holdAfter]);await move(p,holding,firstOwner,first,[holdBefore,holdAfter],[before,first,after]);}
      29 | }
        at checkBulkDeletionPersistence (/Users/Shared/projects/competition/experiments/instruction-effects/revisions/research-v008/preflight/priority-fixtures/final030-fourth-executed-suite/bulk-deletion-persistence.mjs:26:645)
        at seedBulkDeletionPersistence (/Users/Shared/projects/competition/experiments/instruction-effects/revisions/research-v008/preflight/priority-fixtures/final030-fourth-executed-suite/bulk-deletion-persistence.mjs:22:2)
        at /Users/Shared/projects/competition/experiments/instruction-effects/revisions/research-v008/preflight/priority-fixtures/final030-fourth-executed-suite/directory-deletion-restart.spec.mjs:4:184

    attachment #1: screenshot (image/png) ──────────────────────────────────────────────────────────
    experiments/instruction-effects/revisions/research-v008/preflight/priority-fixtures/stage30-full-check-1791664787244/positive-async/artifacts/directory-deletion-restart-f8f5f-ositions-for-actual-restart/test-failed-1.png
    ────────────────────────────────────────────────────────────────────────────────────────────────

    Error Context: experiments/instruction-effects/revisions/research-v008/preflight/priority-fixtures/stage30-full-check-1791664787244/positive-async/artifacts/directory-deletion-restart-f8f5f-ositions-for-actual-restart/error-context.md

    attachment #3: trace (application/zip) ─────────────────────────────────────────────────────────
    experiments/instruction-effects/revisions/research-v008/preflight/priority-fixtures/stage30-full-check-1791664787244/positive-async/artifacts/directory-deletion-restart-f8f5f-ositions-for-actual-restart/trace.zip
    Usage:

        npx playwright show-trace experiments/instruction-effects/revisions/research-v008/preflight/priority-fixtures/stage30-full-check-1791664787244/positive-async/artifacts/directory-deletion-restart-f8f5f-ositions-for-actual-restart/trace.zip

    ────────────────────────────────────────────────────────────────────────────────────────────────




[13/99] experiments/instruction-effects/revisions/research-v008/preflight/priority-fixtures/final030-fourth-executed-suite/directory-deletion.spec.mjs:31:2 › 078 directory bulk deletion and restoration honor every intersection and protect live summaries before restoration
[14/99] experiments/instruction-effects/revisions/research-v008/preflight/priority-fixtures/final030-fourth-executed-suite/directory-deletion.spec.mjs:56:2 › 079 bulk directory deletion preserves duplicate owner identities stored task order and completion on restoration
[15/99] experiments/instruction-effects/revisions/research-v008/preflight/priority-fixtures/final030-fourth-executed-suite/directory-due-edit.spec.mjs:36:2 › 085 directory due-date assignment honors intersections and preserves every nonmatching field
[16/99] experiments/instruction-effects/revisions/research-v008/preflight/priority-fixtures/final030-fourth-executed-suite/directory-due-edit.spec.mjs:48:2 › 086 invalid visible due dates are atomic and valid Gregorian boundaries persist
[17/99] experiments/instruction-effects/revisions/research-v008/preflight/priority-fixtures/final030-fourth-executed-suite/directory-due-position.spec.mjs:8:14 › 087 bulk date assignment preserves own and foreign reserved positions later edits and export order
[18/99] experiments/instruction-effects/revisions/research-v008/preflight/priority-fixtures/final030-fourth-executed-suite/directory-notes-edit.spec.mjs:37:2 › 088 directory notes preserve literal text every intersection and other fields
[19/99] experiments/instruction-effects/revisions/research-v008/preflight/priority-fixtures/final030-fourth-executed-suite/directory-notes-edit.spec.mjs:45:2 › 089 directory notes limit counts Unicode code points and rejects atomically with correction text retained
[20/99] experiments/instruction-effects/revisions/research-v008/preflight/priority-fixtures/final030-fourth-executed-suite/directory-notes-position.spec.mjs:8:14 › 090 bulk notes assignment preserves own and foreign reserved positions later edits and export order
[21/99] experiments/instruction-effects/revisions/research-v008/preflight/priority-fixtures/final030-fourth-executed-suite/directory-order.spec.mjs:10:2 › 070 directory ordering is global stable and preserves literal titles and stored project order
  2) experiments/instruction-effects/revisions/research-v008/preflight/priority-fixtures/final030-fourth-executed-suite/directory-order.spec.mjs:10:2 › 070 directory ordering is global stable and preserves literal titles and stored project order 

    Test was interrupted.

    Error: expect(locator).toBeVisible() failed

    Locator: getByRole('heading', { name: 'task-030 Ordering Zulu owner', exact: true }).first()
    Expected: visible
    Error: Test ended.

    Call log:
      - Expect "toBeVisible" getByRole('heading', { name: 'task-030 Ordering Zulu owner', exact: true }).first() with timeout 5000ms
      - waiting for getByRole('heading', { name: 'task-030 Ordering Zulu owner', exact: true }).first()
      - Test ended.


       at helpers.mjs:20

      18 | export async function openProject(page, name) {
      19 |   await projectRow(page, name).getByRole('button', { name: 'Open project', exact: true }).click();
    > 20 |   await expect(page.getByRole('heading', { name: projectName(name), exact: true }).first()).toBeVisible();
         |                                                                                             ^
      21 | }
      22 | export async function createTask(page, title) {
      23 |   await page.getByRole('textbox', { name: 'Task title', exact: true }).fill(title);
        at openProject (/Users/Shared/projects/competition/experiments/instruction-effects/revisions/research-v008/preflight/priority-fixtures/final030-fourth-executed-suite/helpers.mjs:20:93)
        at expect.poll.timeout (/Users/Shared/projects/competition/experiments/instruction-effects/revisions/research-v008/preflight/priority-fixtures/final030-fourth-executed-suite/directory-order.spec.mjs:7:551)
        at configured (/Users/Shared/projects/competition/experiments/instruction-effects/revisions/research-v008/preflight/priority-fixtures/final030-fourth-executed-suite/directory-order.spec.mjs:7:498)
        at /Users/Shared/projects/competition/experiments/instruction-effects/revisions/research-v008/preflight/priority-fixtures/final030-fourth-executed-suite/directory-order.spec.mjs:12:141

    attachment #1: screenshot (image/png) ──────────────────────────────────────────────────────────
    experiments/instruction-effects/revisions/research-v008/preflight/priority-fixtures/stage30-full-check-1791664787244/positive-async/artifacts/directory-order-070-direct-8e477-es-and-stored-project-order/test-failed-1.png
    ────────────────────────────────────────────────────────────────────────────────────────────────

    attachment #2: screenshot (image/png) ──────────────────────────────────────────────────────────
    experiments/instruction-effects/revisions/research-v008/preflight/priority-fixtures/stage30-full-check-1791664787244/positive-async/artifacts/directory-order-070-direct-8e477-es-and-stored-project-order/test-failed-2.png
    ────────────────────────────────────────────────────────────────────────────────────────────────

    attachment #3: trace (application/zip) ─────────────────────────────────────────────────────────
    experiments/instruction-effects/revisions/research-v008/preflight/priority-fixtures/stage30-full-check-1791664787244/positive-async/artifacts/directory-order-070-direct-8e477-es-and-stored-project-order/trace.zip
    Usage:

        npx playwright show-trace experiments/instruction-effects/revisions/research-v008/preflight/priority-fixtures/stage30-full-check-1791664787244/positive-async/artifacts/directory-order-070-direct-8e477-es-and-stored-project-order/trace.zip

    ────────────────────────────────────────────────────────────────────────────────────────────────


  1 failed
    experiments/instruction-effects/revisions/research-v008/preflight/priority-fixtures/final030-fourth-executed-suite/directory-deletion-restart.spec.mjs:4:14 › 081 seed bulk deletion restoration fields and remembered positions for actual restart 
  1 interrupted
    experiments/instruction-effects/revisions/research-v008/preflight/priority-fixtures/final030-fourth-executed-suite/directory-order.spec.mjs:10:2 › 070 directory ordering is global stable and preserves literal titles and stored project order 
  78 did not run
  19 passed (6.1m)
