
Running 1 test using 1 worker



[1/1] experiments/instruction-effects/revisions/research-v011/preflight/task040-executed01-suite/directory-owner-default-edit.spec.mjs:19:2 › 138 default assignment uses the initial represented owners and preserves all existing tasks and defaults elsewhere
  1) experiments/instruction-effects/revisions/research-v011/preflight/task040-executed01-suite/directory-owner-default-edit.spec.mjs:19:2 › 138 default assignment uses the initial represented owners and preserves all existing tasks and defaults elsewhere 

    Error: expect(locator).toHaveText(expected) failed

    Locator: getByTestId('directory-owner-row').visible().getByTestId('directory-owner-name')
    Timeout: 5000ms
    - Expected  - 1
    + Received  + 1

      Array [
    -   "task-040 Default edit first",
        "task-040 Default edit second",
    +   "task-040 Default edit first",
      ]

    Call log:
      - Expect "toHaveText" getByTestId('directory-owner-row').visible().getByTestId('directory-owner-name') with timeout 5000ms
      - waiting for getByTestId('directory-owner-row').visible().getByTestId('directory-owner-name')
        14 × locator resolved to 2 elements


       at directory-presence-helpers.mjs:11

       9 |  if(!expected.length)await expect(p.getByText('No matching tasks',{exact:true})).toBeVisible();
      10 |  await expect(rows(p).getByTestId('directory-task-title')).toHaveText(expected);
    > 11 |  await expect(owners(p).getByTestId('directory-owner-name')).toHaveText(names.map(projectName));
         |                                                              ^
      12 |  await expect(owners(p).getByTestId('directory-owner-summary')).toHaveText(counts);
      13 |  await expect(p.getByTestId('directory-summary')).toHaveText(total);
      14 | }
        at result (/Users/Shared/projects/competition/experiments/instruction-effects/revisions/research-v011/preflight/task040-executed01-suite/directory-presence-helpers.mjs:11:62)
        at /Users/Shared/projects/competition/experiments/instruction-effects/revisions/research-v011/preflight/task040-executed01-suite/directory-owner-default-edit.spec.mjs:20:1797

    attachment #1: screenshot (image/png) ──────────────────────────────────────────────────────────
    experiments/instruction-effects/revisions/research-v011/preflight/task040-focused01-check-1791683895589/negative-default40-reorder-138/artifacts/directory-owner-default-ed-0be89-asks-and-defaults-elsewhere/test-failed-1.png
    ────────────────────────────────────────────────────────────────────────────────────────────────

    Error Context: experiments/instruction-effects/revisions/research-v011/preflight/task040-focused01-check-1791683895589/negative-default40-reorder-138/artifacts/directory-owner-default-ed-0be89-asks-and-defaults-elsewhere/error-context.md

    attachment #3: trace (application/zip) ─────────────────────────────────────────────────────────
    experiments/instruction-effects/revisions/research-v011/preflight/task040-focused01-check-1791683895589/negative-default40-reorder-138/artifacts/directory-owner-default-ed-0be89-asks-and-defaults-elsewhere/trace.zip
    Usage:

        npx playwright show-trace experiments/instruction-effects/revisions/research-v011/preflight/task040-focused01-check-1791683895589/negative-default40-reorder-138/artifacts/directory-owner-default-ed-0be89-asks-and-defaults-elsewhere/trace.zip

    ────────────────────────────────────────────────────────────────────────────────────────────────


  1 failed
    experiments/instruction-effects/revisions/research-v011/preflight/task040-executed01-suite/directory-owner-default-edit.spec.mjs:19:2 › 138 default assignment uses the initial represented owners and preserves all existing tasks and defaults elsewhere 
