
Running 58 tests using 1 worker



[1/58] experiments/instruction-effects/revisions/research-v004/decisions/task-017-draft/suite/default-priority.spec.mjs:11:2 › 027 pre-default projects and tasks preserve their distinct saved priorities
[2/58] experiments/instruction-effects/revisions/research-v004/decisions/task-017-draft/suite/default-priority.spec.mjs:20:2 › 028 project default affects only future tasks and retains filters and summary
[3/58] experiments/instruction-effects/revisions/research-v004/decisions/task-017-draft/suite/default-priority.spec.mjs:53:2 › 029 project default survives rename archive and restoration
[4/58] experiments/instruction-effects/revisions/research-v004/decisions/task-017-draft/suite/deletion.spec.mjs:10:2 › 054 deleted tasks preserve fields intersect filters and remain read-only through project archival
[5/58] experiments/instruction-effects/revisions/research-v004/decisions/task-017-draft/suite/deletion.spec.mjs:17:2 › 055 restoration retains reserved order explicit priority completion and remembered destination positions
[6/58] experiments/instruction-effects/revisions/research-v004/decisions/task-017-draft/suite/deletion.spec.mjs:22:2 › 056 upgraded original tasks remain live and deleted-only project persists with an empty live summary
[7/58] experiments/instruction-effects/revisions/research-v004/decisions/task-017-draft/suite/deletion.spec.mjs:26:2 › 057 deleted filter intersects priority due range and title search
[8/58] experiments/instruction-effects/revisions/research-v004/decisions/task-017-draft/suite/due-date.spec.mjs:11:2 › 030 dates default empty save canonically survive rename and clear
[9/58] experiments/instruction-effects/revisions/research-v004/decisions/task-017-draft/suite/due-date.spec.mjs:21:2 › 031 invalid formats and impossible calendar dates preserve the saved date
[10/58] experiments/instruction-effects/revisions/research-v004/decisions/task-017-draft/suite/due-date.spec.mjs:29:2 › 032 date changes retain task identity filters order and all-task summary
[11/58] experiments/instruction-effects/revisions/research-v004/decisions/task-017-draft/suite/due-date.spec.mjs:44:2 › 033 archived dates are read-only restored and old data stays undated
[12/58] experiments/instruction-effects/revisions/research-v004/decisions/task-017-draft/suite/due-range.spec.mjs:14:2 › 034 date ranges include endpoints exclude undated tasks and preserve order
[13/58] experiments/instruction-effects/revisions/research-v004/decisions/task-017-draft/suite/due-range.spec.mjs:24:2 › 035 due ranges intersect completion priority and live date edits
[14/58] experiments/instruction-effects/revisions/research-v004/decisions/task-017-draft/suite/due-range.spec.mjs:40:2 › 036 invalid due ranges preserve the last applied membership
[15/58] experiments/instruction-effects/revisions/research-v004/decisions/task-017-draft/suite/due-range.spec.mjs:48:2 › 037 archived ranges stay usable and reopening clears transient boundaries
[16/58] experiments/instruction-effects/revisions/research-v004/decisions/task-017-draft/suite/due-range.spec.mjs:57:2 › 038 project default rename and hidden creation retain the applied range
[17/58] experiments/instruction-effects/revisions/research-v004/decisions/task-017-draft/suite/export.spec.mjs:7:2 › 058 export includes every stored task in order with literal values despite current filters
  1) experiments/instruction-effects/revisions/research-v004/decisions/task-017-draft/suite/export.spec.mjs:7:2 › 058 export includes every stored task in order with literal values despite current filters 

    Error: expect(received).toMatchObject(expected)

    - Expected  - 1
    + Received  + 1

      Object {
        "completed": true,
        "deleted": true,
        "dueDate": "2038-01-01",
    -   "notes": "  Export Ω
    +   "notes": "  Export Ω    
      <script>literal</script>  ",
        "priority": "High",
        "title": "Export  deleted",
      }

       7 |  test('058 export includes every stored task in order with literal values despite current filters',async({page})=>{
       8 |   const owner='Export full Ω',title='Export  deleted';await createProject(page,'Export foreign');await openProject(page,'Export foreign');await createTask(page,'Must not export');await createProject(page,owner);await openProject(page,owner);for(const t of ['Export before',title,'Export after'])await createTask(page,t);await page.getByRole('checkbox',{name:'Complete '+title,exact:true}).check();await taskRow(page,title).getByRole('combobox',{name:'Task priority',exact:true}).selectOption({label:'High'});await expectPersistedPriority(page,owner,title,'High');await saved(page,owner,title,'Task due date','2038-01-01');const note='  Export Ω\n<script>literal</script>  ';await saved(page,owner,title,'Task notes',note);await taskRow(page,title).getByRole('button',{name:'Delete task',exact:true}).click();const observer=await page.context().newPage();try{await expect.poll(async()=>{await observer.goto('/');return projectRow(observer,owner).getByTestId('project-summary').textContent();},{timeout:5000}).toBe('0/2 completed');}finally{await observer.close();}
    >  9 |   await filterDeleted(page);await page.getByRole('combobox',{name:'Priority filter',exact:true}).selectOption({label:'High'});await page.getByRole('textbox',{name:'Due from',exact:true}).fill('2038-01-01');await page.getByRole('textbox',{name:'Due through',exact:true}).fill('2038-01-01');await page.getByRole('button',{name:'Apply due range',exact:true}).click();await page.getByRole('textbox',{name:'Task search',exact:true}).fill('does not match');await page.getByRole('button',{name:'Search tasks',exact:true}).click();const data=await exported(page);expect(data).toMatchObject({name:projectName(owner),archived:false,defaultPriority:'Normal'});expect(data.tasks).toHaveLength(3);expect(data.tasks.map(t=>t.title)).toEqual(['Export before',title,'Export after']);expect(data.tasks[1]).toMatchObject({title,completed:true,priority:'High',dueDate:'2038-01-01',notes:note,deleted:true});for(const i of [0,2])expect(data.tasks[i]).toMatchObject({completed:false,priority:'Normal',dueDate:'',notes:'',deleted:false});await expect(page.getByRole('combobox',{name:'Task filter',exact:true}).locator('option:checked')).toHaveText('Deleted');await expect(page.getByRole('combobox',{name:'Priority filter',exact:true}).locator('option:checked')).toHaveText('High');await expect(page.getByRole('textbox',{name:'Due from',exact:true})).toHaveValue('2038-01-01');await expect(page.getByRole('textbox',{name:'Due through',exact:true})).toHaveValue('2038-01-01');await expect(page.getByRole('textbox',{name:'Task search',exact:true})).toHaveValue('does not match');await page.reload();const again=await exported(page);expect(again).toEqual(data);
         |                                                                                                                                                                                                                                                                                                                                                                                                                                                                                                                                                                                                                                                                                                                                                                                                                      ^
      10 |  });
      11 |  test('059 archived upgraded and empty projects export without mutation',async({page})=>{
      12 |   await page.goto('/');await page.getByRole('combobox',{name:'Project filter',exact:true}).selectOption({label:'Archived'});await page.getByTestId('project-row').filter({hasText:'task-016 Persistence renamed'}).filter({visible:true}).getByRole('button',{name:'Open project',exact:true}).click();await expect(page.getByRole('button',{name:'Download project',exact:true})).toBeEnabled();const data=await exported(page);expect(data).toMatchObject({name:'task-016 Persistence renamed',archived:true,defaultPriority:'Low'});expect(data.tasks).toHaveLength(1);expect(data.tasks[0]).toMatchObject({title:'Memory kept',completed:true,priority:'High',dueDate:'2028-02-29',notes:'',deleted:false});await expect(taskRow(page,'Memory kept').getByRole('textbox',{name:'Task notes',exact:true})).toBeDisabled();await createProject(page,'Export empty');await openProject(page,'Export empty');const empty=await exported(page);expect(empty).toMatchObject({name:projectName('Export empty'),archived:false,defaultPriority:'Normal',tasks:[]});await page.reload();expect(await exported(page)).toEqual(empty);
        at /Users/Shared/projects/competition/experiments/instruction-effects/revisions/research-v004/decisions/task-017-draft/suite/export.spec.mjs:9:790

    attachment #1: screenshot (image/png) ──────────────────────────────────────────────────────────
    experiments/instruction-effects/revisions/research-v004/preflight/priority-fixtures/stage-17-check-1791635750960/positive-form/artifacts/export-058-export-includes-775ef-ues-despite-current-filters/test-failed-1.png
    ────────────────────────────────────────────────────────────────────────────────────────────────

    Error Context: experiments/instruction-effects/revisions/research-v004/preflight/priority-fixtures/stage-17-check-1791635750960/positive-form/artifacts/export-058-export-includes-775ef-ues-despite-current-filters/error-context.md

    attachment #3: trace (application/zip) ─────────────────────────────────────────────────────────
    experiments/instruction-effects/revisions/research-v004/preflight/priority-fixtures/stage-17-check-1791635750960/positive-form/artifacts/export-058-export-includes-775ef-ues-despite-current-filters/trace.zip
    Usage:

        npx playwright show-trace experiments/instruction-effects/revisions/research-v004/preflight/priority-fixtures/stage-17-check-1791635750960/positive-form/artifacts/export-058-export-includes-775ef-ues-despite-current-filters/trace.zip

    ────────────────────────────────────────────────────────────────────────────────────────────────




[18/58] experiments/instruction-effects/revisions/research-v004/decisions/task-017-draft/suite/export.spec.mjs:11:2 › 059 archived upgraded and empty projects export without mutation
[19/58] experiments/instruction-effects/revisions/research-v004/decisions/task-017-draft/suite/move-task.spec.mjs:14:2 › 039 moving a task preserves data and destination order without inheriting defaults
[20/58] experiments/instruction-effects/revisions/research-v004/decisions/task-017-draft/suite/move-task.spec.mjs:25:2 › 040 moving under combined filters retains source range and independent data
[21/58] experiments/instruction-effects/revisions/research-v004/decisions/task-017-draft/suite/move-task.spec.mjs:33:2 › 041 destination choices use active current project names in creation order
[22/58] experiments/instruction-effects/revisions/research-v004/decisions/task-017-draft/suite/move-task.spec.mjs:37:2 › 042 archived source moves are disabled restoration allows moving an undated task
[23/58] experiments/instruction-effects/revisions/research-v004/decisions/task-017-draft/suite/notes.spec.mjs:10:2 › 052 multiline notes retain literal text filters and archived read-only behavior
[24/58] experiments/instruction-effects/revisions/research-v004/decisions/task-017-draft/suite/notes.spec.mjs:21:2 › 053 notes travel through moves and returns while original archived data upgrades
[25/58] experiments/instruction-effects/revisions/research-v004/decisions/task-017-draft/suite/priority-filter.spec.mjs:8:3 › 023 priority and completion filters intersect in creation order
[26/58] experiments/instruction-effects/revisions/research-v004/decisions/task-017-draft/suite/priority-filter.spec.mjs:42:3 › 024 filtered edits re-evaluate rows while retaining both filter choices
[27/58] experiments/instruction-effects/revisions/research-v004/decisions/task-017-draft/suite/priority-filter.spec.mjs:72:3 › 025 task rename retains combined filter membership
[28/58] experiments/instruction-effects/revisions/research-v004/decisions/task-017-draft/suite/priority-filter.spec.mjs:89:3 › 026 archived combined filters are readable without enabling task editing
[29/58] experiments/instruction-effects/revisions/research-v004/decisions/task-017-draft/suite/priority.spec.mjs:8:3 › 022 pre-priority archived data acquires Normal without changing completion
[30/58] experiments/instruction-effects/revisions/research-v004/decisions/task-017-draft/suite/priority.spec.mjs:19:3 › 019 independent priorities default to Normal and persist through rename
[31/58] experiments/instruction-effects/revisions/research-v004/decisions/task-017-draft/suite/priority.spec.mjs:50:3 › 020 priority edits preserve completion filters and summary
[32/58] experiments/instruction-effects/revisions/research-v004/decisions/task-017-draft/suite/priority.spec.mjs:71:3 › 021 archived priorities are read-only and restored unchanged
[33/58] experiments/instruction-effects/revisions/research-v004/decisions/task-017-draft/suite/return-order.spec.mjs:13:2 › 043 returning tasks in reverse order restores prior positions and current fields
[34/58] experiments/instruction-effects/revisions/research-v004/decisions/task-017-draft/suite/return-order.spec.mjs:20:2 › 044 rename archival and restoration preserve returning project identity
[35/58] experiments/instruction-effects/revisions/research-v004/decisions/task-017-draft/suite/return-order.spec.mjs:27:2 › 045 return positions belong to each project and precede later new arrivals
[36/58] experiments/instruction-effects/revisions/research-v004/decisions/task-017-draft/suite/search-whitespace.spec.mjs:5:2 › 050 task search collapses spaces tabs without changing stored titles or filters
[37/58] experiments/instruction-effects/revisions/research-v004/decisions/task-017-draft/suite/search-whitespace.spec.mjs:12:2 › 051 project whitespace matching retains original names and archived intersection
[38/58] experiments/instruction-effects/revisions/research-v004/decisions/task-017-draft/suite/search.spec.mjs:7:2 › 046 project search trims ASCII case and intersects archive filter in creation order
[39/58] experiments/instruction-effects/revisions/research-v004/decisions/task-017-draft/suite/search.spec.mjs:15:2 › 047 task search intersects all filters retaining order and summary counts
[40/58] experiments/instruction-effects/revisions/research-v004/decisions/task-017-draft/suite/search.spec.mjs:30:2 › 048 rename re-evaluates search membership and archived search remains readable
[41/58] experiments/instruction-effects/revisions/research-v004/decisions/task-017-draft/suite/search.spec.mjs:37:2 › 049 upgraded original task012 return positions remain usable
[42/58] experiments/instruction-effects/revisions/research-v004/decisions/task-017-draft/suite/workboard.spec.mjs:8:1 › 001 health and project creation persist on reload
[43/58] experiments/instruction-effects/revisions/research-v004/decisions/task-017-draft/suite/workboard.spec.mjs:25:1 › 002 blank project input is rejected
[44/58] experiments/instruction-effects/revisions/research-v004/decisions/task-017-draft/suite/workboard.spec.mjs:38:1 › 003 project creation order
[45/58] experiments/instruction-effects/revisions/research-v004/decisions/task-017-draft/suite/workboard.spec.mjs:46:3 › 004 trimmed tasks and project URL survive reload
[46/58] experiments/instruction-effects/revisions/research-v004/decisions/task-017-draft/suite/workboard.spec.mjs:55:3 › 005 blank task input is rejected
[47/58] experiments/instruction-effects/revisions/research-v004/decisions/task-017-draft/suite/workboard.spec.mjs:64:3 › 006 tasks do not cross project boundaries
[48/58] experiments/instruction-effects/revisions/research-v004/decisions/task-017-draft/suite/workboard.spec.mjs:73:3 › 007 task filters and completion state persist
[49/58] experiments/instruction-effects/revisions/research-v004/decisions/task-017-draft/suite/workboard.spec.mjs:102:3 › 008 archive state persists and project can be restored
[50/58] experiments/instruction-effects/revisions/research-v004/decisions/task-017-draft/suite/workboard.spec.mjs:114:3 › 009 archived tasks are read-only and survive restoration
[51/58] experiments/instruction-effects/revisions/research-v004/decisions/task-017-draft/suite/workboard.spec.mjs:142:3 › 010 completion summaries reflect all tasks
[52/58] experiments/instruction-effects/revisions/research-v004/decisions/task-017-draft/suite/workboard.spec.mjs:155:1 › 011 seed process-restart persistence checks
[53/58] experiments/instruction-effects/revisions/research-v004/decisions/task-017-draft/suite/workboard.spec.mjs:207:3 › 013 rename preserves project URL, task state, summary and creation order
[54/58] experiments/instruction-effects/revisions/research-v004/decisions/task-017-draft/suite/workboard.spec.mjs:231:3 › 014 blank rename preserves original name
[55/58] experiments/instruction-effects/revisions/research-v004/decisions/task-017-draft/suite/workboard.spec.mjs:241:3 › 015 archived rename controls become available after restoration
[56/58] experiments/instruction-effects/revisions/research-v004/decisions/task-017-draft/suite/workboard.spec.mjs:260:3 › 016 task rename preserves completion, order, filter membership and summary
[57/58] experiments/instruction-effects/revisions/research-v004/decisions/task-017-draft/suite/workboard.spec.mjs:283:3 › 017 blank task rename preserves the original title
[58/58] experiments/instruction-effects/revisions/research-v004/decisions/task-017-draft/suite/workboard.spec.mjs:294:3 › 018 archived task rename controls become enabled after restoration
  1 failed
    experiments/instruction-effects/revisions/research-v004/decisions/task-017-draft/suite/export.spec.mjs:7:2 › 058 export includes every stored task in order with literal values despite current filters 
  57 passed (3.0m)
