
Running 14 tests using 1 worker



[1/14] runs/instruction-effects/pilot-014/definitions/project/acceptance/workboard.spec.mjs:8:1 › 001 health and project creation persist on reload
[2/14] runs/instruction-effects/pilot-014/definitions/project/acceptance/workboard.spec.mjs:25:1 › 002 blank project input is rejected
[3/14] runs/instruction-effects/pilot-014/definitions/project/acceptance/workboard.spec.mjs:38:1 › 003 project creation order
[4/14] runs/instruction-effects/pilot-014/definitions/project/acceptance/workboard.spec.mjs:46:3 › 004 trimmed tasks and project URL survive reload
[5/14] runs/instruction-effects/pilot-014/definitions/project/acceptance/workboard.spec.mjs:55:3 › 005 blank task input is rejected
[6/14] runs/instruction-effects/pilot-014/definitions/project/acceptance/workboard.spec.mjs:64:3 › 006 tasks do not cross project boundaries
[7/14] runs/instruction-effects/pilot-014/definitions/project/acceptance/workboard.spec.mjs:73:3 › 007 task filters and completion state persist
[8/14] runs/instruction-effects/pilot-014/definitions/project/acceptance/workboard.spec.mjs:102:3 › 008 archive state persists and project can be restored
[9/14] runs/instruction-effects/pilot-014/definitions/project/acceptance/workboard.spec.mjs:114:3 › 009 archived tasks are read-only and survive restoration
[10/14] runs/instruction-effects/pilot-014/definitions/project/acceptance/workboard.spec.mjs:142:3 › 010 completion summaries reflect all tasks
[11/14] runs/instruction-effects/pilot-014/definitions/project/acceptance/workboard.spec.mjs:155:1 › 011 seed process-restart persistence checks
[12/14] runs/instruction-effects/pilot-014/definitions/project/acceptance/workboard.spec.mjs:176:3 › 013 rename preserves project URL, task state, summary and creation order
[13/14] runs/instruction-effects/pilot-014/definitions/project/acceptance/workboard.spec.mjs:200:3 › 014 blank rename preserves original name
[14/14] runs/instruction-effects/pilot-014/definitions/project/acceptance/workboard.spec.mjs:210:3 › 015 archived rename controls become available after restoration
  1) runs/instruction-effects/pilot-014/definitions/project/acceptance/workboard.spec.mjs:210:3 › 015 archived rename controls become available after restoration 

    Error: expect(locator).toBeDisabled() failed

    Locator: getByRole('textbox', { name: 'New project name', exact: true })
    Expected: disabled
    Timeout: 5000ms
    Error: element(s) not found

    Call log:
      - Expect "toBeDisabled" getByRole('textbox', { name: 'New project name', exact: true }) with timeout 5000ms
      - waiting for getByRole('textbox', { name: 'New project name', exact: true })


      214 |     await page.getByRole('combobox', { name: 'Project filter', exact: true }).selectOption({ label: 'Archived' });
      215 |     await openProject(page, 'Rename archive');
    > 216 |     await expect(page.getByRole('textbox', { name: 'New project name', exact: true })).toBeDisabled();
          |                                                                                        ^
      217 |     await expect(page.getByRole('button', { name: 'Rename project', exact: true })).toBeDisabled();
      218 |     await page.getByRole('button', { name: 'Projects', exact: true }).click();
      219 |     await page.getByRole('combobox', { name: 'Project filter', exact: true }).selectOption({ label: 'Archived' });
        at /Users/Shared/projects/competition/runs/instruction-effects/pilot-014/definitions/project/acceptance/workboard.spec.mjs:216:88

    attachment #1: screenshot (image/png) ──────────────────────────────────────────────────────────
    runs/instruction-effects/pilot-014/tasks/task-004/attempts/b011/attempt-001/acceptance/artifacts/workboard-015-archived-ren-2d7e6-available-after-restoration/test-failed-1.png
    ────────────────────────────────────────────────────────────────────────────────────────────────

    Error Context: runs/instruction-effects/pilot-014/tasks/task-004/attempts/b011/attempt-001/acceptance/artifacts/workboard-015-archived-ren-2d7e6-available-after-restoration/error-context.md

    attachment #3: trace (application/zip) ─────────────────────────────────────────────────────────
    runs/instruction-effects/pilot-014/tasks/task-004/attempts/b011/attempt-001/acceptance/artifacts/workboard-015-archived-ren-2d7e6-available-after-restoration/trace.zip
    Usage:

        npx playwright show-trace runs/instruction-effects/pilot-014/tasks/task-004/attempts/b011/attempt-001/acceptance/artifacts/workboard-015-archived-ren-2d7e6-available-after-restoration/trace.zip

    ────────────────────────────────────────────────────────────────────────────────────────────────


  1 failed
    runs/instruction-effects/pilot-014/definitions/project/acceptance/workboard.spec.mjs:210:3 › 015 archived rename controls become available after restoration 
  13 passed (15.3s)
