
Running 124 tests using 1 worker



[1/124] experiments/instruction-effects/revisions/research-v010/preflight/task036-executed02-suite/bulk-directory.spec.mjs:13:2 › 067 bulk completion intersects every directory filter and preserves fields order and reserved positions
[2/124] experiments/instruction-effects/revisions/research-v010/preflight/task036-executed02-suite/bulk-directory.spec.mjs:24:2 › 068 archived deleted and empty directory scopes disable both bulk actions without changing protected records
[3/124] experiments/instruction-effects/revisions/research-v010/preflight/task036-executed02-suite/bulk-directory.spec.mjs:29:2 › 069 bulk changes retain two project restart sentinels with literal original metadata
[4/124] experiments/instruction-effects/revisions/research-v010/preflight/task036-executed02-suite/default-priority.spec.mjs:11:2 › 027 pre-default projects and tasks preserve their distinct saved priorities
[5/124] experiments/instruction-effects/revisions/research-v010/preflight/task036-executed02-suite/default-priority.spec.mjs:20:2 › 028 project default affects only future tasks and retains filters and summary
[6/124] experiments/instruction-effects/revisions/research-v010/preflight/task036-executed02-suite/default-priority.spec.mjs:53:2 › 029 project default survives rename archive and restoration
[7/124] experiments/instruction-effects/revisions/research-v010/preflight/task036-executed02-suite/deletion.spec.mjs:10:2 › 054 deleted tasks preserve fields intersect filters and remain read-only through project archival
[8/124] experiments/instruction-effects/revisions/research-v010/preflight/task036-executed02-suite/deletion.spec.mjs:18:2 › 055 restoration retains reserved order explicit priority completion and remembered destination positions
[9/124] experiments/instruction-effects/revisions/research-v010/preflight/task036-executed02-suite/deletion.spec.mjs:23:2 › 056 upgraded original tasks remain live and deleted-only project persists with an empty live summary
[10/124] experiments/instruction-effects/revisions/research-v010/preflight/task036-executed02-suite/deletion.spec.mjs:27:2 › 057 deleted filter intersects priority due range and title search
[11/124] experiments/instruction-effects/revisions/research-v010/preflight/task036-executed02-suite/directory-deletion-position.spec.mjs:8:14 › 080 bulk directory deletion preserves own and foreign reserved positions later edits and export order
[12/124] experiments/instruction-effects/revisions/research-v010/preflight/task036-executed02-suite/directory-deletion-restart.spec.mjs:4:14 › 081 seed bulk deletion restoration fields and remembered positions for actual restart
[13/124] experiments/instruction-effects/revisions/research-v010/preflight/task036-executed02-suite/directory-deletion.spec.mjs:31:2 › 078 directory bulk deletion and restoration honor every intersection and protect live summaries before restoration
[14/124] experiments/instruction-effects/revisions/research-v010/preflight/task036-executed02-suite/directory-deletion.spec.mjs:56:2 › 079 bulk directory deletion preserves duplicate owner identities stored task order and completion on restoration
[15/124] experiments/instruction-effects/revisions/research-v010/preflight/task036-executed02-suite/directory-due-edit.spec.mjs:36:2 › 085 directory due-date assignment honors intersections and preserves every nonmatching field
[16/124] experiments/instruction-effects/revisions/research-v010/preflight/task036-executed02-suite/directory-due-edit.spec.mjs:48:2 › 086 invalid visible due dates are atomic and valid Gregorian boundaries persist
[17/124] experiments/instruction-effects/revisions/research-v010/preflight/task036-executed02-suite/directory-due-position.spec.mjs:8:14 › 087 bulk date assignment preserves own and foreign reserved positions later edits and export order
[18/124] experiments/instruction-effects/revisions/research-v010/preflight/task036-executed02-suite/directory-due-status.spec.mjs:13:2 › 117 due presence intersects inclusive ranges and distinguishes empty dates in both scopes
[19/124] experiments/instruction-effects/revisions/research-v010/preflight/task036-executed02-suite/directory-due-status.spec.mjs:24:2 › 118 presence matches govern word filters ordering exports all bulk writes and protected tasks
[20/124] experiments/instruction-effects/revisions/research-v010/preflight/task036-executed02-suite/directory-due-status.spec.mjs:41:2 › 119 presence summaries and matching export keep duplicate imported owners separate and remain read-only
[21/124] experiments/instruction-effects/revisions/research-v010/preflight/task036-executed02-suite/directory-due-status.spec.mjs:50:2 › 120 date membership writes preserve both remembered positions metadata and restart seed
[22/124] experiments/instruction-effects/revisions/research-v010/preflight/task036-executed02-suite/directory-due-status.spec.mjs:59:2 › 121 every directory bulk operation applies due presence without relying on a date range
[23/124] experiments/instruction-effects/revisions/research-v010/preflight/task036-executed02-suite/directory-notes-edit.spec.mjs:37:2 › 088 directory notes preserve literal text every intersection and other fields
[24/124] experiments/instruction-effects/revisions/research-v010/preflight/task036-executed02-suite/directory-notes-edit.spec.mjs:45:2 › 089 directory notes limit counts Unicode code points and rejects atomically with correction text retained
[25/124] experiments/instruction-effects/revisions/research-v010/preflight/task036-executed02-suite/directory-notes-position.spec.mjs:8:14 › 090 bulk notes assignment preserves own and foreign reserved positions later edits and export order
[26/124] experiments/instruction-effects/revisions/research-v010/preflight/task036-executed02-suite/directory-notes-status.spec.mjs:12:2 › 122 notes presence treats whitespace as present and intersects every directory filter
[27/124] experiments/instruction-effects/revisions/research-v010/preflight/task036-executed02-suite/directory-notes-status.spec.mjs:20:2 › 123 notes presence alone selects each bulk write and assignment or clear changes membership
[28/124] experiments/instruction-effects/revisions/research-v010/preflight/task036-executed02-suite/directory-notes-status.spec.mjs:32:2 › 124 imported duplicate owners and literal notes keep independent identity and read-only exports
[29/124] experiments/instruction-effects/revisions/research-v010/preflight/task036-executed02-suite/directory-notes-status.spec.mjs:39:2 › 125 notes membership writes preserve both owner positions and the restart fixture
[30/124] experiments/instruction-effects/revisions/research-v010/preflight/task036-executed02-suite/directory-order.spec.mjs:10:2 › 070 directory ordering is global stable and preserves literal titles and stored project order
[31/124] experiments/instruction-effects/revisions/research-v010/preflight/task036-executed02-suite/directory-order.spec.mjs:20:2 › 071 directory filters ranges search and bulk updates retain selected order without changing metadata
[32/124] experiments/instruction-effects/revisions/research-v010/preflight/task036-executed02-suite/directory-order.spec.mjs:25:2 › 072 directory ordering includes deleted archived records and significant internal whitespace
[33/124] experiments/instruction-effects/revisions/research-v010/preflight/task036-executed02-suite/directory-order.spec.mjs:32:2 › 073 directory title ordering folds only ASCII and compares Unicode code points without changing exports
[34/124] experiments/instruction-effects/revisions/research-v010/preflight/task036-executed02-suite/directory-owners.spec.mjs:10:2 › 076 directory owner totals track intersections bulk results and protected scopes in project creation order
[35/124] experiments/instruction-effects/revisions/research-v010/preflight/task036-executed02-suite/directory-owners.spec.mjs:16:2 › 077 duplicate project names preserve separate owner identities and correct open actions after rename and create
[36/124] experiments/instruction-effects/revisions/research-v010/preflight/task036-executed02-suite/directory-priority-position.spec.mjs:8:14 › 084 bulk priority assignment preserves own and foreign reserved positions later edits and export order
[37/124] experiments/instruction-effects/revisions/research-v010/preflight/task036-executed02-suite/directory-priority.spec.mjs:32:2 › 082 directory priority assignment honors intersected live results and protects nonmatching metadata
[38/124] experiments/instruction-effects/revisions/research-v010/preflight/task036-executed02-suite/directory-priority.spec.mjs:60:2 › 083 bulk priority assignment distinguishes duplicate owners and preserves completion and local order
[39/124] experiments/instruction-effects/revisions/research-v010/preflight/task036-executed02-suite/directory-project-order-position.spec.mjs:8:14 › 093 project-name ordering preserves own and foreign reserved positions later edits and export order
[40/124] experiments/instruction-effects/revisions/research-v010/preflight/task036-executed02-suite/directory-project-order.spec.mjs:38:2 › 091 project-name ordering folds ASCII keeps stable owner ties and reads current renames without changing storage
[41/124] experiments/instruction-effects/revisions/research-v010/preflight/task036-executed02-suite/directory-project-order.spec.mjs:48:2 › 092 project-name ordering compares Unicode code points and literal spacing across protected scope
[42/124] experiments/instruction-effects/revisions/research-v010/preflight/task036-executed02-suite/directory-summary.spec.mjs:10:2 › 074 directory totals follow global intersections bulk updates protected scopes and unchanged project summaries
[43/124] experiments/instruction-effects/revisions/research-v010/preflight/task036-executed02-suite/directory-summary.spec.mjs:17:2 › 075 directory totals show a resolved empty result without altering stored completion
[44/124] experiments/instruction-effects/revisions/research-v010/preflight/task036-executed02-suite/directory-word-search.spec.mjs:41:2 › 113 directory Phrase All words and Any words reuse the current title query with ASCII normalization and empty query
[45/124] experiments/instruction-effects/revisions/research-v010/preflight/task036-executed02-suite/directory-word-search.spec.mjs:50:2 › 114 word query tokens split only ASCII spaces and tabs and fold only ASCII case
[46/124] experiments/instruction-effects/revisions/research-v010/preflight/task036-executed02-suite/directory-word-search.spec.mjs:55:2 › 115 word matching intersects filters orders owners exports and every current bulk operation with protected scopes
[47/124] experiments/instruction-effects/revisions/research-v010/preflight/task036-executed02-suite/directory-word-search.spec.mjs:67:2 › 116 word modes and matching export are read-only and retain both remembered owner positions and restart seed
[48/124] experiments/instruction-effects/revisions/research-v010/preflight/task036-executed02-suite/directory.spec.mjs:12:2 › 064 directory preserves owner and stored order with live deleted archived and literal field semantics
[49/124] experiments/instruction-effects/revisions/research-v010/preflight/task036-executed02-suite/directory.spec.mjs:17:2 › 065 directory intersects and retains filters validates ranges and resets on a new opening
[50/124] experiments/instruction-effects/revisions/research-v010/preflight/task036-executed02-suite/directory.spec.mjs:20:2 › 066 directory includes original imported records and uses current whitespace matching without mutating project state
[51/124] experiments/instruction-effects/revisions/research-v010/preflight/task036-executed02-suite/due-date.spec.mjs:11:2 › 030 dates default empty save canonically survive rename and clear
[52/124] experiments/instruction-effects/revisions/research-v010/preflight/task036-executed02-suite/due-date.spec.mjs:21:2 › 031 invalid formats and impossible calendar dates preserve the saved date
[53/124] experiments/instruction-effects/revisions/research-v010/preflight/task036-executed02-suite/due-date.spec.mjs:29:2 › 032 date changes retain task identity filters order and all-task summary
[54/124] experiments/instruction-effects/revisions/research-v010/preflight/task036-executed02-suite/due-date.spec.mjs:44:2 › 033 archived dates are read-only restored and old data stays undated
[55/124] experiments/instruction-effects/revisions/research-v010/preflight/task036-executed02-suite/due-range.spec.mjs:14:2 › 034 date ranges include endpoints exclude undated tasks and preserve order
[56/124] experiments/instruction-effects/revisions/research-v010/preflight/task036-executed02-suite/due-range.spec.mjs:24:2 › 035 due ranges intersect completion priority and live date edits
[57/124] experiments/instruction-effects/revisions/research-v010/preflight/task036-executed02-suite/due-range.spec.mjs:40:2 › 036 invalid due ranges preserve the last applied membership
[58/124] experiments/instruction-effects/revisions/research-v010/preflight/task036-executed02-suite/due-range.spec.mjs:48:2 › 037 archived ranges stay usable and reopening clears transient boundaries
[59/124] experiments/instruction-effects/revisions/research-v010/preflight/task036-executed02-suite/due-range.spec.mjs:57:2 › 038 project default rename and hidden creation retain the applied range
[60/124] experiments/instruction-effects/revisions/research-v010/preflight/task036-executed02-suite/export.spec.mjs:7:2 › 058 export includes every stored task in order with literal values despite current filters
[61/124] experiments/instruction-effects/revisions/research-v010/preflight/task036-executed02-suite/export.spec.mjs:11:2 › 059 archived upgraded and empty projects export without mutation
[62/124] experiments/instruction-effects/revisions/research-v010/preflight/task036-executed02-suite/import.spec.mjs:14:2 › 060 exported projects import independently with saved fields deleted order and project defaults
[63/124] experiments/instruction-effects/revisions/research-v010/preflight/task036-executed02-suite/import.spec.mjs:17:2 › 061 malformed root documents and blank override reject atomically and retain inputs
[64/124] experiments/instruction-effects/revisions/research-v010/preflight/task036-executed02-suite/import.spec.mjs:20:2 › 062 invalid later tasks reject the entire import without partial project task or existing-data writes
[65/124] experiments/instruction-effects/revisions/research-v010/preflight/task036-executed02-suite/import.spec.mjs:23:2 › 063 archived and empty imports preserve flags literal data and native restart sentinels
[66/124] experiments/instruction-effects/revisions/research-v010/preflight/task036-executed02-suite/move-task.spec.mjs:15:2 › 039 moving a task preserves data and destination order without inheriting defaults
[67/124] experiments/instruction-effects/revisions/research-v010/preflight/task036-executed02-suite/move-task.spec.mjs:26:2 › 040 moving under combined filters retains source range and independent data
[68/124] experiments/instruction-effects/revisions/research-v010/preflight/task036-executed02-suite/move-task.spec.mjs:37:2 › 041 destination choices use active current project names in creation order
[69/124] experiments/instruction-effects/revisions/research-v010/preflight/task036-executed02-suite/move-task.spec.mjs:41:2 › 042 archived source moves are disabled restoration allows moving an undated task
[70/124] experiments/instruction-effects/revisions/research-v010/preflight/task036-executed02-suite/notes-limit.spec.mjs:12:2 › 101 individual notes count Unicode code points and retain rejected input before a valid clear
[71/124] experiments/instruction-effects/revisions/research-v010/preflight/task036-executed02-suite/notes-limit.spec.mjs:17:2 › 102 oversized notes preserve other fields and another task while literal whitespace and LF remain intact
[72/124] experiments/instruction-effects/revisions/research-v010/preflight/task036-executed02-suite/notes-limit.spec.mjs:30:2 › 103 rejected notes and later valid edits preserve own and foreign reserved positions
[73/124] experiments/instruction-effects/revisions/research-v010/preflight/task036-executed02-suite/notes-limit.spec.mjs:38:2 › 104 seed individual notes boundary for process-restart checks
[74/124] experiments/instruction-effects/revisions/research-v010/preflight/task036-executed02-suite/notes.spec.mjs:10:2 › 052 multiline notes retain literal text filters and archived read-only behavior
[75/124] experiments/instruction-effects/revisions/research-v010/preflight/task036-executed02-suite/notes.spec.mjs:21:2 › 053 notes travel through moves and returns while original archived data upgrades
[76/124] experiments/instruction-effects/revisions/research-v010/preflight/task036-executed02-suite/priority-filter.spec.mjs:8:3 › 023 priority and completion filters intersect in creation order
[77/124] experiments/instruction-effects/revisions/research-v010/preflight/task036-executed02-suite/priority-filter.spec.mjs:42:3 › 024 filtered edits re-evaluate rows while retaining both filter choices
[78/124] experiments/instruction-effects/revisions/research-v010/preflight/task036-executed02-suite/priority-filter.spec.mjs:73:3 › 025 task rename retains combined filter membership
[79/124] experiments/instruction-effects/revisions/research-v010/preflight/task036-executed02-suite/priority-filter.spec.mjs:91:3 › 026 archived combined filters are readable without enabling task editing
[80/124] experiments/instruction-effects/revisions/research-v010/preflight/task036-executed02-suite/priority.spec.mjs:8:3 › 022 pre-priority archived data acquires Normal without changing completion
[81/124] experiments/instruction-effects/revisions/research-v010/preflight/task036-executed02-suite/priority.spec.mjs:19:3 › 019 independent priorities default to Normal and persist through rename
[82/124] experiments/instruction-effects/revisions/research-v010/preflight/task036-executed02-suite/priority.spec.mjs:50:3 › 020 priority edits preserve completion filters and summary
[83/124] experiments/instruction-effects/revisions/research-v010/preflight/task036-executed02-suite/priority.spec.mjs:71:3 › 021 archived priorities are read-only and restored unchanged
[84/124] experiments/instruction-effects/revisions/research-v010/preflight/task036-executed02-suite/project-name-limit.spec.mjs:13:2 › 105 project names count code points after trim and preserve rejected create input
[85/124] experiments/instruction-effects/revisions/research-v010/preflight/task036-executed02-suite/project-name-limit.spec.mjs:18:2 › 106 rejected rename is atomic and successful boundary rename retains identity fields and owner order
[86/124] experiments/instruction-effects/revisions/research-v010/preflight/task036-executed02-suite/project-name-limit.spec.mjs:23:2 › 107 project and workspace import reject oversized names before creating any owner
[87/124] experiments/instruction-effects/revisions/research-v010/preflight/task036-executed02-suite/project-name-limit.spec.mjs:28:2 › 108 accepted boundary workspace names preserve duplicate identities fields and restart seed
[88/124] experiments/instruction-effects/revisions/research-v010/preflight/task036-executed02-suite/return-order.spec.mjs:13:2 › 043 returning tasks in reverse order restores prior positions and current fields
[89/124] experiments/instruction-effects/revisions/research-v010/preflight/task036-executed02-suite/return-order.spec.mjs:20:2 › 044 rename archival and restoration preserve returning project identity
[90/124] experiments/instruction-effects/revisions/research-v010/preflight/task036-executed02-suite/return-order.spec.mjs:27:2 › 045 return positions belong to each project and precede later new arrivals
[91/124] experiments/instruction-effects/revisions/research-v010/preflight/task036-executed02-suite/search-whitespace.spec.mjs:5:2 › 050 task search collapses spaces tabs without changing stored titles or filters
[92/124] experiments/instruction-effects/revisions/research-v010/preflight/task036-executed02-suite/search-whitespace.spec.mjs:12:2 › 051 project whitespace matching retains original names and archived intersection
[93/124] experiments/instruction-effects/revisions/research-v010/preflight/task036-executed02-suite/search.spec.mjs:7:2 › 046 project search trims ASCII case and intersects archive filter in creation order
[94/124] experiments/instruction-effects/revisions/research-v010/preflight/task036-executed02-suite/search.spec.mjs:15:2 › 047 task search intersects all filters retaining order and summary counts
[95/124] experiments/instruction-effects/revisions/research-v010/preflight/task036-executed02-suite/search.spec.mjs:30:2 › 048 rename re-evaluates search membership and archived search remains readable
[96/124] experiments/instruction-effects/revisions/research-v010/preflight/task036-executed02-suite/search.spec.mjs:37:2 › 049 upgraded original task012 return positions remain usable
[97/124] experiments/instruction-effects/revisions/research-v010/preflight/task036-executed02-suite/task-title-limit.spec.mjs:12:2 › 109 task title creation counts trimmed Unicode code points and retains oversized input
[98/124] experiments/instruction-effects/revisions/research-v010/preflight/task036-executed02-suite/task-title-limit.spec.mjs:17:2 › 110 rejected and successful title renames preserve metadata query and every reserved owner position
[99/124] experiments/instruction-effects/revisions/research-v010/preflight/task036-executed02-suite/task-title-limit.spec.mjs:23:2 › 111 both imports reject an oversized final title atomically and retain original JSON
[100/124] experiments/instruction-effects/revisions/research-v010/preflight/task036-executed02-suite/task-title-limit.spec.mjs:27:2 › 112 seed title boundary persistence without altering pre-limit longer records
[101/124] experiments/instruction-effects/revisions/research-v010/preflight/task036-executed02-suite/workboard.spec.mjs:8:1 › 001 health and project creation persist on reload
[102/124] experiments/instruction-effects/revisions/research-v010/preflight/task036-executed02-suite/workboard.spec.mjs:25:1 › 002 blank project input is rejected
[103/124] experiments/instruction-effects/revisions/research-v010/preflight/task036-executed02-suite/workboard.spec.mjs:38:1 › 003 project creation order
[104/124] experiments/instruction-effects/revisions/research-v010/preflight/task036-executed02-suite/workboard.spec.mjs:46:3 › 004 trimmed tasks and project URL survive reload
[105/124] experiments/instruction-effects/revisions/research-v010/preflight/task036-executed02-suite/workboard.spec.mjs:55:3 › 005 blank task input is rejected
[106/124] experiments/instruction-effects/revisions/research-v010/preflight/task036-executed02-suite/workboard.spec.mjs:64:3 › 006 tasks do not cross project boundaries
[107/124] experiments/instruction-effects/revisions/research-v010/preflight/task036-executed02-suite/workboard.spec.mjs:73:3 › 007 task filters and completion state persist
[108/124] experiments/instruction-effects/revisions/research-v010/preflight/task036-executed02-suite/workboard.spec.mjs:102:3 › 008 archive state persists and project can be restored
[109/124] experiments/instruction-effects/revisions/research-v010/preflight/task036-executed02-suite/workboard.spec.mjs:114:3 › 009 archived tasks are read-only and survive restoration
[110/124] experiments/instruction-effects/revisions/research-v010/preflight/task036-executed02-suite/workboard.spec.mjs:142:3 › 010 completion summaries reflect all tasks
[111/124] experiments/instruction-effects/revisions/research-v010/preflight/task036-executed02-suite/workboard.spec.mjs:155:1 › 011 seed process-restart persistence checks
[112/124] experiments/instruction-effects/revisions/research-v010/preflight/task036-executed02-suite/workboard.spec.mjs:207:3 › 013 rename preserves project URL, task state, summary and creation order
[113/124] experiments/instruction-effects/revisions/research-v010/preflight/task036-executed02-suite/workboard.spec.mjs:231:3 › 014 blank rename preserves original name
[114/124] experiments/instruction-effects/revisions/research-v010/preflight/task036-executed02-suite/workboard.spec.mjs:241:3 › 015 archived rename controls become available after restoration
[115/124] experiments/instruction-effects/revisions/research-v010/preflight/task036-executed02-suite/workboard.spec.mjs:260:3 › 016 task rename preserves completion, order, filter membership and summary
[116/124] experiments/instruction-effects/revisions/research-v010/preflight/task036-executed02-suite/workboard.spec.mjs:283:3 › 017 blank task rename preserves the original title
[117/124] experiments/instruction-effects/revisions/research-v010/preflight/task036-executed02-suite/workboard.spec.mjs:294:3 › 018 archived task rename controls become enabled after restoration
[118/124] experiments/instruction-effects/revisions/research-v010/preflight/task036-executed02-suite/workspace-export.spec.mjs:36:2 › 094 workspace export uses matching intersections owner creation and stored task order despite global sorting
[119/124] experiments/instruction-effects/revisions/research-v010/preflight/task036-executed02-suite/workspace-export.spec.mjs:43:2 › 095 workspace export preserves duplicate archived owners and selects only matching deleted tasks
[120/124] experiments/instruction-effects/revisions/research-v010/preflight/task036-executed02-suite/workspace-export.spec.mjs:48:2 › 096 empty matching workspace export is valid and leaves known data and controls unchanged
[121/124] experiments/instruction-effects/revisions/research-v010/preflight/task036-executed02-suite/workspace-import.spec.mjs:42:2 › 097 workspace import appends independent duplicate owners trims names and preserves literal fields without overwriting existing data
[122/124] experiments/instruction-effects/revisions/research-v010/preflight/task036-executed02-suite/workspace-import.spec.mjs:52:2 › 098 imported deleted tasks restore into supplied positions and preserve bulk-edited fields across later moves
[123/124] experiments/instruction-effects/revisions/research-v010/preflight/task036-executed02-suite/workspace-import.spec.mjs:58:2 › 099 invalid workspace objects including the final owner fail atomically and retain the rejected input
[124/124] experiments/instruction-effects/revisions/research-v010/preflight/task036-executed02-suite/workspace-import.spec.mjs:67:2 › 100 empty workspace imports create nothing and matching exports round-trip as independent owners
  124 passed (15.6m)
