
Running 1 test using 1 worker



[1/1] experiments/instruction-effects/revisions/research-v010/preflight/task035-executed04-suite/directory-due-status.spec.mjs:59:2 › 121 every directory bulk operation applies due presence without relying on a date range
  1) experiments/instruction-effects/revisions/research-v010/preflight/task035-executed04-suite/directory-due-status.spec.mjs:59:2 › 121 every directory bulk operation applies due presence without relying on a date range 

    Error: Task priority must be durable before the next navigation

    Task priority must be durable before the next navigation

    expect(received).toBe(expected) // Object.is equality

    Expected: "High"
    Received: "Low"

    Call Log:
    - Timeout 5000ms exceeded while waiting on the predicate

       at helpers.mjs:74

      72 |       await observer.getByRole('combobox', {name:'Task filter', exact:true}).selectOption({label:'All'});
      73 |       return taskRow(observer, title).getByRole('combobox', {name:'Task priority', exact:true}).locator('option:checked').textContent();
    > 74 |     }, {timeout:5000, message:'Task priority must be durable before the next navigation'}).toBe(priority);
         |                                                                                            ^
      75 |   } finally { await observer.close(); }
      76 | }
      77 |
        at expectPersistedPriority (/Users/Shared/projects/competition/experiments/instruction-effects/revisions/research-v010/preflight/task035-executed04-suite/helpers.mjs:74:92)
        at /Users/Shared/projects/competition/experiments/instruction-effects/revisions/research-v010/preflight/task035-executed04-suite/directory-due-status.spec.mjs:67:321

    attachment #1: screenshot (image/png) ──────────────────────────────────────────────────────────
    experiments/instruction-effects/revisions/research-v010/preflight/task035-focused04-check-1791676972741/negative-due-bulk-priority-ignored-121/artifacts/directory-due-status-121-e-a585b-out-relying-on-a-date-range/test-failed-1.png
    ────────────────────────────────────────────────────────────────────────────────────────────────

    Error Context: experiments/instruction-effects/revisions/research-v010/preflight/task035-focused04-check-1791676972741/negative-due-bulk-priority-ignored-121/artifacts/directory-due-status-121-e-a585b-out-relying-on-a-date-range/error-context.md

    attachment #3: trace (application/zip) ─────────────────────────────────────────────────────────
    experiments/instruction-effects/revisions/research-v010/preflight/task035-focused04-check-1791676972741/negative-due-bulk-priority-ignored-121/artifacts/directory-due-status-121-e-a585b-out-relying-on-a-date-range/trace.zip
    Usage:

        npx playwright show-trace experiments/instruction-effects/revisions/research-v010/preflight/task035-focused04-check-1791676972741/negative-due-bulk-priority-ignored-121/artifacts/directory-due-status-121-e-a585b-out-relying-on-a-date-range/trace.zip

    ────────────────────────────────────────────────────────────────────────────────────────────────


  1 failed
    experiments/instruction-effects/revisions/research-v010/preflight/task035-executed04-suite/directory-due-status.spec.mjs:59:2 › 121 every directory bulk operation applies due presence without relying on a date range 
