test_context_policy_applies_without_treatment_changes (test_adapters.HarnessExecutionTests.test_context_policy_applies_without_treatment_changes) ... ok
test_exception_still_records_harness_terminal_observation (test_adapters.HarnessExecutionTests.test_exception_still_records_harness_terminal_observation) ... ok
test_harness_return_observed_before_transcript_writes (test_adapters.HarnessExecutionTests.test_harness_return_observed_before_transcript_writes) ... ok
test_resume_removes_only_own_obsolete_gateway_rules (test_adapters.PolicyTests.test_resume_removes_only_own_obsolete_gateway_rules) ... ok
test_family_and_repeated_look_allocation (test_analysis.ConfirmationTests.test_family_and_repeated_look_allocation) ... ok
test_hosted_family_preserves_global_error_allocation (test_analysis.ConfirmationTests.test_hosted_family_preserves_global_error_allocation) ... ok
test_insufficient_replication_has_no_finite_claim (test_analysis.ConfirmationTests.test_insufficient_replication_has_no_finite_claim) ... ok
test_known_exact_sign_test_interval (test_analysis.ConfirmationTests.test_known_exact_sign_test_interval) ... ok
test_missing_or_nonfinite_evidence_is_not_equivalence (test_analysis.ConfirmationTests.test_missing_or_nonfinite_evidence_is_not_equivalence) ... ok
test_practical_findings_with_independent_replication (test_analysis.ConfirmationTests.test_practical_findings_with_independent_replication) ... ok
test_archive_restores_history_after_source_reset (test_archive_builder_history.BuilderHistoryTests.test_archive_restores_history_after_source_reset) ... ok
test_dirty_source_is_preserved_and_scope_is_explicit (test_archive_builder_history.BuilderHistoryTests.test_dirty_source_is_preserved_and_scope_is_explicit) ... ok
test_existing_checkpoint_is_not_overwritten (test_archive_builder_history.BuilderHistoryTests.test_existing_checkpoint_is_not_overwritten) ... ok
test_independent_roots_and_identical_branch_names (test_archive_builder_history.BuilderHistoryTests.test_independent_roots_and_identical_branch_names) ... ok
test_missing_run_does_not_import_refs (test_archive_builder_history.BuilderHistoryTests.test_missing_run_does_not_import_refs) ... ok
test_repeats_use_separate_namespaces (test_archive_builder_history.BuilderHistoryTests.test_repeats_use_separate_namespaces) ... ok
test_foreign_workspace_is_refused_before_archival_or_reset (test_checkpoint_recovery.CheckpointRecoveryTests.test_foreign_workspace_is_refused_before_archival_or_reset) ... ok
test_rule_counts_only_matching_own_task_and_survives_resume (test_checkpoint_recovery.CheckpointRecoveryTests.test_rule_counts_only_matching_own_task_and_survives_resume) ... ok
test_equal_count_with_duplicate_or_foreign_checkpoint_cannot_pass (test_configurations.ConfigurationTests.test_equal_count_with_duplicate_or_foreign_checkpoint_cannot_pass) ... ok
test_hosted_matrix_retains_every_instruction_harness_combination (test_configurations.ConfigurationTests.test_hosted_matrix_retains_every_instruction_harness_combination) ... ok
test_hosted_price_preparation_does_not_require_local_catalog_entry (test_configurations.ConfigurationTests.test_hosted_price_preparation_does_not_require_local_catalog_entry) ... ok
test_original_full_matrix_order_is_preserved (test_configurations.ConfigurationTests.test_original_full_matrix_order_is_preserved) ... ok
test_actual_run_aggregate_preserves_rejected_time_and_cost (test_confirmation.ConfirmationLedgerTests.test_actual_run_aggregate_preserves_rejected_time_and_cost) ... ok
test_complete_hosted_family_and_two_independent_batches (test_confirmation.ConfirmationLedgerTests.test_complete_hosted_family_and_two_independent_batches) ... ok
test_failure_consumes_look_and_run_reuse_refused (test_confirmation.ConfirmationLedgerTests.test_failure_consumes_look_and_run_reuse_refused) ... ok
test_invalid_evidence_load_consumes_look_before_validation (test_confirmation.ConfirmationLedgerTests.test_invalid_evidence_load_consumes_look_before_validation) ... ok
test_small_samples_never_stop (test_confirmation.ConfirmationLedgerTests.test_small_samples_never_stop) ... ok
test_compaction_cost_cannot_be_omitted (test_context_audit.ContextAuditTests.test_compaction_cost_cannot_be_omitted) ... ok
test_missing_finished_request_rejected (test_context_audit.ContextAuditTests.test_missing_finished_request_rejected) ... ok
test_native_compaction_receipt_and_cost_verified (test_context_audit.ContextAuditTests.test_native_compaction_receipt_and_cost_verified) ... ok
test_plain_turn_does_not_prove_compaction (test_context_audit.ContextAuditTests.test_plain_turn_does_not_prove_compaction) ... ok
test_failed_capture_retains_resource_and_failure_evidence (test_context_cleanup.ContextCleanupTests.test_failed_capture_retains_resource_and_failure_evidence) ... ok
test_unrelated_namespace_never_touched (test_context_cleanup.ContextCleanupTests.test_unrelated_namespace_never_touched) ... ok
test_verified_archive_precedes_exact_removal (test_context_cleanup.ContextCleanupTests.test_verified_archive_precedes_exact_removal) ... ok
test_partial_or_substituted_source_cannot_pass_full_corpus_gate (test_corpus_recheck.CorpusChecks.test_partial_or_substituted_source_cannot_pass_full_corpus_gate) ... ok
test_feedback_retains_actual_error_and_exact_supplied_schema (test_diagnostics.DiagnosticsTests.test_feedback_retains_actual_error_and_exact_supplied_schema) ... ok
test_successful_requests_do_not_produce_failure_feedback (test_diagnostics.DiagnosticsTests.test_successful_requests_do_not_produce_failure_feedback) ... ok
test_notification_ignores_request_ids_and_page_snapshot (test_diagnostics.VisibleFeedbackTests.test_notification_ignores_request_ids_and_page_snapshot) ... ok
test_snapshot_cannot_import_playwright_instructions_or_source (test_diagnostics.VisibleFeedbackTests.test_snapshot_cannot_import_playwright_instructions_or_source) ... ok
test_cached_inputs_and_hidden_reasoning_are_not_double_counted (test_evidence.AccountingTests.test_cached_inputs_and_hidden_reasoning_are_not_double_counted) ... ok
test_chat_completions_and_responses_counts_are_equivalent (test_evidence.AccountingTests.test_chat_completions_and_responses_counts_are_equivalent) ... ok
test_context_tier_uses_native_total_input (test_evidence.AccountingTests.test_context_tier_uses_native_total_input) ... ok
test_events_are_append_only_and_use_one_observer_clock (test_evidence.AccountingTests.test_events_are_append_only_and_use_one_observer_clock) ... ok
test_invalid_disjoint_categories_are_rejected (test_evidence.AccountingTests.test_invalid_disjoint_categories_are_rejected) ... ok
test_missing_native_usage_is_unavailable (test_evidence.AccountingTests.test_missing_native_usage_is_unavailable) ... ok
test_zero_usage_is_measurable (test_evidence.AccountingTests.test_zero_usage_is_measurable) ... ok
test_all_configurations_tasks_and_family_are_required (test_evidence_bounds.BoundedConfirmationTests.test_all_configurations_tasks_and_family_are_required) ... ok
test_candidate_requires_identified_stable_execution_and_assessments_but_keeps_unknown_cost (test_evidence_bounds.BoundedConfirmationTests.test_candidate_requires_identified_stable_execution_and_assessments_but_keeps_unknown_cost) ... ok
test_cohort_registry_retains_unfinished_assignments_and_refuses_reassignment (test_evidence_bounds.BoundedConfirmationTests.test_cohort_registry_retains_unfinished_assignments_and_refuses_reassignment) ... ok
test_complete_batches_can_confirm_but_unknown_cost_cannot (test_evidence_bounds.BoundedConfirmationTests.test_complete_batches_can_confirm_but_unknown_cost_cannot) ... ok
test_missing_family_member_is_not_dropped (test_evidence_bounds.BoundedConfirmationTests.test_missing_family_member_is_not_dropped) ... ok
test_omitting_assigned_runs_reusing_runs_or_switching_method_fails_and_consumes_look (test_evidence_bounds.BoundedConfirmationTests.test_omitting_assigned_runs_reusing_runs_or_switching_method_fails_and_consumes_look) ... ok
test_unknown_task_cost_is_retained_in_aggregate (test_evidence_bounds.BoundedConfirmationTests.test_unknown_task_cost_is_retained_in_aggregate) ... ok
test_complete_median_matches_original_and_contains_every_completion (test_evidence_bounds.EvidenceBoundsTests.test_complete_median_matches_original_and_contains_every_completion) ... ok
test_provider_incident_is_not_a_first_assessed_rejection (test_evidence_bounds.EvidenceBoundsTests.test_provider_incident_is_not_a_first_assessed_rejection) ... ok
test_ratio_retains_unbounded_cost_and_undefined_denominator (test_evidence_bounds.EvidenceBoundsTests.test_ratio_retains_unbounded_cost_and_undefined_denominator) ... ok
test_unknown_cost_is_not_a_point_or_zero (test_evidence_bounds.EvidenceBoundsTests.test_unknown_cost_is_not_a_point_or_zero) ... ok
test_unknowns_and_small_samples_remain_unresolved (test_evidence_bounds.EvidenceBoundsTests.test_unknowns_and_small_samples_remain_unresolved) ... ok
test_disconnected_client_retains_partial_stream_and_drains_terminal_usage (test_gateway.GatewayTests.test_disconnected_client_retains_partial_stream_and_drains_terminal_usage) ... ok
test_failed_tool_parse_retains_native_consumption (test_gateway.GatewayTests.test_failed_tool_parse_retains_native_consumption) ... /opt/homebrew/Cellar/python@3.14/3.14.8_1/Frameworks/Python.framework/Versions/3.14/lib/python3.14/tempfile.py:484: ResourceWarning: Implicitly cleaning up <HTTPError 500: 'invalid tool arguments'>
  _warnings.warn(self.warn_message, ResourceWarning)
/opt/homebrew/Cellar/python@3.14/3.14.8_1/Frameworks/Python.framework/Versions/3.14/lib/python3.14/tempfile.py:484: ResourceWarning: Implicitly cleaning up <HTTPError 500: 'Internal Server Error'>
  _warnings.warn(self.warn_message, ResourceWarning)
ok
test_gateway_does_not_expose_arbitrary_host_urls (test_gateway.GatewayTests.test_gateway_does_not_expose_arbitrary_host_urls) ... /opt/homebrew/Cellar/python@3.14/3.14.8_1/Frameworks/Python.framework/Versions/3.14/lib/python3.14/tempfile.py:484: ResourceWarning: Implicitly cleaning up <HTTPError 405: 'Only metered inference POST requests are supported.'>
  _warnings.warn(self.warn_message, ResourceWarning)
ok
test_hosted_run_disables_local_inference_leases (test_gateway.GatewayTests.test_hosted_run_disables_local_inference_leases) ... ok
test_incorrect_and_revoked_leases_cannot_infer (test_gateway.GatewayTests.test_incorrect_and_revoked_leases_cannot_infer) ... /opt/homebrew/Cellar/python@3.14/3.14.8_1/Frameworks/Python.framework/Versions/3.14/lib/python3.14/tempfile.py:484: ResourceWarning: Implicitly cleaning up <HTTPError 403: 'Inactive or incorrect inference lease.'>
  _warnings.warn(self.warn_message, ResourceWarning)
ok
test_legacy_lifecycle_keeps_frozen_drain_behavior (test_gateway.GatewayTests.test_legacy_lifecycle_keeps_frozen_drain_behavior) ... ok
test_native_counter_disagreement_is_missing_evidence (test_gateway.GatewayTests.test_native_counter_disagreement_is_missing_evidence) ... ok
test_native_sse_usage_is_logged_even_with_plain_content_type (test_gateway.GatewayTests.test_native_sse_usage_is_logged_even_with_plain_content_type) ... ok
test_other_models_are_not_available_through_the_gateway (test_gateway.GatewayTests.test_other_models_are_not_available_through_the_gateway) ... /opt/homebrew/Cellar/python@3.14/3.14.8_1/Frameworks/Python.framework/Versions/3.14/lib/python3.14/tempfile.py:484: ResourceWarning: Implicitly cleaning up <HTTPError 403: 'Model differs from frozen builder configuration.'>
  _warnings.warn(self.warn_message, ResourceWarning)
ok
test_json_failure_and_invalid_categories (test_native_receipt_audit.NativeReceiptTests.test_json_failure_and_invalid_categories) ... ok
test_multiline_sse_terminal_not_client_estimate (test_native_receipt_audit.NativeReceiptTests.test_multiline_sse_terminal_not_client_estimate) ... ok
test_truncated_stream_does_not_invent_receipt (test_native_receipt_audit.NativeReceiptTests.test_truncated_stream_does_not_invent_receipt) ... ok
test_resume_preserves_one_original_round_barrier_and_rejects_missing_builder (test_parallel_rounds.ParallelRoundTests.test_resume_preserves_one_original_round_barrier_and_rejects_missing_builder) ... ok
test_twelve_simultaneous_gateways_keep_lease_and_accounting_separate (test_parallel_rounds.ParallelRoundTests.test_twelve_simultaneous_gateways_keep_lease_and_accounting_separate) ... ok
test_worker_failure_blocks_next_round_and_signals_other_workers (test_parallel_rounds.ParallelRoundTests.test_worker_failure_blocks_next_round_and_signals_other_workers) ... ok
test_workers_overlap_but_next_requirement_waits_for_slowest (test_parallel_rounds.ParallelRoundTests.test_workers_overlap_but_next_requirement_waits_for_slowest) ... ok
test_complete_native_report_retains_point_costs_and_strict_readiness (test_partial_report_pipeline.PartialReportPipelineTests.test_complete_native_report_retains_point_costs_and_strict_readiness) ... ok
test_real_fresh_preparation_and_confirmation_assignment_preserve_only_starter_history (test_partial_report_pipeline.PartialReportPipelineTests.test_real_fresh_preparation_and_confirmation_assignment_preserve_only_starter_history) ... ok
test_twelve_real_histories_partial_readiness_and_hard_gates (test_partial_report_pipeline.PartialReportPipelineTests.test_twelve_real_histories_partial_readiness_and_hard_gates) ... ok
test_foreground_tool_gap_is_observed_without_failure_attribution (test_pilot_liveness.LivenessTests.test_foreground_tool_gap_is_observed_without_failure_attribution) ... ok
test_open_provider_request_distinct_and_commit_progress_resets_gap (test_pilot_liveness.LivenessTests.test_open_provider_request_distinct_and_commit_progress_resets_gap) ... ok
test_parallel_monitor_keeps_stalled_builder_visible_after_another_finishes (test_pilot_liveness.LivenessTests.test_parallel_monitor_keeps_stalled_builder_visible_after_another_finishes) ... ok
test_terminal_attempt_not_alerted_and_other_builder_events_do_not_reset (test_pilot_liveness.LivenessTests.test_terminal_attempt_not_alerted_and_other_builder_events_do_not_reset) ... ok
test_non_browser_contracts_unchanged_and_paths_removed_without_frame (test_proposed_browser_feedback.BrowserFeedbackTests.test_non_browser_contracts_unchanged_and_paths_removed_without_frame) ... ok
test_real_failure_preserves_expected_observed_and_removes_pm_source (test_proposed_browser_feedback.BrowserFeedbackTests.test_real_failure_preserves_expected_observed_and_removes_pm_source) ... ok
test_complete_bounds_equal_existing_exact_interval (test_proposed_censored_cost.ProposedCostTests.test_complete_bounds_equal_existing_exact_interval) ... ok
test_interval_contains_complete_data_interval_for_each_completion (test_proposed_censored_cost.ProposedCostTests.test_interval_contains_complete_data_interval_for_each_completion) ... ok
test_minority_censoring_retains_all_runs_with_conservative_median (test_proposed_censored_cost.ProposedCostTests.test_minority_censoring_retains_all_runs_with_conservative_median) ... ok
test_missing_costs_do_not_force_false_equivalence (test_proposed_censored_cost.ProposedCostTests.test_missing_costs_do_not_force_false_equivalence) ... ok
test_unknown_receipt_has_no_point_estimate_or_finite_upper (test_proposed_censored_cost.ProposedCostTests.test_unknown_receipt_has_no_point_estimate_or_finite_upper) ... ok
test_zero_or_unknown_denominator_never_manufactures_ratio (test_proposed_censored_cost.ProposedCostTests.test_zero_or_unknown_denominator_never_manufactures_ratio) ... ok
test_complete_signed_values_match_existing_interval (test_proposed_contrast_bounds.ProposedContrastBoundsTests.test_complete_signed_values_match_existing_interval) ... ok
test_every_extreme_completion_interval_is_contained (test_proposed_contrast_bounds.ProposedContrastBoundsTests.test_every_extreme_completion_interval_is_contained) ... ok
test_invalid_outcomes_and_unordered_bounds_refused (test_proposed_contrast_bounds.ProposedContrastBoundsTests.test_invalid_outcomes_and_unordered_bounds_refused) ... ok
test_small_sample_does_not_invent_finite_interval (test_proposed_contrast_bounds.ProposedContrastBoundsTests.test_small_sample_does_not_invent_finite_interval) ... ok
test_unbounded_unknowns_are_retained_and_can_prevent_classification (test_proposed_contrast_bounds.ProposedContrastBoundsTests.test_unbounded_unknowns_are_retained_and_can_prevent_classification) ... ok
test_unknown_first_submission_is_neither_acceptance_nor_rejection (test_proposed_contrast_bounds.ProposedContrastBoundsTests.test_unknown_first_submission_is_neither_acceptance_nor_rejection) ... ok
test_distinct_failures_and_exit_codes_remain_distinct (test_proposed_failure_fingerprint.FailureFingerprintTests.test_distinct_failures_and_exit_codes_remain_distinct) ... ok
test_source_variation_does_not_hide_identical_parser_failures (test_proposed_failure_fingerprint.FailureFingerprintTests.test_source_variation_does_not_hide_identical_parser_failures) ... ok
test_credential_fields_and_public_ids (test_publication_scan.PublicationScanTests.test_credential_fields_and_public_ids) ... ok
test_decoded_archives_and_lease_detection (test_publication_scan.PublicationScanTests.test_decoded_archives_and_lease_detection) ... ok
test_gitlink_blocked_in_index_and_head_but_deleted_history_retained (test_publication_scan.PublicationScanTests.test_gitlink_blocked_in_index_and_head_but_deleted_history_retained) ... ok
test_raw_git_loose_object_decoded_and_empty_corruption_retained (test_publication_scan.PublicationScanTests.test_raw_git_loose_object_decoded_and_empty_corruption_retained) ... ok
test_raw_git_pack_includes_deleted_secret (test_publication_scan.PublicationScanTests.test_raw_git_pack_includes_deleted_secret) ... ok
test_secret_in_deleted_file_remains_detectable_in_history_and_bundle (test_publication_scan.PublicationScanTests.test_secret_in_deleted_file_remains_detectable_in_history_and_bundle) ... ok
test_correction_keeps_preserved_working_tree (test_recovery_feedback.RecoveryFeedbackTests.test_correction_keeps_preserved_working_tree) ... ok
test_cross_builder_or_task_recovery_is_rejected (test_recovery_feedback.RecoveryFeedbackTests.test_cross_builder_or_task_recovery_is_rejected) ... ok
test_no_recovery_leaves_feedback_unchanged (test_recovery_feedback.RecoveryFeedbackTests.test_no_recovery_leaves_feedback_unchanged) ... ok
test_recorded_own_recovery_is_appended_without_rewriting_original_feedback (test_recovery_feedback.RecoveryFeedbackTests.test_recorded_own_recovery_is_appended_without_rewriting_original_feedback) ... ok
test_dispatched_call_cannot_disappear_in_terminal_run (test_request_coverage.RequestCoverageTests.test_dispatched_call_cannot_disappear_in_terminal_run) ... ok
test_identity_mismatch_and_duplicate_counters_block_coverage (test_request_coverage.RequestCoverageTests.test_identity_mismatch_and_duplicate_counters_block_coverage) ... ok
test_live_call_pending_is_unresolved_without_false_terminal_failure (test_request_coverage.RequestCoverageTests.test_live_call_pending_is_unresolved_without_false_terminal_failure) ... ok
test_changed_plan_refused (test_research_entry.ResearchEntryTests.test_changed_plan_refused) ... ok
test_pilot_manifest_cannot_start_research (test_research_entry.ResearchEntryTests.test_pilot_manifest_cannot_start_research) ... ok
test_pilot_seal_cannot_stop_discovery (test_research_entry.ResearchEntryTests.test_pilot_seal_cannot_stop_discovery) ... ok
test_action_revision_requires_own_freeze_and_exact_replay (test_research_preparation.ResearchPreparationTests.test_action_revision_requires_own_freeze_and_exact_replay) ... ok
test_draft_plan_refused_before_any_files_or_repositories_created (test_research_preparation.ResearchPreparationTests.test_draft_plan_refused_before_any_files_or_repositories_created) ... ok
test_gateway_lifecycle_revision_requires_own_freeze_and_exact_replay (test_research_preparation.ResearchPreparationTests.test_gateway_lifecycle_revision_requires_own_freeze_and_exact_replay) ... ok
test_new_revision_selects_bound_rules_while_default_and_replays_preserve_their_plan (test_research_preparation.ResearchPreparationTests.test_new_revision_selects_bound_rules_while_default_and_replays_preserve_their_plan) ... ok
test_observer_revision_preserves_bounds_and_refuses_cross_revision_replay (test_research_preparation.ResearchPreparationTests.test_observer_revision_preserves_bounds_and_refuses_cross_revision_replay) ... ok
test_positive_anchor_revision_preserves_bounds_and_refuses_cross_revision_replay (test_research_preparation.ResearchPreparationTests.test_positive_anchor_revision_preserves_bounds_and_refuses_cross_revision_replay) ... ok
test_prepared_manifest_is_assigned_once_before_dispatch_with_exact_plan_and_candidate (test_research_preparation.ResearchPreparationTests.test_prepared_manifest_is_assigned_once_before_dispatch_with_exact_plan_and_candidate) ... ok
test_search_action_revision_requires_own_freeze_and_exact_replay (test_research_preparation.ResearchPreparationTests.test_search_action_revision_requires_own_freeze_and_exact_replay) ... ok
test_drained_original_gap_is_bound_without_imputation (test_research_recovery.ResearchRecoveryTests.test_drained_original_gap_is_bound_without_imputation) ... ok
test_fully_counted_run_not_eligible_for_accounting_recovery (test_research_recovery.ResearchRecoveryTests.test_fully_counted_run_not_eligible_for_accounting_recovery) ... ok
test_live_attempt_refused (test_research_recovery.ResearchRecoveryTests.test_live_attempt_refused) ... ok
test_live_request_refused (test_research_recovery.ResearchRecoveryTests.test_live_request_refused) ... ok
test_original_response_must_remain_exact (test_research_recovery.ResearchRecoveryTests.test_original_response_must_remain_exact) ... ok
test_running_state_refused (test_research_recovery.ResearchRecoveryTests.test_running_state_refused) ... ok
test_action_revision_cannot_reuse_prior_plan_or_change_missing_cost_rules (test_retained_incidents.RetainedIncidentTests.test_action_revision_cannot_reuse_prior_plan_or_change_missing_cost_rules) ... ok
test_altered_raw_request_response_and_price_refused (test_retained_incidents.RetainedIncidentTests.test_altered_raw_request_response_and_price_refused) ... ERROR
test_known_receipt_recomputes_independently_and_cannot_be_imputed (test_retained_incidents.RetainedIncidentTests.test_known_receipt_recomputes_independently_and_cannot_be_imputed) ... ERROR
test_missing_finish_duplicate_dispatch_and_unsupported_zero_cost_refused (test_retained_incidents.RetainedIncidentTests.test_missing_finish_duplicate_dispatch_and_unsupported_zero_cost_refused) ... ERROR
test_observer_revision_requires_its_own_frozen_plan_without_changing_policy (test_retained_incidents.RetainedIncidentTests.test_observer_revision_requires_its_own_frozen_plan_without_changing_policy) ... ok
test_only_new_revision_can_select_the_bound_policy_and_plan_must_match (test_retained_incidents.RetainedIncidentTests.test_only_new_revision_can_select_the_bound_policy_and_plan_must_match) ... ok
test_partial_report_cannot_relax_packet_source_or_functional_problems (test_retained_incidents.RetainedIncidentTests.test_partial_report_cannot_relax_packet_source_or_functional_problems) ... ERROR
test_partial_report_labels_unknown_cost_and_first_assessment_without_erasing_strict_problem (test_retained_incidents.RetainedIncidentTests.test_partial_report_labels_unknown_cost_and_first_assessment_without_erasing_strict_problem) ... ERROR
test_partial_report_unrecorded_incident_missing_request_or_validation_misclassification_blocks (test_retained_incidents.RetainedIncidentTests.test_partial_report_unrecorded_incident_missing_request_or_validation_misclassification_blocks) ... ERROR
test_positive_anchor_revision_requires_its_own_frozen_plan_without_changing_policy (test_retained_incidents.RetainedIncidentTests.test_positive_anchor_revision_requires_its_own_frozen_plan_without_changing_policy) ... ok
test_real_gateway_503_is_terminal_counted_preserved_and_unknown (test_retained_incidents.RetainedIncidentTests.test_real_gateway_503_is_terminal_counted_preserved_and_unknown) ... ERROR
test_recovery_requires_archive_preserves_receipts_and_never_records_builder_rejection (test_retained_incidents.RetainedIncidentTests.test_recovery_requires_archive_preserves_receipts_and_never_records_builder_rejection) ... ERROR
test_early_next_requirement_and_incomplete_barrier_are_detected (test_scheduling_audit.SchedulingAuditTests.test_early_next_requirement_and_incomplete_barrier_are_detected) ... ok
test_live_parallel_overlap_does_not_claim_terminal_completion (test_scheduling_audit.SchedulingAuditTests.test_live_parallel_overlap_does_not_claim_terminal_completion) ... ok
test_same_builder_cannot_have_two_active_development_tasks (test_scheduling_audit.SchedulingAuditTests.test_same_builder_cannot_have_two_active_development_tasks) ... ok
test_detected_incident_recovers_without_new_promotion (test_stability.StabilityTests.test_detected_incident_recovers_without_new_promotion) ... ok
test_failed_recovery_retained_and_does_not_report_pass (test_stability.StabilityTests.test_failed_recovery_retained_and_does_not_report_pass) ... ok
test_full_window_and_last_sample_are_required (test_stability.StabilityTests.test_full_window_and_last_sample_are_required) ... ok
test_archive_mismatch_prevents_removal (test_storage.StorageTests.test_archive_mismatch_prevents_removal) ... ok
test_backup_and_history_verified_before_exact_removal (test_storage.StorageTests.test_backup_and_history_verified_before_exact_removal) ... ok
test_foreign_namespace_refused (test_storage.StorageTests.test_foreign_namespace_refused) ... ok
test_historical_runs_unchanged (test_storage.StorageTests.test_historical_runs_unchanged) ... ok
test_missing_data_prevents_removal (test_storage.StorageTests.test_missing_data_prevents_removal) ... /opt/homebrew/Cellar/python@3.14/3.14.8_1/Frameworks/Python.framework/Versions/3.14/lib/python3.14/tempfile.py:484: ResourceWarning: Implicitly cleaning up <HTTPError 503: 'unavailable'>
  _warnings.warn(self.warn_message, ResourceWarning)
/opt/homebrew/Cellar/python@3.14/3.14.8_1/Frameworks/Python.framework/Versions/3.14/lib/python3.14/unittest/mock.py:2259: ResourceWarning: unclosed database in <sqlite3.Connection object at 0x108601d50>
  def __init__(self, name, parent):
ResourceWarning: Enable tracemalloc to get the object allocation traceback
/opt/homebrew/Cellar/python@3.14/3.14.8_1/Frameworks/Python.framework/Versions/3.14/lib/python3.14/unittest/mock.py:2259: ResourceWarning: unclosed database in <sqlite3.Connection object at 0x108601f30>
  def __init__(self, name, parent):
ResourceWarning: Enable tracemalloc to get the object allocation traceback
ok
test_reserve_blocks_new_attempt (test_storage.StorageTests.test_reserve_blocks_new_attempt) ... ok
test_append_preserves_original_manifest_and_shared_cumulative_packet (test_task_stream.StreamSealTests.test_append_preserves_original_manifest_and_shared_cumulative_packet) ... ok
test_changed_packet_or_suite_rejected (test_task_stream.StreamSealTests.test_changed_packet_or_suite_rejected) ... ok
test_discovery_recovery_extends_exact_prefix_but_confirmation_cannot (test_task_stream.StreamSealTests.test_discovery_recovery_extends_exact_prefix_but_confirmation_cannot) ... ok
test_discovery_recovery_refuses_changed_or_omitted_inherited_tasks (test_task_stream.StreamSealTests.test_discovery_recovery_refuses_changed_or_omitted_inherited_tasks) ... ok
test_exact_replay_checks_every_packet_and_suite (test_task_stream.StreamSealTests.test_exact_replay_checks_every_packet_and_suite) ... ok
test_numeric_task_order_survives_three_digit_boundary (test_task_stream.StreamSealTests.test_numeric_task_order_survives_three_digit_boundary) ... ok
test_pilot_seal_cannot_claim_research_stopping (test_task_stream.StreamSealTests.test_pilot_seal_cannot_claim_research_stopping) ... ok
test_seal_cannot_truncate_or_extend_declared_pilot (test_task_stream.StreamSealTests.test_seal_cannot_truncate_or_extend_declared_pilot) ... ok
test_unapproved_stream_and_missing_phases_rejected (test_task_stream.StreamSealTests.test_unapproved_stream_and_missing_phases_rejected) ... ok
test_append_preserves_original_manifest_and_shared_cumulative_packet (test_task_stream.TaskStreamTests.test_append_preserves_original_manifest_and_shared_cumulative_packet) ... ok
test_changed_packet_or_suite_rejected (test_task_stream.TaskStreamTests.test_changed_packet_or_suite_rejected) ... ok
test_discovery_recovery_extends_exact_prefix_but_confirmation_cannot (test_task_stream.TaskStreamTests.test_discovery_recovery_extends_exact_prefix_but_confirmation_cannot) ... ok
test_discovery_recovery_refuses_changed_or_omitted_inherited_tasks (test_task_stream.TaskStreamTests.test_discovery_recovery_refuses_changed_or_omitted_inherited_tasks) ... ok
test_exact_replay_checks_every_packet_and_suite (test_task_stream.TaskStreamTests.test_exact_replay_checks_every_packet_and_suite) ... ok
test_unapproved_stream_and_missing_phases_rejected (test_task_stream.TaskStreamTests.test_unapproved_stream_and_missing_phases_rejected) ... ok
test_deployment_ids_are_bounded_and_do_not_alias_task1001 (test_validation_cleanup.CleanupTests.test_deployment_ids_are_bounded_and_do_not_alias_task1001) ... ok
test_failed_initialization_does_not_clean_uncreated_sandbox (test_validation_cleanup.CleanupTests.test_failed_initialization_does_not_clean_uncreated_sandbox) ... ok
test_invalid_database_is_preserved_and_vm_stopped (test_validation_cleanup.CleanupTests.test_invalid_database_is_preserved_and_vm_stopped) ... ok
test_partial_launch_cleanup_does_not_hide_original_failure (test_validation_cleanup.CleanupTests.test_partial_launch_cleanup_does_not_hide_original_failure) ... ok
test_vm_stops_even_when_process_cleanup_fails (test_validation_cleanup.CleanupTests.test_vm_stops_even_when_process_cleanup_fails) ... ok
test_extended_workload_declares_all_phase_counts (test_workload.WorkloadTests.test_extended_workload_declares_all_phase_counts) ... ok
test_old_three_stage_definitions_keep_original_counts (test_workload.WorkloadTests.test_old_three_stage_definitions_keep_original_counts) ... ok
test_undeclared_extension_and_skipped_phases_rejected (test_workload.WorkloadTests.test_undeclared_extension_and_skipped_phases_rejected) ... ok

======================================================================
ERROR: test_altered_raw_request_response_and_price_refused (test_retained_incidents.RetainedIncidentTests.test_altered_raw_request_response_and_price_refused)
----------------------------------------------------------------------
Traceback (most recent call last):
  File "/Users/Shared/projects/competition/tests/test_retained_incidents.py", line 69, in test_altered_raw_request_response_and_price_refused
    fixture = self.fixture(Path(tmp)); run, records, events, identity, prices = fixture
  File "/Users/Shared/projects/competition/tests/test_retained_incidents.py", line 41, in fixture
    gateway.relay(Handler(), lease, json.loads(body), body)
    ~~~~~~~~~~~~~^^^^^^^^^^^^^^^^^^^^^^^^^^^^^^^^^^^^^^^^^^
  File "/Users/Shared/projects/competition/orchestrator/gateway.py", line 175, in relay
    partial = partial_file.open("wb") if self.retain_pending else None
                                         ^^^^^^^^^^^^^^^^^^^
AttributeError: 'InferenceGateway' object has no attribute 'retain_pending'

======================================================================
ERROR: test_known_receipt_recomputes_independently_and_cannot_be_imputed (test_retained_incidents.RetainedIncidentTests.test_known_receipt_recomputes_independently_and_cannot_be_imputed)
----------------------------------------------------------------------
Traceback (most recent call last):
  File "/Users/Shared/projects/competition/tests/test_retained_incidents.py", line 81, in test_known_receipt_recomputes_independently_and_cannot_be_imputed
    run, records, events, identity, prices = self.fixture(Path(tmp))
                                             ~~~~~~~~~~~~^^^^^^^^^^^
  File "/Users/Shared/projects/competition/tests/test_retained_incidents.py", line 41, in fixture
    gateway.relay(Handler(), lease, json.loads(body), body)
    ~~~~~~~~~~~~~^^^^^^^^^^^^^^^^^^^^^^^^^^^^^^^^^^^^^^^^^^
  File "/Users/Shared/projects/competition/orchestrator/gateway.py", line 175, in relay
    partial = partial_file.open("wb") if self.retain_pending else None
                                         ^^^^^^^^^^^^^^^^^^^
AttributeError: 'InferenceGateway' object has no attribute 'retain_pending'

======================================================================
ERROR: test_missing_finish_duplicate_dispatch_and_unsupported_zero_cost_refused (test_retained_incidents.RetainedIncidentTests.test_missing_finish_duplicate_dispatch_and_unsupported_zero_cost_refused)
----------------------------------------------------------------------
Traceback (most recent call last):
  File "/Users/Shared/projects/competition/tests/test_retained_incidents.py", line 61, in test_missing_finish_duplicate_dispatch_and_unsupported_zero_cost_refused
    run, records, events, identity, prices = self.fixture(Path(tmp))
                                             ~~~~~~~~~~~~^^^^^^^^^^^
  File "/Users/Shared/projects/competition/tests/test_retained_incidents.py", line 41, in fixture
    gateway.relay(Handler(), lease, json.loads(body), body)
    ~~~~~~~~~~~~~^^^^^^^^^^^^^^^^^^^^^^^^^^^^^^^^^^^^^^^^^^
  File "/Users/Shared/projects/competition/orchestrator/gateway.py", line 175, in relay
    partial = partial_file.open("wb") if self.retain_pending else None
                                         ^^^^^^^^^^^^^^^^^^^
AttributeError: 'InferenceGateway' object has no attribute 'retain_pending'

======================================================================
ERROR: test_partial_report_cannot_relax_packet_source_or_functional_problems (test_retained_incidents.RetainedIncidentTests.test_partial_report_cannot_relax_packet_source_or_functional_problems)
----------------------------------------------------------------------
Traceback (most recent call last):
  File "/Users/Shared/projects/competition/tests/test_retained_incidents.py", line 183, in test_partial_report_cannot_relax_packet_source_or_functional_problems
    augment, args = self.partial_fixture(Path(tmp)); args[6].append(problem)
                    ~~~~~~~~~~~~~~~~~~~~^^^^^^^^^^^
  File "/Users/Shared/projects/competition/tests/test_retained_incidents.py", line 149, in partial_fixture
    run, records, events, identity, prices = self.fixture(root)
                                             ~~~~~~~~~~~~^^^^^^
  File "/Users/Shared/projects/competition/tests/test_retained_incidents.py", line 41, in fixture
    gateway.relay(Handler(), lease, json.loads(body), body)
    ~~~~~~~~~~~~~^^^^^^^^^^^^^^^^^^^^^^^^^^^^^^^^^^^^^^^^^^
  File "/Users/Shared/projects/competition/orchestrator/gateway.py", line 175, in relay
    partial = partial_file.open("wb") if self.retain_pending else None
                                         ^^^^^^^^^^^^^^^^^^^
AttributeError: 'InferenceGateway' object has no attribute 'retain_pending'

======================================================================
ERROR: test_partial_report_labels_unknown_cost_and_first_assessment_without_erasing_strict_problem (test_retained_incidents.RetainedIncidentTests.test_partial_report_labels_unknown_cost_and_first_assessment_without_erasing_strict_problem)
----------------------------------------------------------------------
Traceback (most recent call last):
  File "/Users/Shared/projects/competition/tests/test_retained_incidents.py", line 169, in test_partial_report_labels_unknown_cost_and_first_assessment_without_erasing_strict_problem
    augment, args = self.partial_fixture(Path(tmp)); result = augment(*args)
                    ~~~~~~~~~~~~~~~~~~~~^^^^^^^^^^^
  File "/Users/Shared/projects/competition/tests/test_retained_incidents.py", line 149, in partial_fixture
    run, records, events, identity, prices = self.fixture(root)
                                             ~~~~~~~~~~~~^^^^^^
  File "/Users/Shared/projects/competition/tests/test_retained_incidents.py", line 41, in fixture
    gateway.relay(Handler(), lease, json.loads(body), body)
    ~~~~~~~~~~~~~^^^^^^^^^^^^^^^^^^^^^^^^^^^^^^^^^^^^^^^^^^
  File "/Users/Shared/projects/competition/orchestrator/gateway.py", line 175, in relay
    partial = partial_file.open("wb") if self.retain_pending else None
                                         ^^^^^^^^^^^^^^^^^^^
AttributeError: 'InferenceGateway' object has no attribute 'retain_pending'

======================================================================
ERROR: test_partial_report_unrecorded_incident_missing_request_or_validation_misclassification_blocks (test_retained_incidents.RetainedIncidentTests.test_partial_report_unrecorded_incident_missing_request_or_validation_misclassification_blocks)
----------------------------------------------------------------------
Traceback (most recent call last):
  File "/Users/Shared/projects/competition/tests/test_retained_incidents.py", line 191, in test_partial_report_unrecorded_incident_missing_request_or_validation_misclassification_blocks
    augment, args = self.partial_fixture(Path(tmp))
                    ~~~~~~~~~~~~~~~~~~~~^^^^^^^^^^^
  File "/Users/Shared/projects/competition/tests/test_retained_incidents.py", line 149, in partial_fixture
    run, records, events, identity, prices = self.fixture(root)
                                             ~~~~~~~~~~~~^^^^^^
  File "/Users/Shared/projects/competition/tests/test_retained_incidents.py", line 41, in fixture
    gateway.relay(Handler(), lease, json.loads(body), body)
    ~~~~~~~~~~~~~^^^^^^^^^^^^^^^^^^^^^^^^^^^^^^^^^^^^^^^^^^
  File "/Users/Shared/projects/competition/orchestrator/gateway.py", line 175, in relay
    partial = partial_file.open("wb") if self.retain_pending else None
                                         ^^^^^^^^^^^^^^^^^^^
AttributeError: 'InferenceGateway' object has no attribute 'retain_pending'

======================================================================
ERROR: test_real_gateway_503_is_terminal_counted_preserved_and_unknown (test_retained_incidents.RetainedIncidentTests.test_real_gateway_503_is_terminal_counted_preserved_and_unknown)
----------------------------------------------------------------------
Traceback (most recent call last):
  File "/Users/Shared/projects/competition/tests/test_retained_incidents.py", line 50, in test_real_gateway_503_is_terminal_counted_preserved_and_unknown
    fixture = self.fixture(Path(tmp)); evidence = self.evidence(fixture)
  File "/Users/Shared/projects/competition/tests/test_retained_incidents.py", line 41, in fixture
    gateway.relay(Handler(), lease, json.loads(body), body)
    ~~~~~~~~~~~~~^^^^^^^^^^^^^^^^^^^^^^^^^^^^^^^^^^^^^^^^^^
  File "/Users/Shared/projects/competition/orchestrator/gateway.py", line 175, in relay
    partial = partial_file.open("wb") if self.retain_pending else None
                                         ^^^^^^^^^^^^^^^^^^^
AttributeError: 'InferenceGateway' object has no attribute 'retain_pending'

======================================================================
ERROR: test_recovery_requires_archive_preserves_receipts_and_never_records_builder_rejection (test_retained_incidents.RetainedIncidentTests.test_recovery_requires_archive_preserves_receipts_and_never_records_builder_rejection)
----------------------------------------------------------------------
Traceback (most recent call last):
  File "/Users/Shared/projects/competition/tests/test_retained_incidents.py", line 199, in test_recovery_requires_archive_preserves_receipts_and_never_records_builder_rejection
    run, records, events, identity, prices = self.fixture(Path(tmp))
                                             ~~~~~~~~~~~~^^^^^^^^^^^
  File "/Users/Shared/projects/competition/tests/test_retained_incidents.py", line 41, in fixture
    gateway.relay(Handler(), lease, json.loads(body), body)
    ~~~~~~~~~~~~~^^^^^^^^^^^^^^^^^^^^^^^^^^^^^^^^^^^^^^^^^^
  File "/Users/Shared/projects/competition/orchestrator/gateway.py", line 175, in relay
    partial = partial_file.open("wb") if self.retain_pending else None
                                         ^^^^^^^^^^^^^^^^^^^
AttributeError: 'InferenceGateway' object has no attribute 'retain_pending'

----------------------------------------------------------------------
Ran 174 tests in 44.676s

FAILED (errors=8)
