test_disconnected_client_retains_partial_stream_and_drains_terminal_usage (tests.test_gateway.GatewayTests.test_disconnected_client_retains_partial_stream_and_drains_terminal_usage) ... ok
test_failed_tool_parse_retains_native_consumption (tests.test_gateway.GatewayTests.test_failed_tool_parse_retains_native_consumption) ... /opt/homebrew/Cellar/python@3.14/3.14.8_1/Frameworks/Python.framework/Versions/3.14/lib/python3.14/tempfile.py:484: ResourceWarning: Implicitly cleaning up <HTTPError 500: 'invalid tool arguments'>
  _warnings.warn(self.warn_message, ResourceWarning)
/opt/homebrew/Cellar/python@3.14/3.14.8_1/Frameworks/Python.framework/Versions/3.14/lib/python3.14/tempfile.py:484: ResourceWarning: Implicitly cleaning up <HTTPError 500: 'Internal Server Error'>
  _warnings.warn(self.warn_message, ResourceWarning)
ok
test_gateway_does_not_expose_arbitrary_host_urls (tests.test_gateway.GatewayTests.test_gateway_does_not_expose_arbitrary_host_urls) ... /opt/homebrew/Cellar/python@3.14/3.14.8_1/Frameworks/Python.framework/Versions/3.14/lib/python3.14/tempfile.py:484: ResourceWarning: Implicitly cleaning up <HTTPError 405: 'Only metered inference POST requests are supported.'>
  _warnings.warn(self.warn_message, ResourceWarning)
ok
test_hosted_run_disables_local_inference_leases (tests.test_gateway.GatewayTests.test_hosted_run_disables_local_inference_leases) ... ok
test_incorrect_and_revoked_leases_cannot_infer (tests.test_gateway.GatewayTests.test_incorrect_and_revoked_leases_cannot_infer) ... /opt/homebrew/Cellar/python@3.14/3.14.8_1/Frameworks/Python.framework/Versions/3.14/lib/python3.14/tempfile.py:484: ResourceWarning: Implicitly cleaning up <HTTPError 403: 'Inactive or incorrect inference lease.'>
  _warnings.warn(self.warn_message, ResourceWarning)
ok
test_legacy_lifecycle_keeps_frozen_drain_behavior (tests.test_gateway.GatewayTests.test_legacy_lifecycle_keeps_frozen_drain_behavior) ... ok
test_native_counter_disagreement_is_missing_evidence (tests.test_gateway.GatewayTests.test_native_counter_disagreement_is_missing_evidence) ... ok
test_native_sse_usage_is_logged_even_with_plain_content_type (tests.test_gateway.GatewayTests.test_native_sse_usage_is_logged_even_with_plain_content_type) ... ok
test_other_models_are_not_available_through_the_gateway (tests.test_gateway.GatewayTests.test_other_models_are_not_available_through_the_gateway) ... /opt/homebrew/Cellar/python@3.14/3.14.8_1/Frameworks/Python.framework/Versions/3.14/lib/python3.14/tempfile.py:484: ResourceWarning: Implicitly cleaning up <HTTPError 403: 'Model differs from frozen builder configuration.'>
  _warnings.warn(self.warn_message, ResourceWarning)
ok
test_action_revision_requires_own_freeze_and_exact_replay (tests.test_research_preparation.ResearchPreparationTests.test_action_revision_requires_own_freeze_and_exact_replay) ... ok
test_draft_plan_refused_before_any_files_or_repositories_created (tests.test_research_preparation.ResearchPreparationTests.test_draft_plan_refused_before_any_files_or_repositories_created) ... ok
test_gateway_lifecycle_revision_requires_own_freeze_and_exact_replay (tests.test_research_preparation.ResearchPreparationTests.test_gateway_lifecycle_revision_requires_own_freeze_and_exact_replay) ... ok
test_new_revision_selects_bound_rules_while_default_and_replays_preserve_their_plan (tests.test_research_preparation.ResearchPreparationTests.test_new_revision_selects_bound_rules_while_default_and_replays_preserve_their_plan) ... ok
test_observer_revision_preserves_bounds_and_refuses_cross_revision_replay (tests.test_research_preparation.ResearchPreparationTests.test_observer_revision_preserves_bounds_and_refuses_cross_revision_replay) ... ok
test_positive_anchor_revision_preserves_bounds_and_refuses_cross_revision_replay (tests.test_research_preparation.ResearchPreparationTests.test_positive_anchor_revision_preserves_bounds_and_refuses_cross_revision_replay) ... ok
test_prepared_manifest_is_assigned_once_before_dispatch_with_exact_plan_and_candidate (tests.test_research_preparation.ResearchPreparationTests.test_prepared_manifest_is_assigned_once_before_dispatch_with_exact_plan_and_candidate) ... ok
test_search_action_revision_requires_own_freeze_and_exact_replay (tests.test_research_preparation.ResearchPreparationTests.test_search_action_revision_requires_own_freeze_and_exact_replay) ... ok

----------------------------------------------------------------------
Ran 17 tests in 4.605s

OK
