
Running 4 tests using 1 worker



[1/4] runs/instruction-effects/pilot-013/definitions/project/acceptance/workboard.spec.mjs:8:1 › 001 health and project creation persist on reload
  1) runs/instruction-effects/pilot-013/definitions/project/acceptance/workboard.spec.mjs:8:1 › 001 health and project creation persist on reload 

    Test timeout of 20000ms exceeded.

    Error: locator.click: Test timeout of 20000ms exceeded.
    Call log:
      - waiting for getByRole('button', { name: 'Projects', exact: true })


      19 |   await assertDisclosedControls(page, stage);
      20 |   expect(new URL(page.url()).pathname).toMatch(/^\/projects\/[^/]+$/);
    > 21 |   await page.getByRole('button', { name: 'Projects', exact: true }).click();
         |                                                                     ^
      22 |   await expect(projectRow(page, 'Alpha create')).toBeVisible();
      23 | });
      24 |
        at /Users/Shared/projects/competition/runs/instruction-effects/pilot-013/definitions/project/acceptance/workboard.spec.mjs:21:69

    attachment #1: screenshot (image/png) ──────────────────────────────────────────────────────────
    runs/instruction-effects/pilot-013/tasks/task-001/attempts/b002/attempt-001/acceptance/artifacts/workboard-001-health-and-project-creation-persist-on-reload/test-failed-1.png
    ────────────────────────────────────────────────────────────────────────────────────────────────

    Error Context: runs/instruction-effects/pilot-013/tasks/task-001/attempts/b002/attempt-001/acceptance/artifacts/workboard-001-health-and-project-creation-persist-on-reload/error-context.md

    attachment #3: trace (application/zip) ─────────────────────────────────────────────────────────
    runs/instruction-effects/pilot-013/tasks/task-001/attempts/b002/attempt-001/acceptance/artifacts/workboard-001-health-and-project-creation-persist-on-reload/trace.zip
    Usage:

        npx playwright show-trace runs/instruction-effects/pilot-013/tasks/task-001/attempts/b002/attempt-001/acceptance/artifacts/workboard-001-health-and-project-creation-persist-on-reload/trace.zip

    ────────────────────────────────────────────────────────────────────────────────────────────────




[2/4] runs/instruction-effects/pilot-013/definitions/project/acceptance/workboard.spec.mjs:25:1 › 002 blank project input is rejected
[3/4] runs/instruction-effects/pilot-013/definitions/project/acceptance/workboard.spec.mjs:38:1 › 003 project creation order
[4/4] runs/instruction-effects/pilot-013/definitions/project/acceptance/workboard.spec.mjs:151:1 › 011 seed process-restart persistence checks
  1 failed
    runs/instruction-effects/pilot-013/definitions/project/acceptance/workboard.spec.mjs:8:1 › 001 health and project creation persist on reload 
  3 passed (22.2s)
