
Running 10 tests using 1 worker



[1/10] experiments/instruction-effects/revisions/research-v005/decisions/task-021-draft/suite/bulk-directory.spec.mjs:13:2 › 067 bulk completion intersects every directory filter and preserves fields order and reserved positions
[2/10] experiments/instruction-effects/revisions/research-v005/decisions/task-021-draft/suite/bulk-directory.spec.mjs:24:2 › 068 archived deleted and empty directory scopes disable both bulk actions without changing protected records
[3/10] experiments/instruction-effects/revisions/research-v005/decisions/task-021-draft/suite/bulk-directory.spec.mjs:29:2 › 069 bulk changes retain two project restart sentinels with literal original metadata
[4/10] experiments/instruction-effects/revisions/research-v005/decisions/task-021-draft/suite/directory-order.spec.mjs:10:2 › 070 directory ordering is global stable and preserves literal titles and stored project order
[5/10] experiments/instruction-effects/revisions/research-v005/decisions/task-021-draft/suite/directory-order.spec.mjs:20:2 › 071 directory filters ranges search and bulk updates retain selected order without changing metadata
  1) experiments/instruction-effects/revisions/research-v005/decisions/task-021-draft/suite/directory-order.spec.mjs:20:2 › 071 directory filters ranges search and bulk updates retain selected order without changing metadata 

    Error: expect(locator).toHaveText(expected) failed

    Locator:  getByRole('combobox', { name: 'Directory order', exact: true }).locator('option:checked')
    Expected: "Title"
    Received: "Due date"
    Timeout:  5000ms

    Call log:
      - Expect "toHaveText" getByRole('combobox', { name: 'Directory order', exact: true }).locator('option:checked') with timeout 5000ms
      - waiting for getByRole('combobox', { name: 'Directory order', exact: true }).locator('option:checked')
        14 × locator resolved to <option selected>Due date</option>
           - unexpected value "Due date"


      21 |   const owner='Ordering actions owner',prefix=projectName('Order action'),later=prefix+' zulu',early=prefix+' alpha',undated=prefix+' middle',low=prefix+' low',done=prefix+' done';await createProject(page,owner);await openProject(page,owner);await configured(page,owner,later,'High','2054-02-01');await configured(page,owner,early,'High','2054-01-01');await configured(page,owner,undated,'High');await configured(page,owner,low,'Low','2054-01-01');await configured(page,owner,done,'High','2054-01-01');await page.getByRole('checkbox',{name:'Complete '+done,exact:true}).check();await expectPersistedCompletion(page,owner,done,true);
      22 |   await directory(page,prefix);await expect(title(page)).toHaveText([later,early,undated,low,done]);await order(page).selectOption({label:'Due date'});await expect(title(page)).toHaveText([early,low,done,later,undated]);await page.getByRole('combobox',{name:'Priority filter',exact:true}).selectOption({label:'High'});await expect(title(page)).toHaveText([early,done,later,undated]);await expect(order(page).locator('option:checked')).toHaveText('Due date');await page.getByRole('textbox',{name:'Due from',exact:true}).fill('2054-01-01');await page.getByRole('textbox',{name:'Due through',exact:true}).fill('2054-02-01');await page.getByRole('button',{name:'Apply due range',exact:true}).click();await expect(title(page)).toHaveText([early,done,later]);await page.getByRole('combobox',{name:'Task filter',exact:true}).selectOption({label:'Open'});await expect(title(page)).toHaveText([early,later]);await expect(order(page).locator('option:checked')).toHaveText('Due date');await order(page).selectOption({label:'Title'});await expect(title(page)).toHaveText([early,later]);await expect(page.getByRole('textbox',{name:'Directory search',exact:true})).toHaveValue(prefix);await expect(page.getByRole('combobox',{name:'Priority filter',exact:true}).locator('option:checked')).toHaveText('High');await expect(page.getByRole('textbox',{name:'Due from',exact:true})).toHaveValue('2054-01-01');await expect(page.getByRole('textbox',{name:'Due through',exact:true})).toHaveValue('2054-02-01');
    > 23 |   await page.getByRole('button',{name:'Complete visible tasks',exact:true}).click();for(const t of [early,later])await expectPersistedCompletion(page,owner,t,true);await expect(page.getByText('No matching tasks',{exact:true})).toBeVisible();await expect(order(page).locator('option:checked')).toHaveText('Title');await page.getByRole('combobox',{name:'Task filter',exact:true}).selectOption({label:'Completed'});await expect(title(page)).toHaveText([early,done,later]);await expect(order(page).locator('option:checked')).toHaveText('Title');await page.getByRole('textbox',{name:'Directory search',exact:true}).fill(prefix+' ALPHA');await page.getByRole('button',{name:'Search directory',exact:true}).click();await expect(title(page)).toHaveText([early]);await expect(order(page).locator('option:checked')).toHaveText('Title');await expect(rows(page).getByTestId('directory-task-priority')).toHaveText('High');await expect(rows(page).getByTestId('directory-task-due-date')).toHaveText('2054-01-01');await expect(rows(page).getByTestId('directory-task-completion')).toHaveText('Completed');
         |                                                                                                                                                                                                                                                                                                      ^
      24 |  });
      25 |  test('072 directory ordering includes deleted archived records and significant internal whitespace',async({page})=>{
      26 |   const owner='Ordering archived first',other='Ordering archived second',third='Ordering archived third',prefix=projectName('Order protected'),single=prefix+' gap task',double=prefix+' gap  task',live=prefix+' archived live guard',active=prefix+' active guard',alpha=prefix+' aardvark';
        at /Users/Shared/projects/competition/experiments/instruction-effects/revisions/research-v005/decisions/task-021-draft/suite/directory-order.spec.mjs:23:294

    attachment #1: screenshot (image/png) ──────────────────────────────────────────────────────────
    experiments/instruction-effects/revisions/research-v005/preflight/priority-fixtures/order-final-directory-check-1791646721678/positive-async/artifacts/directory-order-071-direct-02731-r-without-changing-metadata/test-failed-1.png
    ────────────────────────────────────────────────────────────────────────────────────────────────

    Error Context: experiments/instruction-effects/revisions/research-v005/preflight/priority-fixtures/order-final-directory-check-1791646721678/positive-async/artifacts/directory-order-071-direct-02731-r-without-changing-metadata/error-context.md

    attachment #3: trace (application/zip) ─────────────────────────────────────────────────────────
    experiments/instruction-effects/revisions/research-v005/preflight/priority-fixtures/order-final-directory-check-1791646721678/positive-async/artifacts/directory-order-071-direct-02731-r-without-changing-metadata/trace.zip
    Usage:

        npx playwright show-trace experiments/instruction-effects/revisions/research-v005/preflight/priority-fixtures/order-final-directory-check-1791646721678/positive-async/artifacts/directory-order-071-direct-02731-r-without-changing-metadata/trace.zip

    ────────────────────────────────────────────────────────────────────────────────────────────────




[6/10] experiments/instruction-effects/revisions/research-v005/decisions/task-021-draft/suite/directory-order.spec.mjs:25:2 › 072 directory ordering includes deleted archived records and significant internal whitespace
[7/10] experiments/instruction-effects/revisions/research-v005/decisions/task-021-draft/suite/directory-order.spec.mjs:32:2 › 073 directory title ordering folds only ASCII and compares Unicode code points without changing exports
  2) experiments/instruction-effects/revisions/research-v005/decisions/task-021-draft/suite/directory-order.spec.mjs:32:2 › 073 directory title ordering folds only ASCII and compares Unicode code points without changing exports 

    Test timeout of 20000ms exceeded.

    Error: page.waitForEvent: Test timeout of 20000ms exceeded.
    =========================== logs ===========================
    waiting for event "download"
    ============================================================

      31 |  });
      32 |  test('073 directory title ordering folds only ASCII and compares Unicode code points without changing exports',async({page})=>{
    > 33 |   const owner='Ordering Unicode owner',prefix=projectName('Order Unicode'),lower=prefix+' å',upper=prefix+' Å',astral=prefix+' 🙂',bmp=prefix+' \uE000';await createProject(page,owner);await openProject(page,owner);for(const t of [lower,upper,astral,bmp])await createTask(page,t);await directory(page,prefix);await expect(title(page)).toHaveText([lower,upper,astral,bmp]);await order(page).selectOption({label:'Title'});await expect.poll(async()=>{try{return await title(page).allTextContents();}catch(error){if(error.message.includes('Execution context was destroyed'))return null;throw error;}}).toEqual([upper,lower,bmp,astral]);await rows(page).first().getByRole('button',{name:'Open project',exact:true}).click();const download=page.waitForEvent('download');await page.getByRole('button',{name:'Export project',exact:true}).click();const result=await download,stream=await result.createReadStream();const chunks=[];for await(const chunk of stream)chunks.push(chunk);const snapshot=JSON.parse(Buffer.concat(chunks).toString('utf8'));expect(snapshot.project.tasks.map(t=>t.title)).toEqual([lower,upper,astral,bmp]);
         |                                                                                                                                                                                                                                                                                                                                                                                                                                                                                                                                                                                                                                                                                                                                                                  ^
      34 |  });
      35 | }
      36 |
        at /Users/Shared/projects/competition/experiments/instruction-effects/revisions/research-v005/decisions/task-021-draft/suite/directory-order.spec.mjs:33:738

    Error: locator.click: Test timeout of 20000ms exceeded.
    Call log:
      - waiting for getByRole('button', { name: 'Export project', exact: true })


      31 |  });
      32 |  test('073 directory title ordering folds only ASCII and compares Unicode code points without changing exports',async({page})=>{
    > 33 |   const owner='Ordering Unicode owner',prefix=projectName('Order Unicode'),lower=prefix+' å',upper=prefix+' Å',astral=prefix+' 🙂',bmp=prefix+' \uE000';await createProject(page,owner);await openProject(page,owner);for(const t of [lower,upper,astral,bmp])await createTask(page,t);await directory(page,prefix);await expect(title(page)).toHaveText([lower,upper,astral,bmp]);await order(page).selectOption({label:'Title'});await expect.poll(async()=>{try{return await title(page).allTextContents();}catch(error){if(error.message.includes('Execution context was destroyed'))return null;throw error;}}).toEqual([upper,lower,bmp,astral]);await rows(page).first().getByRole('button',{name:'Open project',exact:true}).click();const download=page.waitForEvent('download');await page.getByRole('button',{name:'Export project',exact:true}).click();const result=await download,stream=await result.createReadStream();const chunks=[];for await(const chunk of stream)chunks.push(chunk);const snapshot=JSON.parse(Buffer.concat(chunks).toString('utf8'));expect(snapshot.project.tasks.map(t=>t.title)).toEqual([lower,upper,astral,bmp]);
         |                                                                                                                                                                                                                                                                                                                                                                                                                                                                                                                                                                                                                                                                                                                                                                                                                                                             ^
      34 |  });
      35 | }
      36 |
        at /Users/Shared/projects/competition/experiments/instruction-effects/revisions/research-v005/decisions/task-021-draft/suite/directory-order.spec.mjs:33:829

    attachment #1: screenshot (image/png) ──────────────────────────────────────────────────────────
    experiments/instruction-effects/revisions/research-v005/preflight/priority-fixtures/order-final-directory-check-1791646721678/positive-async/artifacts/directory-order-073-direct-7acad-ts-without-changing-exports/test-failed-1.png
    ────────────────────────────────────────────────────────────────────────────────────────────────

    Error Context: experiments/instruction-effects/revisions/research-v005/preflight/priority-fixtures/order-final-directory-check-1791646721678/positive-async/artifacts/directory-order-073-direct-7acad-ts-without-changing-exports/error-context.md

    attachment #3: trace (application/zip) ─────────────────────────────────────────────────────────
    experiments/instruction-effects/revisions/research-v005/preflight/priority-fixtures/order-final-directory-check-1791646721678/positive-async/artifacts/directory-order-073-direct-7acad-ts-without-changing-exports/trace.zip
    Usage:

        npx playwright show-trace experiments/instruction-effects/revisions/research-v005/preflight/priority-fixtures/order-final-directory-check-1791646721678/positive-async/artifacts/directory-order-073-direct-7acad-ts-without-changing-exports/trace.zip

    ────────────────────────────────────────────────────────────────────────────────────────────────




[8/10] experiments/instruction-effects/revisions/research-v005/decisions/task-021-draft/suite/directory.spec.mjs:12:2 › 064 directory preserves owner and stored order with live deleted archived and literal field semantics
[9/10] experiments/instruction-effects/revisions/research-v005/decisions/task-021-draft/suite/directory.spec.mjs:17:2 › 065 directory intersects and retains filters validates ranges and resets on a new opening
[10/10] experiments/instruction-effects/revisions/research-v005/decisions/task-021-draft/suite/directory.spec.mjs:20:2 › 066 directory includes original imported records and uses current whitespace matching without mutating project state
  2 failed
    experiments/instruction-effects/revisions/research-v005/decisions/task-021-draft/suite/directory-order.spec.mjs:20:2 › 071 directory filters ranges search and bulk updates retain selected order without changing metadata 
    experiments/instruction-effects/revisions/research-v005/decisions/task-021-draft/suite/directory-order.spec.mjs:32:2 › 073 directory title ordering folds only ASCII and compares Unicode code points without changing exports 
  8 passed (2.3m)
