2026-10-09T07:07:16.078934Z ERROR codex_core::tools::router: error=`justification` requires an explicit `sandbox_permissions`; use `sandbox_permissions: "require_escalated"` for unsandboxed execution, or omit `justification`.
2026-10-09T07:08:01.129001Z ERROR codex_core::tools::router: error=apply_patch verification failed: Failed to find expected lines in /home/agent/work/server.js:
async function initDb() {
  const db = await open({ filename: DB_PATH });
  await db.exec(`
    CREATE TABLE IF NOT EXISTS projects (
      id INTEGER PRIMARY KEY AUTOINCREMENT,
      name TEXT NOT NULL
    );
  `);
  return db;
}
2026-10-09T07:08:27.686510Z ERROR codex_core::tools::router: error=apply_patch verification failed: Failed to find expected lines in /home/agent/work/server.js:
  if (url.pathname.startsWith('/api/projects/') && req.method === 'GET') {
    const id = Number(url.pathname.split('/')[3]);
    const row = await db.get('SELECT id, name FROM projects WHERE id = ?', id);
    if (!row) {
      json(res, { error: 'Not found' }, 404);
      return;
    }
    json(res, row);
    return;
  }
2026-10-09T07:09:00.072201Z ERROR codex_core::tools::router: error=apply_patch verification failed: Failed to find expected lines in /home/agent/work/server.js:
import { Database } from 'node:sqlite';
