
Running 1 test using 1 worker



[1/1] experiments/instruction-effects/revisions/research-v003/preflight/observer-correction/suite/move-task.spec.mjs:14:2 › 039 moving a task preserves data and destination order without inheriting defaults
  1) experiments/instruction-effects/revisions/research-v003/preflight/observer-correction/suite/move-task.spec.mjs:14:2 › 039 moving a task preserves data and destination order without inheriting defaults 

    Error: Timeout 5000ms exceeded while waiting on the predicate

      4 | const move=(page,title)=>taskRow(page,title).getByRole('button',{name:'Move task',exact:true});
      5 | async function persistedLocation(page,source,target,title,sourceSummary){
    > 6 |  const observer=await page.context().newPage();try{await expect.poll(async()=>{await observer.goto('/');await openProject(observer,target);await expect(taskRow(observer,title)).toBeVisible();const count=await taskRow(observer,title).count();await observer.goto('/');if(sourceSummary)await expect(projectRow(observer,source).getByTestId('project-summary')).toHaveText(sourceSummary);await openProject(observer,source);return [count,await taskRow(observer,title).count()];},{timeout:5000}).toEqual([1,0]);}finally{await observer.close();}
        |                                                                                                                                                                                                                                                                                                                                                                                                                                                                                                         ^
      7 | }
      8 | async function setDate(page,project,title,value){
      9 |  await taskRow(page,title).getByRole('textbox',{name:'Task due date',exact:true}).fill(value);await taskRow(page,title).getByRole('button',{name:'Save due date',exact:true}).click();
        at persistedLocation (/Users/Shared/projects/competition/experiments/instruction-effects/revisions/research-v003/preflight/observer-correction/suite/move-task.spec.mjs:6:489)
        at /Users/Shared/projects/competition/experiments/instruction-effects/revisions/research-v003/preflight/observer-correction/suite/move-task.spec.mjs:20:151

    attachment #1: screenshot (image/png) ──────────────────────────────────────────────────────────
    experiments/instruction-effects/revisions/research-v003/preflight/observer-correction/check-1791629092667/negative-copy-instead-of-move/artifacts/move-task-039-moving-a-tas-c45ae-without-inheriting-defaults/test-failed-1.png
    ────────────────────────────────────────────────────────────────────────────────────────────────

    Error Context: experiments/instruction-effects/revisions/research-v003/preflight/observer-correction/check-1791629092667/negative-copy-instead-of-move/artifacts/move-task-039-moving-a-tas-c45ae-without-inheriting-defaults/error-context.md

    attachment #3: trace (application/zip) ─────────────────────────────────────────────────────────
    experiments/instruction-effects/revisions/research-v003/preflight/observer-correction/check-1791629092667/negative-copy-instead-of-move/artifacts/move-task-039-moving-a-tas-c45ae-without-inheriting-defaults/trace.zip
    Usage:

        npx playwright show-trace experiments/instruction-effects/revisions/research-v003/preflight/observer-correction/check-1791629092667/negative-copy-instead-of-move/artifacts/move-task-039-moving-a-tas-c45ae-without-inheriting-defaults/trace.zip

    ────────────────────────────────────────────────────────────────────────────────────────────────


  1 failed
    experiments/instruction-effects/revisions/research-v003/preflight/observer-correction/suite/move-task.spec.mjs:14:2 › 039 moving a task preserves data and destination order without inheriting defaults 
