
Running 11 tests using 1 worker



[1/11] runs/instruction-effects/pilot-008/definitions/project/acceptance/workboard.spec.mjs:6:1 › 001 health and project creation persist on reload
[2/11] runs/instruction-effects/pilot-008/definitions/project/acceptance/workboard.spec.mjs:21:1 › 002 blank project input is rejected
[3/11] runs/instruction-effects/pilot-008/definitions/project/acceptance/workboard.spec.mjs:30:1 › 003 project creation order
[4/11] runs/instruction-effects/pilot-008/definitions/project/acceptance/workboard.spec.mjs:38:3 › 004 trimmed tasks and project URL survive reload
[5/11] runs/instruction-effects/pilot-008/definitions/project/acceptance/workboard.spec.mjs:47:3 › 005 blank task input is rejected
[6/11] runs/instruction-effects/pilot-008/definitions/project/acceptance/workboard.spec.mjs:56:3 › 006 tasks do not cross project boundaries
[7/11] runs/instruction-effects/pilot-008/definitions/project/acceptance/workboard.spec.mjs:65:3 › 007 task filters and completion state persist
[8/11] runs/instruction-effects/pilot-008/definitions/project/acceptance/workboard.spec.mjs:87:3 › 008 archive state persists and project can be restored
  1) runs/instruction-effects/pilot-008/definitions/project/acceptance/workboard.spec.mjs:87:3 › 008 archive state persists and project can be restored 

    Error: expect(locator).toBeVisible() failed

    Locator: getByTestId('project-row').filter({ hasText: 'task-003 Archive lifecycle' })
    Expected: visible
    Error: strict mode violation: getByTestId('project-row').filter({ hasText: 'task-003 Archive lifecycle' }) resolved to 2 elements:
        1) <div class="row" data-testid="project-row">…</div> aka getByText('task-003 Archive lifecycle0/0').first()
        2) <div class="row" data-testid="project-row">…</div> aka getByText('task-003 Archive lifecycle0/0').nth(1)

    Call log:
      - Expect "toBeVisible" getByTestId('project-row').filter({ hasText: 'task-003 Archive lifecycle' }) with timeout 5000ms
      - waiting for getByTestId('project-row').filter({ hasText: 'task-003 Archive lifecycle' })


      94 |     await projectRow(page, 'Archive lifecycle').getByRole('button', { name: 'Restore project', exact: true }).click();
      95 |     await page.getByRole('combobox', { name: 'Project filter', exact: true }).selectOption({ label: 'Active' });
    > 96 |     await expect(projectRow(page, 'Archive lifecycle')).toBeVisible();
         |                                                         ^
      97 |   });
      98 |
      99 |   test('009 archived tasks are read-only and survive restoration', async ({ page }) => {
        at /Users/Shared/projects/competition/runs/instruction-effects/pilot-008/definitions/project/acceptance/workboard.spec.mjs:96:57

    attachment #1: screenshot (image/png) ──────────────────────────────────────────────────────────
    runs/instruction-effects/pilot-008/tasks/task-003/attempts/b008/attempt-007/acceptance/artifacts/workboard-008-archive-stat-82517-and-project-can-be-restored/test-failed-1.png
    ────────────────────────────────────────────────────────────────────────────────────────────────

    Error Context: runs/instruction-effects/pilot-008/tasks/task-003/attempts/b008/attempt-007/acceptance/artifacts/workboard-008-archive-stat-82517-and-project-can-be-restored/error-context.md

    attachment #3: trace (application/zip) ─────────────────────────────────────────────────────────
    runs/instruction-effects/pilot-008/tasks/task-003/attempts/b008/attempt-007/acceptance/artifacts/workboard-008-archive-stat-82517-and-project-can-be-restored/trace.zip
    Usage:

        npx playwright show-trace runs/instruction-effects/pilot-008/tasks/task-003/attempts/b008/attempt-007/acceptance/artifacts/workboard-008-archive-stat-82517-and-project-can-be-restored/trace.zip

    ────────────────────────────────────────────────────────────────────────────────────────────────




[9/11] runs/instruction-effects/pilot-008/definitions/project/acceptance/workboard.spec.mjs:99:3 › 009 archived tasks are read-only and survive restoration
  2) runs/instruction-effects/pilot-008/definitions/project/acceptance/workboard.spec.mjs:99:3 › 009 archived tasks are read-only and survive restoration 

    Error: locator.click: Error: strict mode violation: getByTestId('project-row').filter({ hasText: 'task-003 Archive tasks' }).getByRole('button', { name: 'Open project', exact: true }) resolved to 2 elements:
        1) <button>Open project</button> aka getByRole('button', { name: 'Open project' }).first()
        2) <button>Open project</button> aka getByRole('button', { name: 'Open project' }).nth(1)

    Call log:
      - waiting for getByTestId('project-row').filter({ hasText: 'task-003 Archive tasks' }).getByRole('button', { name: 'Open project', exact: true })


       at helpers.mjs:19

      17 | }
      18 | export async function openProject(page, name) {
    > 19 |   await projectRow(page, name).getByRole('button', { name: 'Open project', exact: true }).click();
         |                                                                                           ^
      20 |   await expect(page.getByRole('heading', { name: projectName(name), exact: true }).first()).toBeVisible();
      21 | }
      22 | export async function createTask(page, title) {
        at openProject (/Users/Shared/projects/competition/runs/instruction-effects/pilot-008/definitions/project/acceptance/helpers.mjs:19:91)
        at /Users/Shared/projects/competition/runs/instruction-effects/pilot-008/definitions/project/acceptance/workboard.spec.mjs:107:11

    attachment #1: screenshot (image/png) ──────────────────────────────────────────────────────────
    runs/instruction-effects/pilot-008/tasks/task-003/attempts/b008/attempt-007/acceptance/artifacts/workboard-009-archived-tas-93ee2-nly-and-survive-restoration/test-failed-1.png
    ────────────────────────────────────────────────────────────────────────────────────────────────

    Error Context: runs/instruction-effects/pilot-008/tasks/task-003/attempts/b008/attempt-007/acceptance/artifacts/workboard-009-archived-tas-93ee2-nly-and-survive-restoration/error-context.md

    attachment #3: trace (application/zip) ─────────────────────────────────────────────────────────
    runs/instruction-effects/pilot-008/tasks/task-003/attempts/b008/attempt-007/acceptance/artifacts/workboard-009-archived-tas-93ee2-nly-and-survive-restoration/trace.zip
    Usage:

        npx playwright show-trace runs/instruction-effects/pilot-008/tasks/task-003/attempts/b008/attempt-007/acceptance/artifacts/workboard-009-archived-tas-93ee2-nly-and-survive-restoration/trace.zip

    ────────────────────────────────────────────────────────────────────────────────────────────────




[10/11] runs/instruction-effects/pilot-008/definitions/project/acceptance/workboard.spec.mjs:120:3 › 010 completion summaries reflect all tasks
[11/11] runs/instruction-effects/pilot-008/definitions/project/acceptance/workboard.spec.mjs:132:1 › 011 seed process-restart persistence checks
  2 failed
    runs/instruction-effects/pilot-008/definitions/project/acceptance/workboard.spec.mjs:87:3 › 008 archive state persists and project can be restored 
    runs/instruction-effects/pilot-008/definitions/project/acceptance/workboard.spec.mjs:99:3 › 009 archived tasks are read-only and survive restoration 
  9 passed (5.4s)
