
Running 1 test using 1 worker



[1/1] experiments/instruction-effects/revisions/research-v010/preflight/task034-executed03-suite/directory-word-search.spec.mjs:55:2 › 115 word matching intersects filters orders owners exports and every current bulk operation with protected scopes
  1) experiments/instruction-effects/revisions/research-v010/preflight/task034-executed03-suite/directory-word-search.spec.mjs:55:2 › 115 word matching intersects filters orders owners exports and every current bulk operation with protected scopes 

    Error: expect(received).toEqual(expected) // deep equality

    - Expected  - 4
    + Received  + 1

    - Array [
    -   "task-034 Word scope Z first",
    -   "task-034 Word scope A second",
    - ]
    + Array []

      57 |   await createProject(page,a);await openProject(page,a);await configured(page,a,first,{priority:'High',date,notes:note});await configured(page,a,single,{priority:'High',date,notes:'Guard literal'});await configured(page,a,deleted,{priority:'High',date,notes:note,deleted:true});await createProject(page,b);await openProject(page,b);await configured(page,b,second,{priority:'High',date,notes:note,completed:true});await createProject(page,c);await openProject(page,c);await configured(page,c,archived,{priority:'High',date,notes:note});await page.goto('/');await projectRow(page,c).getByRole('button',{name:'Archive project',exact:true}).click();await expect(projectRow(page,c)).toHaveCount(0);
      58 |   await directory(page,q,first);await result(page,[],[],[],'0/0 completed');await mode(page).selectOption({label:'All words'});await result(page,[a,b],['0/1 completed','1/1 completed'],[first,second],'1/2 completed');await page.getByRole('combobox',{name:'Priority filter',exact:true}).selectOption({label:'Low'});await result(page,[],[],[],'0/0 completed');await page.getByRole('combobox',{name:'Priority filter',exact:true}).selectOption({label:'High'});await result(page,[a,b],['0/1 completed','1/1 completed'],[first,second],'1/2 completed');await range(page,String(2500+stage)+'-03-01');await result(page,[],[],[],'0/0 completed');await range(page,date);await result(page,[a,b],['0/1 completed','1/1 completed'],[first,second],'1/2 completed');await page.getByRole('combobox',{name:'Directory order',exact:true}).selectOption({label:'Title'});await result(page,[a,b],['0/1 completed','1/1 completed'],[second,first],'1/2 completed');
    > 59 |   const doc=await workspace(page);expect(doc.map(p=>p.name)).toEqual([projectName(a),projectName(b)]);expect(doc.map(p=>p.tasks.map(t=>t.title))).toEqual([[first],[second]]);
         |                                                              ^
      60 |   await page.getByRole('combobox',{name:'Task filter',exact:true}).selectOption({label:'Open'});await result(page,[a],['0/1 completed'],[first],'0/1 completed');await page.getByRole('button',{name:'Complete visible tasks',exact:true}).click();await result(page,[],[],[],'0/0 completed');await expectPersistedCompletion(page,a,first,true);await page.getByRole('combobox',{name:'Task filter',exact:true}).selectOption({label:'Completed'});await result(page,[a,b],['1/1 completed','1/1 completed'],[second,first],'2/2 completed');await page.getByRole('button',{name:'Reopen visible tasks',exact:true}).click();await result(page,[],[],[],'0/0 completed');await expectPersistedCompletion(page,a,first,false);await expectPersistedCompletion(page,b,second,false);await page.getByRole('combobox',{name:'Task filter',exact:true}).selectOption({label:'All'});await result(page,[a,b],['0/1 completed','0/1 completed'],[second,first],'0/2 completed');
      61 |   await page.getByRole('combobox',{name:'Visible tasks priority',exact:true}).selectOption({label:'Low'});await page.getByRole('button',{name:'Set visible priority',exact:true}).click();await result(page,[],[],[],'0/0 completed');await expectPersistedPriority(page,a,first,'Low');await expectPersistedPriority(page,b,second,'Low');await page.getByRole('combobox',{name:'Priority filter',exact:true}).selectOption({label:'Low'});await result(page,[a,b],['0/1 completed','0/1 completed'],[second,first],'0/2 completed');
      62 |   await page.getByRole('textbox',{name:'Visible tasks due date',exact:true}).fill('');await page.getByRole('button',{name:'Save visible due date',exact:true}).click();await result(page,[],[],[],'0/0 completed');await fieldStored(page,a,first,'Task due date','');await fieldStored(page,b,second,'Task due date','');await range(page,'');await result(page,[a,b],['0/1 completed','0/1 completed'],[second,first],'0/2 completed');
        at /Users/Shared/projects/competition/experiments/instruction-effects/revisions/research-v010/preflight/task034-executed03-suite/directory-word-search.spec.mjs:59:62

    attachment #1: screenshot (image/png) ──────────────────────────────────────────────────────────
    experiments/instruction-effects/revisions/research-v010/preflight/task034-focused03-check-1791676184546/negative-word-workspace-export-ignored-115/artifacts/directory-word-search-115--1e656-ation-with-protected-scopes/test-failed-1.png
    ────────────────────────────────────────────────────────────────────────────────────────────────

    Error Context: experiments/instruction-effects/revisions/research-v010/preflight/task034-focused03-check-1791676184546/negative-word-workspace-export-ignored-115/artifacts/directory-word-search-115--1e656-ation-with-protected-scopes/error-context.md

    attachment #3: trace (application/zip) ─────────────────────────────────────────────────────────
    experiments/instruction-effects/revisions/research-v010/preflight/task034-focused03-check-1791676184546/negative-word-workspace-export-ignored-115/artifacts/directory-word-search-115--1e656-ation-with-protected-scopes/trace.zip
    Usage:

        npx playwright show-trace experiments/instruction-effects/revisions/research-v010/preflight/task034-focused03-check-1791676184546/negative-word-workspace-export-ignored-115/artifacts/directory-word-search-115--1e656-ation-with-protected-scopes/trace.zip

    ────────────────────────────────────────────────────────────────────────────────────────────────


  1 failed
    experiments/instruction-effects/revisions/research-v010/preflight/task034-executed03-suite/directory-word-search.spec.mjs:55:2 › 115 word matching intersects filters orders owners exports and every current bulk operation with protected scopes 
