
Running 4 tests using 1 worker



[1/4] experiments/instruction-effects/revisions/research-v010/preflight/task035-executed-suite/directory-due-status.spec.mjs:13:2 › 117 due presence intersects inclusive ranges and distinguishes empty dates in both scopes
[2/4] experiments/instruction-effects/revisions/research-v010/preflight/task035-executed-suite/directory-due-status.spec.mjs:24:2 › 118 presence matches govern word filters ordering exports all bulk writes and protected tasks
[3/4] experiments/instruction-effects/revisions/research-v010/preflight/task035-executed-suite/directory-due-status.spec.mjs:41:2 › 119 presence summaries and matching export keep duplicate imported owners separate and remain read-only
  1) experiments/instruction-effects/revisions/research-v010/preflight/task035-executed-suite/directory-due-status.spec.mjs:41:2 › 119 presence summaries and matching export keep duplicate imported owners separate and remain read-only 

    Error: expect(locator).toHaveText(expected) failed

    Locator: getByTestId('directory-task-row').visible().getByTestId('directory-task-title')
    Timeout: 5000ms
    - Expected  -  0
    + Received  + 15

      Array [
    +   "Memory kept",
    +   "Memory kept",
    +   "Memory kept",
    +   "Memory kept",
    +   "Memory kept",
    +   "Memory kept",
    +   "Memory kept",
    +   "Memory kept",
    +   "Memory kept",
    +   "Memory kept",
    +   "Memory kept",
    +   "Memory kept",
    +   "Memory kept",
    +   "DuePresence35 archived",
    +   "ZirconDue35 gap AmberDue35 archived",
        "DueDuplicate35 archived",
      ]

    Call log:
      - Expect "toHaveText" getByTestId('directory-task-row').visible().getByTestId('directory-task-title') with timeout 5000ms
      - waiting for getByTestId('directory-task-row').visible().getByTestId('directory-task-title')
        3 × locator resolved to 19 elements
        11 × locator resolved to 16 elements


       at directory-presence-helpers.mjs:10

       8 | async function result(p,names,counts,expected,total){
       9 |  if(!expected.length)await expect(p.getByText('No matching tasks',{exact:true})).toBeVisible();
    > 10 |  await expect(rows(p).getByTestId('directory-task-title')).toHaveText(expected);
         |                                                            ^
      11 |  await expect(owners(p).getByTestId('directory-owner-name')).toHaveText(names.map(projectName));
      12 |  await expect(owners(p).getByTestId('directory-owner-summary')).toHaveText(counts);
      13 |  await expect(p.getByTestId('directory-summary')).toHaveText(total);
        at result (/Users/Shared/projects/competition/experiments/instruction-effects/revisions/research-v010/preflight/task035-executed-suite/directory-presence-helpers.mjs:10:60)
        at /Users/Shared/projects/competition/experiments/instruction-effects/revisions/research-v010/preflight/task035-executed-suite/directory-due-status.spec.mjs:47:148

    attachment #1: screenshot (image/png) ──────────────────────────────────────────────────────────
    experiments/instruction-effects/revisions/research-v010/preflight/task035-focused-check-1791676102712/positive-async/artifacts/directory-due-status-119-p-03523-parate-and-remain-read-only/test-failed-1.png
    ────────────────────────────────────────────────────────────────────────────────────────────────

    Error Context: experiments/instruction-effects/revisions/research-v010/preflight/task035-focused-check-1791676102712/positive-async/artifacts/directory-due-status-119-p-03523-parate-and-remain-read-only/error-context.md

    attachment #3: trace (application/zip) ─────────────────────────────────────────────────────────
    experiments/instruction-effects/revisions/research-v010/preflight/task035-focused-check-1791676102712/positive-async/artifacts/directory-due-status-119-p-03523-parate-and-remain-read-only/trace.zip
    Usage:

        npx playwright show-trace experiments/instruction-effects/revisions/research-v010/preflight/task035-focused-check-1791676102712/positive-async/artifacts/directory-due-status-119-p-03523-parate-and-remain-read-only/trace.zip

    ────────────────────────────────────────────────────────────────────────────────────────────────




[4/4] experiments/instruction-effects/revisions/research-v010/preflight/task035-executed-suite/directory-due-status.spec.mjs:50:2 › 120 date membership writes preserve both remembered positions metadata and restart seed
  1 failed
    experiments/instruction-effects/revisions/research-v010/preflight/task035-executed-suite/directory-due-status.spec.mjs:41:2 › 119 presence summaries and matching export keep duplicate imported owners separate and remain read-only 
  3 passed (1.2m)
