
Running 1 test using 1 worker



[1/1] experiments/instruction-effects/revisions/research-v004/decisions/task-016-draft/suite/deletion.spec.mjs:22:2 › 056 upgraded original tasks remain live and deleted-only project persists with an empty live summary
  1) experiments/instruction-effects/revisions/research-v004/decisions/task-016-draft/suite/deletion.spec.mjs:22:2 › 056 upgraded original tasks remain live and deleted-only project persists with an empty live summary 

    Error: expect(locator).toBeVisible() failed

    Locator: getByTestId('task-row').filter({ has: getByRole('checkbox', { name: 'Complete Memory kept', exact: true }) }).visible()
    Expected: visible
    Timeout: 5000ms
    Error: element(s) not found

    Call log:
      - Expect "toBeVisible" getByTestId('task-row').filter({ has: getByRole('checkbox', { name: 'Complete Memory kept', exact: true }) }).visible() with timeout 5000ms
      - waiting for getByTestId('task-row').filter({ has: getByRole('checkbox', { name: 'Complete Memory kept', exact: true }) }).visible()


      21 |  });
      22 |  test('056 upgraded original tasks remain live and deleted-only project persists with an empty live summary',async({page})=>{
    > 23 |   await page.goto('/');await page.getByRole('combobox',{name:'Project filter',exact:true}).selectOption({label:'Archived'});await page.getByTestId('project-row').filter({hasText:'task-015 Persistence renamed'}).filter({visible:true}).getByRole('button',{name:'Open project',exact:true}).click();await expect(taskRow(page,'Memory kept')).toBeVisible();await expect(taskRow(page,'Memory kept').getByRole('button',{name:'Delete task',exact:true})).toBeDisabled();
         |                                                                                                                                                                                                                                                                                                                                                  ^
      24 |   await createProject(page,'Deletion restart');await openProject(page,'Deletion restart');await createTask(page,'Deleted memory');await saved(page,'Deletion restart','Deleted memory','Task notes','Original deleted note\nretained');await taskRow(page,'Deleted memory').getByRole('button',{name:'Delete task',exact:true}).click();await summary(page,'Deletion restart','0/0 completed');await filter(page).selectOption({label:'Deleted'});await expect(notes(page,'Deleted memory')).toHaveValue('Original deleted note\nretained');await page.reload();await expect(notes(page,'Deleted memory')).toHaveValue('Original deleted note\nretained');
      25 |  });
      26 |  test('057 deleted filter intersects priority due range and title search',async({page})=>{
        at /Users/Shared/projects/competition/experiments/instruction-effects/revisions/research-v004/decisions/task-016-draft/suite/deletion.spec.mjs:23:338

    attachment #1: screenshot (image/png) ──────────────────────────────────────────────────────────
    experiments/instruction-effects/revisions/research-v004/preflight/priority-fixtures/stage-16-check-1791635747612/negative-wrong-upgrade-deletion/artifacts/deletion-056-upgraded-orig-a63ca--with-an-empty-live-summary/test-failed-1.png
    ────────────────────────────────────────────────────────────────────────────────────────────────

    Error Context: experiments/instruction-effects/revisions/research-v004/preflight/priority-fixtures/stage-16-check-1791635747612/negative-wrong-upgrade-deletion/artifacts/deletion-056-upgraded-orig-a63ca--with-an-empty-live-summary/error-context.md

    attachment #3: trace (application/zip) ─────────────────────────────────────────────────────────
    experiments/instruction-effects/revisions/research-v004/preflight/priority-fixtures/stage-16-check-1791635747612/negative-wrong-upgrade-deletion/artifacts/deletion-056-upgraded-orig-a63ca--with-an-empty-live-summary/trace.zip
    Usage:

        npx playwright show-trace experiments/instruction-effects/revisions/research-v004/preflight/priority-fixtures/stage-16-check-1791635747612/negative-wrong-upgrade-deletion/artifacts/deletion-056-upgraded-orig-a63ca--with-an-empty-live-summary/trace.zip

    ────────────────────────────────────────────────────────────────────────────────────────────────


  1 failed
    experiments/instruction-effects/revisions/research-v004/decisions/task-016-draft/suite/deletion.spec.mjs:22:2 › 056 upgraded original tasks remain live and deleted-only project persists with an empty live summary 
