
Running 1 test using 1 worker



[1/1] experiments/instruction-effects/revisions/research-v008/preflight/priority-fixtures/final030-third-executed-suite/directory-project-order.spec.mjs:38:2 › 091 project-name ordering folds ASCII keeps stable owner ties and reads current renames without changing storage
  1) experiments/instruction-effects/revisions/research-v008/preflight/priority-fixtures/final030-third-executed-suite/directory-project-order.spec.mjs:38:2 › 091 project-name ordering folds ASCII keeps stable owner ties and reads current renames without changing storage 

    Error: expect(locator).toHaveText(expected) failed

    Locator: getByTestId('directory-task-row').visible().getByTestId('directory-task-title')
    Timeout: 5000ms
    - Expected  - 2
    + Received  + 2

      Array [
    -   "task-030 Name order target second zulu",
    -   "task-030 Name order target second alpha",
        "task-030 Name order target third",
        "task-030 Name order target zulu stored",
        "task-030 Name order target alpha stored",
    +   "task-030 Name order target second zulu",
    +   "task-030 Name order target second alpha",
      ]

    Call log:
      - Expect "toHaveText" getByTestId('directory-task-row').visible().getByTestId('directory-task-title') with timeout 5000ms
      - waiting for getByTestId('directory-task-row').visible().getByTestId('directory-task-title')
        14 × locator resolved to 5 elements


      13 | async function result(p,names,counts,expected,total){
      14 |  if(!expected.length)await expect(p.getByText('No matching tasks',{exact:true})).toBeVisible();
    > 15 |  await expect(rows(p).getByTestId('directory-task-title')).toHaveText(expected);
         |                                                            ^
      16 |  await expect(owners(p).getByTestId('directory-owner-name')).toHaveText(names.map(projectName));
      17 |  await expect(owners(p).getByTestId('directory-owner-summary')).toHaveText(counts);
      18 |  await expect(p.getByTestId('directory-summary')).toHaveText(total);
        at result (/Users/Shared/projects/competition/experiments/instruction-effects/revisions/research-v008/preflight/priority-fixtures/final030-third-executed-suite/directory-project-order.spec.mjs:15:60)
        at /Users/Shared/projects/competition/experiments/instruction-effects/revisions/research-v008/preflight/priority-fixtures/final030-third-executed-suite/directory-project-order.spec.mjs:41:249

    attachment #1: screenshot (image/png) ──────────────────────────────────────────────────────────
    experiments/instruction-effects/revisions/research-v008/preflight/priority-fixtures/stage30-final-controls-1791660945847/negative-name-order-case-sensitive-091/artifacts/directory-project-order-09-94f4b-es-without-changing-storage/test-failed-1.png
    ────────────────────────────────────────────────────────────────────────────────────────────────

    Error Context: experiments/instruction-effects/revisions/research-v008/preflight/priority-fixtures/stage30-final-controls-1791660945847/negative-name-order-case-sensitive-091/artifacts/directory-project-order-09-94f4b-es-without-changing-storage/error-context.md

    attachment #3: trace (application/zip) ─────────────────────────────────────────────────────────
    experiments/instruction-effects/revisions/research-v008/preflight/priority-fixtures/stage30-final-controls-1791660945847/negative-name-order-case-sensitive-091/artifacts/directory-project-order-09-94f4b-es-without-changing-storage/trace.zip
    Usage:

        npx playwright show-trace experiments/instruction-effects/revisions/research-v008/preflight/priority-fixtures/stage30-final-controls-1791660945847/negative-name-order-case-sensitive-091/artifacts/directory-project-order-09-94f4b-es-without-changing-storage/trace.zip

    ────────────────────────────────────────────────────────────────────────────────────────────────


  1 failed
    experiments/instruction-effects/revisions/research-v008/preflight/priority-fixtures/final030-third-executed-suite/directory-project-order.spec.mjs:38:2 › 091 project-name ordering folds ASCII keeps stable owner ties and reads current renames without changing storage 
