
Running 1 test using 1 worker



[1/1] experiments/instruction-effects/revisions/research-v003/decisions/task-012-draft/suite/move-task.spec.mjs:14:2 › 039 moving a task preserves data and destination order without inheriting defaults
  1) experiments/instruction-effects/revisions/research-v003/decisions/task-012-draft/suite/move-task.spec.mjs:14:2 › 039 moving a task preserves data and destination order without inheriting defaults 

    Error: expect(locator).toHaveText(expected) failed

    Locator:  getByTestId('project-row').filter({ hasText: 'task-012 Transfer target' }).visible().getByTestId('project-summary')
    Expected: "1/3 completed"
    Received: "0/3 completed"
    Timeout:  5000ms

    Call log:
      - Expect "toHaveText" getByTestId('project-row').filter({ hasText: 'task-012 Transfer target' }).visible().getByTestId('project-summary') with timeout 5000ms
      - waiting for getByTestId('project-row').filter({ hasText: 'task-012 Transfer target' }).visible().getByTestId('project-summary')
        14 × locator resolved to <span data-testid="project-summary">0/3 completed</span>
           - unexpected value "0/3 completed"


      19 |   await taskRow(page,'Transferred complete').getByRole('combobox',{name:'Task priority',exact:true}).selectOption({label:'High'});await expectPersistedPriority(page,'Transfer source','Transferred complete','High');await page.getByRole('checkbox',{name:'Complete Transferred complete',exact:true}).check();await expectPersistedCompletion(page,'Transfer source','Transferred complete',true);await setDate(page,'Transfer source','Transferred complete','2032-02-29');
      20 |   await destination(page,'Transferred complete').selectOption({label:projectName('Transfer target')});await move(page,'Transferred complete').click();await persistedLocation(page,'Transfer source','Transfer target','Transferred complete','0/1 completed');await expect(taskRow(page,'Transferred complete')).toHaveCount(0);await expect(taskRow(page,'Source remaining')).toBeVisible();
    > 21 |   await page.getByRole('button',{name:'Projects',exact:true}).click();await expect(projectRow(page,'Transfer source').getByTestId('project-summary')).toHaveText('0/1 completed');await expect(projectRow(page,'Transfer target').getByTestId('project-summary')).toHaveText('1/3 completed');await openProject(page,'Transfer target');
         |                                                                                                                                                                                                                                                                   ^
      22 |   const targetRows=page.getByTestId('task-row').filter({visible:true});await expect(targetRows).toHaveCount(3);for(const [i,title] of ['Target first','Target second','Transferred complete'].entries())await expect(targetRows.nth(i).getByRole('checkbox',{name:'Complete '+title,exact:true})).toBeVisible();await expect(page.getByRole('checkbox',{name:'Complete Transferred complete',exact:true})).toBeChecked();await expect(taskRow(page,'Transferred complete').getByRole('combobox',{name:'Task priority',exact:true}).locator('option:checked')).toHaveText('High');await expect(taskRow(page,'Transferred complete').getByRole('textbox',{name:'Task due date',exact:true})).toHaveValue('2032-02-29');
      23 |   await page.reload();await expect(taskRow(page,'Transferred complete')).toBeVisible();
      24 |  });
        at /Users/Shared/projects/competition/experiments/instruction-effects/revisions/research-v003/decisions/task-012-draft/suite/move-task.spec.mjs:21:259

    attachment #1: screenshot (image/png) ──────────────────────────────────────────────────────────
    experiments/instruction-effects/revisions/research-v003/preflight/priority-fixtures/stage-12-check-1791629700754/negative-move-resets-completion/artifacts/move-task-039-moving-a-tas-c45ae-without-inheriting-defaults/test-failed-1.png
    ────────────────────────────────────────────────────────────────────────────────────────────────

    Error Context: experiments/instruction-effects/revisions/research-v003/preflight/priority-fixtures/stage-12-check-1791629700754/negative-move-resets-completion/artifacts/move-task-039-moving-a-tas-c45ae-without-inheriting-defaults/error-context.md

    attachment #3: trace (application/zip) ─────────────────────────────────────────────────────────
    experiments/instruction-effects/revisions/research-v003/preflight/priority-fixtures/stage-12-check-1791629700754/negative-move-resets-completion/artifacts/move-task-039-moving-a-tas-c45ae-without-inheriting-defaults/trace.zip
    Usage:

        npx playwright show-trace experiments/instruction-effects/revisions/research-v003/preflight/priority-fixtures/stage-12-check-1791629700754/negative-move-resets-completion/artifacts/move-task-039-moving-a-tas-c45ae-without-inheriting-defaults/trace.zip

    ────────────────────────────────────────────────────────────────────────────────────────────────


  1 failed
    experiments/instruction-effects/revisions/research-v003/decisions/task-012-draft/suite/move-task.spec.mjs:14:2 › 039 moving a task preserves data and destination order without inheriting defaults 
