
Running 1 test using 1 worker



[1/1] experiments/instruction-effects/revisions/research-v008/preflight/priority-fixtures/final030-third-executed-suite/directory-notes-edit.spec.mjs:37:2 › 088 directory notes preserve literal text every intersection and other fields
  1) experiments/instruction-effects/revisions/research-v008/preflight/priority-fixtures/final030-third-executed-suite/directory-notes-edit.spec.mjs:37:2 › 088 directory notes preserve literal text every intersection and other fields 

    Error: expect(locator).toBeDisabled() failed

    Locator:  getByRole('button', { name: 'Save visible notes', exact: true })
    Expected: disabled
    Received: enabled
    Timeout:  5000ms

    Call log:
      - Expect "toBeDisabled" getByRole('button', { name: 'Save visible notes', exact: true }) with timeout 5000ms
      - waiting for getByRole('button', { name: 'Save visible notes', exact: true })
        14 × locator resolved to <button>Save visible notes</button>
           - unexpected value "enabled"


      41 |   const o=await page.context().newPage();try{await returnTo(o,a);await titles(o,[first,low,late,done,other]);for(const [title,text] of [[first,literal],[low,original],[late,original],[done,original],[other,q]])await expect(taskRow(o,title).getByRole('textbox',{name:'Task notes',exact:true})).toHaveValue(text);await expect(taskRow(o,first).getByRole('combobox',{name:'Task priority',exact:true}).locator('option:checked')).toHaveText('High');await expect(taskRow(o,first).getByRole('textbox',{name:'Task due date',exact:true})).toHaveValue(fields.date);await expect(o.getByRole('checkbox',{name:'Complete '+done,exact:true})).toBeChecked();await o.getByRole('combobox',{name:'Task filter',exact:true}).selectOption({label:'Deleted'});await expect(taskRow(o,deleted).getByRole('textbox',{name:'Task notes',exact:true})).toHaveValue(original);await returnTo(o,b);await expect(taskRow(o,second).getByRole('textbox',{name:'Task notes',exact:true})).toHaveValue(literal);}finally{await o.close();}
      42 |   await page.getByRole('textbox',{name:'Visible tasks notes',exact:true}).fill('');await save(page).click();await result(page,[a,b],['0/1 completed','0/1 completed'],[second,first],'0/2 completed');await persistedField(page,a,first,'Task notes','');await persistedField(page,b,second,'Task notes','');const cleared=await page.context().newPage();try{for(const [owner,title] of [[a,first],[b,second]]){await returnTo(cleared,owner);await expect(taskRow(cleared,title).getByRole('textbox',{name:'Task notes',exact:true})).toHaveValue('');}}finally{await cleared.close();}
    > 43 |   await page.getByRole('combobox',{name:'Task filter',exact:true}).selectOption({label:'Completed'});await result(page,[a],['1/1 completed'],[done],'1/1 completed');await page.getByRole('textbox',{name:'Visible tasks notes',exact:true}).fill(literal);await save(page).click();await result(page,[a],['1/1 completed'],[done],'1/1 completed');await persistedField(page,a,done,'Task notes',literal);await returnTo(page,a);await expect(taskRow(page,done).getByRole('textbox',{name:'Task notes',exact:true})).toHaveValue(literal);await directory(page,q);await result(page,[a,b],['1/4 completed','0/1 completed'],[first,low,late,done,second],'1/5 completed');await page.getByRole('combobox',{name:'Task filter',exact:true}).selectOption({label:'Deleted'});await result(page,[a],['0/1 completed'],[deleted],'0/1 completed');await expect(save(page)).toBeDisabled();await page.getByRole('combobox',{name:'Project scope',exact:true}).selectOption({label:'Archived'});await result(page,[],[],[],'0/0 completed');await page.getByRole('combobox',{name:'Task filter',exact:true}).selectOption({label:'All'});await result(page,[c],['0/1 completed'],[archived],'0/1 completed');await expect(save(page)).toBeDisabled();
         |                                                                                                                                                                                                                                                                                                                                                                                                                                                                                                                                                                                                                                                                                                                                                                                                                                                                          ^
      44 |  });
      45 |  test('089 directory notes limit counts Unicode code points and rejects atomically with correction text retained',async({page})=>{
      46 |   test.setTimeout(90000);const a='Notes limit first',b='Notes limit second',q=projectName('Notes limit target'),first=q+' first',second=q+' second';await createProject(page,a);await openProject(page,a);await configured(page,a,first,{notes:'First original'});await createProject(page,b);await openProject(page,b);await configured(page,b,second,{notes:'Second original',completed:true});await directory(page,q);await result(page,[a,b],['0/1 completed','1/1 completed'],[first,second],'1/2 completed');const proposed='😀'.repeat(10001);await page.getByRole('textbox',{name:'Visible tasks notes',exact:true}).fill(proposed);await save(page).click();await expect(page.getByRole('alert')).toContainText('Task notes must be at most 10000 characters');await expect(page.getByRole('textbox',{name:'Visible tasks notes',exact:true})).toHaveValue(proposed);await result(page,[a,b],['0/1 completed','1/1 completed'],[first,second],'1/2 completed');const o=await page.context().newPage();try{for(const [owner,title,text] of [[a,first,'First original'],[b,second,'Second original']]){await returnTo(o,owner);await expect(taskRow(o,title).getByRole('textbox',{name:'Task notes',exact:true})).toHaveValue(text);}}finally{await o.close();}
        at /Users/Shared/projects/competition/experiments/instruction-effects/revisions/research-v008/preflight/priority-fixtures/final030-third-executed-suite/directory-notes-edit.spec.mjs:43:842

    attachment #1: screenshot (image/png) ──────────────────────────────────────────────────────────
    experiments/instruction-effects/revisions/research-v008/preflight/priority-fixtures/stage30-final-controls-1791660945847/negative-notes-enabled-protected-088/artifacts/directory-notes-edit-088-d-3accc-tersection-and-other-fields/test-failed-1.png
    ────────────────────────────────────────────────────────────────────────────────────────────────

    Error Context: experiments/instruction-effects/revisions/research-v008/preflight/priority-fixtures/stage30-final-controls-1791660945847/negative-notes-enabled-protected-088/artifacts/directory-notes-edit-088-d-3accc-tersection-and-other-fields/error-context.md

    attachment #3: trace (application/zip) ─────────────────────────────────────────────────────────
    experiments/instruction-effects/revisions/research-v008/preflight/priority-fixtures/stage30-final-controls-1791660945847/negative-notes-enabled-protected-088/artifacts/directory-notes-edit-088-d-3accc-tersection-and-other-fields/trace.zip
    Usage:

        npx playwright show-trace experiments/instruction-effects/revisions/research-v008/preflight/priority-fixtures/stage30-final-controls-1791660945847/negative-notes-enabled-protected-088/artifacts/directory-notes-edit-088-d-3accc-tersection-and-other-fields/trace.zip

    ────────────────────────────────────────────────────────────────────────────────────────────────


  1 failed
    experiments/instruction-effects/revisions/research-v008/preflight/priority-fixtures/final030-third-executed-suite/directory-notes-edit.spec.mjs:37:2 › 088 directory notes preserve literal text every intersection and other fields 
