
Running 1 test using 1 worker



[1/1] experiments/instruction-effects/revisions/research-v006/decisions/task-023-draft/suite/directory-owners.spec.mjs:10:2 › 076 directory owner totals track intersections bulk results and protected scopes in project creation order
  1) experiments/instruction-effects/revisions/research-v006/decisions/task-023-draft/suite/directory-owners.spec.mjs:10:2 › 076 directory owner totals track intersections bulk results and protected scopes in project creation order 

    Error: expect(locator).toHaveText(expected) failed

    Locator: getByTestId('directory-owner-row').visible().getByTestId('directory-owner-summary')
    Timeout: 5000ms
    - Expected  - 2
    + Received  + 2

      Array [
    -   "1/2 completed",
    -   "0/1 completed",
    +   "2/3 completed",
    +   "0/2 completed",
      ]

    Call log:
      - Expect "toHaveText" getByTestId('directory-owner-row').visible().getByTestId('directory-owner-summary') with timeout 5000ms
      - waiting for getByTestId('directory-owner-row').visible().getByTestId('directory-owner-summary')
        14 × locator resolved to 2 elements


      4 | const tasks=p=>p.getByTestId('directory-task-row').filter({visible:true});
      5 | async function directory(p,q){await p.goto('/');await p.getByRole('button',{name:'Task directory',exact:true}).click();await p.getByRole('textbox',{name:'Directory search',exact:true}).fill(q);await p.getByRole('button',{name:'Search directory',exact:true}).click();}
    > 6 | async function result(p,names,counts,titles,total){if(!titles.length)await expect(p.getByText('No matching tasks',{exact:true})).toBeVisible();await expect(tasks(p).getByTestId('directory-task-title')).toHaveText(titles);await expect(owners(p).getByTestId('directory-owner-name')).toHaveText(names.map(projectName));await expect(owners(p).getByTestId('directory-owner-summary')).toHaveText(counts);await expect(p.getByTestId('directory-summary')).toHaveText(total);for(const row of await owners(p).all()){await expect(row.getByRole('button',{name:'Open project',exact:true})).toHaveCount(1);await expect(row.getByRole('textbox')).toHaveCount(0);await expect(row.getByRole('checkbox')).toHaveCount(0);}}
        |                                                                                                                                                                                                                                                                                                                                                                                            ^
      7 | async function configured(p,owner,title,priority,date,complete=false,deleted=false){await createTask(p,title);if(priority!=='Normal'){await taskRow(p,title).getByRole('combobox',{name:'Task priority',exact:true}).selectOption({label:priority});await expectPersistedPriority(p,owner,title,priority);}if(date){await taskRow(p,title).getByRole('textbox',{name:'Task due date',exact:true}).fill(date);await taskRow(p,title).getByRole('button',{name:'Save due date',exact:true}).click();const observer=await p.context().newPage();try{await expect.poll(async()=>{await observer.goto('/');await openProject(observer,owner);return taskRow(observer,title).getByRole('textbox',{name:'Task due date',exact:true}).inputValue();},{timeout:5000}).toBe(date);}finally{await observer.close();}}if(complete){await p.getByRole('checkbox',{name:'Complete '+title,exact:true}).check();await expectPersistedCompletion(p,owner,title,true);}if(deleted){await taskRow(p,title).getByRole('button',{name:'Delete task',exact:true}).click();const observer=await p.context().newPage();try{await observer.goto('/');await openProject(observer,owner);await observer.getByRole('combobox',{name:'Task filter',exact:true}).selectOption({label:'Deleted'});await expect(taskRow(observer,title)).toBeVisible();}finally{await observer.close();}await p.goto('/');await openProject(p,owner);}}
      8 | test.beforeEach(async({context})=>{await isolateBrowser(context);});
      9 | if(stage>=23){
        at result (/Users/Shared/projects/competition/experiments/instruction-effects/revisions/research-v006/decisions/task-023-draft/suite/directory-owners.spec.mjs:6:380)
        at /Users/Shared/projects/competition/experiments/instruction-effects/revisions/research-v006/decisions/task-023-draft/suite/directory-owners.spec.mjs:13:27

    attachment #1: screenshot (image/png) ──────────────────────────────────────────────────────────
    experiments/instruction-effects/revisions/research-v006/preflight/priority-fixtures/stage23-full-read-check-1791652711648/negative-owners-include-deleted/artifacts/directory-owners-076-direc-65892-s-in-project-creation-order/test-failed-1.png
    ────────────────────────────────────────────────────────────────────────────────────────────────

    Error Context: experiments/instruction-effects/revisions/research-v006/preflight/priority-fixtures/stage23-full-read-check-1791652711648/negative-owners-include-deleted/artifacts/directory-owners-076-direc-65892-s-in-project-creation-order/error-context.md

    attachment #3: trace (application/zip) ─────────────────────────────────────────────────────────
    experiments/instruction-effects/revisions/research-v006/preflight/priority-fixtures/stage23-full-read-check-1791652711648/negative-owners-include-deleted/artifacts/directory-owners-076-direc-65892-s-in-project-creation-order/trace.zip
    Usage:

        npx playwright show-trace experiments/instruction-effects/revisions/research-v006/preflight/priority-fixtures/stage23-full-read-check-1791652711648/negative-owners-include-deleted/artifacts/directory-owners-076-direc-65892-s-in-project-creation-order/trace.zip

    ────────────────────────────────────────────────────────────────────────────────────────────────


  1 failed
    experiments/instruction-effects/revisions/research-v006/decisions/task-023-draft/suite/directory-owners.spec.mjs:10:2 › 076 directory owner totals track intersections bulk results and protected scopes in project creation order 
