
Running 1 test using 1 worker



[1/1] experiments/instruction-effects/revisions/research-v008/preflight/priority-fixtures/final030-third-executed-suite/directory-due-edit.spec.mjs:36:2 › 085 directory due-date assignment honors intersections and preserves every nonmatching field
  1) experiments/instruction-effects/revisions/research-v008/preflight/priority-fixtures/final030-third-executed-suite/directory-due-edit.spec.mjs:36:2 › 085 directory due-date assignment honors intersections and preserves every nonmatching field 

    Error: expect(locator).toHaveText(expected) failed

    Locator: getByTestId('directory-task-row').visible().getByTestId('directory-task-title')
    Timeout: 5000ms
    - Expected  - 1
    + Received  + 1

      Array [
    -   "task-030 Date batch record alpha target",
        "task-030 Date batch record zulu target",
    +   "task-030 Date batch record alpha target",
      ]

    Call log:
      - Expect "toHaveText" getByTestId('directory-task-row').visible().getByTestId('directory-task-title') with timeout 5000ms
      - waiting for getByTestId('directory-task-row').visible().getByTestId('directory-task-title')
        3 × locator resolved to 0 elements
        11 × locator resolved to 2 elements


       8 | async function result(p,names,counts,expected,total){
       9 |  if(!expected.length)await expect(p.getByText('No matching tasks',{exact:true})).toBeVisible();
    > 10 |  await expect(rows(p).getByTestId('directory-task-title')).toHaveText(expected);
         |                                                            ^
      11 |  await expect(owners(p).getByTestId('directory-owner-name')).toHaveText(names.map(projectName));
      12 |  await expect(owners(p).getByTestId('directory-owner-summary')).toHaveText(counts);
      13 |  await expect(p.getByTestId('directory-summary')).toHaveText(total);
        at result (/Users/Shared/projects/competition/experiments/instruction-effects/revisions/research-v008/preflight/priority-fixtures/final030-third-executed-suite/directory-due-edit.spec.mjs:10:60)
        at /Users/Shared/projects/competition/experiments/instruction-effects/revisions/research-v008/preflight/priority-fixtures/final030-third-executed-suite/directory-due-edit.spec.mjs:44:247

    attachment #1: screenshot (image/png) ──────────────────────────────────────────────────────────
    experiments/instruction-effects/revisions/research-v008/preflight/priority-fixtures/stage30-final-controls-1791660945847/negative-bulk-date-resets-order-085/artifacts/directory-due-edit-085-dir-f51f5-ves-every-nonmatching-field/test-failed-1.png
    ────────────────────────────────────────────────────────────────────────────────────────────────

    Error Context: experiments/instruction-effects/revisions/research-v008/preflight/priority-fixtures/stage30-final-controls-1791660945847/negative-bulk-date-resets-order-085/artifacts/directory-due-edit-085-dir-f51f5-ves-every-nonmatching-field/error-context.md

    attachment #3: trace (application/zip) ─────────────────────────────────────────────────────────
    experiments/instruction-effects/revisions/research-v008/preflight/priority-fixtures/stage30-final-controls-1791660945847/negative-bulk-date-resets-order-085/artifacts/directory-due-edit-085-dir-f51f5-ves-every-nonmatching-field/trace.zip
    Usage:

        npx playwright show-trace experiments/instruction-effects/revisions/research-v008/preflight/priority-fixtures/stage30-final-controls-1791660945847/negative-bulk-date-resets-order-085/artifacts/directory-due-edit-085-dir-f51f5-ves-every-nonmatching-field/trace.zip

    ────────────────────────────────────────────────────────────────────────────────────────────────


  1 failed
    experiments/instruction-effects/revisions/research-v008/preflight/priority-fixtures/final030-third-executed-suite/directory-due-edit.spec.mjs:36:2 › 085 directory due-date assignment honors intersections and preserves every nonmatching field 
