
Running 1 test using 1 worker



[1/1] experiments/instruction-effects/revisions/research-v011/preflight/task040-executed01-suite/directory-owner-default-edit.spec.mjs:25:2 › 140 owner default assignment honors every current filter without changing task priorities
  1) experiments/instruction-effects/revisions/research-v011/preflight/task040-executed01-suite/directory-owner-default-edit.spec.mjs:25:2 › 140 owner default assignment honors every current filter without changing task priorities 

    Error: expect(received).toEqual(expected) // deep equality

    - Expected  - 1
    + Received  + 1

    @@ -1,8 +1,8 @@
      Object {
        "archived": false,
    -   "defaultPriority": "High",
    +   "defaultPriority": "Normal",
        "name": "task-040 Default wrong completion",
        "tasks": Array [
          Object {
            "completed": false,
            "deleted": false,

      24 |  });
      25 |  test('140 owner default assignment honors every current filter without changing task priorities',async({page})=>{
    > 26 |   test.setTimeout(180000);const q='DefaultFilters'+stage,date=String(3240+stage)+'-03-01',names=['Default matching','Default wrong prefix','Default wrong default','Default wrong priority','Default wrong date','Default wrong notes','Default wrong completion'],ts=names.map((_,i)=>(i===1?'embedded ':'')+q+' '+i);for(const [i,name] of names.entries()){await project(page,name,i===2?'Low':'High');await configured(page,name,ts[i],{priority:i===3?'High':'Low',date:i===4?'':date,notes:i===5?'':'  Filter Ω\nkept  ',completed:i!==6});}const docs=[];for(const name of names)docs.push(await full(page,name));await directory(page,q,ts[0]);await result(page,names,names.map((_,i)=>i===6?'0/1 completed':'1/1 completed'),ts,'6/7 completed');await mode(page).selectOption({label:'Starts with'});await result(page,names.filter((_,i)=>i!==1),['1/1 completed','1/1 completed','1/1 completed','1/1 completed','1/1 completed','0/1 completed'],ts.filter((_,i)=>i!==1),'5/6 completed');await page.getByRole('combobox',{name:'Project default priority',exact:true}).selectOption({label:'High'});await expect(rows(page)).toHaveCount(5);await page.getByRole('combobox',{name:'Priority filter',exact:true}).selectOption({label:'Low'});await expect(rows(page)).toHaveCount(4);await page.getByRole('combobox',{name:'Directory due status',exact:true}).selectOption({label:'Dated'});await expect(rows(page)).toHaveCount(3);await range(page,String(3240+stage)+'-03-02');await result(page,[],[],[],'0/0 completed');await range(page,date);await expect(rows(page)).toHaveCount(3);await page.getByRole('combobox',{name:'Directory notes status',exact:true}).selectOption({label:'Present'});await expect(rows(page)).toHaveCount(2);await page.getByRole('combobox',{name:'Task filter',exact:true}).selectOption({label:'Completed'});await result(page,[names[0]],['1/1 completed'],[ts[0]],'1/1 completed');await value(page).selectOption({label:'Normal'});await assign(page).click();await result(page,[],[],[],'0/0 completed');await controls(page,q);await ownerFilter(page).selectOption({label:'Normal'});await result(page,[names[0]],['1/1 completed'],[ts[0]],'1/1 completed');expect(await workspace(page)).toEqual([{...docs[0],defaultPriority:'Normal'}]);for(const [i,name] of names.entries())expect(await full(page,name)).toEqual(i===0?{...docs[i],defaultPriority:'Normal'}:docs[i]);
         |                                                                                                                                                                                                                                                                                                                                                                                                                                                                                                                                                                                                                                                                                                                                                                                                                                                                                                                                                                                                                                                                                                                                                                                                                                                                                                                                                                                                                                                                                                                                                                                                                                                                                                                                                                                                                                                                                                                                                                                                                                                                                                                                                                                                                                                                                                                                                                              ^
      27 |  });
      28 |  test('141 assigning defaults leaves task metadata and both remembered positions unchanged',async({page})=>{
      29 |   test.setTimeout(180000);const a='Default restart first',b='Default restart second',travel='DefaultRestart'+stage+' travelling-default'+stage,before='Default before '+stage,after='Default after '+stage,hold='Default hold '+stage,later='Default later '+stage,date=String(3260+stage)+'-03-01',notes='  Default restart Ω\nkept  ';
        at /Users/Shared/projects/competition/experiments/instruction-effects/revisions/research-v011/preflight/task040-executed01-suite/directory-owner-default-edit.spec.mjs:26:2286

    attachment #1: screenshot (image/png) ──────────────────────────────────────────────────────────
    experiments/instruction-effects/revisions/research-v011/preflight/task040-focused01-check-1791683895589/negative-default40-ignore-completion-140/artifacts/directory-owner-default-ed-98d43-ut-changing-task-priorities/test-failed-1.png
    ────────────────────────────────────────────────────────────────────────────────────────────────

    Error Context: experiments/instruction-effects/revisions/research-v011/preflight/task040-focused01-check-1791683895589/negative-default40-ignore-completion-140/artifacts/directory-owner-default-ed-98d43-ut-changing-task-priorities/error-context.md

    attachment #3: trace (application/zip) ─────────────────────────────────────────────────────────
    experiments/instruction-effects/revisions/research-v011/preflight/task040-focused01-check-1791683895589/negative-default40-ignore-completion-140/artifacts/directory-owner-default-ed-98d43-ut-changing-task-priorities/trace.zip
    Usage:

        npx playwright show-trace experiments/instruction-effects/revisions/research-v011/preflight/task040-focused01-check-1791683895589/negative-default40-ignore-completion-140/artifacts/directory-owner-default-ed-98d43-ut-changing-task-priorities/trace.zip

    ────────────────────────────────────────────────────────────────────────────────────────────────


  1 failed
    experiments/instruction-effects/revisions/research-v011/preflight/task040-executed01-suite/directory-owner-default-edit.spec.mjs:25:2 › 140 owner default assignment honors every current filter without changing task priorities 
