
Running 1 test using 1 worker



[1/1] experiments/instruction-effects/revisions/research-v007/decisions/task-025-draft/suite/directory-priority.spec.mjs:32:2 › 082 directory priority assignment honors intersected live results and protects nonmatching metadata
  1) experiments/instruction-effects/revisions/research-v007/decisions/task-025-draft/suite/directory-priority.spec.mjs:32:2 › 082 directory priority assignment honors intersected live results and protects nonmatching metadata 

    Error: expect(locator).toHaveValue(expected) failed

    Locator:  getByTestId('task-row').filter({ has: getByRole('checkbox', { name: 'Complete task-025 Priority batch record target zulu', exact: true }) }).visible().getByRole('textbox', { name: 'Task due date', exact: true })
    Expected: "2064-02-29"
    Received: ""
    Timeout:  5000ms

    Call log:
      - Expect "toHaveValue" getByTestId('task-row').filter({ has: getByRole('checkbox', { name: 'Complete task-025 Priority batch record target zulu', exact: true }) }).visible().getByRole('textbox', { name: 'Task due date', exact: true }) with timeout 5000ms
      - waiting for getByTestId('task-row').filter({ has: getByRole('checkbox', { name: 'Complete task-025 Priority batch record target zulu', exact: true }) }).visible().getByRole('textbox', { name: 'Task due date', exact: true })
        14 × locator resolved to <input value="" name="date"/>
           - unexpected value ""


      47 |    await returnTo(observer,a);await titles(observer,[first,low,late,done,other]);
      48 |    for(const [title,priority] of [[first,'High'],[low,'Low'],[late,'Normal'],[done,'Normal'],[other,'Normal']])await expect(taskRow(observer,title).getByRole('combobox',{name:'Task priority',exact:true}).locator('option:checked')).toHaveText(priority);
    > 49 |    await expect(observer.getByRole('checkbox',{name:'Complete '+done,exact:true})).toBeChecked();await expect(taskRow(observer,first).getByRole('textbox',{name:'Task due date',exact:true})).toHaveValue(fields.date);await expect(taskRow(observer,first).getByRole('textbox',{name:'Task notes',exact:true})).toHaveValue(fields.notes);
         |                                                                                                                                                                                               ^
      50 |    await observer.getByRole('combobox',{name:'Task filter',exact:true}).selectOption({label:'Deleted'});await expect(taskRow(observer,deleted).getByRole('combobox',{name:'Task priority',exact:true}).locator('option:checked')).toHaveText('Normal');
      51 |    await returnTo(observer,b);await expect(taskRow(observer,second).getByRole('combobox',{name:'Task priority',exact:true}).locator('option:checked')).toHaveText('High');await expect(taskRow(observer,second).getByRole('textbox',{name:'Task notes',exact:true})).toHaveValue(fields.notes);
      52 |   }finally{await observer.close();}
        at /Users/Shared/projects/competition/experiments/instruction-effects/revisions/research-v007/decisions/task-025-draft/suite/directory-priority.spec.mjs:49:191

    attachment #1: screenshot (image/png) ──────────────────────────────────────────────────────────
    experiments/instruction-effects/revisions/research-v007/preflight/priority-fixtures/stage25-priority-check-1791656427450/negative-priority-clears-date-082/artifacts/directory-priority-082-dir-a9ee4-otects-nonmatching-metadata/test-failed-1.png
    ────────────────────────────────────────────────────────────────────────────────────────────────

    Error Context: experiments/instruction-effects/revisions/research-v007/preflight/priority-fixtures/stage25-priority-check-1791656427450/negative-priority-clears-date-082/artifacts/directory-priority-082-dir-a9ee4-otects-nonmatching-metadata/error-context.md

    attachment #3: trace (application/zip) ─────────────────────────────────────────────────────────
    experiments/instruction-effects/revisions/research-v007/preflight/priority-fixtures/stage25-priority-check-1791656427450/negative-priority-clears-date-082/artifacts/directory-priority-082-dir-a9ee4-otects-nonmatching-metadata/trace.zip
    Usage:

        npx playwright show-trace experiments/instruction-effects/revisions/research-v007/preflight/priority-fixtures/stage25-priority-check-1791656427450/negative-priority-clears-date-082/artifacts/directory-priority-082-dir-a9ee4-otects-nonmatching-metadata/trace.zip

    ────────────────────────────────────────────────────────────────────────────────────────────────


  1 failed
    experiments/instruction-effects/revisions/research-v007/decisions/task-025-draft/suite/directory-priority.spec.mjs:32:2 › 082 directory priority assignment honors intersected live results and protects nonmatching metadata 
