
Running 4 tests using 1 worker



[1/4] runs/instruction-effects/pilot-002/definitions/project/acceptance/workboard.spec.mjs:6:1 › 001 health and project creation persist on reload
  1) runs/instruction-effects/pilot-002/definitions/project/acceptance/workboard.spec.mjs:6:1 › 001 health and project creation persist on reload 

    Error: expect(locator).toBeVisible() failed

    Locator: getByRole('heading', { name: 'preflight Alpha create', exact: true })
    Expected: visible
    Error: strict mode violation: getByRole('heading', { name: 'preflight Alpha create', exact: true }) resolved to 2 elements:
        1) <h1 id="page-title">preflight Alpha create</h1> aka locator('#page-title')
        2) <h2 id="project-title">preflight Alpha create</h2> aka locator('#project-title')

    Call log:
      - Expect "toBeVisible" getByRole('heading', { name: 'preflight Alpha create', exact: true }) with timeout 5000ms
      - waiting for getByRole('heading', { name: 'preflight Alpha create', exact: true })


       at helpers.mjs:20

      18 | export async function openProject(page, name) {
      19 |   await projectRow(page, name).getByRole('button', { name: 'Open project', exact: true }).click();
    > 20 |   await expect(page.getByRole('heading', { name: projectName(name), exact: true })).toBeVisible();
         |                                                                                     ^
      21 | }
      22 | export async function createTask(page, title) {
      23 |   await page.getByRole('textbox', { name: 'Task title', exact: true }).fill(title);
        at openProject (/Users/Shared/projects/competition/runs/instruction-effects/pilot-002/definitions/project/acceptance/helpers.mjs:20:85)
        at /Users/Shared/projects/competition/runs/instruction-effects/pilot-002/definitions/project/acceptance/workboard.spec.mjs:15:3

    attachment #1: screenshot (image/png) ──────────────────────────────────────────────────────────
    runs/instruction-effects/pilot-002/preflight/actual-app-check/acceptance/artifacts/workboard-001-health-and-project-creation-persist-on-reload/test-failed-1.png
    ────────────────────────────────────────────────────────────────────────────────────────────────

    Error Context: runs/instruction-effects/pilot-002/preflight/actual-app-check/acceptance/artifacts/workboard-001-health-and-project-creation-persist-on-reload/error-context.md

    attachment #3: trace (application/zip) ─────────────────────────────────────────────────────────
    runs/instruction-effects/pilot-002/preflight/actual-app-check/acceptance/artifacts/workboard-001-health-and-project-creation-persist-on-reload/trace.zip
    Usage:

        npx playwright show-trace runs/instruction-effects/pilot-002/preflight/actual-app-check/acceptance/artifacts/workboard-001-health-and-project-creation-persist-on-reload/trace.zip

    ────────────────────────────────────────────────────────────────────────────────────────────────




[2/4] runs/instruction-effects/pilot-002/definitions/project/acceptance/workboard.spec.mjs:21:1 › 002 blank project input is rejected
[3/4] runs/instruction-effects/pilot-002/definitions/project/acceptance/workboard.spec.mjs:30:1 › 003 project creation order
[4/4] runs/instruction-effects/pilot-002/definitions/project/acceptance/workboard.spec.mjs:132:1 › 011 seed process-restart persistence checks
  1 failed
    runs/instruction-effects/pilot-002/definitions/project/acceptance/workboard.spec.mjs:6:1 › 001 health and project creation persist on reload 
  3 passed (1.6s)
