
Running 1 test using 1 worker



[1/1] experiments/instruction-effects/revisions/research-v004/decisions/task-019-draft/suite/directory.spec.mjs:20:2 › 066 directory includes original imported records and uses current whitespace matching without mutating project state
  1) experiments/instruction-effects/revisions/research-v004/decisions/task-019-draft/suite/directory.spec.mjs:20:2 › 066 directory includes original imported records and uses current whitespace matching without mutating project state 

    Error: expect(locator).toHaveText(expected) failed

    Locator:  getByTestId('project-row').filter({ hasText: 'task-019 Directory whitespace' }).visible().getByTestId('project-summary')
    Expected: "0/1 completed"
    Received: "1/1 completed"
    Timeout:  5000ms

    Call log:
      - Expect "toHaveText" getByTestId('project-row').filter({ hasText: 'task-019 Directory whitespace' }).visible().getByTestId('project-summary') with timeout 5000ms
      - waiting for getByTestId('project-row').filter({ hasText: 'task-019 Directory whitespace' }).visible().getByTestId('project-summary')
        14 × locator resolved to <span data-testid="project-summary">1/1 completed</span>
           - unexpected value "1/1 completed"


      19 |  });
      20 |  test('066 directory includes original imported records and uses current whitespace matching without mutating project state',async({page})=>{
    > 21 |   await directory(page);await query(page,'IMPORTED LIVE');const legacy=rows(page).filter({has:page.getByTestId('directory-project-name').filter({hasText:'task-018 Import restart'})});await expect(legacy).toHaveCount(1);await expect(legacy.getByTestId('directory-task-title')).toHaveText('Imported live');await expect(legacy.getByTestId('directory-task-priority')).toHaveText('Low');await expect(legacy.getByTestId('directory-task-due-date')).toHaveText('2044-02-29');await expect(legacy.getByTestId('directory-task-notes')).toHaveText('Live import');await createProject(page,'Directory whitespace');await openProject(page,'Directory whitespace');await createTask(page,title('Gap  task'));await directory(page);await query(page,'  '+title('GAP\t TASK')+'  ');await expect(row(page,title('Gap  task'))).toBeVisible();await expect(rows(page)).toHaveCount(1);expect(await row(page,title('Gap  task')).getByTestId('directory-task-title').textContent()).toBe(title('Gap  task'));await row(page,title('Gap  task')).getByRole('button',{name:'Open project',exact:true}).click();await expect(taskRow(page,title('Gap  task'))).toBeVisible();await page.getByRole('button',{name:'Projects',exact:true}).click();await expect(projectRow(page,'Directory whitespace').getByTestId('project-summary')).toHaveText('0/1 completed');
         |                                                                                                                                                                                                                                                                                                                                                                                                                                                                                                                                                                                                                                                                                                                                                                                                                                                                                                                                                                                                                                                                                                                                                                                                                                                                                                                                    ^
      22 |  });
      23 | }
      24 |
        at /Users/Shared/projects/competition/experiments/instruction-effects/revisions/research-v004/decisions/task-019-draft/suite/directory.spec.mjs:21:1284

    attachment #1: screenshot (image/png) ──────────────────────────────────────────────────────────
    experiments/instruction-effects/revisions/research-v004/preflight/priority-fixtures/stage-19-check-1791640025587/negative-directory-mutates/artifacts/directory-066-directory-in-2105c-hout-mutating-project-state/test-failed-1.png
    ────────────────────────────────────────────────────────────────────────────────────────────────

    Error Context: experiments/instruction-effects/revisions/research-v004/preflight/priority-fixtures/stage-19-check-1791640025587/negative-directory-mutates/artifacts/directory-066-directory-in-2105c-hout-mutating-project-state/error-context.md

    attachment #3: trace (application/zip) ─────────────────────────────────────────────────────────
    experiments/instruction-effects/revisions/research-v004/preflight/priority-fixtures/stage-19-check-1791640025587/negative-directory-mutates/artifacts/directory-066-directory-in-2105c-hout-mutating-project-state/trace.zip
    Usage:

        npx playwright show-trace experiments/instruction-effects/revisions/research-v004/preflight/priority-fixtures/stage-19-check-1791640025587/negative-directory-mutates/artifacts/directory-066-directory-in-2105c-hout-mutating-project-state/trace.zip

    ────────────────────────────────────────────────────────────────────────────────────────────────


  1 failed
    experiments/instruction-effects/revisions/research-v004/decisions/task-019-draft/suite/directory.spec.mjs:20:2 › 066 directory includes original imported records and uses current whitespace matching without mutating project state 
