
Running 1 test using 1 worker



[1/1] experiments/instruction-effects/revisions/research-v004/decisions/task-013-draft/suite/search.spec.mjs:30:2 › 048 rename re-evaluates search membership and archived search remains readable
  1) experiments/instruction-effects/revisions/research-v004/decisions/task-013-draft/suite/search.spec.mjs:30:2 › 048 rename re-evaluates search membership and archived search remains readable 

    Error: expect(locator).toBeEnabled() failed

    Locator:  getByRole('textbox', { name: 'Task search', exact: true })
    Expected: enabled
    Received: disabled
    Timeout:  5000ms

    Call log:
      - Expect "toBeEnabled" getByRole('textbox', { name: 'Task search', exact: true }) with timeout 5000ms
      - waiting for getByRole('textbox', { name: 'Task search', exact: true })
        14 × locator resolved to <input value="" name="task_search"/>
           - unexpected value "disabled"


      33 |   const observer=await page.context().newPage();try{await expect.poll(async()=>{await observer.goto('/');await openProject(observer,'Search mutable titles');await expect(taskRow(observer,'Renamed outside query')).toBeVisible();return taskRow(observer,'Renamed outside query').count();},{timeout:5000}).toBe(1);}finally{await observer.close();}
      34 |   await expect(taskRow(page,'Renamed outside query')).toHaveCount(0);await expect(taskRow(page,'Matching second')).toBeVisible();await expect(page.getByTestId('task-row').filter({visible:true})).toHaveCount(1);await taskSearch(page,'');await expect(taskRow(page,'Renamed outside query')).toBeVisible();
    > 35 |   await page.getByRole('button',{name:'Projects',exact:true}).click();await projectRow(page,'Search mutable titles').getByRole('button',{name:'Archive project',exact:true}).click();await expect(projectRow(page,'Search mutable titles')).toHaveCount(0);await page.getByRole('combobox',{name:'Project filter',exact:true}).selectOption({label:'Archived'});await openProject(page,'Search mutable titles');await expect(page.getByRole('textbox',{name:'Task search',exact:true})).toBeEnabled();await taskSearch(page,'matching');await expect(page.getByTestId('task-row').filter({visible:true})).toHaveCount(1);await expect(page.getByRole('checkbox',{name:'Complete Matching second',exact:true})).toBeDisabled();await expect(taskRow(page,'Matching second').getByRole('button',{name:'Move task',exact:true})).toBeDisabled();
         |                                                                                                                                                                                                                                                                                                                                                                                                                                                                                         ^
      36 |  });
      37 |  test('049 upgraded original task012 return positions remain usable',async({page})=>{
      38 |   const oldProject=async(name)=>{await page.goto('/');await page.getByTestId('project-row').filter({hasText:'task-012 '+name}).filter({visible:true}).getByRole('button',{name:'Open project',exact:true}).click();};
        at /Users/Shared/projects/competition/experiments/instruction-effects/revisions/research-v004/decisions/task-013-draft/suite/search.spec.mjs:35:473

    attachment #1: screenshot (image/png) ──────────────────────────────────────────────────────────
    experiments/instruction-effects/revisions/research-v004/preflight/priority-fixtures/stage-13-check-1791634086846/negative-archived-search-disabled/artifacts/search-048-rename-re-evalu-80e53-ved-search-remains-readable/test-failed-1.png
    ────────────────────────────────────────────────────────────────────────────────────────────────

    Error Context: experiments/instruction-effects/revisions/research-v004/preflight/priority-fixtures/stage-13-check-1791634086846/negative-archived-search-disabled/artifacts/search-048-rename-re-evalu-80e53-ved-search-remains-readable/error-context.md

    attachment #3: trace (application/zip) ─────────────────────────────────────────────────────────
    experiments/instruction-effects/revisions/research-v004/preflight/priority-fixtures/stage-13-check-1791634086846/negative-archived-search-disabled/artifacts/search-048-rename-re-evalu-80e53-ved-search-remains-readable/trace.zip
    Usage:

        npx playwright show-trace experiments/instruction-effects/revisions/research-v004/preflight/priority-fixtures/stage-13-check-1791634086846/negative-archived-search-disabled/artifacts/search-048-rename-re-evalu-80e53-ved-search-remains-readable/trace.zip

    ────────────────────────────────────────────────────────────────────────────────────────────────


  1 failed
    experiments/instruction-effects/revisions/research-v004/decisions/task-013-draft/suite/search.spec.mjs:30:2 › 048 rename re-evaluates search membership and archived search remains readable 
