
Running 1 test using 1 worker



[1/1] experiments/instruction-effects/revisions/research-v005/decisions/task-020-draft/suite/bulk-directory.spec.mjs:13:2 › 067 bulk completion intersects every directory filter and preserves fields order and reserved positions
  1) experiments/instruction-effects/revisions/research-v005/decisions/task-020-draft/suite/bulk-directory.spec.mjs:13:2 › 067 bulk completion intersects every directory filter and preserves fields order and reserved positions 

    Error: expect(locator).toBeVisible() failed

    Locator: getByText('No matching tasks', { exact: true })
    Expected: visible
    Timeout: 5000ms
    Error: element(s) not found

    Call log:
      - Expect "toBeVisible" getByText('No matching tasks', { exact: true }) with timeout 5000ms
      - waiting for getByText('No matching tasks', { exact: true })


      16 |   await createProject(page,b);await openProject(page,b);await configured(page,b,second,'High','2050-01-01',false,'Second original note');await configured(page,b,secondDone,'High','2050-01-01',true);await configured(page,b,undated,'High');await moved(page,b,a,second);await createTask(page,'Bulk later reservation sentinel');await moved(page,a,b,second);
      17 |   await createProject(page,'Bulk archived owner');await openProject(page,'Bulk archived owner');await configured(page,'Bulk archived owner',prefix+' archived','High','2050-01-01');await page.getByRole('button',{name:'Projects',exact:true}).click();await projectRow(page,'Bulk archived owner').getByRole('button',{name:'Archive project',exact:true}).click();await expect(projectRow(page,'Bulk archived owner')).toHaveCount(0);
    > 18 |   await directory(page,prefix);await expect(rows(page)).toHaveCount(7);await page.getByRole('combobox',{name:'Task filter',exact:true}).selectOption({label:'Open'});await expect(rows(page)).toHaveCount(5);await page.getByRole('combobox',{name:'Priority filter',exact:true}).selectOption({label:'High'});await expect(rows(page)).toHaveCount(4);await page.getByRole('textbox',{name:'Due from',exact:true}).fill('2050-01-01');await page.getByRole('textbox',{name:'Due through',exact:true}).fill('2050-01-01');await page.getByRole('button',{name:'Apply due range',exact:true}).click();await expect(rows(page)).toHaveCount(2);await expect(rows(page).getByTestId('directory-task-title')).toHaveText([first,second]);await expect(complete(page)).toBeEnabled();await expect(reopen(page)).toBeDisabled();await complete(page).click();await expectPersistedCompletion(page,a,first,true);await expectPersistedCompletion(page,b,second,true);await expect(page.getByText('No matching tasks',{exact:true})).toBeVisible();await expect(rows(page)).toHaveCount(0);await expect(complete(page)).toBeDisabled();await expect(reopen(page)).toBeDisabled();await expect(page.getByRole('combobox',{name:'Task filter',exact:true}).locator('option:checked')).toHaveText('Open');await expect(page.getByRole('combobox',{name:'Priority filter',exact:true}).locator('option:checked')).toHaveText('High');await expect(page.getByRole('textbox',{name:'Due from',exact:true})).toHaveValue('2050-01-01');await expect(page.getByRole('textbox',{name:'Due through',exact:true})).toHaveValue('2050-01-01');await expect(page.getByRole('textbox',{name:'Directory search',exact:true})).toHaveValue(prefix);
         |                                                                                                                                                                                                                                                                                                                                                                                                                                                                                                                                                                                                                                                                                                                                                                                                                                                                                                                                                                                                                              ^
      19 |   await observerProject(page,a,async observer=>{const stored=observer.getByTestId('task-row').filter({visible:true});await expect(stored).toHaveCount(6);for(const [i,t] of [first,low,done,projectName('Bulk other title'),later,'Bulk later reservation sentinel'].entries())await expect(stored.nth(i).getByRole('checkbox',{name:'Complete '+t,exact:true})).toBeVisible();for(const t of [low,later,projectName('Bulk other title')])await expect(observer.getByRole('checkbox',{name:'Complete '+t,exact:true})).not.toBeChecked();await expect(taskRow(observer,first).getByRole('textbox',{name:'Task notes',exact:true})).toHaveValue('  Bulk <b>Ω</b>\nretained  ');await expect(taskRow(observer,first).getByRole('textbox',{name:'Task due date',exact:true})).toHaveValue('2050-01-01');await expect(taskRow(observer,first).getByRole('combobox',{name:'Task priority',exact:true}).locator('option:checked')).toHaveText('High');await observer.getByRole('combobox',{name:'Task filter',exact:true}).selectOption({label:'Deleted'});await expect(observer.getByRole('checkbox',{name:'Complete '+deleted,exact:true})).not.toBeChecked();});
      20 |   await observerProject(page,b,async observer=>{await expect(observer.getByRole('checkbox',{name:'Complete '+undated,exact:true})).not.toBeChecked();});await observerProject(page,'Bulk archived owner',async observer=>{await expect(observer.getByRole('checkbox',{name:'Complete '+prefix+' archived',exact:true})).not.toBeChecked();},true);
      21 |   await page.getByRole('combobox',{name:'Task filter',exact:true}).selectOption({label:'Completed'});await expect(rows(page)).toHaveCount(4);await expect(complete(page)).toBeDisabled();await expect(reopen(page)).toBeEnabled();await reopen(page).click();for(const [owner,t] of [[a,first],[a,done],[b,second],[b,secondDone]])await expectPersistedCompletion(page,owner,t,false);await expect(page.getByText('No matching tasks',{exact:true})).toBeVisible();await expect(rows(page)).toHaveCount(0);await expect(page.getByRole('combobox',{name:'Task filter',exact:true}).locator('option:checked')).toHaveText('Completed');
        at /Users/Shared/projects/competition/experiments/instruction-effects/revisions/research-v005/decisions/task-020-draft/suite/bulk-directory.spec.mjs:18:990

    attachment #1: screenshot (image/png) ──────────────────────────────────────────────────────────
    experiments/instruction-effects/revisions/research-v005/preflight/priority-fixtures/bulk-final-check-1791645762528/negative-bulk-resets-filters/artifacts/bulk-directory-067-bulk-co-a28bd-rder-and-reserved-positions/test-failed-1.png
    ────────────────────────────────────────────────────────────────────────────────────────────────

    Error Context: experiments/instruction-effects/revisions/research-v005/preflight/priority-fixtures/bulk-final-check-1791645762528/negative-bulk-resets-filters/artifacts/bulk-directory-067-bulk-co-a28bd-rder-and-reserved-positions/error-context.md

    attachment #3: trace (application/zip) ─────────────────────────────────────────────────────────
    experiments/instruction-effects/revisions/research-v005/preflight/priority-fixtures/bulk-final-check-1791645762528/negative-bulk-resets-filters/artifacts/bulk-directory-067-bulk-co-a28bd-rder-and-reserved-positions/trace.zip
    Usage:

        npx playwright show-trace experiments/instruction-effects/revisions/research-v005/preflight/priority-fixtures/bulk-final-check-1791645762528/negative-bulk-resets-filters/artifacts/bulk-directory-067-bulk-co-a28bd-rder-and-reserved-positions/trace.zip

    ────────────────────────────────────────────────────────────────────────────────────────────────


  1 failed
    experiments/instruction-effects/revisions/research-v005/decisions/task-020-draft/suite/bulk-directory.spec.mjs:13:2 › 067 bulk completion intersects every directory filter and preserves fields order and reserved positions 
