
Running 1 test using 1 worker



[1/1] experiments/instruction-effects/revisions/research-v006/decisions/task-023-draft/suite/search-whitespace.spec.mjs:12:2 › 051 project whitespace matching retains original names and archived intersection
  1) experiments/instruction-effects/revisions/research-v006/decisions/task-023-draft/suite/search-whitespace.spec.mjs:12:2 › 051 project whitespace matching retains original names and archived intersection 

    Error: expect(locator).toHaveCount(expected) failed

    Locator:  getByTestId('project-row').visible()
    Expected: 2
    Received: 0
    Timeout:  5000ms

    Call log:
      - Expect "toHaveCount" getByTestId('project-row').visible() with timeout 5000ms
      - waiting for getByTestId('project-row').visible()
        14 × locator resolved to 0 elements
           - unexpected value "0"


      13 |   await createProject(page,'Whitespace   Saved first');await createProject(page,'Whitespace Saved second');await createProject(page,'Whitespace  Saved archived');await projectRow(page,'Whitespace  Saved archived').getByRole('button',{name:'Archive project',exact:true}).click();await expect(projectRow(page,'Whitespace  Saved archived')).toHaveCount(0);
      14 |   await createProject(page,'Whitespace unrelated sentinel');for(const query of ['whitespace saved',' WHITESPACE  SAVED ','whitespace\t saved']){await page.getByRole('textbox',{name:'Project search',exact:true}).fill('');await page.getByRole('button',{name:'Search projects',exact:true}).click();await expect(projectRow(page,'Whitespace unrelated sentinel')).toBeVisible();
    > 15 |    await page.getByRole('textbox',{name:'Project search',exact:true}).fill(projectName(query));await page.getByRole('button',{name:'Search projects',exact:true}).click();await expect(projectRow(page,'Whitespace unrelated sentinel')).toHaveCount(0);await expect(page.getByTestId('project-row').filter({visible:true})).toHaveCount(2);const rows=await page.getByTestId('project-row').filter({visible:true}).allTextContents();expect(rows[0]).toContain('Whitespace   Saved first');expect(rows[1]).toContain('Whitespace Saved second');
         |                                                                                                                                                                                                                                                                                                                              ^
      16 |   }
      17 |   await page.getByRole('combobox',{name:'Project filter',exact:true}).selectOption({label:'Archived'});await expect(page.getByTestId('project-row').filter({visible:true})).toHaveCount(1);expect(await projectRow(page,'Whitespace  Saved archived').textContent()).toContain('Whitespace  Saved archived');await page.reload();expect(await projectRow(page,'Whitespace  Saved archived').textContent()).toContain('Whitespace  Saved archived');
      18 |  });
        at /Users/Shared/projects/competition/experiments/instruction-effects/revisions/research-v006/decisions/task-023-draft/suite/search-whitespace.spec.mjs:15:318

    attachment #1: screenshot (image/png) ──────────────────────────────────────────────────────────
    experiments/instruction-effects/revisions/research-v006/preflight/priority-fixtures/stage23-full-read-check-1791652711648/negative-search-tabs-ignored/artifacts/search-whitespace-051-proj-76d94-s-and-archived-intersection/test-failed-1.png
    ────────────────────────────────────────────────────────────────────────────────────────────────

    Error Context: experiments/instruction-effects/revisions/research-v006/preflight/priority-fixtures/stage23-full-read-check-1791652711648/negative-search-tabs-ignored/artifacts/search-whitespace-051-proj-76d94-s-and-archived-intersection/error-context.md

    attachment #3: trace (application/zip) ─────────────────────────────────────────────────────────
    experiments/instruction-effects/revisions/research-v006/preflight/priority-fixtures/stage23-full-read-check-1791652711648/negative-search-tabs-ignored/artifacts/search-whitespace-051-proj-76d94-s-and-archived-intersection/trace.zip
    Usage:

        npx playwright show-trace experiments/instruction-effects/revisions/research-v006/preflight/priority-fixtures/stage23-full-read-check-1791652711648/negative-search-tabs-ignored/artifacts/search-whitespace-051-proj-76d94-s-and-archived-intersection/trace.zip

    ────────────────────────────────────────────────────────────────────────────────────────────────


  1 failed
    experiments/instruction-effects/revisions/research-v006/decisions/task-023-draft/suite/search-whitespace.spec.mjs:12:2 › 051 project whitespace matching retains original names and archived intersection 
