
Running 1 test using 1 worker



[1/1] experiments/instruction-effects/revisions/research-v009/preflight/priority-fixtures/final030-import-render-ready-executed-suite/workspace-import.spec.mjs:52:2 › 098 imported deleted tasks restore into supplied positions and preserve bulk-edited fields across later moves
  1) experiments/instruction-effects/revisions/research-v009/preflight/priority-fixtures/final030-import-render-ready-executed-suite/workspace-import.spec.mjs:52:2 › 098 imported deleted tasks restore into supplied positions and preserve bulk-edited fields across later moves 

    Error: expect(locator).toBeVisible() failed

    Locator: getByTestId('task-row').visible().nth(1).getByRole('checkbox', { name: 'Complete task-030 Workspace imported travelling', exact: true })
    Expected: visible
    Timeout: 5000ms
    Error: element(s) not found

    Call log:
      - Expect "toBeVisible" getByTestId('task-row').visible().nth(1).getByRole('checkbox', { name: 'Complete task-030 Workspace imported travelling', exact: true }) with timeout 5000ms
      - waiting for getByTestId('task-row').visible().nth(1).getByRole('checkbox', { name: 'Complete task-030 Workspace imported travelling', exact: true })


       5 | const save=p=>p.getByRole('button',{name:'Set visible priority',exact:true});
       6 | const restore=p=>p.getByRole('button',{name:'Restore visible tasks',exact:true});
    >  7 | async function titles(p,expected){const r=p.getByTestId('task-row').filter({visible:true});await expect(r).toHaveCount(expected.length);for(const [i,title] of expected.entries())await expect(r.nth(i).getByRole('checkbox',{name:'Complete '+title,exact:true})).toBeVisible();}
         |                                                                                                                                                                                                                                                                    ^
       8 | async function result(p,names,counts,expected,total){
       9 |  if(!expected.length)await expect(p.getByText('No matching tasks',{exact:true})).toBeVisible();
      10 |  await expect(rows(p).getByTestId('directory-task-title')).toHaveText(expected);
        at titles (/Users/Shared/projects/competition/experiments/instruction-effects/revisions/research-v009/preflight/priority-fixtures/final030-import-render-ready-executed-suite/workspace-import.spec.mjs:7:260)
        at move (/Users/Shared/projects/competition/experiments/instruction-effects/revisions/research-v009/preflight/priority-fixtures/final030-import-render-ready-executed-suite/workspace-import.spec.mjs:55:388)
        at /Users/Shared/projects/competition/experiments/instruction-effects/revisions/research-v009/preflight/priority-fixtures/final030-import-render-ready-executed-suite/workspace-import.spec.mjs:56:87

    attachment #1: screenshot (image/png) ──────────────────────────────────────────────────────────
    experiments/instruction-effects/revisions/research-v009/preflight/priority-fixtures/stage30-import-render-ready-faults-1791669631240/negative-workspace-import-restore-appends-098/artifacts/workspace-import-098-impor-329dd-d-fields-across-later-moves/test-failed-1.png
    ────────────────────────────────────────────────────────────────────────────────────────────────

    Error Context: experiments/instruction-effects/revisions/research-v009/preflight/priority-fixtures/stage30-import-render-ready-faults-1791669631240/negative-workspace-import-restore-appends-098/artifacts/workspace-import-098-impor-329dd-d-fields-across-later-moves/error-context.md

    attachment #3: trace (application/zip) ─────────────────────────────────────────────────────────
    experiments/instruction-effects/revisions/research-v009/preflight/priority-fixtures/stage30-import-render-ready-faults-1791669631240/negative-workspace-import-restore-appends-098/artifacts/workspace-import-098-impor-329dd-d-fields-across-later-moves/trace.zip
    Usage:

        npx playwright show-trace experiments/instruction-effects/revisions/research-v009/preflight/priority-fixtures/stage30-import-render-ready-faults-1791669631240/negative-workspace-import-restore-appends-098/artifacts/workspace-import-098-impor-329dd-d-fields-across-later-moves/trace.zip

    ────────────────────────────────────────────────────────────────────────────────────────────────


  1 failed
    experiments/instruction-effects/revisions/research-v009/preflight/priority-fixtures/final030-import-render-ready-executed-suite/workspace-import.spec.mjs:52:2 › 098 imported deleted tasks restore into supplied positions and preserve bulk-edited fields across later moves 
