
Running 1 test using 1 worker



[1/1] experiments/instruction-effects/revisions/research-v010/preflight/task036-executed02-suite/directory-notes-status.spec.mjs:12:2 › 122 notes presence treats whitespace as present and intersects every directory filter
  1) experiments/instruction-effects/revisions/research-v010/preflight/task036-executed02-suite/directory-notes-status.spec.mjs:12:2 › 122 notes presence treats whitespace as present and intersects every directory filter 

    Error: expect(locator).toHaveText(expected) failed

    Locator: getByTestId('directory-task-row').visible().getByTestId('directory-task-title')
    Timeout: 5000ms
    - Expected  - 0
    + Received  + 1

      Array [
        "NotesPresence36 empty",
    +   "NotesPresence36 whitespace",
        "NotesPresence36 other",
      ]

    Call log:
      - Expect "toHaveText" getByTestId('directory-task-row').visible().getByTestId('directory-task-title') with timeout 5000ms
      - waiting for getByTestId('directory-task-row').visible().getByTestId('directory-task-title')
        - waiting for navigation to finish...
        - navigated to "http://127.0.0.1:49230/directory?directory_notes_status=Empty&directory_due_status=All&directory_order=Original&project_scope=Active&filter=All&priority_filter=All&due_from=&due_through=&directory_se…"
        3 × locator resolved to 0 elements
        11 × locator resolved to 3 elements


       at directory-presence-helpers.mjs:10

       8 | async function result(p,names,counts,expected,total){
       9 |  if(!expected.length)await expect(p.getByText('No matching tasks',{exact:true})).toBeVisible();
    > 10 |  await expect(rows(p).getByTestId('directory-task-title')).toHaveText(expected);
         |                                                            ^
      11 |  await expect(owners(p).getByTestId('directory-owner-name')).toHaveText(names.map(projectName));
      12 |  await expect(owners(p).getByTestId('directory-owner-summary')).toHaveText(counts);
      13 |  await expect(p.getByTestId('directory-summary')).toHaveText(total);
        at result (/Users/Shared/projects/competition/experiments/instruction-effects/revisions/research-v010/preflight/task036-executed02-suite/directory-presence-helpers.mjs:10:60)
        at /Users/Shared/projects/competition/experiments/instruction-effects/revisions/research-v010/preflight/task036-executed02-suite/directory-notes-status.spec.mjs:16:262

    attachment #1: screenshot (image/png) ──────────────────────────────────────────────────────────
    experiments/instruction-effects/revisions/research-v010/preflight/task036-focused02-check-1791677773977/negative-notes36-trims-presence-122/artifacts/directory-notes-status-122-92ec1-ects-every-directory-filter/test-failed-1.png
    ────────────────────────────────────────────────────────────────────────────────────────────────

    Error Context: experiments/instruction-effects/revisions/research-v010/preflight/task036-focused02-check-1791677773977/negative-notes36-trims-presence-122/artifacts/directory-notes-status-122-92ec1-ects-every-directory-filter/error-context.md

    attachment #3: trace (application/zip) ─────────────────────────────────────────────────────────
    experiments/instruction-effects/revisions/research-v010/preflight/task036-focused02-check-1791677773977/negative-notes36-trims-presence-122/artifacts/directory-notes-status-122-92ec1-ects-every-directory-filter/trace.zip
    Usage:

        npx playwright show-trace experiments/instruction-effects/revisions/research-v010/preflight/task036-focused02-check-1791677773977/negative-notes36-trims-presence-122/artifacts/directory-notes-status-122-92ec1-ects-every-directory-filter/trace.zip

    ────────────────────────────────────────────────────────────────────────────────────────────────


  1 failed
    experiments/instruction-effects/revisions/research-v010/preflight/task036-executed02-suite/directory-notes-status.spec.mjs:12:2 › 122 notes presence treats whitespace as present and intersects every directory filter 
