.........................................................../opt/homebrew/Cellar/python@3.14/3.14.8_1/Frameworks/Python.framework/Versions/3.14/lib/python3.14/tempfile.py:484: ResourceWarning: Implicitly cleaning up <HTTPError 500: 'invalid tool arguments'>
  _warnings.warn(self.warn_message, ResourceWarning)
/opt/homebrew/Cellar/python@3.14/3.14.8_1/Frameworks/Python.framework/Versions/3.14/lib/python3.14/tempfile.py:484: ResourceWarning: Implicitly cleaning up <HTTPError 500: 'Internal Server Error'>
  _warnings.warn(self.warn_message, ResourceWarning)
./opt/homebrew/Cellar/python@3.14/3.14.8_1/Frameworks/Python.framework/Versions/3.14/lib/python3.14/tempfile.py:484: ResourceWarning: Implicitly cleaning up <HTTPError 405: 'Only metered inference POST requests are supported.'>
  _warnings.warn(self.warn_message, ResourceWarning)
../opt/homebrew/Cellar/python@3.14/3.14.8_1/Frameworks/Python.framework/Versions/3.14/lib/python3.14/tempfile.py:484: ResourceWarning: Implicitly cleaning up <HTTPError 403: 'Inactive or incorrect inference lease.'>
  _warnings.warn(self.warn_message, ResourceWarning)
..../opt/homebrew/Cellar/python@3.14/3.14.8_1/Frameworks/Python.framework/Versions/3.14/lib/python3.14/tempfile.py:484: ResourceWarning: Implicitly cleaning up <HTTPError 403: 'Model differs from frozen builder configuration.'>
  _warnings.warn(self.warn_message, ResourceWarning)
.....................................................FF................................................../opt/homebrew/Cellar/python@3.14/3.14.8_1/Frameworks/Python.framework/Versions/3.14/lib/python3.14/unittest/mock.py:2259: ResourceWarning: unclosed database in <sqlite3.Connection object at 0x10a3af010>
  def __init__(self, name, parent):
ResourceWarning: Enable tracemalloc to get the object allocation traceback
/opt/homebrew/Cellar/python@3.14/3.14.8_1/Frameworks/Python.framework/Versions/3.14/lib/python3.14/unittest/mock.py:2259: ResourceWarning: unclosed database in <sqlite3.Connection object at 0x10a3af880>
  def __init__(self, name, parent):
ResourceWarning: Enable tracemalloc to get the object allocation traceback
......
======================================================================
FAIL: test_observer_revision_preserves_bounds_and_refuses_cross_revision_replay (test_research_preparation.ResearchPreparationTests.test_observer_revision_preserves_bounds_and_refuses_cross_revision_replay)
----------------------------------------------------------------------
Traceback (most recent call last):
  File "/Users/Shared/projects/competition/tests/test_research_preparation.py", line 62, in test_observer_revision_preserves_bounds_and_refuses_cross_revision_replay
    with self.assertRaises(InfrastructureError):research_inputs(source,'research-v011')
         ~~~~~~~~~~~~~~~~~^^^^^^^^^^^^^^^^^^^^^
AssertionError: InfrastructureError not raised

======================================================================
FAIL: test_positive_anchor_revision_preserves_bounds_and_refuses_cross_revision_replay (test_research_preparation.ResearchPreparationTests.test_positive_anchor_revision_preserves_bounds_and_refuses_cross_revision_replay)
----------------------------------------------------------------------
Traceback (most recent call last):
  File "/Users/Shared/projects/competition/tests/test_research_preparation.py", line 79, in test_positive_anchor_revision_preserves_bounds_and_refuses_cross_revision_replay
    with self.assertRaises(InfrastructureError):research_inputs(source,'research-v011')
         ~~~~~~~~~~~~~~~~~^^^^^^^^^^^^^^^^^^^^^
AssertionError: InfrastructureError not raised

----------------------------------------------------------------------
Ran 177 tests in 43.004s

FAILED (failures=2)
