
Running 1 test using 1 worker



[1/1] experiments/instruction-effects/revisions/research-v010/preflight/task038-executed04-suite/directory-prefix-search.spec.mjs:19:2 › 132 every bulk action and matching export honor prefix and protect embedded matches
  1) experiments/instruction-effects/revisions/research-v010/preflight/task038-executed04-suite/directory-prefix-search.spec.mjs:19:2 › 132 every bulk action and matching export honor prefix and protect embedded matches 

    Error: expect(received).toBe(expected) // Object.is equality

    Expected: ""
    Received: "3058-03-01"

    Call Log:
    - Timeout 5000ms exceeded while waiting on the predicate

       at directory-presence-helpers.mjs:36

      34 | async function download(p){const [d]=await Promise.all([p.waitForEvent('download'),p.getByRole('button',{name:'Download project',exact:true}).click()]);const s=await d.createReadStream(),chunks=[];for await(const c of s)chunks.push(c);return JSON.parse(Buffer.concat(chunks).toString('utf8')).project;}
      35 | async function workspace(p){const [d]=await Promise.all([p.waitForEvent('download'),p.getByRole('button',{name:'Export matching workspace',exact:true}).click()]);const s=await d.createReadStream(),chunks=[];for await(const c of s)chunks.push(c);return JSON.parse(Buffer.concat(chunks).toString('utf8')).projects;}
    > 36 | async function fieldStored(p,owner,title,label,value){const o=await p.context().newPage();try{await expect.poll(async()=>{await returnTo(o,owner);return taskRow(o,title).getByRole('textbox',{name:label,exact:true}).inputValue();}).toBe(value);}finally{await o.close();}}
         |                                                                                                                                                                                                                                        ^
      37 | async function protectedWrites(p){for(const label of ['Complete visible tasks','Reopen visible tasks','Delete visible tasks','Set visible priority','Save visible due date','Save visible notes'])await expect(p.getByRole('button',{name:label,exact:true})).toBeDisabled();}
      38 |
      39 |
        at fieldStored (/Users/Shared/projects/competition/experiments/instruction-effects/revisions/research-v010/preflight/task038-executed04-suite/directory-presence-helpers.mjs:36:232)
        at /Users/Shared/projects/competition/experiments/instruction-effects/revisions/research-v010/preflight/task038-executed04-suite/directory-prefix-search.spec.mjs:24:253

    attachment #1: screenshot (image/png) ──────────────────────────────────────────────────────────
    experiments/instruction-effects/revisions/research-v010/preflight/task038-focused03-check-1791680578205/negative-prefix-bulk-date-substring-132/artifacts/directory-prefix-search-13-6058e-nd-protect-embedded-matches/test-failed-1.png
    ────────────────────────────────────────────────────────────────────────────────────────────────

    Error Context: experiments/instruction-effects/revisions/research-v010/preflight/task038-focused03-check-1791680578205/negative-prefix-bulk-date-substring-132/artifacts/directory-prefix-search-13-6058e-nd-protect-embedded-matches/error-context.md

    attachment #3: trace (application/zip) ─────────────────────────────────────────────────────────
    experiments/instruction-effects/revisions/research-v010/preflight/task038-focused03-check-1791680578205/negative-prefix-bulk-date-substring-132/artifacts/directory-prefix-search-13-6058e-nd-protect-embedded-matches/trace.zip
    Usage:

        npx playwright show-trace experiments/instruction-effects/revisions/research-v010/preflight/task038-focused03-check-1791680578205/negative-prefix-bulk-date-substring-132/artifacts/directory-prefix-search-13-6058e-nd-protect-embedded-matches/trace.zip

    ────────────────────────────────────────────────────────────────────────────────────────────────


  1 failed
    experiments/instruction-effects/revisions/research-v010/preflight/task038-executed04-suite/directory-prefix-search.spec.mjs:19:2 › 132 every bulk action and matching export honor prefix and protect embedded matches 
