
Running 1 test using 1 worker



[1/1] experiments/instruction-effects/revisions/research-v009/preflight/priority-fixtures/final030-import-render-ready-executed-suite/workspace-import.spec.mjs:42:2 › 097 workspace import appends independent duplicate owners trims names and preserves literal fields without overwriting existing data
  1) experiments/instruction-effects/revisions/research-v009/preflight/priority-fixtures/final030-import-render-ready-executed-suite/workspace-import.spec.mjs:42:2 › 097 workspace import appends independent duplicate owners trims names and preserves literal fields without overwriting existing data 

    Error: expect(locator).toHaveText(expected) failed

    Locator: getByTestId('project-row').filter({ hasText: 'task-030 Workspace imported same' }).visible().getByTestId('project-summary')
    Timeout: 5000ms
    - Expected  - 1
    + Received  + 1

      Array [
        "0/1 completed",
    -   "1/2 completed",
    +   "1/3 completed",
        "0/1 completed",
      ]

    Call log:
      - Expect "toHaveText" getByTestId('project-row').filter({ hasText: 'task-030 Workspace imported same' }).visible().getByTestId('project-summary') with timeout 5000ms
      - waiting for getByTestId('project-row').filter({ hasText: 'task-030 Workspace imported same' }).visible().getByTestId('project-summary')
        14 × locator resolved to 3 elements


      44 |   await createProject(page,a);await openProject(page,a);await configured(page,a,existing,{priority:'Low',notes:'Existing untouched'});
      45 |   const doc=workspace([owner('  '+projectName(a)+'  ',[task('  '+first+'  ',{completed:true,priority:'High',dueDate:'2400-02-29',notes:note,id:'ignored'}),task(removed,{priority:'Low',deleted:true,notes:'Deleted literal Ω\nkept'}),task(last)],{defaultPriority:'High',id:'ignored',extra:'unknown'}),owner(projectName(a),[task(second,{priority:'Low',notes:'😀'.repeat(10000)})],{defaultPriority:'Low',id:'ignored'}),owner(projectName(c),[task(archived,{completed:true,priority:'High',dueDate:'0001-01-01',notes:'Archived Ω\nkept'})],{archived:true,defaultPriority:'High'})]);
    > 46 |   await importing(page,doc);await countProjects(page,a,3);await expect(page.getByRole('combobox',{name:'Project filter',exact:true}).locator('option:checked')).toHaveText('Active');await expect(page.getByRole('textbox',{name:'Project search',exact:true})).toHaveValue('');await expect(projectRow(page,a).getByTestId('project-summary')).toHaveText(['0/1 completed','1/2 completed','0/1 completed']);await projectRow(page,a).nth(0).getByRole('button',{name:'Open project',exact:true}).click();await titles(page,[existing]);await expect(taskRow(page,existing).getByRole('textbox',{name:'Task notes',exact:true})).toHaveValue('Existing untouched');
         |                                                                                                                                                                                                                                                                                                                                                 ^
      47 |   await page.goto('/');await projectRow(page,a).nth(1).getByRole('button',{name:'Open project',exact:true}).click();await titles(page,[first,last]);await expect(page.getByRole('combobox',{name:'Default task priority',exact:true}).locator('option:checked')).toHaveText('High');await expect(taskRow(page,first).getByRole('textbox',{name:'Task notes',exact:true})).toHaveValue(note.replace(/\r\n?/g,'\n'));await expect(taskRow(page,first).getByRole('textbox',{name:'Task due date',exact:true})).toHaveValue('2400-02-29');await expect(page.getByRole('checkbox',{name:'Complete '+first,exact:true})).toBeChecked();await page.getByRole('combobox',{name:'Task filter',exact:true}).selectOption({label:'Deleted'});await titles(page,[removed]);await expect(taskRow(page,removed).getByRole('textbox',{name:'Task notes',exact:true})).toHaveValue('Deleted literal Ω\nkept');
      48 |   await page.goto('/');await projectRow(page,a).nth(2).getByRole('button',{name:'Open project',exact:true}).click();await titles(page,[second]);await expect(taskRow(page,second).getByRole('textbox',{name:'Task notes',exact:true})).toHaveValue('😀'.repeat(10000));await expect(page.getByRole('combobox',{name:'Default task priority',exact:true}).locator('option:checked')).toHaveText('Low');await page.goto('/');await page.getByRole('combobox',{name:'Project filter',exact:true}).selectOption({label:'Archived'});await expect(projectRow(page,c).getByTestId('project-summary')).toHaveText('1/1 completed');await openProject(page,c);await titles(page,[archived]);await expect(page.getByRole('checkbox',{name:'Complete '+archived,exact:true})).toBeDisabled();await expect(taskRow(page,archived).getByRole('textbox',{name:'Task due date',exact:true})).toHaveValue('0001-01-01');
      49 |   await directory(page,q);await result(page,[a,a,a],['0/1 completed','1/2 completed','0/1 completed'],[existing,first,last,second],'1/4 completed');const snapshot=await exported(page);expect(snapshot.map(p=>p.name)).toEqual([projectName(a),projectName(a),projectName(a)]);expect(snapshot.map(p=>p.tasks.map(t=>t.title))).toEqual([[existing],[first,last],[second]]);noIds(snapshot);await page.reload();await result(page,[a,a,a],['0/1 completed','1/2 completed','0/1 completed'],[existing,first,last,second],'1/4 completed');
        at /Users/Shared/projects/competition/experiments/instruction-effects/revisions/research-v009/preflight/priority-fixtures/final030-import-render-ready-executed-suite/workspace-import.spec.mjs:46:337

    attachment #1: screenshot (image/png) ──────────────────────────────────────────────────────────
    experiments/instruction-effects/revisions/research-v009/preflight/priority-fixtures/stage30-import-render-ready-faults-1791669631240/negative-workspace-import-loses-deletion-097/artifacts/workspace-import-097-works-97b53-t-overwriting-existing-data/test-failed-1.png
    ────────────────────────────────────────────────────────────────────────────────────────────────

    Error Context: experiments/instruction-effects/revisions/research-v009/preflight/priority-fixtures/stage30-import-render-ready-faults-1791669631240/negative-workspace-import-loses-deletion-097/artifacts/workspace-import-097-works-97b53-t-overwriting-existing-data/error-context.md

    attachment #3: trace (application/zip) ─────────────────────────────────────────────────────────
    experiments/instruction-effects/revisions/research-v009/preflight/priority-fixtures/stage30-import-render-ready-faults-1791669631240/negative-workspace-import-loses-deletion-097/artifacts/workspace-import-097-works-97b53-t-overwriting-existing-data/trace.zip
    Usage:

        npx playwright show-trace experiments/instruction-effects/revisions/research-v009/preflight/priority-fixtures/stage30-import-render-ready-faults-1791669631240/negative-workspace-import-loses-deletion-097/artifacts/workspace-import-097-works-97b53-t-overwriting-existing-data/trace.zip

    ────────────────────────────────────────────────────────────────────────────────────────────────


  1 failed
    experiments/instruction-effects/revisions/research-v009/preflight/priority-fixtures/final030-import-render-ready-executed-suite/workspace-import.spec.mjs:42:2 › 097 workspace import appends independent duplicate owners trims names and preserves literal fields without overwriting existing data 
