
Running 1 test using 1 worker



[1/1] experiments/instruction-effects/revisions/research-v004/decisions/task-015-draft/suite/search.spec.mjs:37:2 › 049 upgraded original task012 return positions remain usable
  1) experiments/instruction-effects/revisions/research-v004/decisions/task-015-draft/suite/search.spec.mjs:37:2 › 049 upgraded original task012 return positions remain usable 

    Error: expect(received).toContain(expected) // indexOf

    Expected substring: "Position travelling"
    Received string:    "Second newly created·····
        Task notesSave notes
        Task due dateSave due date
        Destination projecttask-012 Position first ownertask-012 Search Mixed firsttask-012 Search mixed lasttask-012 Search  double gaptask-012 Whitespace   Saved firstMove task
        New task titleRename task
        Task priorityLowNormalHigh"

      38 |   const oldProject=async(name)=>{await page.goto('/');await page.getByTestId('project-row').filter({hasText:'task-012 '+name}).filter({visible:true}).getByRole('button',{name:'Open project',exact:true}).click();};
      39 |   const move=async(target)=>{await taskRow(page,'Position travelling').getByRole('combobox',{name:'Destination project',exact:true}).selectOption({label:'task-012 '+target});await taskRow(page,'Position travelling').getByRole('button',{name:'Move task',exact:true}).click();await expect(taskRow(page,'Position travelling')).toHaveCount(0);};
    > 40 |   await oldProject('Position first owner');await move('Position second owner');await oldProject('Position second owner');await expect(taskRow(page,'Position travelling')).toBeVisible();await expect(page.getByTestId('task-row').filter({visible:true})).toHaveCount(3);let rows=await page.getByTestId('task-row').filter({visible:true}).allTextContents();expect(rows).toHaveLength(3);expect(rows[0]).toContain('Second existing');expect(rows[1]).toContain('Position travelling');expect(rows[2]).toContain('Second newly created');
         |                                                                                                                                                                                                                                                                                                                                                                                                                                                          ^
      41 |   await move('Position first owner');await oldProject('Position first owner');await expect(taskRow(page,'Position travelling')).toBeVisible();await expect(page.getByTestId('task-row').filter({visible:true})).toHaveCount(4);rows=await page.getByTestId('task-row').filter({visible:true}).allTextContents();expect(rows).toHaveLength(4);for(const [i,title] of ['First existing','Position travelling','First later','First newly created'].entries())expect(rows[i]).toContain(title);
      42 |  });
      43 | }
        at /Users/Shared/projects/competition/experiments/instruction-effects/revisions/research-v004/decisions/task-015-draft/suite/search.spec.mjs:40:442

    attachment #1: screenshot (image/png) ──────────────────────────────────────────────────────────
    experiments/instruction-effects/revisions/research-v004/preflight/priority-fixtures/stage-15-check-1791634536048/negative-always-append-return/artifacts/search-049-upgraded-origin-7886e-urn-positions-remain-usable/test-failed-1.png
    ────────────────────────────────────────────────────────────────────────────────────────────────

    Error Context: experiments/instruction-effects/revisions/research-v004/preflight/priority-fixtures/stage-15-check-1791634536048/negative-always-append-return/artifacts/search-049-upgraded-origin-7886e-urn-positions-remain-usable/error-context.md

    attachment #3: trace (application/zip) ─────────────────────────────────────────────────────────
    experiments/instruction-effects/revisions/research-v004/preflight/priority-fixtures/stage-15-check-1791634536048/negative-always-append-return/artifacts/search-049-upgraded-origin-7886e-urn-positions-remain-usable/trace.zip
    Usage:

        npx playwright show-trace experiments/instruction-effects/revisions/research-v004/preflight/priority-fixtures/stage-15-check-1791634536048/negative-always-append-return/artifacts/search-049-upgraded-origin-7886e-urn-positions-remain-usable/trace.zip

    ────────────────────────────────────────────────────────────────────────────────────────────────


  1 failed
    experiments/instruction-effects/revisions/research-v004/decisions/task-015-draft/suite/search.spec.mjs:37:2 › 049 upgraded original task012 return positions remain usable 
