
Running 1 test using 1 worker



[1/1] experiments/instruction-effects/revisions/research-v007/decisions/task-026-draft/suite/directory-due-edit.spec.mjs:33:2 › 085 directory due-date assignment honors intersections and preserves every nonmatching field
  1) experiments/instruction-effects/revisions/research-v007/decisions/task-026-draft/suite/directory-due-edit.spec.mjs:33:2 › 085 directory due-date assignment honors intersections and preserves every nonmatching field 

    Error: expect(locator).toBeVisible() failed

    Locator: getByTestId('task-row').visible().first().getByRole('checkbox', { name: 'Complete task-026 Date batch record zulu target', exact: true })
    Expected: visible
    Timeout: 5000ms
    Error: element(s) not found

    Call log:
      - Expect "toBeVisible" getByTestId('task-row').visible().first().getByRole('checkbox', { name: 'Complete task-026 Date batch record zulu target', exact: true }) with timeout 5000ms
      - waiting for getByTestId('task-row').visible().first().getByRole('checkbox', { name: 'Complete task-026 Date batch record zulu target', exact: true })


       5 | const save=p=>p.getByRole('button',{name:'Save visible due date',exact:true});
       6 | const restore=p=>p.getByRole('button',{name:'Restore visible tasks',exact:true});
    >  7 | async function titles(p,expected){const r=p.getByTestId('task-row').filter({visible:true});await expect(r).toHaveCount(expected.length);for(const [i,title] of expected.entries())await expect(r.nth(i).getByRole('checkbox',{name:'Complete '+title,exact:true})).toBeVisible();}
         |                                                                                                                                                                                                                                                                    ^
       8 | async function result(p,names,counts,expected,total){
       9 |  if(!expected.length)await expect(p.getByText('No matching tasks',{exact:true})).toBeVisible();
      10 |  await expect(rows(p).getByTestId('directory-task-title')).toHaveText(expected);
        at titles (/Users/Shared/projects/competition/experiments/instruction-effects/revisions/research-v007/decisions/task-026-draft/suite/directory-due-edit.spec.mjs:7:260)
        at /Users/Shared/projects/competition/experiments/instruction-effects/revisions/research-v007/decisions/task-026-draft/suite/directory-due-edit.spec.mjs:40:66

    attachment #1: screenshot (image/png) ──────────────────────────────────────────────────────────
    experiments/instruction-effects/revisions/research-v007/preflight/priority-fixtures/stage26-date-check-1791656587624/negative-bulk-date-reorders-085/artifacts/directory-due-edit-085-dir-f51f5-ves-every-nonmatching-field/test-failed-1.png
    ────────────────────────────────────────────────────────────────────────────────────────────────

    Error Context: experiments/instruction-effects/revisions/research-v007/preflight/priority-fixtures/stage26-date-check-1791656587624/negative-bulk-date-reorders-085/artifacts/directory-due-edit-085-dir-f51f5-ves-every-nonmatching-field/error-context.md

    attachment #3: trace (application/zip) ─────────────────────────────────────────────────────────
    experiments/instruction-effects/revisions/research-v007/preflight/priority-fixtures/stage26-date-check-1791656587624/negative-bulk-date-reorders-085/artifacts/directory-due-edit-085-dir-f51f5-ves-every-nonmatching-field/trace.zip
    Usage:

        npx playwright show-trace experiments/instruction-effects/revisions/research-v007/preflight/priority-fixtures/stage26-date-check-1791656587624/negative-bulk-date-reorders-085/artifacts/directory-due-edit-085-dir-f51f5-ves-every-nonmatching-field/trace.zip

    ────────────────────────────────────────────────────────────────────────────────────────────────


  1 failed
    experiments/instruction-effects/revisions/research-v007/decisions/task-026-draft/suite/directory-due-edit.spec.mjs:33:2 › 085 directory due-date assignment honors intersections and preserves every nonmatching field 
