
Running 1 test using 1 worker



[1/1] experiments/instruction-effects/revisions/research-v005/decisions/task-021-draft/suite/directory-order.spec.mjs:10:2 › 070 directory ordering is global stable and preserves literal titles and stored project order
  1) experiments/instruction-effects/revisions/research-v005/decisions/task-021-draft/suite/directory-order.spec.mjs:10:2 › 070 directory ordering is global stable and preserves literal titles and stored project order 

    Error: expect(locator).toHaveText(expected) failed

    Locator: getByTestId('directory-task-row').visible().getByTestId('directory-task-title')
    Timeout: 5000ms
    - Expected  - 1
    + Received  + 1

      Array [
    +   "task-021 Order stable bravo",
        "task-021 Order stable Alpha",
        "task-021 Order stable ALPHA",
        "task-021 Order stable zulu",
    -   "task-021 Order stable bravo",
        "task-021 Order stable bravo",
      ]

    Call log:
      - Expect "toHaveText" getByTestId('directory-task-row').visible().getByTestId('directory-task-title') with timeout 5000ms
      - waiting for getByTestId('directory-task-row').visible().getByTestId('directory-task-title')
        - waiting for navigation to finish...
        - navigated to "http://127.0.0.1:58031/directory?directory_order=Due+date&project_scope=Active&filter=All&priority_filter=All&due_from=&due_through=&directory_search=task-021+Order+stable&directory_order_new=Due+date"
        3 × locator resolved to 0 elements
        11 × locator resolved to 5 elements


      13 |   await directory(page,prefix);await expect(order(page).locator('option')).toHaveText(['Original','Priority','Due date','Title']);await expect(title(page)).toHaveText([z,bravo,upper,lower,bravo]);
      14 |   await order(page).selectOption({label:'Priority'});await expect(title(page)).toHaveText([z,bravo,upper,lower,bravo]);await expect(rows(page).getByTestId('directory-project-name')).toHaveText([projectName(a),projectName(b),projectName(a),projectName(b),projectName(a)]);
    > 15 |   await order(page).selectOption({label:'Due date'});await expect(title(page)).toHaveText([upper,lower,z,bravo,bravo]);await expect(rows(page).getByTestId('directory-project-name')).toHaveText([projectName(a),projectName(b),projectName(a),projectName(b),projectName(a)]);
         |                                                                                ^
      16 |   await order(page).selectOption({label:'Title'});await expect(title(page)).toHaveText([upper,lower,bravo,bravo,z]);await expect(rows(page).getByTestId('directory-project-name')).toHaveText([projectName(a),projectName(b),projectName(a),projectName(b),projectName(a)]);
      17 |   await rows(page).first().getByRole('button',{name:'Open project',exact:true}).click();await expect(page.getByTestId('task-row').filter({visible:true}).getByRole('checkbox')).toHaveCount(3);for(const [i,t] of [z,bravo,upper].entries())await expect(page.getByTestId('task-row').filter({visible:true}).nth(i).getByRole('checkbox',{name:'Complete '+t,exact:true})).toBeVisible();
      18 |   await directory(page,prefix);await expect(title(page)).toHaveText([z,bravo,upper,lower,bravo]);await order(page).selectOption({label:'Title'});await order(page).selectOption({label:'Original'});await expect(title(page)).toHaveText([z,bravo,upper,lower,bravo]);
        at /Users/Shared/projects/competition/experiments/instruction-effects/revisions/research-v005/decisions/task-021-draft/suite/directory-order.spec.mjs:15:80

    attachment #1: screenshot (image/png) ──────────────────────────────────────────────────────────
    experiments/instruction-effects/revisions/research-v005/preflight/priority-fixtures/order-focused-check-1791645227998/negative-order-undated-first/artifacts/directory-order-070-direct-8e477-es-and-stored-project-order/test-failed-1.png
    ────────────────────────────────────────────────────────────────────────────────────────────────

    Error Context: experiments/instruction-effects/revisions/research-v005/preflight/priority-fixtures/order-focused-check-1791645227998/negative-order-undated-first/artifacts/directory-order-070-direct-8e477-es-and-stored-project-order/error-context.md

    attachment #3: trace (application/zip) ─────────────────────────────────────────────────────────
    experiments/instruction-effects/revisions/research-v005/preflight/priority-fixtures/order-focused-check-1791645227998/negative-order-undated-first/artifacts/directory-order-070-direct-8e477-es-and-stored-project-order/trace.zip
    Usage:

        npx playwright show-trace experiments/instruction-effects/revisions/research-v005/preflight/priority-fixtures/order-focused-check-1791645227998/negative-order-undated-first/artifacts/directory-order-070-direct-8e477-es-and-stored-project-order/trace.zip

    ────────────────────────────────────────────────────────────────────────────────────────────────


  1 failed
    experiments/instruction-effects/revisions/research-v005/decisions/task-021-draft/suite/directory-order.spec.mjs:10:2 › 070 directory ordering is global stable and preserves literal titles and stored project order 
