
Running 1 test using 1 worker



[1/1] experiments/instruction-effects/revisions/research-v010/preflight/task037-executed02-suite/directory-project-default.spec.mjs:18:2 › 127 every bulk action honors owner default and preserves defaults and nonmatching tasks
  1) experiments/instruction-effects/revisions/research-v010/preflight/task037-executed02-suite/directory-project-default.spec.mjs:18:2 › 127 every bulk action honors owner default and preserves defaults and nonmatching tasks 

    Error: Completion state must be durable before the next navigation

    Completion state must be durable before the next navigation

    expect(received).toBe(expected) // Object.is equality

    Expected: true
    Received: false

    Call Log:
    - Timeout 5000ms exceeded while waiting on the predicate

       at helpers.mjs:62

      60 |       await expect(taskRow(observer, title)).toBeVisible();
      61 |       return observer.getByRole('checkbox', {name:'Complete '+title, exact:true}).isChecked();
    > 62 |     }, {timeout:5000, message:'Completion state must be durable before the next navigation'}).toBe(completed);
         |                                                                                               ^
      63 |   } finally { await observer.close(); }
      64 | }
      65 |
        at expectPersistedCompletion (/Users/Shared/projects/competition/experiments/instruction-effects/revisions/research-v010/preflight/task037-executed02-suite/helpers.mjs:62:95)
        at /Users/Shared/projects/competition/experiments/instruction-effects/revisions/research-v010/preflight/task037-executed02-suite/directory-project-default.spec.mjs:22:149

    attachment #1: screenshot (image/png) ──────────────────────────────────────────────────────────
    experiments/instruction-effects/revisions/research-v010/preflight/task037-focused02-check-1791678940018/negative-owner37-bulk-reopen-ignored-127/artifacts/directory-project-default--e87d7-aults-and-nonmatching-tasks/test-failed-1.png
    ────────────────────────────────────────────────────────────────────────────────────────────────

    Error Context: experiments/instruction-effects/revisions/research-v010/preflight/task037-focused02-check-1791678940018/negative-owner37-bulk-reopen-ignored-127/artifacts/directory-project-default--e87d7-aults-and-nonmatching-tasks/error-context.md

    attachment #3: trace (application/zip) ─────────────────────────────────────────────────────────
    experiments/instruction-effects/revisions/research-v010/preflight/task037-focused02-check-1791678940018/negative-owner37-bulk-reopen-ignored-127/artifacts/directory-project-default--e87d7-aults-and-nonmatching-tasks/trace.zip
    Usage:

        npx playwright show-trace experiments/instruction-effects/revisions/research-v010/preflight/task037-focused02-check-1791678940018/negative-owner37-bulk-reopen-ignored-127/artifacts/directory-project-default--e87d7-aults-and-nonmatching-tasks/trace.zip

    ────────────────────────────────────────────────────────────────────────────────────────────────


  1 failed
    experiments/instruction-effects/revisions/research-v010/preflight/task037-executed02-suite/directory-project-default.spec.mjs:18:2 › 127 every bulk action honors owner default and preserves defaults and nonmatching tasks 
