
Running 4 tests using 1 worker



[1/4] runs/instruction-effects/pilot-005/definitions/project/acceptance/workboard.spec.mjs:6:1 › 001 health and project creation persist on reload
  1) runs/instruction-effects/pilot-005/definitions/project/acceptance/workboard.spec.mjs:6:1 › 001 health and project creation persist on reload 

    Error: page.goto: net::ERR_CONNECTION_RESET at http://127.0.0.1:57610/
    Call log:
      - navigating to "http://127.0.0.1:57610/", waiting until "load"


       at helpers.mjs:13

      11 | }
      12 | export async function createProject(page, name) {
    > 13 |   await page.goto('/');
         |              ^
      14 |   await page.getByRole('textbox', { name: 'Project name', exact: true }).fill(name === name.trim() ? projectName(name) : '  ' + projectName(name) + '  ');
      15 |   await page.getByRole('button', { name: 'Create project', exact: true }).click();
      16 |   await expect(projectRow(page, name.trim())).toBeVisible();
        at createProject (/Users/Shared/projects/competition/runs/instruction-effects/pilot-005/definitions/project/acceptance/helpers.mjs:13:14)
        at /Users/Shared/projects/competition/runs/instruction-effects/pilot-005/definitions/project/acceptance/workboard.spec.mjs:12:9

    attachment #1: screenshot (image/png) ──────────────────────────────────────────────────────────
    runs/instruction-effects/pilot-005/tasks/task-001/attempts/b014/attempt-005/acceptance/artifacts/workboard-001-health-and-project-creation-persist-on-reload/test-failed-1.png
    ────────────────────────────────────────────────────────────────────────────────────────────────

    Error Context: runs/instruction-effects/pilot-005/tasks/task-001/attempts/b014/attempt-005/acceptance/artifacts/workboard-001-health-and-project-creation-persist-on-reload/error-context.md

    attachment #3: trace (application/zip) ─────────────────────────────────────────────────────────
    runs/instruction-effects/pilot-005/tasks/task-001/attempts/b014/attempt-005/acceptance/artifacts/workboard-001-health-and-project-creation-persist-on-reload/trace.zip
    Usage:

        npx playwright show-trace runs/instruction-effects/pilot-005/tasks/task-001/attempts/b014/attempt-005/acceptance/artifacts/workboard-001-health-and-project-creation-persist-on-reload/trace.zip

    ────────────────────────────────────────────────────────────────────────────────────────────────




[2/4] runs/instruction-effects/pilot-005/definitions/project/acceptance/workboard.spec.mjs:21:1 › 002 blank project input is rejected
  2) runs/instruction-effects/pilot-005/definitions/project/acceptance/workboard.spec.mjs:21:1 › 002 blank project input is rejected 

    Error: page.goto: net::ERR_CONNECTION_RESET at http://127.0.0.1:57610/
    Call log:
      - navigating to "http://127.0.0.1:57610/", waiting until "load"


      20 |
      21 | test('002 blank project input is rejected', async ({ page }) => {
    > 22 |   await page.goto('/');
         |              ^
      23 |   const rows = await page.getByTestId('project-row').count();
      24 |   await page.getByRole('textbox', { name: 'Project name', exact: true }).fill('   ');
      25 |   await page.getByRole('button', { name: 'Create project', exact: true }).click();
        at /Users/Shared/projects/competition/runs/instruction-effects/pilot-005/definitions/project/acceptance/workboard.spec.mjs:22:14

    attachment #1: screenshot (image/png) ──────────────────────────────────────────────────────────
    runs/instruction-effects/pilot-005/tasks/task-001/attempts/b014/attempt-005/acceptance/artifacts/workboard-002-blank-project-input-is-rejected/test-failed-1.png
    ────────────────────────────────────────────────────────────────────────────────────────────────

    Error Context: runs/instruction-effects/pilot-005/tasks/task-001/attempts/b014/attempt-005/acceptance/artifacts/workboard-002-blank-project-input-is-rejected/error-context.md

    attachment #3: trace (application/zip) ─────────────────────────────────────────────────────────
    runs/instruction-effects/pilot-005/tasks/task-001/attempts/b014/attempt-005/acceptance/artifacts/workboard-002-blank-project-input-is-rejected/trace.zip
    Usage:

        npx playwright show-trace runs/instruction-effects/pilot-005/tasks/task-001/attempts/b014/attempt-005/acceptance/artifacts/workboard-002-blank-project-input-is-rejected/trace.zip

    ────────────────────────────────────────────────────────────────────────────────────────────────




[3/4] runs/instruction-effects/pilot-005/definitions/project/acceptance/workboard.spec.mjs:30:1 › 003 project creation order
  3) runs/instruction-effects/pilot-005/definitions/project/acceptance/workboard.spec.mjs:30:1 › 003 project creation order 

    Error: page.goto: net::ERR_CONNECTION_RESET at http://127.0.0.1:57610/
    Call log:
      - navigating to "http://127.0.0.1:57610/", waiting until "load"


       at helpers.mjs:13

      11 | }
      12 | export async function createProject(page, name) {
    > 13 |   await page.goto('/');
         |              ^
      14 |   await page.getByRole('textbox', { name: 'Project name', exact: true }).fill(name === name.trim() ? projectName(name) : '  ' + projectName(name) + '  ');
      15 |   await page.getByRole('button', { name: 'Create project', exact: true }).click();
      16 |   await expect(projectRow(page, name.trim())).toBeVisible();
        at createProject (/Users/Shared/projects/competition/runs/instruction-effects/pilot-005/definitions/project/acceptance/helpers.mjs:13:14)
        at /Users/Shared/projects/competition/runs/instruction-effects/pilot-005/definitions/project/acceptance/workboard.spec.mjs:31:9

    attachment #1: screenshot (image/png) ──────────────────────────────────────────────────────────
    runs/instruction-effects/pilot-005/tasks/task-001/attempts/b014/attempt-005/acceptance/artifacts/workboard-003-project-creation-order/test-failed-1.png
    ────────────────────────────────────────────────────────────────────────────────────────────────

    Error Context: runs/instruction-effects/pilot-005/tasks/task-001/attempts/b014/attempt-005/acceptance/artifacts/workboard-003-project-creation-order/error-context.md

    attachment #3: trace (application/zip) ─────────────────────────────────────────────────────────
    runs/instruction-effects/pilot-005/tasks/task-001/attempts/b014/attempt-005/acceptance/artifacts/workboard-003-project-creation-order/trace.zip
    Usage:

        npx playwright show-trace runs/instruction-effects/pilot-005/tasks/task-001/attempts/b014/attempt-005/acceptance/artifacts/workboard-003-project-creation-order/trace.zip

    ────────────────────────────────────────────────────────────────────────────────────────────────




[4/4] runs/instruction-effects/pilot-005/definitions/project/acceptance/workboard.spec.mjs:132:1 › 011 seed process-restart persistence checks
  4) runs/instruction-effects/pilot-005/definitions/project/acceptance/workboard.spec.mjs:132:1 › 011 seed process-restart persistence checks 

    Error: page.goto: net::ERR_CONNECTION_RESET at http://127.0.0.1:57610/
    Call log:
      - navigating to "http://127.0.0.1:57610/", waiting until "load"


       at helpers.mjs:13

      11 | }
      12 | export async function createProject(page, name) {
    > 13 |   await page.goto('/');
         |              ^
      14 |   await page.getByRole('textbox', { name: 'Project name', exact: true }).fill(name === name.trim() ? projectName(name) : '  ' + projectName(name) + '  ');
      15 |   await page.getByRole('button', { name: 'Create project', exact: true }).click();
      16 |   await expect(projectRow(page, name.trim())).toBeVisible();
        at createProject (/Users/Shared/projects/competition/runs/instruction-effects/pilot-005/definitions/project/acceptance/helpers.mjs:13:14)
        at /Users/Shared/projects/competition/runs/instruction-effects/pilot-005/definitions/project/acceptance/workboard.spec.mjs:133:9

    attachment #1: screenshot (image/png) ──────────────────────────────────────────────────────────
    runs/instruction-effects/pilot-005/tasks/task-001/attempts/b014/attempt-005/acceptance/artifacts/workboard-011-seed-process-restart-persistence-checks/test-failed-1.png
    ────────────────────────────────────────────────────────────────────────────────────────────────

    Error Context: runs/instruction-effects/pilot-005/tasks/task-001/attempts/b014/attempt-005/acceptance/artifacts/workboard-011-seed-process-restart-persistence-checks/error-context.md

    attachment #3: trace (application/zip) ─────────────────────────────────────────────────────────
    runs/instruction-effects/pilot-005/tasks/task-001/attempts/b014/attempt-005/acceptance/artifacts/workboard-011-seed-process-restart-persistence-checks/trace.zip
    Usage:

        npx playwright show-trace runs/instruction-effects/pilot-005/tasks/task-001/attempts/b014/attempt-005/acceptance/artifacts/workboard-011-seed-process-restart-persistence-checks/trace.zip

    ────────────────────────────────────────────────────────────────────────────────────────────────


  4 failed
    runs/instruction-effects/pilot-005/definitions/project/acceptance/workboard.spec.mjs:6:1 › 001 health and project creation persist on reload 
    runs/instruction-effects/pilot-005/definitions/project/acceptance/workboard.spec.mjs:21:1 › 002 blank project input is rejected 
    runs/instruction-effects/pilot-005/definitions/project/acceptance/workboard.spec.mjs:30:1 › 003 project creation order 
    runs/instruction-effects/pilot-005/definitions/project/acceptance/workboard.spec.mjs:132:1 › 011 seed process-restart persistence checks 
