
Running 1 test using 1 worker



[1/1] experiments/instruction-effects/revisions/research-v010/preflight/task038-executed04-suite/directory-prefix-search.spec.mjs:16:2 › 131 prefix normalization is ASCII only and punctuation remains literal
  1) experiments/instruction-effects/revisions/research-v010/preflight/task038-executed04-suite/directory-prefix-search.spec.mjs:16:2 › 131 prefix normalization is ASCII only and punctuation remains literal 

    Error: expect(locator).toHaveText(expected) failed

    Locator: getByTestId('directory-task-row').visible().getByTestId('directory-task-title')
    Timeout: 5000ms
    - Expected  - 0
    + Received  + 1

      Array [
        "RegexPrefix38.* literal",
    +   "RegexPrefix38zzz decoy",
      ]

    Call log:
      - Expect "toHaveText" getByTestId('directory-task-row').visible().getByTestId('directory-task-title') with timeout 5000ms
      - waiting for getByTestId('directory-task-row').visible().getByTestId('directory-task-title')
        3 × locator resolved to 0 elements
        11 × locator resolved to 2 elements


       at directory-presence-helpers.mjs:10

       8 | async function result(p,names,counts,expected,total){
       9 |  if(!expected.length)await expect(p.getByText('No matching tasks',{exact:true})).toBeVisible();
    > 10 |  await expect(rows(p).getByTestId('directory-task-title')).toHaveText(expected);
         |                                                            ^
      11 |  await expect(owners(p).getByTestId('directory-owner-name')).toHaveText(names.map(projectName));
      12 |  await expect(owners(p).getByTestId('directory-owner-summary')).toHaveText(counts);
      13 |  await expect(p.getByTestId('directory-summary')).toHaveText(total);
        at result (/Users/Shared/projects/competition/experiments/instruction-effects/revisions/research-v010/preflight/task038-executed04-suite/directory-presence-helpers.mjs:10:60)
        at /Users/Shared/projects/competition/experiments/instruction-effects/revisions/research-v010/preflight/task038-executed04-suite/directory-prefix-search.spec.mjs:17:1117

    attachment #1: screenshot (image/png) ──────────────────────────────────────────────────────────
    experiments/instruction-effects/revisions/research-v010/preflight/task038-focused03-check-1791680578205/negative-prefix-regex-131/artifacts/directory-prefix-search-13-a46d2-punctuation-remains-literal/test-failed-1.png
    ────────────────────────────────────────────────────────────────────────────────────────────────

    Error Context: experiments/instruction-effects/revisions/research-v010/preflight/task038-focused03-check-1791680578205/negative-prefix-regex-131/artifacts/directory-prefix-search-13-a46d2-punctuation-remains-literal/error-context.md

    attachment #3: trace (application/zip) ─────────────────────────────────────────────────────────
    experiments/instruction-effects/revisions/research-v010/preflight/task038-focused03-check-1791680578205/negative-prefix-regex-131/artifacts/directory-prefix-search-13-a46d2-punctuation-remains-literal/trace.zip
    Usage:

        npx playwright show-trace experiments/instruction-effects/revisions/research-v010/preflight/task038-focused03-check-1791680578205/negative-prefix-regex-131/artifacts/directory-prefix-search-13-a46d2-punctuation-remains-literal/trace.zip

    ────────────────────────────────────────────────────────────────────────────────────────────────


  1 failed
    experiments/instruction-effects/revisions/research-v010/preflight/task038-executed04-suite/directory-prefix-search.spec.mjs:16:2 › 131 prefix normalization is ASCII only and punctuation remains literal 
