
Running 1 test using 1 worker



[1/1] experiments/instruction-effects/revisions/research-v006/decisions/task-023-draft/suite/directory-order.spec.mjs:10:2 › 070 directory ordering is global stable and preserves literal titles and stored project order
  1) experiments/instruction-effects/revisions/research-v006/decisions/task-023-draft/suite/directory-order.spec.mjs:10:2 › 070 directory ordering is global stable and preserves literal titles and stored project order 

    Error: expect(locator).toBeVisible() failed

    Locator: getByTestId('task-row').visible().first().getByRole('checkbox', { name: 'Complete task-023 Order stable zulu', exact: true })
    Expected: visible
    Timeout: 5000ms
    Error: element(s) not found

    Call log:
      - Expect "toBeVisible" getByTestId('task-row').visible().first().getByRole('checkbox', { name: 'Complete task-023 Order stable zulu', exact: true }) with timeout 5000ms
      - waiting for getByTestId('task-row').visible().first().getByRole('checkbox', { name: 'Complete task-023 Order stable zulu', exact: true })


      15 |   await order(page).selectOption({label:'Due date'});await expect(title(page)).toHaveText([upper,lower,z,bravo,bravo]);await expect(rows(page).getByTestId('directory-project-name')).toHaveText([projectName(a),projectName(b),projectName(a),projectName(b),projectName(a)]);
      16 |   await order(page).selectOption({label:'Title'});await expect(title(page)).toHaveText([upper,lower,bravo,bravo,z]);await expect(rows(page).getByTestId('directory-project-name')).toHaveText([projectName(a),projectName(b),projectName(a),projectName(b),projectName(a)]);
    > 17 |   await rows(page).first().getByRole('button',{name:'Open project',exact:true}).click();await expect(page.getByTestId('task-row').filter({visible:true}).getByRole('checkbox')).toHaveCount(3);for(const [i,t] of [z,bravo,upper].entries())await expect(page.getByTestId('task-row').filter({visible:true}).nth(i).getByRole('checkbox',{name:'Complete '+t,exact:true})).toBeVisible();
         |                                                                                                                                                                                                                                                                                                                                                                            ^
      18 |   await directory(page,prefix);await expect(title(page)).toHaveText([z,bravo,upper,lower,bravo]);await order(page).selectOption({label:'Title'});await order(page).selectOption({label:'Original'});await expect(title(page)).toHaveText([z,bravo,upper,lower,bravo]);
      19 |  });
      20 |  test('071 directory filters ranges search and bulk updates retain selected order without changing metadata',async({page})=>{
        at /Users/Shared/projects/competition/experiments/instruction-effects/revisions/research-v006/decisions/task-023-draft/suite/directory-order.spec.mjs:17:364

    attachment #1: screenshot (image/png) ──────────────────────────────────────────────────────────
    experiments/instruction-effects/revisions/research-v006/preflight/priority-fixtures/stage23-full-read-check-1791652711648/negative-order-mutates-storage/artifacts/directory-order-070-direct-8e477-es-and-stored-project-order/test-failed-1.png
    ────────────────────────────────────────────────────────────────────────────────────────────────

    Error Context: experiments/instruction-effects/revisions/research-v006/preflight/priority-fixtures/stage23-full-read-check-1791652711648/negative-order-mutates-storage/artifacts/directory-order-070-direct-8e477-es-and-stored-project-order/error-context.md

    attachment #3: trace (application/zip) ─────────────────────────────────────────────────────────
    experiments/instruction-effects/revisions/research-v006/preflight/priority-fixtures/stage23-full-read-check-1791652711648/negative-order-mutates-storage/artifacts/directory-order-070-direct-8e477-es-and-stored-project-order/trace.zip
    Usage:

        npx playwright show-trace experiments/instruction-effects/revisions/research-v006/preflight/priority-fixtures/stage23-full-read-check-1791652711648/negative-order-mutates-storage/artifacts/directory-order-070-direct-8e477-es-and-stored-project-order/trace.zip

    ────────────────────────────────────────────────────────────────────────────────────────────────


  1 failed
    experiments/instruction-effects/revisions/research-v006/decisions/task-023-draft/suite/directory-order.spec.mjs:10:2 › 070 directory ordering is global stable and preserves literal titles and stored project order 
