
Running 1 test using 1 worker



[1/1] runs/instruction-effects/eval-003/tasks/task-013/suite/search.spec.mjs:15:2 › 047 task search intersects all filters retaining order and summary counts
  1) runs/instruction-effects/eval-003/tasks/task-013/suite/search.spec.mjs:15:2 › 047 task search intersects all filters retaining order and summary counts 

    Test timeout of 20000ms exceeded.

    Error: expect(locator).toBeVisible() failed

    Locator: getByTestId('task-row').filter({ has: getByRole('checkbox', { name: 'Complete Two  spaces', exact: true }) }).visible()
    Expected: visible
    Error: element(s) not found

    Call log:
      - Expect "toBeVisible" getByTestId('task-row').filter({ has: getByRole('checkbox', { name: 'Complete Two  spaces', exact: true }) }).visible() with timeout 5000ms
      - waiting for getByTestId('task-row').filter({ has: getByRole('checkbox', { name: 'Complete Two  spaces', exact: true }) }).visible()
      - Test timeout of 20000ms exceeded.


      26 |   await expect(page.getByRole('combobox',{name:'Task filter',exact:true}).locator('option:checked')).toHaveText('Open');await expect(page.getByRole('combobox',{name:'Priority filter',exact:true}).locator('option:checked')).toHaveText('High');await expect(page.getByRole('textbox',{name:'Due from',exact:true})).toHaveValue('2034-01-01');await expect(page.getByRole('textbox',{name:'Due through',exact:true})).toHaveValue('2034-01-01');
      27 |   await page.getByRole('combobox',{name:'Task filter',exact:true}).selectOption({label:'Completed'});await expect(taskRow(page,'MIXED completed')).toBeVisible();await expect(page.getByTestId('task-row').filter({visible:true})).toHaveCount(1);await taskSearch(page,'');await expect(taskRow(page,'MIXED completed')).toBeVisible();await page.getByRole('button',{name:'Projects',exact:true}).click();await expect(projectRow(page,'Search task intersections').getByTestId('project-summary')).toHaveText('1/5 completed');
    > 28 |   await createProject(page,'Search internal spacing');await openProject(page,'Search internal spacing');await createTask(page,'Two  spaces');await taskSearch(page,'two spaces');await expect(page.getByTestId('task-row').filter({visible:true})).toHaveCount(0);await taskSearch(page,'two  spaces');await expect(taskRow(page,'Two  spaces')).toBeVisible();
         |                                                                                                                                                                                                                                                                                                                                                  ^
      29 |  });
      30 |  test('048 rename re-evaluates search membership and archived search remains readable',async({page})=>{
      31 |   await createProject(page,'Search mutable titles');await openProject(page,'Search mutable titles');await createTask(page,'Matching title');await createTask(page,'Other title');await createTask(page,'Matching second');await taskSearch(page,'matching');
        at /Users/Shared/projects/competition/runs/instruction-effects/eval-003/tasks/task-013/suite/search.spec.mjs:28:338

    attachment #1: screenshot (image/png) ──────────────────────────────────────────────────────────
    experiments/instruction-effects/revisions/research-v003/preflight/priority-fixtures/task013-empty-observer-probe-1791632518980/collapsed-search-spaces/artifacts/search-047-task-search-int-84d06-ng-order-and-summary-counts/test-failed-1.png
    ────────────────────────────────────────────────────────────────────────────────────────────────

    Error Context: experiments/instruction-effects/revisions/research-v003/preflight/priority-fixtures/task013-empty-observer-probe-1791632518980/collapsed-search-spaces/artifacts/search-047-task-search-int-84d06-ng-order-and-summary-counts/error-context.md

    attachment #3: trace (application/zip) ─────────────────────────────────────────────────────────
    experiments/instruction-effects/revisions/research-v003/preflight/priority-fixtures/task013-empty-observer-probe-1791632518980/collapsed-search-spaces/artifacts/search-047-task-search-int-84d06-ng-order-and-summary-counts/trace.zip
    Usage:

        npx playwright show-trace experiments/instruction-effects/revisions/research-v003/preflight/priority-fixtures/task013-empty-observer-probe-1791632518980/collapsed-search-spaces/artifacts/search-047-task-search-int-84d06-ng-order-and-summary-counts/trace.zip

    ────────────────────────────────────────────────────────────────────────────────────────────────


  1 failed
    runs/instruction-effects/eval-003/tasks/task-013/suite/search.spec.mjs:15:2 › 047 task search intersects all filters retaining order and summary counts 
