
Running 4 tests using 1 worker



[1/4] experiments/instruction-effects/revisions/research-v010/preflight/task037-executed-suite/directory-project-default.spec.mjs:11:2 › 126 owner default differs from task priority and intersects notes dates completion and archived scope
[2/4] experiments/instruction-effects/revisions/research-v010/preflight/task037-executed-suite/directory-project-default.spec.mjs:18:2 › 127 every bulk action honors owner default and preserves defaults and nonmatching tasks
[3/4] experiments/instruction-effects/revisions/research-v010/preflight/task037-executed-suite/directory-project-default.spec.mjs:27:2 › 128 duplicate imported owners use current defaults through rename archive and restoration
  1) experiments/instruction-effects/revisions/research-v010/preflight/task037-executed-suite/directory-project-default.spec.mjs:27:2 › 128 duplicate imported owners use current defaults through rename archive and restoration 

    Error: expect(locator).toHaveCount(expected) failed

    Locator:  getByTestId('project-row').filter({ hasText: 'task-037 Owner duplicate renamed' }).visible()
    Expected: 0
    Received: 1
    Timeout:  5000ms

    Call log:
      - Expect "toHaveCount" getByTestId('project-row').filter({ hasText: 'task-037 Owner duplicate renamed' }).visible() with timeout 5000ms
      - waiting for getByTestId('project-row').filter({ hasText: 'task-037 Owner duplicate renamed' }).visible()
        14 × locator resolved to 1 element
           - unexpected value "1"


      28 |   test.setTimeout(120000);const a='Owner duplicate',renamed='Owner duplicate renamed',q='OwnerDuplicate'+stage,date=String(3040+stage)+'-03-01';const task=(suffix,priority)=>({title:q+' '+suffix,completed:false,priority,dueDate:date,notes:'  '+suffix+' Ω\nkept  ',deleted:false});const first=[task('Z high owner low task','Low')],second=[task('A low owner high task','High')],third=[task('archived normal','High')];const projects=[{name:projectName(a),archived:false,defaultPriority:'High',tasks:first},{name:projectName(a),archived:false,defaultPriority:'Low',tasks:second},{name:projectName(a),archived:true,defaultPriority:'Normal',tasks:third}];
      29 |   await page.goto('/');await page.getByRole('textbox',{name:'Workspace JSON',exact:true}).fill(JSON.stringify({format:'workboard-workspace',version:1,projects}));await page.getByRole('button',{name:'Import workspace',exact:true}).click();await expect(projectRow(page,a).first()).toBeVisible();await expect(projectRow(page,a)).toHaveCount(2);await directory(page,q,first[0].title);await result(page,[a,a],['0/1 completed','0/1 completed'],[first[0].title,second[0].title],'0/2 completed');await page.getByRole('combobox',{name:'Directory order',exact:true}).selectOption({label:'Title'});await result(page,[a,a],['0/1 completed','0/1 completed'],[second[0].title,first[0].title],'0/2 completed');await filter(page).selectOption({label:'Low'});await result(page,[a],['0/1 completed'],[second[0].title],'0/1 completed');expect(await workspace(page)).toEqual([projects[1]]);await expect(page.getByRole('combobox',{name:'Directory order',exact:true}).locator('option:checked')).toHaveText('Title');await owners(page).first().getByRole('button',{name:'Open project',exact:true}).click();expect(await download(page)).toEqual(projects[1]);await page.getByRole('textbox',{name:'New project name',exact:true}).fill(projectName(renamed));await page.getByRole('button',{name:'Rename project',exact:true}).click();await expect(page.getByRole('heading',{name:projectName(renamed),exact:true}).first()).toBeVisible();await defaults(page).selectOption({label:'Normal'});await defaultStored(page,renamed,'Normal');await returnTo(page,renamed);expect(await download(page)).toEqual({...projects[1],name:projectName(renamed),defaultPriority:'Normal'});
    > 30 |   await directory(page,q,first[0].title);await result(page,[a,renamed],['0/1 completed','0/1 completed'],[first[0].title,second[0].title],'0/2 completed');await filter(page).selectOption({label:'Low'});await result(page,[],[],[],'0/0 completed');await filter(page).selectOption({label:'Normal'});await result(page,[renamed],['0/1 completed'],[second[0].title],'0/1 completed');await page.goto('/');await projectRow(page,renamed).getByRole('button',{name:'Archive project',exact:true}).click();await expect(projectRow(page,renamed)).toHaveCount(0);await page.getByRole('combobox',{name:'Project filter',exact:true}).selectOption({label:'Archived'});await expect(projectRow(page,renamed).getByRole('button',{name:'Restore project',exact:true})).toBeVisible();await projectRow(page,renamed).getByRole('button',{name:'Restore project',exact:true}).click();await expect(projectRow(page,renamed)).toHaveCount(0);
         |                                                                                                                                                                                                                                                                                                                                                                                                                                                                                                                                                                                                                                                                                                                                                                                                                                                                                                                            ^
      31 |   await directory(page,q,first[0].title);await result(page,[a,renamed],['0/1 completed','0/1 completed'],[first[0].title,second[0].title],'0/2 completed');await filter(page).selectOption({label:'Normal'});await result(page,[renamed],['0/1 completed'],[second[0].title],'0/1 completed');await page.getByRole('combobox',{name:'Project scope',exact:true}).selectOption({label:'Archived'});await result(page,[a],['0/1 completed'],[third[0].title],'0/1 completed');expect(await workspace(page)).toEqual([projects[2]]);await protectedWrites(page);
      32 |  });
      33 |  test('129 owner changes move default membership while preserving both remembered task positions',async({page})=>{
        at /Users/Shared/projects/competition/experiments/instruction-effects/revisions/research-v010/preflight/task037-executed-suite/directory-project-default.spec.mjs:30:892

    attachment #1: screenshot (image/png) ──────────────────────────────────────────────────────────
    experiments/instruction-effects/revisions/research-v010/preflight/task037-focused-check-1791678712676/positive-async/artifacts/directory-project-default--14959-ame-archive-and-restoration/test-failed-1.png
    ────────────────────────────────────────────────────────────────────────────────────────────────

    Error Context: experiments/instruction-effects/revisions/research-v010/preflight/task037-focused-check-1791678712676/positive-async/artifacts/directory-project-default--14959-ame-archive-and-restoration/error-context.md

    attachment #3: trace (application/zip) ─────────────────────────────────────────────────────────
    experiments/instruction-effects/revisions/research-v010/preflight/task037-focused-check-1791678712676/positive-async/artifacts/directory-project-default--14959-ame-archive-and-restoration/trace.zip
    Usage:

        npx playwright show-trace experiments/instruction-effects/revisions/research-v010/preflight/task037-focused-check-1791678712676/positive-async/artifacts/directory-project-default--14959-ame-archive-and-restoration/trace.zip

    ────────────────────────────────────────────────────────────────────────────────────────────────




[4/4] experiments/instruction-effects/revisions/research-v010/preflight/task037-executed-suite/directory-project-default.spec.mjs:33:2 › 129 owner changes move default membership while preserving both remembered task positions
  1 failed
    experiments/instruction-effects/revisions/research-v010/preflight/task037-executed-suite/directory-project-default.spec.mjs:27:2 › 128 duplicate imported owners use current defaults through rename archive and restoration 
  3 passed (1.2m)
