
Running 68 tests using 1 worker



[1/68] experiments/instruction-effects/revisions/research-v010/preflight/task020-executed-suite/bulk-directory.spec.mjs:13:2 › 067 bulk completion intersects every directory filter and preserves fields order and reserved positions
  1) experiments/instruction-effects/revisions/research-v010/preflight/task020-executed-suite/bulk-directory.spec.mjs:13:2 › 067 bulk completion intersects every directory filter and preserves fields order and reserved positions 

    Test was interrupted.

    Error: expect(locator).toBeVisible() failed

    Locator: getByTestId('project-row').filter({ hasText: 'task-020 Bulk first owner' }).visible()
    Expected: visible
    Error: element(s) not found

    Call log:
      - Expect "toBeVisible" getByTestId('project-row').filter({ hasText: 'task-020 Bulk first owner' }).visible() with timeout 5000ms
      - waiting for getByTestId('project-row').filter({ hasText: 'task-020 Bulk first owner' }).visible()
      - Test ended.


       at helpers.mjs:16

      14 |   await page.getByRole('textbox', { name: 'Project name', exact: true }).fill(name === name.trim() ? projectName(name) : '  ' + projectName(name) + '  ');
      15 |   await page.getByRole('button', { name: 'Create project', exact: true }).click();
    > 16 |   await expect(projectRow(page, name.trim())).toBeVisible();
         |                                               ^
      17 | }
      18 | export async function openProject(page, name) {
      19 |   await projectRow(page, name).getByRole('button', { name: 'Open project', exact: true }).click();
        at createProject (/Users/Shared/projects/competition/experiments/instruction-effects/revisions/research-v010/preflight/task020-executed-suite/helpers.mjs:16:47)
        at /Users/Shared/projects/competition/experiments/instruction-effects/revisions/research-v010/preflight/task020-executed-suite/bulk-directory.spec.mjs:15:3

    attachment #1: screenshot (image/png) ──────────────────────────────────────────────────────────
    experiments/instruction-effects/revisions/research-v010/preflight/task020-full-check-1791673763043/positive-async-observation/artifacts/bulk-directory-067-bulk-co-a28bd-rder-and-reserved-positions/test-failed-1.png
    ────────────────────────────────────────────────────────────────────────────────────────────────

    Error Context: experiments/instruction-effects/revisions/research-v010/preflight/task020-full-check-1791673763043/positive-async-observation/artifacts/bulk-directory-067-bulk-co-a28bd-rder-and-reserved-positions/error-context.md

    attachment #3: trace (application/zip) ─────────────────────────────────────────────────────────
    experiments/instruction-effects/revisions/research-v010/preflight/task020-full-check-1791673763043/positive-async-observation/artifacts/bulk-directory-067-bulk-co-a28bd-rder-and-reserved-positions/trace.zip
    Usage:

        npx playwright show-trace experiments/instruction-effects/revisions/research-v010/preflight/task020-full-check-1791673763043/positive-async-observation/artifacts/bulk-directory-067-bulk-co-a28bd-rder-and-reserved-positions/trace.zip

    ────────────────────────────────────────────────────────────────────────────────────────────────


  1 interrupted
    experiments/instruction-effects/revisions/research-v010/preflight/task020-executed-suite/bulk-directory.spec.mjs:13:2 › 067 bulk completion intersects every directory filter and preserves fields order and reserved positions 
  67 did not run
