
Running 1 test using 1 worker



[1/1] experiments/instruction-effects/revisions/research-v005/decisions/task-021-draft/suite/bulk-directory.spec.mjs:13:2 › 067 bulk completion intersects every directory filter and preserves fields order and reserved positions
  1) experiments/instruction-effects/revisions/research-v005/decisions/task-021-draft/suite/bulk-directory.spec.mjs:13:2 › 067 bulk completion intersects every directory filter and preserves fields order and reserved positions 

    Error: expect(locator).not.toBeChecked() failed

    Locator:  getByRole('checkbox', { name: 'Complete task-021 Bulk match archived', exact: true })
    Expected: not checked
    Received: checked
    Timeout:  5000ms

    Call log:
      - Expect "not toBeChecked" getByRole('checkbox', { name: 'Complete task-021 Bulk match archived', exact: true }) with timeout 5000ms
      - waiting for getByRole('checkbox', { name: 'Complete task-021 Bulk match archived', exact: true })
        11 × locator resolved to <input checked disabled value="1" type="checkbox" name="completed" onchange="this.form.requestSubmit()" aria-label="Complete task-021 Bulk match archived"/>
           - unexpected value "checked"


      18 |   await directory(page,prefix);await expect(rows(page)).toHaveCount(7);await page.getByRole('combobox',{name:'Task filter',exact:true}).selectOption({label:'Open'});await expect(rows(page)).toHaveCount(5);await page.getByRole('combobox',{name:'Priority filter',exact:true}).selectOption({label:'High'});await expect(rows(page)).toHaveCount(4);await page.getByRole('textbox',{name:'Due from',exact:true}).fill('2050-01-01');await page.getByRole('textbox',{name:'Due through',exact:true}).fill('2050-01-01');await page.getByRole('button',{name:'Apply due range',exact:true}).click();await expect(rows(page)).toHaveCount(2);await expect(rows(page).getByTestId('directory-task-title')).toHaveText([first,second]);await expect(complete(page)).toBeEnabled();await expect(reopen(page)).toBeDisabled();await complete(page).click();await expectPersistedCompletion(page,a,first,true);await expectPersistedCompletion(page,b,second,true);await expect(page.getByText('No matching tasks',{exact:true})).toBeVisible();await expect(rows(page)).toHaveCount(0);await expect(complete(page)).toBeDisabled();await expect(reopen(page)).toBeDisabled();await expect(page.getByRole('combobox',{name:'Task filter',exact:true}).locator('option:checked')).toHaveText('Open');await expect(page.getByRole('combobox',{name:'Priority filter',exact:true}).locator('option:checked')).toHaveText('High');await expect(page.getByRole('textbox',{name:'Due from',exact:true})).toHaveValue('2050-01-01');await expect(page.getByRole('textbox',{name:'Due through',exact:true})).toHaveValue('2050-01-01');await expect(page.getByRole('textbox',{name:'Directory search',exact:true})).toHaveValue(prefix);
      19 |   await observerProject(page,a,async observer=>{const stored=observer.getByTestId('task-row').filter({visible:true});await expect(stored).toHaveCount(6);for(const [i,t] of [first,low,done,projectName('Bulk other title'),later,'Bulk later reservation sentinel'].entries())await expect(stored.nth(i).getByRole('checkbox',{name:'Complete '+t,exact:true})).toBeVisible();for(const t of [low,later,projectName('Bulk other title')])await expect(observer.getByRole('checkbox',{name:'Complete '+t,exact:true})).not.toBeChecked();await expect(taskRow(observer,first).getByRole('textbox',{name:'Task notes',exact:true})).toHaveValue('  Bulk <b>Ω</b>\nretained  ');await expect(taskRow(observer,first).getByRole('textbox',{name:'Task due date',exact:true})).toHaveValue('2050-01-01');await expect(taskRow(observer,first).getByRole('combobox',{name:'Task priority',exact:true}).locator('option:checked')).toHaveText('High');await observer.getByRole('combobox',{name:'Task filter',exact:true}).selectOption({label:'Deleted'});await expect(observer.getByRole('checkbox',{name:'Complete '+deleted,exact:true})).not.toBeChecked();});
    > 20 |   await observerProject(page,b,async observer=>{await expect(observer.getByRole('checkbox',{name:'Complete '+undated,exact:true})).not.toBeChecked();});await observerProject(page,'Bulk archived owner',async observer=>{await expect(observer.getByRole('checkbox',{name:'Complete '+prefix+' archived',exact:true})).not.toBeChecked();},true);
         |                                                                                                                                                                                                                                                                                                                             ^
      21 |   await page.getByRole('combobox',{name:'Task filter',exact:true}).selectOption({label:'Completed'});await expect(rows(page)).toHaveCount(4);await expect(complete(page)).toBeDisabled();await expect(reopen(page)).toBeEnabled();await reopen(page).click();for(const [owner,t] of [[a,first],[a,done],[b,second],[b,secondDone]])await expectPersistedCompletion(page,owner,t,false);await expect(page.getByText('No matching tasks',{exact:true})).toBeVisible();await expect(rows(page)).toHaveCount(0);await expect(page.getByRole('combobox',{name:'Task filter',exact:true}).locator('option:checked')).toHaveText('Completed');
      22 |   await observerProject(page,a,async observer=>{const stored=observer.getByTestId('task-row').filter({visible:true});await expect(stored).toHaveCount(6);for(const [i,t] of [first,low,done,projectName('Bulk other title'),later,'Bulk later reservation sentinel'].entries())await expect(stored.nth(i).getByRole('checkbox',{name:'Complete '+t,exact:true})).toBeVisible();});await page.goto('/');await expect(projectRow(page,a).getByTestId('project-summary')).toHaveText('0/6 completed');await expect(projectRow(page,b).getByTestId('project-summary')).toHaveText('0/3 completed');await openProject(page,b);await moved(page,b,a,second);const order=page.getByTestId('task-row').filter({visible:true});await expect(order).toHaveCount(7);await expect(order.nth(5).getByRole('checkbox',{name:'Complete '+second,exact:true})).toBeVisible();await expect(order.nth(6).getByRole('checkbox',{name:'Complete Bulk later reservation sentinel',exact:true})).toBeVisible();await expect(page.getByRole('checkbox',{name:'Complete '+second,exact:true})).not.toBeChecked();await expect(taskRow(page,second).getByRole('textbox',{name:'Task notes',exact:true})).toHaveValue('Second original note');await expect(taskRow(page,second).getByRole('textbox',{name:'Task due date',exact:true})).toHaveValue('2050-01-01');await page.reload();await expect(page.getByRole('checkbox',{name:'Complete '+second,exact:true})).not.toBeChecked();
      23 |  });
        at work (/Users/Shared/projects/competition/experiments/instruction-effects/revisions/research-v005/decisions/task-021-draft/suite/bulk-directory.spec.mjs:20:317)
        at observerProject (/Users/Shared/projects/competition/experiments/instruction-effects/revisions/research-v005/decisions/task-021-draft/suite/bulk-directory.spec.mjs:9:296)
        at /Users/Shared/projects/competition/experiments/instruction-effects/revisions/research-v005/decisions/task-021-draft/suite/bulk-directory.spec.mjs:20:153

    attachment #1: screenshot (image/png) ──────────────────────────────────────────────────────────
    experiments/instruction-effects/revisions/research-v005/preflight/priority-fixtures/order-final-directory-check-1791647094342/negative-bulk-includes-archived/artifacts/bulk-directory-067-bulk-co-a28bd-rder-and-reserved-positions/test-failed-1.png
    ────────────────────────────────────────────────────────────────────────────────────────────────

    Error Context: experiments/instruction-effects/revisions/research-v005/preflight/priority-fixtures/order-final-directory-check-1791647094342/negative-bulk-includes-archived/artifacts/bulk-directory-067-bulk-co-a28bd-rder-and-reserved-positions/error-context.md

    attachment #3: trace (application/zip) ─────────────────────────────────────────────────────────
    experiments/instruction-effects/revisions/research-v005/preflight/priority-fixtures/order-final-directory-check-1791647094342/negative-bulk-includes-archived/artifacts/bulk-directory-067-bulk-co-a28bd-rder-and-reserved-positions/trace.zip
    Usage:

        npx playwright show-trace experiments/instruction-effects/revisions/research-v005/preflight/priority-fixtures/order-final-directory-check-1791647094342/negative-bulk-includes-archived/artifacts/bulk-directory-067-bulk-co-a28bd-rder-and-reserved-positions/trace.zip

    ────────────────────────────────────────────────────────────────────────────────────────────────


  1 failed
    experiments/instruction-effects/revisions/research-v005/decisions/task-021-draft/suite/bulk-directory.spec.mjs:13:2 › 067 bulk completion intersects every directory filter and preserves fields order and reserved positions 
