
Running 1 test using 1 worker



[1/1] experiments/instruction-effects/revisions/research-v004/decisions/task-017-draft/suite/export.spec.mjs:11:2 › 059 archived upgraded and empty projects export without mutation
  1) experiments/instruction-effects/revisions/research-v004/decisions/task-017-draft/suite/export.spec.mjs:11:2 › 059 archived upgraded and empty projects export without mutation 

    Error: expect(received).toMatchObject(expected)

    - Expected  - 1
    + Received  + 1

      Object {
        "archived": true,
    -   "defaultPriority": "Low",
    +   "defaultPriority": "High",
        "name": "task-016 Persistence renamed",
      }

      10 |  });
      11 |  test('059 archived upgraded and empty projects export without mutation',async({page})=>{
    > 12 |   await page.goto('/');await page.getByRole('combobox',{name:'Project filter',exact:true}).selectOption({label:'Archived'});await page.getByTestId('project-row').filter({hasText:'task-016 Persistence renamed'}).filter({visible:true}).getByRole('button',{name:'Open project',exact:true}).click();await expect(page.getByRole('button',{name:'Download project',exact:true})).toBeEnabled();const data=await exported(page);expect(data).toMatchObject({name:'task-016 Persistence renamed',archived:true,defaultPriority:'Low'});expect(data.tasks).toHaveLength(1);expect(data.tasks[0]).toMatchObject({title:'Memory kept',completed:true,priority:'High',dueDate:'2028-02-29',notes:'',deleted:false});await expect(taskRow(page,'Memory kept').getByRole('textbox',{name:'Task notes',exact:true})).toBeDisabled();await createProject(page,'Export empty');await openProject(page,'Export empty');const empty=await exported(page);expect(empty).toMatchObject({name:projectName('Export empty'),archived:false,defaultPriority:'Normal',tasks:[]});await page.reload();expect(await exported(page)).toEqual(empty);
         |                                                                                                                                                                                                                                                                                                                                                                                                                                               ^
      13 |  });
      14 | }
      15 | async function filterDeleted(page){await page.getByRole('combobox',{name:'Task filter',exact:true}).selectOption({label:'Deleted'});}
        at /Users/Shared/projects/competition/experiments/instruction-effects/revisions/research-v004/decisions/task-017-draft/suite/export.spec.mjs:12:431

    attachment #1: screenshot (image/png) ──────────────────────────────────────────────────────────
    experiments/instruction-effects/revisions/research-v004/preflight/priority-fixtures/stage-17-check-1791635992784/negative-export-wrong-project-default/artifacts/export-059-archived-upgrad-acad9-cts-export-without-mutation/test-failed-1.png
    ────────────────────────────────────────────────────────────────────────────────────────────────

    Error Context: experiments/instruction-effects/revisions/research-v004/preflight/priority-fixtures/stage-17-check-1791635992784/negative-export-wrong-project-default/artifacts/export-059-archived-upgrad-acad9-cts-export-without-mutation/error-context.md

    attachment #3: trace (application/zip) ─────────────────────────────────────────────────────────
    experiments/instruction-effects/revisions/research-v004/preflight/priority-fixtures/stage-17-check-1791635992784/negative-export-wrong-project-default/artifacts/export-059-archived-upgrad-acad9-cts-export-without-mutation/trace.zip
    Usage:

        npx playwright show-trace experiments/instruction-effects/revisions/research-v004/preflight/priority-fixtures/stage-17-check-1791635992784/negative-export-wrong-project-default/artifacts/export-059-archived-upgrad-acad9-cts-export-without-mutation/trace.zip

    ────────────────────────────────────────────────────────────────────────────────────────────────


  1 failed
    experiments/instruction-effects/revisions/research-v004/decisions/task-017-draft/suite/export.spec.mjs:11:2 › 059 archived upgraded and empty projects export without mutation 
