
Running 1 test using 1 worker



[1/1] experiments/instruction-effects/revisions/research-v006/decisions/task-020-draft/suite/search.spec.mjs:30:2 › 048 rename re-evaluates search membership and archived search remains readable
  1) experiments/instruction-effects/revisions/research-v006/decisions/task-020-draft/suite/search.spec.mjs:30:2 › 048 rename re-evaluates search membership and archived search remains readable 

    Error: expect(locator).toHaveCount(expected) failed

    Locator:  getByTestId('task-row').filter({ has: getByRole('checkbox', { name: 'Complete Renamed outside query', exact: true }) }).visible()
    Expected: 0
    Received: 1
    Timeout:  5000ms

    Call log:
      - Expect "toHaveCount" getByTestId('task-row').filter({ has: getByRole('checkbox', { name: 'Complete Renamed outside query', exact: true }) }).visible() with timeout 5000ms
      - waiting for getByTestId('task-row').filter({ has: getByRole('checkbox', { name: 'Complete Renamed outside query', exact: true }) }).visible()
        14 × locator resolved to 1 element
           - unexpected value "1"


      32 |   await taskRow(page,'Matching title').getByRole('textbox',{name:'New task title',exact:true}).fill('Renamed outside query');await taskRow(page,'Matching title').getByRole('button',{name:'Rename task',exact:true}).click();
      33 |   const observer=await page.context().newPage();try{await expect.poll(async()=>{await observer.goto('/');await openProject(observer,'Search mutable titles');await expect(taskRow(observer,'Other title')).toBeVisible();return taskRow(observer,'Renamed outside query').count();},{timeout:5000}).toBe(1);}finally{await observer.close();}
    > 34 |   await expect(taskRow(page,'Renamed outside query')).toHaveCount(0);await expect(taskRow(page,'Matching second')).toBeVisible();await expect(page.getByTestId('task-row').filter({visible:true})).toHaveCount(1);await taskSearch(page,'');await expect(taskRow(page,'Renamed outside query')).toBeVisible();
         |                                                       ^
      35 |   await page.getByRole('button',{name:'Projects',exact:true}).click();await projectRow(page,'Search mutable titles').getByRole('button',{name:'Archive project',exact:true}).click();await expect(projectRow(page,'Search mutable titles')).toHaveCount(0);await page.getByRole('combobox',{name:'Project filter',exact:true}).selectOption({label:'Archived'});await openProject(page,'Search mutable titles');await expect(page.getByRole('textbox',{name:'Task search',exact:true})).toBeEnabled();await taskSearch(page,'matching');await expect(page.getByTestId('task-row').filter({visible:true})).toHaveCount(1);await expect(page.getByRole('checkbox',{name:'Complete Matching second',exact:true})).toBeDisabled();await expect(taskRow(page,'Matching second').getByRole('button',{name:'Move task',exact:true})).toBeDisabled();
      36 |  });
      37 |  test('049 upgraded original task012 return positions remain usable',async({page})=>{
        at /Users/Shared/projects/competition/experiments/instruction-effects/revisions/research-v006/decisions/task-020-draft/suite/search.spec.mjs:34:55

    attachment #1: screenshot (image/png) ──────────────────────────────────────────────────────────
    experiments/instruction-effects/revisions/research-v006/preflight/priority-fixtures/full-read-check-1791650274249/negative-rename-resets-search/artifacts/search-048-rename-re-evalu-80e53-ved-search-remains-readable/test-failed-1.png
    ────────────────────────────────────────────────────────────────────────────────────────────────

    Error Context: experiments/instruction-effects/revisions/research-v006/preflight/priority-fixtures/full-read-check-1791650274249/negative-rename-resets-search/artifacts/search-048-rename-re-evalu-80e53-ved-search-remains-readable/error-context.md

    attachment #3: trace (application/zip) ─────────────────────────────────────────────────────────
    experiments/instruction-effects/revisions/research-v006/preflight/priority-fixtures/full-read-check-1791650274249/negative-rename-resets-search/artifacts/search-048-rename-re-evalu-80e53-ved-search-remains-readable/trace.zip
    Usage:

        npx playwright show-trace experiments/instruction-effects/revisions/research-v006/preflight/priority-fixtures/full-read-check-1791650274249/negative-rename-resets-search/artifacts/search-048-rename-re-evalu-80e53-ved-search-remains-readable/trace.zip

    ────────────────────────────────────────────────────────────────────────────────────────────────


  1 failed
    experiments/instruction-effects/revisions/research-v006/decisions/task-020-draft/suite/search.spec.mjs:30:2 › 048 rename re-evaluates search membership and archived search remains readable 
