
Running 1 test using 1 worker



[1/1] experiments/instruction-effects/revisions/research-v005/decisions/task-018-draft/suite/notes.spec.mjs:10:2 › 052 multiline notes retain literal text filters and archived read-only behavior
  1) experiments/instruction-effects/revisions/research-v005/decisions/task-018-draft/suite/notes.spec.mjs:10:2 › 052 multiline notes retain literal text filters and archived read-only behavior 

    Error: expect(locator).toHaveCount(expected) failed

    Locator:  getByTestId('task-row').visible()
    Expected: 1
    Received: 2
    Timeout:  5000ms

    Call log:
      - Expect "toHaveCount" getByTestId('task-row').visible() with timeout 5000ms
      - waiting for getByTestId('task-row').visible()
        14 × locator resolved to 2 elements
           - unexpected value "2"


      12 |   const value='  First line Ω\n  Only in notes\n</textarea><script>window.ffNotesExecuted=true</script><textarea>\nlast line  ';
      13 |   await saveNotes(page,'Notes values','Notes identity',value);await page.reload();await expect(notes(page,'Notes identity')).toHaveValue(value);expect(await page.evaluate(()=>window.ffNotesExecuted)).not.toBe(true);
    > 14 |   await page.getByRole('textbox',{name:'Task search',exact:true}).fill('Only in notes');await page.getByRole('button',{name:'Search tasks',exact:true}).click();await expect(taskRow(page,'Only in notes title sentinel')).toBeVisible();await expect(page.getByTestId('task-row').filter({visible:true})).toHaveCount(1);await expect(taskRow(page,'Notes identity')).toHaveCount(0);await page.getByRole('textbox',{name:'Task search',exact:true}).fill('identity');await page.getByRole('button',{name:'Search tasks',exact:true}).click();await expect(taskRow(page,'Notes identity')).toBeVisible();
         |                                                                                                                                                                                                                                                                                                            ^
      15 |   await taskRow(page,'Notes identity').getByRole('combobox',{name:'Task priority',exact:true}).selectOption({label:'High'});await expectPersistedPriority(page,'Notes values','Notes identity','High');await taskRow(page,'Notes identity').getByRole('textbox',{name:'Task due date',exact:true}).fill('2035-01-01');await taskRow(page,'Notes identity').getByRole('button',{name:'Save due date',exact:true}).click();const dateObserver=await page.context().newPage();try{await expect.poll(async()=>{await dateObserver.goto('/');await openProject(dateObserver,'Notes values');return taskRow(dateObserver,'Notes identity').getByRole('textbox',{name:'Task due date',exact:true}).inputValue();},{timeout:5000}).toBe('2035-01-01');}finally{await dateObserver.close();}
      16 |   await page.getByRole('combobox',{name:'Task filter',exact:true}).selectOption({label:'Open'});await page.getByRole('combobox',{name:'Priority filter',exact:true}).selectOption({label:'High'});await page.getByRole('textbox',{name:'Due from',exact:true}).fill('2035-01-01');await page.getByRole('textbox',{name:'Due through',exact:true}).fill('2035-01-01');await page.getByRole('button',{name:'Apply due range',exact:true}).click();await saveNotes(page,'Notes values','Notes identity','');
      17 |   await expect(notes(page,'Notes identity')).toHaveValue('');await expect(page.getByRole('textbox',{name:'Task search',exact:true})).toHaveValue('identity');await expect(page.getByRole('combobox',{name:'Task filter',exact:true}).locator('option:checked')).toHaveText('Open');await expect(page.getByRole('combobox',{name:'Priority filter',exact:true}).locator('option:checked')).toHaveText('High');await expect(page.getByRole('textbox',{name:'Due from',exact:true})).toHaveValue('2035-01-01');await expect(page.getByRole('textbox',{name:'Due through',exact:true})).toHaveValue('2035-01-01');
        at /Users/Shared/projects/competition/experiments/instruction-effects/revisions/research-v005/decisions/task-018-draft/suite/notes.spec.mjs:14:300

    attachment #1: screenshot (image/png) ──────────────────────────────────────────────────────────
    .local/researchv005-full-check-1791641662638/negative-notes-match-search/artifacts/notes-052-multiline-notes--1b071-archived-read-only-behavior/test-failed-1.png
    ────────────────────────────────────────────────────────────────────────────────────────────────

    Error Context: .local/researchv005-full-check-1791641662638/negative-notes-match-search/artifacts/notes-052-multiline-notes--1b071-archived-read-only-behavior/error-context.md

    attachment #3: trace (application/zip) ─────────────────────────────────────────────────────────
    .local/researchv005-full-check-1791641662638/negative-notes-match-search/artifacts/notes-052-multiline-notes--1b071-archived-read-only-behavior/trace.zip
    Usage:

        npx playwright show-trace .local/researchv005-full-check-1791641662638/negative-notes-match-search/artifacts/notes-052-multiline-notes--1b071-archived-read-only-behavior/trace.zip

    ────────────────────────────────────────────────────────────────────────────────────────────────


  1 failed
    experiments/instruction-effects/revisions/research-v005/decisions/task-018-draft/suite/notes.spec.mjs:10:2 › 052 multiline notes retain literal text filters and archived read-only behavior 
