
Running 1 test using 1 worker



[1/1] runs/instruction-effects/pilot-009/definitions/project/acceptance/persistence.spec.mjs:4:1 › 012 data survives a real server-process restart
  1) runs/instruction-effects/pilot-009/definitions/project/acceptance/persistence.spec.mjs:4:1 › 012 data survives a real server-process restart 

    Error: page.goto: net::ERR_CONNECTION_REFUSED at http://127.0.0.1:53830/
    Call log:
      - navigating to "http://127.0.0.1:53830/", waiting until "load"


      4 | test('012 data survives a real server-process restart', async ({ page, context }) => {
      5 |   await isolateBrowser(context);
    > 6 |   await page.goto('/');
        |              ^
      7 |   if (stage >= 3) {
      8 |     await page.getByRole('combobox', { name: 'Project filter', exact: true }).selectOption({ label: 'Archived' });
      9 |     await expect(projectRow(page, stage >= 4 ? 'Persistence renamed' : 'Persistence sentinel').getByTestId('project-summary')).toHaveText('1/1 completed');
        at /Users/Shared/projects/competition/runs/instruction-effects/pilot-009/definitions/project/acceptance/persistence.spec.mjs:6:14

    attachment #1: screenshot (image/png) ──────────────────────────────────────────────────────────
    runs/instruction-effects/pilot-009/tasks/task-001/attempts/b005/attempt-001/observation-006/artifacts/persistence-012-data-survives-a-real-server-process-restart/test-failed-1.png
    ────────────────────────────────────────────────────────────────────────────────────────────────

    Error Context: runs/instruction-effects/pilot-009/tasks/task-001/attempts/b005/attempt-001/observation-006/artifacts/persistence-012-data-survives-a-real-server-process-restart/error-context.md

    attachment #3: trace (application/zip) ─────────────────────────────────────────────────────────
    runs/instruction-effects/pilot-009/tasks/task-001/attempts/b005/attempt-001/observation-006/artifacts/persistence-012-data-survives-a-real-server-process-restart/trace.zip
    Usage:

        npx playwright show-trace runs/instruction-effects/pilot-009/tasks/task-001/attempts/b005/attempt-001/observation-006/artifacts/persistence-012-data-survives-a-real-server-process-restart/trace.zip

    ────────────────────────────────────────────────────────────────────────────────────────────────


  1 failed
    runs/instruction-effects/pilot-009/definitions/project/acceptance/persistence.spec.mjs:4:1 › 012 data survives a real server-process restart 
