
Running 1 test using 1 worker



[1/1] experiments/instruction-effects/revisions/research-v004/decisions/task-016-draft/suite/deletion.spec.mjs:10:2 › 054 deleted tasks preserve fields intersect filters and remain read-only through project archival
  1) experiments/instruction-effects/revisions/research-v004/decisions/task-016-draft/suite/deletion.spec.mjs:10:2 › 054 deleted tasks preserve fields intersect filters and remain read-only through project archival 

    Error: expect(received).toBe(expected) // Object.is equality

    Expected: "1/3 completed"
    Received: "2/4 completed"

    Call Log:
    - Timeout 5000ms exceeded while waiting on the predicate

      3 | const filter=page=>page.getByRole('combobox',{name:'Task filter',exact:true});
      4 | const notes=(page,title)=>taskRow(page,title).getByRole('textbox',{name:'Task notes',exact:true});
    > 5 | async function summary(page,owner,value){const observer=await page.context().newPage();try{await expect.poll(async()=>{await observer.goto('/');return projectRow(observer,owner).getByTestId('project-summary').textContent();},{timeout:5000}).toBe(value);}finally{await observer.close();}}
        |                                                                                                                                                                                                                                                  ^
      6 | async function saved(page,owner,title,label,value){const row=taskRow(page,title);await row.getByRole('textbox',{name:label,exact:true}).fill(value);await row.getByRole('button',{name:label==='Task notes'?'Save notes':'Save due date',exact:true}).click();const observer=await page.context().newPage();try{await expect.poll(async()=>{await observer.goto('/');await openProject(observer,owner);return taskRow(observer,title).getByRole('textbox',{name:label,exact:true}).inputValue();},{timeout:5000}).toBe(value);}finally{await observer.close();}}
      7 | async function ordered(page,titles){const rows=page.getByTestId('task-row').filter({visible:true});await expect(rows).toHaveCount(titles.length);for(const [index,title] of titles.entries())await expect(rows.nth(index).getByRole('checkbox',{name:'Complete '+title,exact:true})).toBeVisible();}
      8 | test.beforeEach(async({context})=>{await isolateBrowser(context);});
        at summary (/Users/Shared/projects/competition/experiments/instruction-effects/revisions/research-v004/decisions/task-016-draft/suite/deletion.spec.mjs:5:242)
        at /Users/Shared/projects/competition/experiments/instruction-effects/revisions/research-v004/decisions/task-016-draft/suite/deletion.spec.mjs:13:687

    attachment #1: screenshot (image/png) ──────────────────────────────────────────────────────────
    experiments/instruction-effects/revisions/research-v004/preflight/priority-fixtures/stage-16-check-1791635747612/negative-ignored-delete/artifacts/deletion-054-deleted-tasks-2a876-ly-through-project-archival/test-failed-1.png
    ────────────────────────────────────────────────────────────────────────────────────────────────

    Error Context: experiments/instruction-effects/revisions/research-v004/preflight/priority-fixtures/stage-16-check-1791635747612/negative-ignored-delete/artifacts/deletion-054-deleted-tasks-2a876-ly-through-project-archival/error-context.md

    attachment #3: trace (application/zip) ─────────────────────────────────────────────────────────
    experiments/instruction-effects/revisions/research-v004/preflight/priority-fixtures/stage-16-check-1791635747612/negative-ignored-delete/artifacts/deletion-054-deleted-tasks-2a876-ly-through-project-archival/trace.zip
    Usage:

        npx playwright show-trace experiments/instruction-effects/revisions/research-v004/preflight/priority-fixtures/stage-16-check-1791635747612/negative-ignored-delete/artifacts/deletion-054-deleted-tasks-2a876-ly-through-project-archival/trace.zip

    ────────────────────────────────────────────────────────────────────────────────────────────────


  1 failed
    experiments/instruction-effects/revisions/research-v004/decisions/task-016-draft/suite/deletion.spec.mjs:10:2 › 054 deleted tasks preserve fields intersect filters and remain read-only through project archival 
