
Running 1 test using 1 worker



[1/1] experiments/instruction-effects/revisions/research-v008/preflight/priority-fixtures/final030-third-executed-suite/directory-priority.spec.mjs:32:2 › 082 directory priority assignment honors intersected live results and protects nonmatching metadata
  1) experiments/instruction-effects/revisions/research-v008/preflight/priority-fixtures/final030-third-executed-suite/directory-priority.spec.mjs:32:2 › 082 directory priority assignment honors intersected live results and protects nonmatching metadata 

    Error: expect(locator).toHaveValue(expected) failed

    Locator: getByTestId('task-row').filter({ has: getByRole('checkbox', { name: 'Complete task-030 Priority batch record target zulu', exact: true }) }).visible().getByRole('textbox', { name: 'Task notes', exact: true })
    Timeout: 5000ms
    Expected: "Literal Ω
      retained priority notes"
    Received: ""

    Call log:
      - Expect "toHaveValue" getByTestId('task-row').filter({ has: getByRole('checkbox', { name: 'Complete task-030 Priority batch record target zulu', exact: true }) }).visible().getByRole('textbox', { name: 'Task notes', exact: true }) with timeout 5000ms
      - waiting for getByTestId('task-row').filter({ has: getByRole('checkbox', { name: 'Complete task-030 Priority batch record target zulu', exact: true }) }).visible().getByRole('textbox', { name: 'Task notes', exact: true })
        14 × locator resolved to <textarea name="notes"></textarea>
           - unexpected value ""


      48 |    await returnTo(observer,a);await titles(observer,[first,low,late,done,other]);
      49 |    for(const [title,priority] of [[first,'High'],[low,'Low'],[late,'Normal'],[done,'Normal'],[other,'Normal']])await expect(taskRow(observer,title).getByRole('combobox',{name:'Task priority',exact:true}).locator('option:checked')).toHaveText(priority);
    > 50 |    await expect(observer.getByRole('checkbox',{name:'Complete '+done,exact:true})).toBeChecked();await expect(taskRow(observer,first).getByRole('textbox',{name:'Task due date',exact:true})).toHaveValue(fields.date);await expect(taskRow(observer,first).getByRole('textbox',{name:'Task notes',exact:true})).toHaveValue(fields.notes);
         |                                                                                                                                                                                                                                                                                                                  ^
      51 |    await observer.getByRole('combobox',{name:'Task filter',exact:true}).selectOption({label:'Deleted'});await expect(taskRow(observer,deleted).getByRole('combobox',{name:'Task priority',exact:true}).locator('option:checked')).toHaveText('Normal');
      52 |    await returnTo(observer,b);await expect(taskRow(observer,second).getByRole('combobox',{name:'Task priority',exact:true}).locator('option:checked')).toHaveText('High');await expect(taskRow(observer,second).getByRole('textbox',{name:'Task notes',exact:true})).toHaveValue(fields.notes);
      53 |   }finally{await observer.close();}
        at /Users/Shared/projects/competition/experiments/instruction-effects/revisions/research-v008/preflight/priority-fixtures/final030-third-executed-suite/directory-priority.spec.mjs:50:306

    attachment #1: screenshot (image/png) ──────────────────────────────────────────────────────────
    experiments/instruction-effects/revisions/research-v008/preflight/priority-fixtures/stage30-final-controls-1791660945847/negative-priority-clears-notes-082/artifacts/directory-priority-082-dir-a9ee4-otects-nonmatching-metadata/test-failed-1.png
    ────────────────────────────────────────────────────────────────────────────────────────────────

    Error Context: experiments/instruction-effects/revisions/research-v008/preflight/priority-fixtures/stage30-final-controls-1791660945847/negative-priority-clears-notes-082/artifacts/directory-priority-082-dir-a9ee4-otects-nonmatching-metadata/error-context.md

    attachment #3: trace (application/zip) ─────────────────────────────────────────────────────────
    experiments/instruction-effects/revisions/research-v008/preflight/priority-fixtures/stage30-final-controls-1791660945847/negative-priority-clears-notes-082/artifacts/directory-priority-082-dir-a9ee4-otects-nonmatching-metadata/trace.zip
    Usage:

        npx playwright show-trace experiments/instruction-effects/revisions/research-v008/preflight/priority-fixtures/stage30-final-controls-1791660945847/negative-priority-clears-notes-082/artifacts/directory-priority-082-dir-a9ee4-otects-nonmatching-metadata/trace.zip

    ────────────────────────────────────────────────────────────────────────────────────────────────


  1 failed
    experiments/instruction-effects/revisions/research-v008/preflight/priority-fixtures/final030-third-executed-suite/directory-priority.spec.mjs:32:2 › 082 directory priority assignment honors intersected live results and protects nonmatching metadata 
