
Running 1 test using 1 worker



[1/1] experiments/instruction-effects/revisions/research-v004/decisions/task-016-draft/suite/deletion.spec.mjs:17:2 › 055 restoration retains reserved order explicit priority completion and remembered destination positions
  1) experiments/instruction-effects/revisions/research-v004/decisions/task-016-draft/suite/deletion.spec.mjs:17:2 › 055 restoration retains reserved order explicit priority completion and remembered destination positions 

    Error: expect(locator).toHaveText(expected) failed

    Locator:  getByTestId('task-row').filter({ has: getByRole('checkbox', { name: 'Complete Reserved', exact: true }) }).visible().getByRole('combobox', { name: 'Task priority', exact: true }).locator('option:checked')
    Expected: "High"
    Received: "Low"
    Timeout:  5000ms

    Call log:
      - Expect "toHaveText" getByTestId('task-row').filter({ has: getByRole('checkbox', { name: 'Complete Reserved', exact: true }) }).visible().getByRole('combobox', { name: 'Task priority', exact: true }).locator('option:checked') with timeout 5000ms
      - waiting for getByTestId('task-row').filter({ has: getByRole('checkbox', { name: 'Complete Reserved', exact: true }) }).visible().getByRole('combobox', { name: 'Task priority', exact: true }).locator('option:checked')
        14 × locator resolved to <option selected>Low</option>
           - unexpected value "Low"


      18 |   await createProject(page,'Deletion target');await openProject(page,'Deletion target');await createTask(page,'Target first');await createProject(page,'Deletion order');await openProject(page,'Deletion order');for(const t of ['Before','Reserved','After'])await createTask(page,t);await taskRow(page,'Reserved').getByRole('combobox',{name:'Task priority',exact:true}).selectOption({label:'High'});await expectPersistedPriority(page,'Deletion order','Reserved','High');await page.getByRole('checkbox',{name:'Complete Reserved',exact:true}).check();await summary(page,'Deletion order','1/3 completed');await saved(page,'Deletion order','Reserved','Task due date','2037-01-01');await saved(page,'Deletion order','Reserved','Task notes','Restore original note');
      19 |   const move=async(target)=>{await taskRow(page,'Reserved').getByRole('combobox',{name:'Destination project',exact:true}).selectOption({label:projectName(target)});await taskRow(page,'Reserved').getByRole('button',{name:'Move task',exact:true}).click();await page.goto('/');await openProject(page,target);await expect(taskRow(page,'Reserved')).toBeVisible();};
    > 20 |   await move('Deletion target');await createTask(page,'Target later');await move('Deletion order');await taskRow(page,'Reserved').getByRole('button',{name:'Delete task',exact:true}).click();await summary(page,'Deletion order','0/2 completed');await createTask(page,'New arrival');await page.getByRole('combobox',{name:'Default task priority',exact:true}).selectOption({label:'Low'});await filter(page).selectOption({label:'Deleted'});await expect(taskRow(page,'Reserved')).toBeVisible();await taskRow(page,'Reserved').getByRole('button',{name:'Restore task',exact:true}).click();await summary(page,'Deletion order','1/4 completed');await expect(filter(page).locator('option:checked')).toHaveText('Deleted');await filter(page).selectOption({label:'All'});await ordered(page,['Before','Reserved','After','New arrival']);await expect(taskRow(page,'Reserved').getByRole('combobox',{name:'Task priority',exact:true}).locator('option:checked')).toHaveText('High');await expect(page.getByRole('checkbox',{name:'Complete Reserved',exact:true})).toBeChecked();await expect(notes(page,'Reserved')).toHaveValue('Restore original note');await expect(taskRow(page,'Reserved').getByRole('textbox',{name:'Task due date',exact:true})).toHaveValue('2037-01-01');await move('Deletion target');await ordered(page,['Target first','Reserved','Target later']);await page.reload();await ordered(page,['Target first','Reserved','Target later']);
         |                                                                                                                                                                                                                                                                                                                                                                                                                                                                                                                                                                                                                                                                                                                                                                                                                                                                                                                                                                            ^
      21 |  });
      22 |  test('056 upgraded original tasks remain live and deleted-only project persists with an empty live summary',async({page})=>{
      23 |   await page.goto('/');await page.getByRole('combobox',{name:'Project filter',exact:true}).selectOption({label:'Archived'});await page.getByTestId('project-row').filter({hasText:'task-015 Persistence renamed'}).filter({visible:true}).getByRole('button',{name:'Open project',exact:true}).click();await expect(taskRow(page,'Memory kept')).toBeVisible();await expect(taskRow(page,'Memory kept').getByRole('button',{name:'Delete task',exact:true})).toBeDisabled();
        at /Users/Shared/projects/competition/experiments/instruction-effects/revisions/research-v004/decisions/task-016-draft/suite/deletion.spec.mjs:20:940

    attachment #1: screenshot (image/png) ──────────────────────────────────────────────────────────
    experiments/instruction-effects/revisions/research-v004/preflight/priority-fixtures/stage-16-check-1791635747612/negative-restore-inherits-default/artifacts/deletion-055-restoration-r-fdb65-bered-destination-positions/test-failed-1.png
    ────────────────────────────────────────────────────────────────────────────────────────────────

    Error Context: experiments/instruction-effects/revisions/research-v004/preflight/priority-fixtures/stage-16-check-1791635747612/negative-restore-inherits-default/artifacts/deletion-055-restoration-r-fdb65-bered-destination-positions/error-context.md

    attachment #3: trace (application/zip) ─────────────────────────────────────────────────────────
    experiments/instruction-effects/revisions/research-v004/preflight/priority-fixtures/stage-16-check-1791635747612/negative-restore-inherits-default/artifacts/deletion-055-restoration-r-fdb65-bered-destination-positions/trace.zip
    Usage:

        npx playwright show-trace experiments/instruction-effects/revisions/research-v004/preflight/priority-fixtures/stage-16-check-1791635747612/negative-restore-inherits-default/artifacts/deletion-055-restoration-r-fdb65-bered-destination-positions/trace.zip

    ────────────────────────────────────────────────────────────────────────────────────────────────


  1 failed
    experiments/instruction-effects/revisions/research-v004/decisions/task-016-draft/suite/deletion.spec.mjs:17:2 › 055 restoration retains reserved order explicit priority completion and remembered destination positions 
