
Running 8 tests using 1 worker



[1/8] runs/instruction-effects/pilot-005/definitions/project/acceptance/workboard.spec.mjs:6:1 › 001 health and project creation persist on reload
[2/8] runs/instruction-effects/pilot-005/definitions/project/acceptance/workboard.spec.mjs:21:1 › 002 blank project input is rejected
  1) runs/instruction-effects/pilot-005/definitions/project/acceptance/workboard.spec.mjs:21:1 › 002 blank project input is rejected 

    Error: expect(locator).toContainText(expected) failed

    Locator: getByRole('alert')
    Expected substring: "Project name is required"
    Timeout: 5000ms
    Error: element(s) not found

    Call log:
      - Expect "toContainText" getByRole('alert') with timeout 5000ms
      - waiting for getByRole('alert')


      24 |   await page.getByRole('textbox', { name: 'Project name', exact: true }).fill('   ');
      25 |   await page.getByRole('button', { name: 'Create project', exact: true }).click();
    > 26 |   await expect(page.getByRole('alert')).toContainText('Project name is required');
         |                                         ^
      27 |   await expect(page.getByTestId('project-row')).toHaveCount(rows);
      28 | });
      29 |
        at /Users/Shared/projects/competition/runs/instruction-effects/pilot-005/definitions/project/acceptance/workboard.spec.mjs:26:41

    attachment #1: screenshot (image/png) ──────────────────────────────────────────────────────────
    runs/instruction-effects/pilot-005/tasks/task-002/attempts/b008/attempt-009/acceptance/artifacts/workboard-002-blank-project-input-is-rejected/test-failed-1.png
    ────────────────────────────────────────────────────────────────────────────────────────────────

    Error Context: runs/instruction-effects/pilot-005/tasks/task-002/attempts/b008/attempt-009/acceptance/artifacts/workboard-002-blank-project-input-is-rejected/error-context.md

    attachment #3: trace (application/zip) ─────────────────────────────────────────────────────────
    runs/instruction-effects/pilot-005/tasks/task-002/attempts/b008/attempt-009/acceptance/artifacts/workboard-002-blank-project-input-is-rejected/trace.zip
    Usage:

        npx playwright show-trace runs/instruction-effects/pilot-005/tasks/task-002/attempts/b008/attempt-009/acceptance/artifacts/workboard-002-blank-project-input-is-rejected/trace.zip

    ────────────────────────────────────────────────────────────────────────────────────────────────




[3/8] runs/instruction-effects/pilot-005/definitions/project/acceptance/workboard.spec.mjs:30:1 › 003 project creation order
[4/8] runs/instruction-effects/pilot-005/definitions/project/acceptance/workboard.spec.mjs:38:3 › 004 trimmed tasks and project URL survive reload
[5/8] runs/instruction-effects/pilot-005/definitions/project/acceptance/workboard.spec.mjs:47:3 › 005 blank task input is rejected
  2) runs/instruction-effects/pilot-005/definitions/project/acceptance/workboard.spec.mjs:47:3 › 005 blank task input is rejected 

    Error: expect(locator).toContainText(expected) failed

    Locator: getByRole('alert')
    Expected substring: "Task title is required"
    Timeout: 5000ms
    Error: element(s) not found

    Call log:
      - Expect "toContainText" getByRole('alert') with timeout 5000ms
      - waiting for getByRole('alert')


      50 |     await page.getByRole('textbox', { name: 'Task title', exact: true }).fill('   ');
      51 |     await page.getByRole('button', { name: 'Create task', exact: true }).click();
    > 52 |     await expect(page.getByRole('alert')).toContainText('Task title is required');
         |                                           ^
      53 |     await expect(page.getByTestId('task-row')).toHaveCount(0);
      54 |   });
      55 |
        at /Users/Shared/projects/competition/runs/instruction-effects/pilot-005/definitions/project/acceptance/workboard.spec.mjs:52:43

    attachment #1: screenshot (image/png) ──────────────────────────────────────────────────────────
    runs/instruction-effects/pilot-005/tasks/task-002/attempts/b008/attempt-009/acceptance/artifacts/workboard-005-blank-task-input-is-rejected/test-failed-1.png
    ────────────────────────────────────────────────────────────────────────────────────────────────

    Error Context: runs/instruction-effects/pilot-005/tasks/task-002/attempts/b008/attempt-009/acceptance/artifacts/workboard-005-blank-task-input-is-rejected/error-context.md

    attachment #3: trace (application/zip) ─────────────────────────────────────────────────────────
    runs/instruction-effects/pilot-005/tasks/task-002/attempts/b008/attempt-009/acceptance/artifacts/workboard-005-blank-task-input-is-rejected/trace.zip
    Usage:

        npx playwright show-trace runs/instruction-effects/pilot-005/tasks/task-002/attempts/b008/attempt-009/acceptance/artifacts/workboard-005-blank-task-input-is-rejected/trace.zip

    ────────────────────────────────────────────────────────────────────────────────────────────────




[6/8] runs/instruction-effects/pilot-005/definitions/project/acceptance/workboard.spec.mjs:56:3 › 006 tasks do not cross project boundaries
[7/8] runs/instruction-effects/pilot-005/definitions/project/acceptance/workboard.spec.mjs:65:3 › 007 task filters and completion state persist
  3) runs/instruction-effects/pilot-005/definitions/project/acceptance/workboard.spec.mjs:65:3 › 007 task filters and completion state persist 

    Test timeout of 20000ms exceeded.

    Error: locator.selectOption: Test timeout of 20000ms exceeded.
    Call log:
      - waiting for getByRole('combobox', { name: 'Task filter', exact: true })


      69 |     await createTask(page, 'Open task');
      70 |     await page.getByRole('checkbox', { name: 'Complete Done task', exact: true }).check();
    > 71 |     await page.getByRole('combobox', { name: 'Task filter', exact: true }).selectOption({ label: 'Open' });
         |                                                                            ^
      72 |     await expect(taskRow(page, 'Open task')).toBeVisible();
      73 |     await expect(taskRow(page, 'Done task')).toHaveCount(0);
      74 |     await page.getByRole('combobox', { name: 'Task filter', exact: true }).selectOption({ label: 'Completed' });
        at /Users/Shared/projects/competition/runs/instruction-effects/pilot-005/definitions/project/acceptance/workboard.spec.mjs:71:76

    attachment #1: screenshot (image/png) ──────────────────────────────────────────────────────────
    runs/instruction-effects/pilot-005/tasks/task-002/attempts/b008/attempt-009/acceptance/artifacts/workboard-007-task-filters-and-completion-state-persist/test-failed-1.png
    ────────────────────────────────────────────────────────────────────────────────────────────────

    Error Context: runs/instruction-effects/pilot-005/tasks/task-002/attempts/b008/attempt-009/acceptance/artifacts/workboard-007-task-filters-and-completion-state-persist/error-context.md

    attachment #3: trace (application/zip) ─────────────────────────────────────────────────────────
    runs/instruction-effects/pilot-005/tasks/task-002/attempts/b008/attempt-009/acceptance/artifacts/workboard-007-task-filters-and-completion-state-persist/trace.zip
    Usage:

        npx playwright show-trace runs/instruction-effects/pilot-005/tasks/task-002/attempts/b008/attempt-009/acceptance/artifacts/workboard-007-task-filters-and-completion-state-persist/trace.zip

    ────────────────────────────────────────────────────────────────────────────────────────────────




[8/8] runs/instruction-effects/pilot-005/definitions/project/acceptance/workboard.spec.mjs:132:1 › 011 seed process-restart persistence checks
  4) runs/instruction-effects/pilot-005/definitions/project/acceptance/workboard.spec.mjs:132:1 › 011 seed process-restart persistence checks 

    Error: page.goto: net::ERR_CONNECTION_REFUSED at http://127.0.0.1:50760/
    Call log:
      - navigating to "http://127.0.0.1:50760/", waiting until "load"


       at helpers.mjs:13

      11 | }
      12 | export async function createProject(page, name) {
    > 13 |   await page.goto('/');
         |              ^
      14 |   await page.getByRole('textbox', { name: 'Project name', exact: true }).fill(name === name.trim() ? projectName(name) : '  ' + projectName(name) + '  ');
      15 |   await page.getByRole('button', { name: 'Create project', exact: true }).click();
      16 |   await expect(projectRow(page, name.trim())).toBeVisible();
        at createProject (/Users/Shared/projects/competition/runs/instruction-effects/pilot-005/definitions/project/acceptance/helpers.mjs:13:14)
        at /Users/Shared/projects/competition/runs/instruction-effects/pilot-005/definitions/project/acceptance/workboard.spec.mjs:133:9

    attachment #1: screenshot (image/png) ──────────────────────────────────────────────────────────
    runs/instruction-effects/pilot-005/tasks/task-002/attempts/b008/attempt-009/acceptance/artifacts/workboard-011-seed-process-restart-persistence-checks/test-failed-1.png
    ────────────────────────────────────────────────────────────────────────────────────────────────

    Error Context: runs/instruction-effects/pilot-005/tasks/task-002/attempts/b008/attempt-009/acceptance/artifacts/workboard-011-seed-process-restart-persistence-checks/error-context.md

    attachment #3: trace (application/zip) ─────────────────────────────────────────────────────────
    runs/instruction-effects/pilot-005/tasks/task-002/attempts/b008/attempt-009/acceptance/artifacts/workboard-011-seed-process-restart-persistence-checks/trace.zip
    Usage:

        npx playwright show-trace runs/instruction-effects/pilot-005/tasks/task-002/attempts/b008/attempt-009/acceptance/artifacts/workboard-011-seed-process-restart-persistence-checks/trace.zip

    ────────────────────────────────────────────────────────────────────────────────────────────────


  4 failed
    runs/instruction-effects/pilot-005/definitions/project/acceptance/workboard.spec.mjs:21:1 › 002 blank project input is rejected 
    runs/instruction-effects/pilot-005/definitions/project/acceptance/workboard.spec.mjs:47:3 › 005 blank task input is rejected 
    runs/instruction-effects/pilot-005/definitions/project/acceptance/workboard.spec.mjs:65:3 › 007 task filters and completion state persist 
    runs/instruction-effects/pilot-005/definitions/project/acceptance/workboard.spec.mjs:132:1 › 011 seed process-restart persistence checks 
  4 passed (33.1s)
