
Running 1 test using 1 worker



[1/1] experiments/instruction-effects/revisions/research-v007/decisions/task-026-draft/suite/directory-due-edit.spec.mjs:45:2 › 086 invalid visible due dates are atomic and valid Gregorian boundaries persist
  1) experiments/instruction-effects/revisions/research-v007/decisions/task-026-draft/suite/directory-due-edit.spec.mjs:45:2 › 086 invalid visible due dates are atomic and valid Gregorian boundaries persist 

    Error: expect(locator).toContainText(expected) failed

    Locator: getByRole('alert')
    Expected substring: "Due date must use valid YYYY-MM-DD"
    Timeout: 5000ms
    Error: element(s) not found

    Call log:
      - Expect "toContainText" getByRole('alert') with timeout 5000ms
      - waiting for getByRole('alert')


      45 |  test('086 invalid visible due dates are atomic and valid Gregorian boundaries persist',async({page})=>{
      46 |   test.setTimeout(90000);const a='Date validation first',b='Date validation second',q=projectName('Date validation target'),first=q+' first',second=q+' second';await createProject(page,a);await openProject(page,a);await configured(page,a,first,{date:'2064-02-29'});await createProject(page,b);await openProject(page,b);await configured(page,b,second,{date:'2064-02-29',completed:true});await directory(page,q);await result(page,[a,b],['0/1 completed','1/1 completed'],[first,second],'1/2 completed');
    > 47 |   for(const invalid of ['2300-02-29','2027-02-29','0000-01-01','10000-01-01','2400-04-31','2400-13-01','2400-2-29','not a date']){await page.getByRole('textbox',{name:'Visible tasks due date',exact:true}).fill(invalid);await save(page).click();await expect(page.getByRole('alert')).toContainText('Due date must use valid YYYY-MM-DD');await result(page,[a,b],['0/1 completed','1/1 completed'],[first,second],'1/2 completed');const o=await page.context().newPage();try{for(const [owner,title] of [[a,first],[b,second]]){await returnTo(o,owner);await expect(taskRow(o,title).getByRole('textbox',{name:'Task due date',exact:true})).toHaveValue('2064-02-29');}}finally{await o.close();}}
         |                                                                                                                                                                                                                                                                                           ^
      48 |   for(const valid of ['0001-01-01','2400-02-29','9999-12-31','']){await page.getByRole('textbox',{name:'Visible tasks due date',exact:true}).fill(valid);await save(page).click();const o=await page.context().newPage();try{for(const [owner,title] of [[a,first],[b,second]]){await returnTo(o,owner);await expect(taskRow(o,title).getByRole('textbox',{name:'Task due date',exact:true})).toHaveValue(valid);}}finally{await o.close();}await result(page,[a,b],['0/1 completed','1/1 completed'],[first,second],'1/2 completed');}
      49 |  });
      50 | }
        at /Users/Shared/projects/competition/experiments/instruction-effects/revisions/research-v007/decisions/task-026-draft/suite/directory-due-edit.spec.mjs:47:283

    attachment #1: screenshot (image/png) ──────────────────────────────────────────────────────────
    experiments/instruction-effects/revisions/research-v007/preflight/priority-fixtures/stage26-date-check-1791656587624/negative-bulk-date-invalid-allowed-086/artifacts/directory-due-edit-086-inv-3a0bd-regorian-boundaries-persist/test-failed-1.png
    ────────────────────────────────────────────────────────────────────────────────────────────────

    Error Context: experiments/instruction-effects/revisions/research-v007/preflight/priority-fixtures/stage26-date-check-1791656587624/negative-bulk-date-invalid-allowed-086/artifacts/directory-due-edit-086-inv-3a0bd-regorian-boundaries-persist/error-context.md

    attachment #3: trace (application/zip) ─────────────────────────────────────────────────────────
    experiments/instruction-effects/revisions/research-v007/preflight/priority-fixtures/stage26-date-check-1791656587624/negative-bulk-date-invalid-allowed-086/artifacts/directory-due-edit-086-inv-3a0bd-regorian-boundaries-persist/trace.zip
    Usage:

        npx playwright show-trace experiments/instruction-effects/revisions/research-v007/preflight/priority-fixtures/stage26-date-check-1791656587624/negative-bulk-date-invalid-allowed-086/artifacts/directory-due-edit-086-inv-3a0bd-regorian-boundaries-persist/trace.zip

    ────────────────────────────────────────────────────────────────────────────────────────────────


  1 failed
    experiments/instruction-effects/revisions/research-v007/decisions/task-026-draft/suite/directory-due-edit.spec.mjs:45:2 › 086 invalid visible due dates are atomic and valid Gregorian boundaries persist 
