
Running 1 test using 1 worker



[1/1] experiments/instruction-effects/revisions/research-v010/preflight/task032-executed02-suite/project-name-limit.spec.mjs:13:2 › 105 project names count code points after trim and preserve rejected create input
  1) experiments/instruction-effects/revisions/research-v010/preflight/task032-executed02-suite/project-name-limit.spec.mjs:13:2 › 105 project names count code points after trim and preserve rejected create input 

    Error: expect(locator).toBeVisible() failed

    Locator: getByTestId('project-row').visible().filter({ has: getByRole('button', { name: 'Open project', exact: true }) }).filter({ hasText: /task-032 Name limit boundary 😀😀😀😀😀😀😀😀😀😀😀😀😀😀😀😀😀😀😀😀😀😀😀😀😀😀😀😀😀😀😀😀😀😀😀😀😀😀😀😀😀😀😀😀😀😀😀😀😀😀😀😀😀😀😀😀😀😀😀😀😀😀😀😀😀😀😀😀😀😀😀😀😀😀😀😀😀😀😀😀😀😀😀😀😀😀😀😀😀😀😀😀😀😀😀😀😀😀😀😀😀😀😀😀😀😀😀😀😀😀😀😀😀😀😀😀😀😀😀😀😀😀😀😀😀😀😀😀😀😀😀😀😀😀😀😀😀😀😀😀😀😀😀😀😀😀😀😀😀😀😀😀😀😀😀😀😀😀😀😀😀😀😀😀😀😀😀😀😀😀😀/ })
    Expected: visible
    Timeout: 5000ms
    Error: element(s) not found

    Call log:
      - Expect "toBeVisible" getByTestId('project-row').visible().filter({ has: getByRole('button', { name: 'Open project', exact: true }) }).filter({ hasText: /task-032 Name limit boundary 😀😀😀😀😀😀😀😀😀😀😀😀😀😀😀😀😀😀😀😀😀😀😀😀😀😀😀😀😀😀😀😀😀😀😀😀😀😀😀😀😀😀😀😀😀😀😀😀😀😀😀😀😀😀😀😀😀😀😀😀😀😀😀😀😀😀😀😀😀😀😀😀😀😀😀😀😀😀😀😀😀😀😀😀😀😀😀😀😀😀😀😀😀😀😀😀😀😀😀😀😀😀😀😀😀😀😀😀😀😀😀😀😀😀😀😀😀😀😀😀😀😀😀😀😀😀😀😀😀😀😀😀😀😀😀😀😀😀😀😀😀😀😀😀😀😀😀😀😀😀😀😀😀😀😀😀😀😀😀😀😀😀😀😀😀😀😀😀😀😀😀/ }) with timeout 5000ms
      - waiting for getByTestId('project-row').visible().filter({ has: getByRole('button', { name: 'Open project', exact: true }) }).filter({ hasText: /task-032 Name limit boundary 😀😀😀😀😀😀😀😀😀😀😀😀😀😀😀😀😀😀😀😀😀😀😀😀😀😀😀😀😀😀😀😀😀😀😀😀😀😀😀😀😀😀😀😀😀😀😀😀😀😀😀😀😀😀😀😀😀😀😀😀😀😀😀😀😀😀😀😀😀😀😀😀😀😀😀😀😀😀😀😀😀😀😀😀😀😀😀😀😀😀😀😀😀😀😀😀😀😀😀😀😀😀😀😀😀😀😀😀😀😀😀😀😀😀😀😀😀😀😀😀😀😀😀😀😀😀😀😀😀😀😀😀😀😀😀😀😀😀😀😀😀😀😀😀😀😀😀😀😀😀😀😀😀😀😀😀😀😀😀😀😀😀😀😀😀😀😀😀😀😀😀/ })


       6 | const literalRow=(page,name)=>rows(page).filter({has:page.getByRole('button',{name:'Open project',exact:true})}).filter({hasText:new RegExp(name.replace(/[.*+?^${}()|[\]\\]/g,'\\$&'))});
       7 | async function download(page){const [d]=await Promise.all([page.waitForEvent('download'),page.getByRole('button',{name:'Download project',exact:true}).click()]);const stream=await d.createReadStream();const chunks=[];for await(const c of stream)chunks.push(c);return JSON.parse(Buffer.concat(chunks).toString('utf8'));}
    >  8 | async function createLiteral(page,name){await page.goto('/');await page.getByRole('textbox',{name:'Project name',exact:true}).fill(name);await page.getByRole('button',{name:'Create project',exact:true}).click();await expect(literalRow(page,name.trim())).toBeVisible();}
         |                                                                                                                                                                                                                                                               ^
       9 | const task=title=>({title,completed:false,priority:'High',dueDate:'2080-02-29',notes:'  Name limit Ω\nkept  ',deleted:false});
      10 | const owner=(name,tasks=[task('Name limit imported record')])=>({name,archived:false,defaultPriority:'Low',tasks});
      11 | test.beforeEach(async({context})=>{await isolateBrowser(context);});
        at createLiteral (/Users/Shared/projects/competition/experiments/instruction-effects/revisions/research-v010/preflight/task032-executed02-suite/project-name-limit.spec.mjs:8:255)
        at /Users/Shared/projects/competition/experiments/instruction-effects/revisions/research-v010/preflight/task032-executed02-suite/project-name-limit.spec.mjs:14:128

    attachment #1: screenshot (image/png) ──────────────────────────────────────────────────────────
    experiments/instruction-effects/revisions/research-v010/preflight/task032-focused02-check-1791674872547/negative-name-limit-codeunits-105/artifacts/project-name-limit-105-pro-0384d-serve-rejected-create-input/test-failed-1.png
    ────────────────────────────────────────────────────────────────────────────────────────────────

    Error Context: experiments/instruction-effects/revisions/research-v010/preflight/task032-focused02-check-1791674872547/negative-name-limit-codeunits-105/artifacts/project-name-limit-105-pro-0384d-serve-rejected-create-input/error-context.md

    attachment #3: trace (application/zip) ─────────────────────────────────────────────────────────
    experiments/instruction-effects/revisions/research-v010/preflight/task032-focused02-check-1791674872547/negative-name-limit-codeunits-105/artifacts/project-name-limit-105-pro-0384d-serve-rejected-create-input/trace.zip
    Usage:

        npx playwright show-trace experiments/instruction-effects/revisions/research-v010/preflight/task032-focused02-check-1791674872547/negative-name-limit-codeunits-105/artifacts/project-name-limit-105-pro-0384d-serve-rejected-create-input/trace.zip

    ────────────────────────────────────────────────────────────────────────────────────────────────


  1 failed
    experiments/instruction-effects/revisions/research-v010/preflight/task032-executed02-suite/project-name-limit.spec.mjs:13:2 › 105 project names count code points after trim and preserve rejected create input 
