
Running 1 test using 1 worker



[1/1] experiments/instruction-effects/revisions/research-v006/decisions/task-024-position-draft/suite/directory-deletion-position.spec.mjs:8:14 › 080 bulk directory deletion preserves own and foreign reserved positions later edits and export order
  1) experiments/instruction-effects/revisions/research-v006/decisions/task-024-position-draft/suite/directory-deletion-position.spec.mjs:8:14 › 080 bulk directory deletion preserves own and foreign reserved positions later edits and export order 

    Test timeout of 90000ms exceeded.

    Error: page.waitForEvent: Test timeout of 90000ms exceeded.
    =========================== logs ===========================
    waiting for event "download"
    ============================================================

      13 |  await home(page,a);await order(page,[beforeA,travel,afterA]);await move(page,a,b,travel,[beforeA,afterA],[beforeB,travel,afterB]);await taskRow(page,travel).getByRole('combobox',{name:'Task priority',exact:true}).selectOption({label:'Low'});await expectPersistedPriority(page,b,travel,'Low');await home(page,b);await page.getByRole('checkbox',{name:'Complete '+travel,exact:true}).check();await expectPersistedCompletion(page,b,travel,true);await home(page,b);await save(page,b,travel,'Task due date','2068-02-29');await save(page,b,travel,'Task notes','After deletion Ω\nnew literal notes');await move(page,b,a,travel,[beforeB,afterB],[beforeA,travel,afterA]);
      14 |  await expect(taskRow(page,travel).getByRole('combobox',{name:'Task priority',exact:true}).locator('option:checked')).toHaveText('Low');await expect(page.getByRole('checkbox',{name:'Complete '+travel,exact:true})).toBeChecked();await expect(taskRow(page,travel).getByRole('textbox',{name:'Task due date',exact:true})).toHaveValue('2068-02-29');await expect(taskRow(page,travel).getByRole('textbox',{name:'Task notes',exact:true})).toHaveValue('After deletion Ω\nnew literal notes');
    > 15 |  const pending=page.waitForEvent('download');await page.getByRole('button',{name:'Export project',exact:true}).click();const download=await pending;const stream=await download.createReadStream();const chunks=[];for await(const chunk of stream)chunks.push(chunk);const doc=JSON.parse(Buffer.concat(chunks).toString('utf8'));expect(doc.project.tasks.map(t=>t.title)).toEqual([beforeA,travel,afterA]);expect(doc.project.tasks[1]).toMatchObject({title:travel,completed:true,priority:'Low',dueDate:'2068-02-29',notes:'After deletion Ω\nnew literal notes',deleted:false});await page.goto('/');await expect(projectRow(page,a).getByTestId('project-summary')).toHaveText('1/3 completed');await expect(projectRow(page,b).getByTestId('project-summary')).toHaveText('0/2 completed');
         |                     ^
      16 | });
      17 |
        at /Users/Shared/projects/competition/experiments/instruction-effects/revisions/research-v006/decisions/task-024-position-draft/suite/directory-deletion-position.spec.mjs:15:21

    Error: locator.click: Test timeout of 90000ms exceeded.
    Call log:
      - waiting for getByRole('button', { name: 'Export project', exact: true })


      13 |  await home(page,a);await order(page,[beforeA,travel,afterA]);await move(page,a,b,travel,[beforeA,afterA],[beforeB,travel,afterB]);await taskRow(page,travel).getByRole('combobox',{name:'Task priority',exact:true}).selectOption({label:'Low'});await expectPersistedPriority(page,b,travel,'Low');await home(page,b);await page.getByRole('checkbox',{name:'Complete '+travel,exact:true}).check();await expectPersistedCompletion(page,b,travel,true);await home(page,b);await save(page,b,travel,'Task due date','2068-02-29');await save(page,b,travel,'Task notes','After deletion Ω\nnew literal notes');await move(page,b,a,travel,[beforeB,afterB],[beforeA,travel,afterA]);
      14 |  await expect(taskRow(page,travel).getByRole('combobox',{name:'Task priority',exact:true}).locator('option:checked')).toHaveText('Low');await expect(page.getByRole('checkbox',{name:'Complete '+travel,exact:true})).toBeChecked();await expect(taskRow(page,travel).getByRole('textbox',{name:'Task due date',exact:true})).toHaveValue('2068-02-29');await expect(taskRow(page,travel).getByRole('textbox',{name:'Task notes',exact:true})).toHaveValue('After deletion Ω\nnew literal notes');
    > 15 |  const pending=page.waitForEvent('download');await page.getByRole('button',{name:'Export project',exact:true}).click();const download=await pending;const stream=await download.createReadStream();const chunks=[];for await(const chunk of stream)chunks.push(chunk);const doc=JSON.parse(Buffer.concat(chunks).toString('utf8'));expect(doc.project.tasks.map(t=>t.title)).toEqual([beforeA,travel,afterA]);expect(doc.project.tasks[1]).toMatchObject({title:travel,completed:true,priority:'Low',dueDate:'2068-02-29',notes:'After deletion Ω\nnew literal notes',deleted:false});await page.goto('/');await expect(projectRow(page,a).getByTestId('project-summary')).toHaveText('1/3 completed');await expect(projectRow(page,b).getByTestId('project-summary')).toHaveText('0/2 completed');
         |                                                                                                                ^
      16 | });
      17 |
        at /Users/Shared/projects/competition/experiments/instruction-effects/revisions/research-v006/decisions/task-024-position-draft/suite/directory-deletion-position.spec.mjs:15:112

    attachment #1: screenshot (image/png) ──────────────────────────────────────────────────────────
    experiments/instruction-effects/revisions/research-v006/preflight/priority-fixtures/stage24-position-check-1791655307522/positive-async/artifacts/directory-deletion-positio-189ca-ater-edits-and-export-order/test-failed-1.png
    ────────────────────────────────────────────────────────────────────────────────────────────────

    Error Context: experiments/instruction-effects/revisions/research-v006/preflight/priority-fixtures/stage24-position-check-1791655307522/positive-async/artifacts/directory-deletion-positio-189ca-ater-edits-and-export-order/error-context.md

    attachment #3: trace (application/zip) ─────────────────────────────────────────────────────────
    experiments/instruction-effects/revisions/research-v006/preflight/priority-fixtures/stage24-position-check-1791655307522/positive-async/artifacts/directory-deletion-positio-189ca-ater-edits-and-export-order/trace.zip
    Usage:

        npx playwright show-trace experiments/instruction-effects/revisions/research-v006/preflight/priority-fixtures/stage24-position-check-1791655307522/positive-async/artifacts/directory-deletion-positio-189ca-ater-edits-and-export-order/trace.zip

    ────────────────────────────────────────────────────────────────────────────────────────────────


  1 failed
    experiments/instruction-effects/revisions/research-v006/decisions/task-024-position-draft/suite/directory-deletion-position.spec.mjs:8:14 › 080 bulk directory deletion preserves own and foreign reserved positions later edits and export order 
