
Running 1 test using 1 worker



[1/1] experiments/instruction-effects/revisions/research-v006/decisions/task-024-draft/suite/directory-deletion.spec.mjs:31:2 › 078 directory bulk deletion and restoration honor every intersection and protect live summaries before restoration
  1) experiments/instruction-effects/revisions/research-v006/decisions/task-024-draft/suite/directory-deletion.spec.mjs:31:2 › 078 directory bulk deletion and restoration honor every intersection and protect live summaries before restoration 

    Error: expect(locator).toHaveCount(expected) failed

    Locator:  getByTestId('task-row').visible()
    Expected: 5
    Received: 4
    Timeout:  5000ms

    Call log:
      - Expect "toHaveCount" getByTestId('task-row').visible() with timeout 5000ms
      - waiting for getByTestId('task-row').visible()
        14 × locator resolved to 4 elements
           - unexpected value "4"


       5 | const remove=p=>p.getByRole('button',{name:'Delete visible tasks',exact:true});
       6 | const restore=p=>p.getByRole('button',{name:'Restore visible tasks',exact:true});
    >  7 | async function titles(p,expected){const r=p.getByTestId('task-row').filter({visible:true});await expect(r).toHaveCount(expected.length);for(const [i,title] of expected.entries())await expect(r.nth(i).getByRole('checkbox',{name:'Complete '+title,exact:true})).toBeVisible();}
         |                                                                                                            ^
       8 | async function result(p,names,counts,expected,total){
       9 |  if(!expected.length)await expect(p.getByText('No matching tasks',{exact:true})).toBeVisible();
      10 |  await expect(rows(p).getByTestId('directory-task-title')).toHaveText(expected);
        at titles (/Users/Shared/projects/competition/experiments/instruction-effects/revisions/research-v006/decisions/task-024-draft/suite/directory-deletion.spec.mjs:7:108)
        at /Users/Shared/projects/competition/experiments/instruction-effects/revisions/research-v006/decisions/task-024-draft/suite/directory-deletion.spec.mjs:48:37

    attachment #1: screenshot (image/png) ──────────────────────────────────────────────────────────
    experiments/instruction-effects/revisions/research-v006/preflight/priority-fixtures/stage24-bulk-delete-check-1791654840783/negative-delete-ignores-priority-078/artifacts/directory-deletion-078-dir-c68fe-ummaries-before-restoration/test-failed-1.png
    ────────────────────────────────────────────────────────────────────────────────────────────────

    Error Context: experiments/instruction-effects/revisions/research-v006/preflight/priority-fixtures/stage24-bulk-delete-check-1791654840783/negative-delete-ignores-priority-078/artifacts/directory-deletion-078-dir-c68fe-ummaries-before-restoration/error-context.md

    attachment #3: trace (application/zip) ─────────────────────────────────────────────────────────
    experiments/instruction-effects/revisions/research-v006/preflight/priority-fixtures/stage24-bulk-delete-check-1791654840783/negative-delete-ignores-priority-078/artifacts/directory-deletion-078-dir-c68fe-ummaries-before-restoration/trace.zip
    Usage:

        npx playwright show-trace experiments/instruction-effects/revisions/research-v006/preflight/priority-fixtures/stage24-bulk-delete-check-1791654840783/negative-delete-ignores-priority-078/artifacts/directory-deletion-078-dir-c68fe-ummaries-before-restoration/trace.zip

    ────────────────────────────────────────────────────────────────────────────────────────────────


  1 failed
    experiments/instruction-effects/revisions/research-v006/decisions/task-024-draft/suite/directory-deletion.spec.mjs:31:2 › 078 directory bulk deletion and restoration honor every intersection and protect live summaries before restoration 
