
Running 8 tests using 1 worker



[1/8] runs/instruction-effects/pilot-005/definitions/project/acceptance/workboard.spec.mjs:6:1 › 001 health and project creation persist on reload
[2/8] runs/instruction-effects/pilot-005/definitions/project/acceptance/workboard.spec.mjs:21:1 › 002 blank project input is rejected
[3/8] runs/instruction-effects/pilot-005/definitions/project/acceptance/workboard.spec.mjs:30:1 › 003 project creation order
[4/8] runs/instruction-effects/pilot-005/definitions/project/acceptance/workboard.spec.mjs:38:3 › 004 trimmed tasks and project URL survive reload
  1) runs/instruction-effects/pilot-005/definitions/project/acceptance/workboard.spec.mjs:38:3 › 004 trimmed tasks and project URL survive reload 

    Test timeout of 20000ms exceeded.

    Error: locator.fill: Test timeout of 20000ms exceeded.
    Call log:
      - waiting for getByRole('textbox', { name: 'Task title', exact: true })


       at helpers.mjs:23

      21 | }
      22 | export async function createTask(page, title) {
    > 23 |   await page.getByRole('textbox', { name: 'Task title', exact: true }).fill(title);
         |                                                                        ^
      24 |   await page.getByRole('button', { name: 'Create task', exact: true }).click();
      25 |   await expect(taskRow(page, title.trim())).toBeVisible();
      26 | }
        at createTask (/Users/Shared/projects/competition/runs/instruction-effects/pilot-005/definitions/project/acceptance/helpers.mjs:23:72)
        at /Users/Shared/projects/competition/runs/instruction-effects/pilot-005/definitions/project/acceptance/workboard.spec.mjs:41:11

    attachment #1: screenshot (image/png) ──────────────────────────────────────────────────────────
    runs/instruction-effects/pilot-005/tasks/task-002/attempts/b008/attempt-003/acceptance/artifacts/workboard-004-trimmed-tasks-and-project-URL-survive-reload/test-failed-1.png
    ────────────────────────────────────────────────────────────────────────────────────────────────

    Error Context: runs/instruction-effects/pilot-005/tasks/task-002/attempts/b008/attempt-003/acceptance/artifacts/workboard-004-trimmed-tasks-and-project-URL-survive-reload/error-context.md

    attachment #3: trace (application/zip) ─────────────────────────────────────────────────────────
    runs/instruction-effects/pilot-005/tasks/task-002/attempts/b008/attempt-003/acceptance/artifacts/workboard-004-trimmed-tasks-and-project-URL-survive-reload/trace.zip
    Usage:

        npx playwright show-trace runs/instruction-effects/pilot-005/tasks/task-002/attempts/b008/attempt-003/acceptance/artifacts/workboard-004-trimmed-tasks-and-project-URL-survive-reload/trace.zip

    ────────────────────────────────────────────────────────────────────────────────────────────────




[5/8] runs/instruction-effects/pilot-005/definitions/project/acceptance/workboard.spec.mjs:47:3 › 005 blank task input is rejected
  2) runs/instruction-effects/pilot-005/definitions/project/acceptance/workboard.spec.mjs:47:3 › 005 blank task input is rejected 

    Test timeout of 20000ms exceeded.

    Error: locator.fill: Test timeout of 20000ms exceeded.
    Call log:
      - waiting for getByRole('textbox', { name: 'Task title', exact: true })


      48 |     await createProject(page, 'Task invalid');
      49 |     await openProject(page, 'Task invalid');
    > 50 |     await page.getByRole('textbox', { name: 'Task title', exact: true }).fill('   ');
         |                                                                          ^
      51 |     await page.getByRole('button', { name: 'Create task', exact: true }).click();
      52 |     await expect(page.getByRole('alert')).toContainText('Task title is required');
      53 |     await expect(page.getByTestId('task-row')).toHaveCount(0);
        at /Users/Shared/projects/competition/runs/instruction-effects/pilot-005/definitions/project/acceptance/workboard.spec.mjs:50:74

    attachment #1: screenshot (image/png) ──────────────────────────────────────────────────────────
    runs/instruction-effects/pilot-005/tasks/task-002/attempts/b008/attempt-003/acceptance/artifacts/workboard-005-blank-task-input-is-rejected/test-failed-1.png
    ────────────────────────────────────────────────────────────────────────────────────────────────

    Error Context: runs/instruction-effects/pilot-005/tasks/task-002/attempts/b008/attempt-003/acceptance/artifacts/workboard-005-blank-task-input-is-rejected/error-context.md

    attachment #3: trace (application/zip) ─────────────────────────────────────────────────────────
    runs/instruction-effects/pilot-005/tasks/task-002/attempts/b008/attempt-003/acceptance/artifacts/workboard-005-blank-task-input-is-rejected/trace.zip
    Usage:

        npx playwright show-trace runs/instruction-effects/pilot-005/tasks/task-002/attempts/b008/attempt-003/acceptance/artifacts/workboard-005-blank-task-input-is-rejected/trace.zip

    ────────────────────────────────────────────────────────────────────────────────────────────────




[6/8] runs/instruction-effects/pilot-005/definitions/project/acceptance/workboard.spec.mjs:56:3 › 006 tasks do not cross project boundaries
  3) runs/instruction-effects/pilot-005/definitions/project/acceptance/workboard.spec.mjs:56:3 › 006 tasks do not cross project boundaries 

    Error: page.goto: net::ERR_CONNECTION_REFUSED at http://127.0.0.1:49155/
    Call log:
      - navigating to "http://127.0.0.1:49155/", waiting until "load"


       at helpers.mjs:13

      11 | }
      12 | export async function createProject(page, name) {
    > 13 |   await page.goto('/');
         |              ^
      14 |   await page.getByRole('textbox', { name: 'Project name', exact: true }).fill(name === name.trim() ? projectName(name) : '  ' + projectName(name) + '  ');
      15 |   await page.getByRole('button', { name: 'Create project', exact: true }).click();
      16 |   await expect(projectRow(page, name.trim())).toBeVisible();
        at createProject (/Users/Shared/projects/competition/runs/instruction-effects/pilot-005/definitions/project/acceptance/helpers.mjs:13:14)
        at /Users/Shared/projects/competition/runs/instruction-effects/pilot-005/definitions/project/acceptance/workboard.spec.mjs:57:11

    attachment #1: screenshot (image/png) ──────────────────────────────────────────────────────────
    runs/instruction-effects/pilot-005/tasks/task-002/attempts/b008/attempt-003/acceptance/artifacts/workboard-006-tasks-do-not-cross-project-boundaries/test-failed-1.png
    ────────────────────────────────────────────────────────────────────────────────────────────────

    Error Context: runs/instruction-effects/pilot-005/tasks/task-002/attempts/b008/attempt-003/acceptance/artifacts/workboard-006-tasks-do-not-cross-project-boundaries/error-context.md

    attachment #3: trace (application/zip) ─────────────────────────────────────────────────────────
    runs/instruction-effects/pilot-005/tasks/task-002/attempts/b008/attempt-003/acceptance/artifacts/workboard-006-tasks-do-not-cross-project-boundaries/trace.zip
    Usage:

        npx playwright show-trace runs/instruction-effects/pilot-005/tasks/task-002/attempts/b008/attempt-003/acceptance/artifacts/workboard-006-tasks-do-not-cross-project-boundaries/trace.zip

    ────────────────────────────────────────────────────────────────────────────────────────────────




[7/8] runs/instruction-effects/pilot-005/definitions/project/acceptance/workboard.spec.mjs:65:3 › 007 task filters and completion state persist
  4) runs/instruction-effects/pilot-005/definitions/project/acceptance/workboard.spec.mjs:65:3 › 007 task filters and completion state persist 

    Error: page.goto: net::ERR_CONNECTION_REFUSED at http://127.0.0.1:49155/
    Call log:
      - navigating to "http://127.0.0.1:49155/", waiting until "load"


       at helpers.mjs:13

      11 | }
      12 | export async function createProject(page, name) {
    > 13 |   await page.goto('/');
         |              ^
      14 |   await page.getByRole('textbox', { name: 'Project name', exact: true }).fill(name === name.trim() ? projectName(name) : '  ' + projectName(name) + '  ');
      15 |   await page.getByRole('button', { name: 'Create project', exact: true }).click();
      16 |   await expect(projectRow(page, name.trim())).toBeVisible();
        at createProject (/Users/Shared/projects/competition/runs/instruction-effects/pilot-005/definitions/project/acceptance/helpers.mjs:13:14)
        at /Users/Shared/projects/competition/runs/instruction-effects/pilot-005/definitions/project/acceptance/workboard.spec.mjs:66:11

    attachment #1: screenshot (image/png) ──────────────────────────────────────────────────────────
    runs/instruction-effects/pilot-005/tasks/task-002/attempts/b008/attempt-003/acceptance/artifacts/workboard-007-task-filters-and-completion-state-persist/test-failed-1.png
    ────────────────────────────────────────────────────────────────────────────────────────────────

    Error Context: runs/instruction-effects/pilot-005/tasks/task-002/attempts/b008/attempt-003/acceptance/artifacts/workboard-007-task-filters-and-completion-state-persist/error-context.md

    attachment #3: trace (application/zip) ─────────────────────────────────────────────────────────
    runs/instruction-effects/pilot-005/tasks/task-002/attempts/b008/attempt-003/acceptance/artifacts/workboard-007-task-filters-and-completion-state-persist/trace.zip
    Usage:

        npx playwright show-trace runs/instruction-effects/pilot-005/tasks/task-002/attempts/b008/attempt-003/acceptance/artifacts/workboard-007-task-filters-and-completion-state-persist/trace.zip

    ────────────────────────────────────────────────────────────────────────────────────────────────




[8/8] runs/instruction-effects/pilot-005/definitions/project/acceptance/workboard.spec.mjs:132:1 › 011 seed process-restart persistence checks
  5) runs/instruction-effects/pilot-005/definitions/project/acceptance/workboard.spec.mjs:132:1 › 011 seed process-restart persistence checks 

    Error: page.goto: net::ERR_CONNECTION_REFUSED at http://127.0.0.1:49155/
    Call log:
      - navigating to "http://127.0.0.1:49155/", waiting until "load"


       at helpers.mjs:13

      11 | }
      12 | export async function createProject(page, name) {
    > 13 |   await page.goto('/');
         |              ^
      14 |   await page.getByRole('textbox', { name: 'Project name', exact: true }).fill(name === name.trim() ? projectName(name) : '  ' + projectName(name) + '  ');
      15 |   await page.getByRole('button', { name: 'Create project', exact: true }).click();
      16 |   await expect(projectRow(page, name.trim())).toBeVisible();
        at createProject (/Users/Shared/projects/competition/runs/instruction-effects/pilot-005/definitions/project/acceptance/helpers.mjs:13:14)
        at /Users/Shared/projects/competition/runs/instruction-effects/pilot-005/definitions/project/acceptance/workboard.spec.mjs:133:9

    attachment #1: screenshot (image/png) ──────────────────────────────────────────────────────────
    runs/instruction-effects/pilot-005/tasks/task-002/attempts/b008/attempt-003/acceptance/artifacts/workboard-011-seed-process-restart-persistence-checks/test-failed-1.png
    ────────────────────────────────────────────────────────────────────────────────────────────────

    Error Context: runs/instruction-effects/pilot-005/tasks/task-002/attempts/b008/attempt-003/acceptance/artifacts/workboard-011-seed-process-restart-persistence-checks/error-context.md

    attachment #3: trace (application/zip) ─────────────────────────────────────────────────────────
    runs/instruction-effects/pilot-005/tasks/task-002/attempts/b008/attempt-003/acceptance/artifacts/workboard-011-seed-process-restart-persistence-checks/trace.zip
    Usage:

        npx playwright show-trace runs/instruction-effects/pilot-005/tasks/task-002/attempts/b008/attempt-003/acceptance/artifacts/workboard-011-seed-process-restart-persistence-checks/trace.zip

    ────────────────────────────────────────────────────────────────────────────────────────────────


  5 failed
    runs/instruction-effects/pilot-005/definitions/project/acceptance/workboard.spec.mjs:38:3 › 004 trimmed tasks and project URL survive reload 
    runs/instruction-effects/pilot-005/definitions/project/acceptance/workboard.spec.mjs:47:3 › 005 blank task input is rejected 
    runs/instruction-effects/pilot-005/definitions/project/acceptance/workboard.spec.mjs:56:3 › 006 tasks do not cross project boundaries 
    runs/instruction-effects/pilot-005/definitions/project/acceptance/workboard.spec.mjs:65:3 › 007 task filters and completion state persist 
    runs/instruction-effects/pilot-005/definitions/project/acceptance/workboard.spec.mjs:132:1 › 011 seed process-restart persistence checks 
  3 passed (42.7s)
