
Running 1 test using 1 worker



[1/1] experiments/instruction-effects/revisions/research-v005/decisions/task-018-draft/suite/due-date.spec.mjs:29:2 › 032 date changes retain task identity filters order and all-task summary
  1) experiments/instruction-effects/revisions/research-v005/decisions/task-018-draft/suite/due-date.spec.mjs:29:2 › 032 date changes retain task identity filters order and all-task summary 

    Error: expect(received).toBe(expected) // Object.is equality

    Expected: "2029-01-01"
    Received: ""

    Call Log:
    - Timeout 5000ms exceeded while waiting on the predicate

       5 | async function persistedDate(page,project,title,value) {
       6 |  const observer=await page.context().newPage();
    >  7 |  try {await expect.poll(async()=>{await observer.goto('/');await openProject(observer,project);return date(observer,title).inputValue();},{timeout:5000}).toBe(value);} finally {await observer.close();}
         |                                                                                                                                                           ^
       8 | }
       9 | test.beforeEach(async({context})=>{await isolateBrowser(context);});
      10 | if(stage>=9) {
        at persistedDate (/Users/Shared/projects/competition/experiments/instruction-effects/revisions/research-v005/decisions/task-018-draft/suite/due-date.spec.mjs:7:155)
        at /Users/Shared/projects/competition/experiments/instruction-effects/revisions/research-v005/decisions/task-018-draft/suite/due-date.spec.mjs:35:92

    attachment #1: screenshot (image/png) ──────────────────────────────────────────────────────────
    experiments/instruction-effects/revisions/research-v005/preflight/priority-fixtures/action-check-1791641394017/negative-broken-date-save/artifacts/due-date-032-date-changes--7c656--order-and-all-task-summary/test-failed-1.png
    ────────────────────────────────────────────────────────────────────────────────────────────────

    Error Context: experiments/instruction-effects/revisions/research-v005/preflight/priority-fixtures/action-check-1791641394017/negative-broken-date-save/artifacts/due-date-032-date-changes--7c656--order-and-all-task-summary/error-context.md

    attachment #3: trace (application/zip) ─────────────────────────────────────────────────────────
    experiments/instruction-effects/revisions/research-v005/preflight/priority-fixtures/action-check-1791641394017/negative-broken-date-save/artifacts/due-date-032-date-changes--7c656--order-and-all-task-summary/trace.zip
    Usage:

        npx playwright show-trace experiments/instruction-effects/revisions/research-v005/preflight/priority-fixtures/action-check-1791641394017/negative-broken-date-save/artifacts/due-date-032-date-changes--7c656--order-and-all-task-summary/trace.zip

    ────────────────────────────────────────────────────────────────────────────────────────────────


  1 failed
    experiments/instruction-effects/revisions/research-v005/decisions/task-018-draft/suite/due-date.spec.mjs:29:2 › 032 date changes retain task identity filters order and all-task summary 
