
Running 1 test using 1 worker



[1/1] experiments/instruction-effects/revisions/research-v004/decisions/task-017-draft/suite/export.spec.mjs:7:2 › 058 export includes every stored task in order with literal values despite current filters
  1) experiments/instruction-effects/revisions/research-v004/decisions/task-017-draft/suite/export.spec.mjs:7:2 › 058 export includes every stored task in order with literal values despite current filters 

    Error: expect(received).toHaveLength(expected)

    Expected length: 3
    Received length: 0
    Received array:  []

       7 |  test('058 export includes every stored task in order with literal values despite current filters',async({page})=>{
       8 |   const owner='Export full Ω',title='Export  deleted';await createProject(page,'Export foreign');await openProject(page,'Export foreign');await createTask(page,'Must not export');await createProject(page,owner);await openProject(page,owner);for(const t of ['Export before',title,'Export after'])await createTask(page,t);await page.getByRole('checkbox',{name:'Complete '+title,exact:true}).check();await taskRow(page,title).getByRole('combobox',{name:'Task priority',exact:true}).selectOption({label:'High'});await expectPersistedPriority(page,owner,title,'High');await saved(page,owner,title,'Task due date','2038-01-01');const note='  Export Ω\n<script>literal</script>  ';await saved(page,owner,title,'Task notes',note);await taskRow(page,title).getByRole('button',{name:'Delete task',exact:true}).click();const observer=await page.context().newPage();try{await expect.poll(async()=>{await observer.goto('/');return projectRow(observer,owner).getByTestId('project-summary').textContent();},{timeout:5000}).toBe('0/2 completed');}finally{await observer.close();}
    >  9 |   await filterDeleted(page);await page.getByRole('combobox',{name:'Priority filter',exact:true}).selectOption({label:'High'});await page.getByRole('textbox',{name:'Due from',exact:true}).fill('2038-01-01');await page.getByRole('textbox',{name:'Due through',exact:true}).fill('2038-01-01');await page.getByRole('button',{name:'Apply due range',exact:true}).click();await page.getByRole('textbox',{name:'Task search',exact:true}).fill('does not match');await page.getByRole('button',{name:'Search tasks',exact:true}).click();const data=await exported(page);expect(data).toMatchObject({name:projectName(owner),archived:false,defaultPriority:'Normal'});expect(data.tasks).toHaveLength(3);expect(data.tasks.map(t=>t.title)).toEqual(['Export before',title,'Export after']);expect(data.tasks[1]).toMatchObject({title,completed:true,priority:'High',dueDate:'2038-01-01',notes:note,deleted:true});for(const i of [0,2])expect(data.tasks[i]).toMatchObject({completed:false,priority:'Normal',dueDate:'',notes:'',deleted:false});await expect(page.getByRole('combobox',{name:'Task filter',exact:true}).locator('option:checked')).toHaveText('Deleted');await expect(page.getByRole('combobox',{name:'Priority filter',exact:true}).locator('option:checked')).toHaveText('High');await expect(page.getByRole('textbox',{name:'Due from',exact:true})).toHaveValue('2038-01-01');await expect(page.getByRole('textbox',{name:'Due through',exact:true})).toHaveValue('2038-01-01');await expect(page.getByRole('textbox',{name:'Task search',exact:true})).toHaveValue('does not match');await page.reload();const again=await exported(page);expect(again).toEqual(data);
         |                                                                                                                                                                                                                                                                                                                                                                                                                                                                                                                                                                                                                                                                                             ^
      10 |  });
      11 |  test('059 archived upgraded and empty projects export without mutation',async({page})=>{
      12 |   await page.goto('/');await page.getByRole('combobox',{name:'Project filter',exact:true}).selectOption({label:'Archived'});await page.getByTestId('project-row').filter({hasText:'task-016 Persistence renamed'}).filter({visible:true}).getByRole('button',{name:'Open project',exact:true}).click();await expect(page.getByRole('button',{name:'Download project',exact:true})).toBeEnabled();const data=await exported(page);expect(data).toMatchObject({name:'task-016 Persistence renamed',archived:true,defaultPriority:'Low'});expect(data.tasks).toHaveLength(1);expect(data.tasks[0]).toMatchObject({title:'Memory kept',completed:true,priority:'High',dueDate:'2028-02-29',notes:'',deleted:false});await expect(taskRow(page,'Memory kept').getByRole('textbox',{name:'Task notes',exact:true})).toBeDisabled();await createProject(page,'Export empty');await openProject(page,'Export empty');const empty=await exported(page);expect(empty).toMatchObject({name:projectName('Export empty'),archived:false,defaultPriority:'Normal',tasks:[]});await page.reload();expect(await exported(page)).toEqual(empty);
        at /Users/Shared/projects/competition/experiments/instruction-effects/revisions/research-v004/decisions/task-017-draft/suite/export.spec.mjs:9:669

    attachment #1: screenshot (image/png) ──────────────────────────────────────────────────────────
    experiments/instruction-effects/revisions/research-v004/preflight/priority-fixtures/stage-17-check-1791635992784/negative-filtered-export/artifacts/export-058-export-includes-775ef-ues-despite-current-filters/test-failed-1.png
    ────────────────────────────────────────────────────────────────────────────────────────────────

    Error Context: experiments/instruction-effects/revisions/research-v004/preflight/priority-fixtures/stage-17-check-1791635992784/negative-filtered-export/artifacts/export-058-export-includes-775ef-ues-despite-current-filters/error-context.md

    attachment #3: trace (application/zip) ─────────────────────────────────────────────────────────
    experiments/instruction-effects/revisions/research-v004/preflight/priority-fixtures/stage-17-check-1791635992784/negative-filtered-export/artifacts/export-058-export-includes-775ef-ues-despite-current-filters/trace.zip
    Usage:

        npx playwright show-trace experiments/instruction-effects/revisions/research-v004/preflight/priority-fixtures/stage-17-check-1791635992784/negative-filtered-export/artifacts/export-058-export-includes-775ef-ues-despite-current-filters/trace.zip

    ────────────────────────────────────────────────────────────────────────────────────────────────


  1 failed
    experiments/instruction-effects/revisions/research-v004/decisions/task-017-draft/suite/export.spec.mjs:7:2 › 058 export includes every stored task in order with literal values despite current filters 
