
Running 1 test using 1 worker



[1/1] experiments/instruction-effects/revisions/research-v004/decisions/task-019-draft/suite/directory.spec.mjs:17:2 › 065 directory intersects and retains filters validates ranges and resets on a new opening
  1) experiments/instruction-effects/revisions/research-v004/decisions/task-019-draft/suite/directory.spec.mjs:17:2 › 065 directory intersects and retains filters validates ranges and resets on a new opening 

    Error: expect(locator).toHaveCount(expected) failed

    Locator:  getByTestId('directory-task-row').visible()
    Expected: 1
    Received: 3
    Timeout:  5000ms

    Call log:
      - Expect "toHaveCount" getByTestId('directory-task-row').visible() with timeout 5000ms
      - waiting for getByTestId('directory-task-row').visible()
        14 × locator resolved to 3 elements
           - unexpected value "3"


      16 |  });
      17 |  test('065 directory intersects and retains filters validates ranges and resets on a new opening',async({page})=>{
    > 18 |   const owner='Directory filter owner';await createProject(page,owner);await openProject(page,owner);for(const [name,p,date,done] of [['Filter hit','High','2046-03-01',false],['Filter done','High','2046-03-01',true],['Filter low','Low','2046-03-01',false],['Filter undated','High','',false],['Filter outside','High','2046-04-01',false]])await taskWith(page,owner,title(name),p,date,done);await createProject(page,'Directory filter archive');await openProject(page,'Directory filter archive');await taskWith(page,'Directory filter archive',title('Filter archived'),'High','2046-03-01');await page.getByRole('button',{name:'Projects',exact:true}).click();await projectRow(page,'Directory filter archive').getByRole('button',{name:'Archive project',exact:true}).click();await directory(page);await query(page,title('Filter'));await expect(row(page,title('Filter hit'))).toBeVisible();await expect(rows(page)).toHaveCount(5);await page.getByRole('combobox',{name:'Task filter',exact:true}).selectOption({label:'Open'});await expect(row(page,title('Filter hit'))).toBeVisible();await expect(rows(page)).toHaveCount(4);await page.getByRole('combobox',{name:'Priority filter',exact:true}).selectOption({label:'High'});await expect(row(page,title('Filter hit'))).toBeVisible();await expect(rows(page)).toHaveCount(3);await page.getByRole('textbox',{name:'Due from',exact:true}).fill('2046-03-01');await page.getByRole('textbox',{name:'Due through',exact:true}).fill('2046-03-01');await page.getByRole('button',{name:'Apply due range',exact:true}).click();await expect(row(page,title('Filter hit'))).toBeVisible();await expect(rows(page)).toHaveCount(1);await page.getByRole('textbox',{name:'Due from',exact:true}).fill('2046-02-30');await page.getByRole('button',{name:'Apply due range',exact:true}).click();await expect(page.getByRole('alert')).toContainText('Due range must use valid YYYY-MM-DD dates');await expect(page.getByRole('textbox',{name:'Due from',exact:true})).toHaveValue('2046-03-01');await expect(page.getByRole('textbox',{name:'Directory search',exact:true})).toHaveValue(title('Filter'));await expect(page.getByRole('combobox',{name:'Task filter',exact:true}).locator('option:checked')).toHaveText('Open');await expect(page.getByRole('combobox',{name:'Priority filter',exact:true}).locator('option:checked')).toHaveText('High');await expect(row(page,title('Filter hit'))).toBeVisible();await expect(rows(page)).toHaveCount(1);await page.getByRole('combobox',{name:'Project scope',exact:true}).selectOption({label:'Archived'});await expect(row(page,title('Filter archived'))).toBeVisible();await expect(rows(page)).toHaveCount(1);await row(page,title('Filter archived')).getByRole('button',{name:'Open project',exact:true}).click();await expect(page.getByRole('combobox',{name:'Task filter',exact:true}).locator('option:checked')).toHaveText('All');await expect(page.getByRole('combobox',{name:'Priority filter',exact:true}).locator('option:checked')).toHaveText('All');await expect(page.getByRole('textbox',{name:'Due from',exact:true})).toHaveValue('');await directory(page);await expect(page.getByRole('combobox',{name:'Project scope',exact:true}).locator('option:checked')).toHaveText('Active');await expect(page.getByRole('combobox',{name:'Task filter',exact:true}).locator('option:checked')).toHaveText('All');await expect(page.getByRole('combobox',{name:'Priority filter',exact:true}).locator('option:checked')).toHaveText('All');await expect(page.getByRole('textbox',{name:'Directory search',exact:true})).toHaveValue('');await expect(page.getByRole('textbox',{name:'Due from',exact:true})).toHaveValue('');
         |                                                                                                                                                                                                                                                                                                                                                                                                                                                                                                                                                                                                                                                                                                                                                                                                                                                                                                                                                                                                                                                                                                                                                                                                                                                                                                                                                                                                                                                                                                                                                                                                                                                                                               ^
      19 |  });
      20 |  test('066 directory includes original imported records and uses current whitespace matching without mutating project state',async({page})=>{
      21 |   await directory(page);await query(page,'IMPORTED LIVE');const legacy=rows(page).filter({has:page.getByTestId('directory-project-name').filter({hasText:'task-018 Import restart'})});await expect(legacy).toHaveCount(1);await expect(legacy.getByTestId('directory-task-title')).toHaveText('Imported live');await expect(legacy.getByTestId('directory-task-priority')).toHaveText('Low');await expect(legacy.getByTestId('directory-task-due-date')).toHaveText('2044-02-29');await expect(legacy.getByTestId('directory-task-notes')).toHaveText('Live import');await createProject(page,'Directory whitespace');await openProject(page,'Directory whitespace');await createTask(page,title('Gap  task'));await directory(page);await query(page,'  '+title('GAP\t TASK')+'  ');await expect(row(page,title('Gap  task'))).toBeVisible();await expect(rows(page)).toHaveCount(1);expect(await row(page,title('Gap  task')).getByTestId('directory-task-title').textContent()).toBe(title('Gap  task'));await row(page,title('Gap  task')).getByRole('button',{name:'Open project',exact:true}).click();await expect(taskRow(page,title('Gap  task'))).toBeVisible();await page.getByRole('button',{name:'Projects',exact:true}).click();await expect(projectRow(page,'Directory whitespace').getByTestId('project-summary')).toHaveText('0/1 completed');
        at /Users/Shared/projects/competition/experiments/instruction-effects/revisions/research-v004/decisions/task-019-draft/suite/directory.spec.mjs:18:1631

    attachment #1: screenshot (image/png) ──────────────────────────────────────────────────────────
    experiments/instruction-effects/revisions/research-v004/preflight/priority-fixtures/stage-19-check-1791640025587/negative-directory-ignores-range/artifacts/directory-065-directory-in-31888-and-resets-on-a-new-opening/test-failed-1.png
    ────────────────────────────────────────────────────────────────────────────────────────────────

    Error Context: experiments/instruction-effects/revisions/research-v004/preflight/priority-fixtures/stage-19-check-1791640025587/negative-directory-ignores-range/artifacts/directory-065-directory-in-31888-and-resets-on-a-new-opening/error-context.md

    attachment #3: trace (application/zip) ─────────────────────────────────────────────────────────
    experiments/instruction-effects/revisions/research-v004/preflight/priority-fixtures/stage-19-check-1791640025587/negative-directory-ignores-range/artifacts/directory-065-directory-in-31888-and-resets-on-a-new-opening/trace.zip
    Usage:

        npx playwright show-trace experiments/instruction-effects/revisions/research-v004/preflight/priority-fixtures/stage-19-check-1791640025587/negative-directory-ignores-range/artifacts/directory-065-directory-in-31888-and-resets-on-a-new-opening/trace.zip

    ────────────────────────────────────────────────────────────────────────────────────────────────


  1 failed
    experiments/instruction-effects/revisions/research-v004/decisions/task-019-draft/suite/directory.spec.mjs:17:2 › 065 directory intersects and retains filters validates ranges and resets on a new opening 
