
Running 1 test using 1 worker



[1/1] experiments/instruction-effects/revisions/research-v004/decisions/task-015-draft/suite/notes.spec.mjs:21:2 › 053 notes travel through moves and returns while original archived data upgrades
  1) experiments/instruction-effects/revisions/research-v004/decisions/task-015-draft/suite/notes.spec.mjs:21:2 › 053 notes travel through moves and returns while original archived data upgrades 

    Error: expect(locator).toHaveValue(expected) failed

    Locator: getByTestId('task-row').filter({ has: getByRole('checkbox', { name: 'Complete Notes travelling', exact: true }) }).visible().getByRole('textbox', { name: 'Task notes', exact: true })
    Timeout: 5000ms
    Expected: "Current note
      retained Unicode λ  "
    Received: ""

    Call log:
      - Expect "toHaveValue" getByTestId('task-row').filter({ has: getByRole('checkbox', { name: 'Complete Notes travelling', exact: true }) }).visible().getByRole('textbox', { name: 'Task notes', exact: true }) with timeout 5000ms
      - waiting for getByTestId('task-row').filter({ has: getByRole('checkbox', { name: 'Complete Notes travelling', exact: true }) }).visible().getByRole('textbox', { name: 'Task notes', exact: true })
        11 × locator resolved to <textarea name="notes"></textarea>
           - unexpected value ""


      22 |   await page.goto('/');await page.getByRole('combobox',{name:'Project filter',exact:true}).selectOption({label:'Archived'});const old=page.getByTestId('project-row').filter({hasText:'task-014 Persistence renamed'}).filter({visible:true});await old.getByRole('button',{name:'Open project',exact:true}).click();await expect(notes(page,'Memory kept')).toHaveValue('');await expect(notes(page,'Memory kept')).toBeDisabled();
      23 |   await createProject(page,'Notes target');await openProject(page,'Notes target');await createTask(page,'Notes target existing');await createProject(page,'Notes owner');await openProject(page,'Notes owner');for(const title of ['Notes before','Notes travelling','Notes after'])await createTask(page,title);await saveNotes(page,'Notes owner','Notes travelling','Current note\n  retained Unicode λ  ');await expect(notes(page,'Notes before')).toHaveValue('');await expect(notes(page,'Notes after')).toHaveValue('');await expect(page.getByTestId('task-row').filter({visible:true})).toHaveCount(3);await expect(page.getByTestId('task-row').filter({visible:true}).nth(1).getByRole('checkbox',{name:'Complete Notes travelling',exact:true})).toBeVisible();
    > 24 |   const move=async(source,target)=>{await taskRow(page,'Notes travelling').getByRole('combobox',{name:'Destination project',exact:true}).selectOption({label:projectName(target)});await taskRow(page,'Notes travelling').getByRole('button',{name:'Move task',exact:true}).click();await page.goto('/');await openProject(page,target);await expect(notes(page,'Notes travelling')).toHaveValue('Current note\n  retained Unicode λ  ');};
         |                                                                                                                                                                                                                                                                                                                                                                                      ^
      25 |   await move('Notes owner','Notes target');await move('Notes target','Notes owner');const rows=page.getByTestId('task-row').filter({visible:true});await expect(rows).toHaveCount(3);for(const [index,title] of ['Notes before','Notes travelling','Notes after'].entries())await expect(rows.nth(index).getByRole('checkbox',{name:'Complete '+title,exact:true})).toBeVisible();await page.reload();await expect(notes(page,'Notes travelling')).toHaveValue('Current note\n  retained Unicode λ  ');
      26 |  });
      27 | }
        at move (/Users/Shared/projects/competition/experiments/instruction-effects/revisions/research-v004/decisions/task-015-draft/suite/notes.spec.mjs:24:374)
        at /Users/Shared/projects/competition/experiments/instruction-effects/revisions/research-v004/decisions/task-015-draft/suite/notes.spec.mjs:25:3

    attachment #1: screenshot (image/png) ──────────────────────────────────────────────────────────
    experiments/instruction-effects/revisions/research-v004/preflight/priority-fixtures/stage-15-check-1791634536048/negative-move-loses-notes/artifacts/notes-053-notes-travel-thr-1b075-inal-archived-data-upgrades/test-failed-1.png
    ────────────────────────────────────────────────────────────────────────────────────────────────

    Error Context: experiments/instruction-effects/revisions/research-v004/preflight/priority-fixtures/stage-15-check-1791634536048/negative-move-loses-notes/artifacts/notes-053-notes-travel-thr-1b075-inal-archived-data-upgrades/error-context.md

    attachment #3: trace (application/zip) ─────────────────────────────────────────────────────────
    experiments/instruction-effects/revisions/research-v004/preflight/priority-fixtures/stage-15-check-1791634536048/negative-move-loses-notes/artifacts/notes-053-notes-travel-thr-1b075-inal-archived-data-upgrades/trace.zip
    Usage:

        npx playwright show-trace experiments/instruction-effects/revisions/research-v004/preflight/priority-fixtures/stage-15-check-1791634536048/negative-move-loses-notes/artifacts/notes-053-notes-travel-thr-1b075-inal-archived-data-upgrades/trace.zip

    ────────────────────────────────────────────────────────────────────────────────────────────────


  1 failed
    experiments/instruction-effects/revisions/research-v004/decisions/task-015-draft/suite/notes.spec.mjs:21:2 › 053 notes travel through moves and returns while original archived data upgrades 
