
Running 1 test using 1 worker



[1/1] experiments/instruction-effects/revisions/research-v006/decisions/task-024-draft/suite/directory-deletion.spec.mjs:31:2 › 078 directory bulk deletion and restoration honor every intersection and protect live summaries before restoration
  1) experiments/instruction-effects/revisions/research-v006/decisions/task-024-draft/suite/directory-deletion.spec.mjs:31:2 › 078 directory bulk deletion and restoration honor every intersection and protect live summaries before restoration 

    Error: expect(locator).toHaveValue(expected) failed

    Locator: getByTestId('task-row').filter({ has: getByRole('checkbox', { name: 'Complete task-024 Batch record selected target zulu', exact: true }) }).visible().getByRole('textbox', { name: 'Task notes', exact: true })
    Timeout: 5000ms
    Expected: "Literal Ω
    retained  notes"
    Received: ""

    Call log:
      - Expect "toHaveValue" getByTestId('task-row').filter({ has: getByRole('checkbox', { name: 'Complete task-024 Batch record selected target zulu', exact: true }) }).visible().getByRole('textbox', { name: 'Task notes', exact: true }) with timeout 5000ms
      - waiting for getByTestId('task-row').filter({ has: getByRole('checkbox', { name: 'Complete task-024 Batch record selected target zulu', exact: true }) }).visible().getByRole('textbox', { name: 'Task notes', exact: true })
        14 × locator resolved to <textarea name="notes"></textarea>
           - unexpected value ""


      52 |   await page.getByRole('combobox',{name:'Task filter',exact:true}).selectOption({label:'Open'});await result(page,[a,b],['0/1 completed','0/1 completed'],[second,first],'0/2 completed');
      53 |   await page.getByRole('combobox',{name:'Project scope',exact:true}).selectOption({label:'Archived'});await result(page,[c],['0/1 completed'],[protectedLive],'0/1 completed');await expect(remove(page)).toBeDisabled();await expect(restore(page)).toBeDisabled();await page.getByRole('combobox',{name:'Task filter',exact:true}).selectOption({label:'Deleted'});await result(page,[c],['0/1 completed'],[protectedDeleted],'0/1 completed');await expect(remove(page)).toBeDisabled();await expect(restore(page)).toBeDisabled();
    > 54 |   await returnTo(page,a);await titles(page,[before,first,low,late,done,other]);await expect(page.getByRole('combobox',{name:'Default task priority',exact:true}).locator('option:checked')).toHaveText('Normal');await expect(taskRow(page,first).getByRole('combobox',{name:'Task priority',exact:true}).locator('option:checked')).toHaveText('High');await expect(taskRow(page,first).getByRole('textbox',{name:'Task due date',exact:true})).toHaveValue(fields.date);await expect(taskRow(page,first).getByRole('textbox',{name:'Task notes',exact:true})).toHaveValue(fields.notes);await page.getByRole('combobox',{name:'Task filter',exact:true}).selectOption({label:'Deleted'});await titles(page,[old,lowDeleted,lateDeleted]);await returnTo(page,b);await titles(page,[beforeB,second,afterB]);await expect(taskRow(page,second).getByRole('textbox',{name:'Task notes',exact:true})).toHaveValue(fields.notes);
         |                                                                                                                                                                                                                                                                                                                                                                                                                                                                                                                                                                 ^
      55 |  });
      56 |  test('079 bulk directory deletion preserves duplicate owner identities stored task order and completion on restoration',async({page})=>{
      57 |   test.setTimeout(60000);
        at /Users/Shared/projects/competition/experiments/instruction-effects/revisions/research-v006/decisions/task-024-draft/suite/directory-deletion.spec.mjs:54:545

    attachment #1: screenshot (image/png) ──────────────────────────────────────────────────────────
    experiments/instruction-effects/revisions/research-v006/preflight/priority-fixtures/stage24-bulk-delete-check-1791654840783/negative-bulk-delete-clears-notes-078/artifacts/directory-deletion-078-dir-c68fe-ummaries-before-restoration/test-failed-1.png
    ────────────────────────────────────────────────────────────────────────────────────────────────

    Error Context: experiments/instruction-effects/revisions/research-v006/preflight/priority-fixtures/stage24-bulk-delete-check-1791654840783/negative-bulk-delete-clears-notes-078/artifacts/directory-deletion-078-dir-c68fe-ummaries-before-restoration/error-context.md

    attachment #3: trace (application/zip) ─────────────────────────────────────────────────────────
    experiments/instruction-effects/revisions/research-v006/preflight/priority-fixtures/stage24-bulk-delete-check-1791654840783/negative-bulk-delete-clears-notes-078/artifacts/directory-deletion-078-dir-c68fe-ummaries-before-restoration/trace.zip
    Usage:

        npx playwright show-trace experiments/instruction-effects/revisions/research-v006/preflight/priority-fixtures/stage24-bulk-delete-check-1791654840783/negative-bulk-delete-clears-notes-078/artifacts/directory-deletion-078-dir-c68fe-ummaries-before-restoration/trace.zip

    ────────────────────────────────────────────────────────────────────────────────────────────────


  1 failed
    experiments/instruction-effects/revisions/research-v006/decisions/task-024-draft/suite/directory-deletion.spec.mjs:31:2 › 078 directory bulk deletion and restoration honor every intersection and protect live summaries before restoration 
