
Running 1 test using 1 worker



[1/1] experiments/instruction-effects/revisions/research-v009/preflight/priority-fixtures/final030-root-readiness02-executed-suite/workspace-export.spec.mjs:43:2 › 095 workspace export preserves duplicate archived owners and selects only matching deleted tasks
  1) experiments/instruction-effects/revisions/research-v009/preflight/priority-fixtures/final030-root-readiness02-executed-suite/workspace-export.spec.mjs:43:2 › 095 workspace export preserves duplicate archived owners and selects only matching deleted tasks 

    Error: expect(received).toHaveLength(expected)

    Expected length: 2
    Received length: 3
    Received array:  [{"archived": true, "defaultPriority": "Normal", "name": "task-030 Workspace duplicate archive", "tasks": [{"completed": false, "deleted": true, "dueDate": "2068-02-29", "notes": "Deleted Ω
    kept", "priority": "High", "title": "task-030 Workspace deleted record zulu"}]}, {"archived": true, "defaultPriority": "Normal", "name": "task-030 Workspace duplicate archive", "tasks": [{"completed": true, "deleted": true, "dueDate": "2068-02-29", "notes": "Deleted Ω
    kept", "priority": "High", "title": "task-030 Workspace deleted record alpha"}]}, {"archived": false, "defaultPriority": "Normal", "name": "task-030 Workspace scope guard", "tasks": [{"completed": false, "deleted": true, "dueDate": "2068-02-29", "notes": "", "priority": "High", "title": "task-030 Workspace deleted record active guard"}]}]

      44 |   test.setTimeout(90000);const a='Workspace duplicate archive',b='Workspace duplicate temporary',q=projectName('Workspace deleted record'),first=q+' zulu',second=q+' alpha',guard=q+' low guard',live=q+' live guard',note='Deleted Ω\nkept';await createProject(page,a);await openProject(page,a);await configured(page,a,first,{priority:'High',date:'2068-02-29',notes:note,deleted:true});await configured(page,a,guard,{priority:'Low',date:'2068-02-29',deleted:true});await configured(page,a,live,{priority:'High',date:'2068-02-29'});await createProject(page,b);await openProject(page,b);await configured(page,b,second,{priority:'High',date:'2068-02-29',notes:note,completed:true,deleted:true});await page.getByRole('textbox',{name:'New project name',exact:true}).fill(projectName(a));await page.getByRole('button',{name:'Rename project',exact:true}).click();const o=await page.context().newPage();try{await expect.poll(async()=>{await o.goto('/');await expect(projectRow(o,a).first()).toBeVisible();return projectRow(o,a).count();}).toBe(2);}finally{await o.close();}await page.goto('/');for(let i=0;i<2;i++){await projectRow(page,a).first().getByRole('button',{name:'Archive project',exact:true}).click();await expect(projectRow(page,a)).toHaveCount(1-i);}
      45 |   const activeOwner='Workspace scope guard',active=q+' active guard';await createProject(page,activeOwner);await openProject(page,activeOwner);await configured(page,activeOwner,active,{priority:'High',date:'2068-02-29',deleted:true});
    > 46 |   await directory(page,q);await result(page,[],[],[],'0/0 completed');await page.getByRole('combobox',{name:'Project scope',exact:true}).selectOption({label:'Archived'});await result(page,[a],['0/1 completed'],[live],'0/1 completed');await page.getByRole('combobox',{name:'Task filter',exact:true}).selectOption({label:'Deleted'});await result(page,[a,a],['0/2 completed','1/1 completed'],[first,guard,second],'1/3 completed');await page.getByRole('combobox',{name:'Priority filter',exact:true}).selectOption({label:'High'});await result(page,[a,a],['0/1 completed','1/1 completed'],[first,second],'1/2 completed');await page.getByRole('combobox',{name:'Directory order',exact:true}).selectOption({label:'Title'});await result(page,[a,a],['0/1 completed','1/1 completed'],[second,first],'1/2 completed');const data=await exported(page);expect(data).toHaveLength(2);expect(data.map(p=>p.name)).toEqual([projectName(a),projectName(a)]);expect(data.map(p=>p.tasks.map(t=>t.title))).toEqual([[first],[second]]);for(const p of data){expect(p.archived).toBe(true);expect(p.defaultPriority).toBe('Normal');for(const t of p.tasks)expect(t).toMatchObject({priority:'High',dueDate:'2068-02-29',notes:note,deleted:true});}expect(data.map(p=>p.tasks[0].completed)).toEqual([false,true]);noIds(data);await result(page,[a,a],['0/1 completed','1/1 completed'],[second,first],'1/2 completed');
         |                                                                                                                                                                                                                                                                                                                                                                                                                                                                                                                                                                                                                                                                                                                                                                                                                                                                                  ^
      47 |  });
      48 |  test('096 empty matching workspace export is valid and leaves known data and controls unchanged',async({page})=>{
      49 |   const a='Workspace empty owner',q=projectName('Workspace empty known');await createProject(page,a);await openProject(page,a);await createTask(page,q);await directory(page,q);await result(page,[a],['0/1 completed'],[q],'0/1 completed');await page.getByRole('textbox',{name:'Directory search',exact:true}).fill(q+' absent');await page.getByRole('button',{name:'Search directory',exact:true}).click();await result(page,[],[],[],'0/0 completed');expect(await exported(page)).toEqual([]);await result(page,[],[],[],'0/0 completed');await expect(page.getByRole('textbox',{name:'Directory search',exact:true})).toHaveValue(q+' absent');await page.getByRole('textbox',{name:'Directory search',exact:true}).fill(q);await page.getByRole('button',{name:'Search directory',exact:true}).click();await result(page,[a],['0/1 completed'],[q],'0/1 completed');
        at /Users/Shared/projects/competition/experiments/instruction-effects/revisions/research-v009/preflight/priority-fixtures/final030-root-readiness02-executed-suite/workspace-export.spec.mjs:46:850

    attachment #1: screenshot (image/png) ──────────────────────────────────────────────────────────
    experiments/instruction-effects/revisions/research-v009/preflight/priority-fixtures/stage30-root-readiness03-check-1791673018847/negative-workspace-export-ignores-scope-095/artifacts/workspace-export-095-works-c0056-only-matching-deleted-tasks/test-failed-1.png
    ────────────────────────────────────────────────────────────────────────────────────────────────

    Error Context: experiments/instruction-effects/revisions/research-v009/preflight/priority-fixtures/stage30-root-readiness03-check-1791673018847/negative-workspace-export-ignores-scope-095/artifacts/workspace-export-095-works-c0056-only-matching-deleted-tasks/error-context.md

    attachment #3: trace (application/zip) ─────────────────────────────────────────────────────────
    experiments/instruction-effects/revisions/research-v009/preflight/priority-fixtures/stage30-root-readiness03-check-1791673018847/negative-workspace-export-ignores-scope-095/artifacts/workspace-export-095-works-c0056-only-matching-deleted-tasks/trace.zip
    Usage:

        npx playwright show-trace experiments/instruction-effects/revisions/research-v009/preflight/priority-fixtures/stage30-root-readiness03-check-1791673018847/negative-workspace-export-ignores-scope-095/artifacts/workspace-export-095-works-c0056-only-matching-deleted-tasks/trace.zip

    ────────────────────────────────────────────────────────────────────────────────────────────────


  1 failed
    experiments/instruction-effects/revisions/research-v009/preflight/priority-fixtures/final030-root-readiness02-executed-suite/workspace-export.spec.mjs:43:2 › 095 workspace export preserves duplicate archived owners and selects only matching deleted tasks 
