
Running 1 test using 1 worker



[1/1] experiments/instruction-effects/revisions/research-v008/preflight/priority-fixtures/final030-third-executed-suite/workspace-import.spec.mjs:42:2 › 097 workspace import appends independent duplicate owners trims names and preserves literal fields without overwriting existing data
  1) experiments/instruction-effects/revisions/research-v008/preflight/priority-fixtures/final030-third-executed-suite/workspace-import.spec.mjs:42:2 › 097 workspace import appends independent duplicate owners trims names and preserves literal fields without overwriting existing data 

    Error: expect(received).toBe(expected) // Object.is equality

    Expected: 3
    Received: 1

    Call Log:
    - Timeout 5000ms exceeded while waiting on the predicate

      37 | const workspace=projects=>({format:'workboard-workspace',version:1,projects});
      38 | async function importing(p,doc){await p.goto('/');await p.getByRole('textbox',{name:'Workspace JSON',exact:true}).fill(typeof doc==='string'?doc:JSON.stringify(doc));await p.getByRole('button',{name:'Import workspace',exact:true}).click();}
    > 39 | async function countProjects(p,name,count){const o=await p.context().newPage();try{await expect.poll(async()=>{await o.goto('/');return projectRow(o,name).count();}).toBe(count);}finally{await o.close();}}
         |                                                                                                                                                                       ^
      40 | test.beforeEach(async({context})=>{await isolateBrowser(context);});
      41 | if(stage>=30){
      42 |  test('097 workspace import appends independent duplicate owners trims names and preserves literal fields without overwriting existing data',async({page})=>{
        at countProjects (/Users/Shared/projects/competition/experiments/instruction-effects/revisions/research-v008/preflight/priority-fixtures/final030-third-executed-suite/workspace-import.spec.mjs:39:167)
        at /Users/Shared/projects/competition/experiments/instruction-effects/revisions/research-v008/preflight/priority-fixtures/final030-third-executed-suite/workspace-import.spec.mjs:46:29

    attachment #1: screenshot (image/png) ──────────────────────────────────────────────────────────
    experiments/instruction-effects/revisions/research-v008/preflight/priority-fixtures/stage30-final-controls-1791660945847/negative-workspace-import-overwrites-existing-097/artifacts/workspace-import-097-works-97b53-t-overwriting-existing-data/test-failed-1.png
    ────────────────────────────────────────────────────────────────────────────────────────────────

    Error Context: experiments/instruction-effects/revisions/research-v008/preflight/priority-fixtures/stage30-final-controls-1791660945847/negative-workspace-import-overwrites-existing-097/artifacts/workspace-import-097-works-97b53-t-overwriting-existing-data/error-context.md

    attachment #3: trace (application/zip) ─────────────────────────────────────────────────────────
    experiments/instruction-effects/revisions/research-v008/preflight/priority-fixtures/stage30-final-controls-1791660945847/negative-workspace-import-overwrites-existing-097/artifacts/workspace-import-097-works-97b53-t-overwriting-existing-data/trace.zip
    Usage:

        npx playwright show-trace experiments/instruction-effects/revisions/research-v008/preflight/priority-fixtures/stage30-final-controls-1791660945847/negative-workspace-import-overwrites-existing-097/artifacts/workspace-import-097-works-97b53-t-overwriting-existing-data/trace.zip

    ────────────────────────────────────────────────────────────────────────────────────────────────


  1 failed
    experiments/instruction-effects/revisions/research-v008/preflight/priority-fixtures/final030-third-executed-suite/workspace-import.spec.mjs:42:2 › 097 workspace import appends independent duplicate owners trims names and preserves literal fields without overwriting existing data 
