
Running 1 test using 1 worker



[1/1] experiments/instruction-effects/revisions/research-v005/decisions/task-018-draft/suite/import.spec.mjs:23:2 › 063 archived and empty imports preserve flags literal data and native restart sentinels
  1) experiments/instruction-effects/revisions/research-v005/decisions/task-018-draft/suite/import.spec.mjs:23:2 › 063 archived and empty imports preserve flags literal data and native restart sentinels 

    Error: expect(locator).toBeVisible() failed

    Locator: getByRole('heading', { name: 'task-018 Import empty', exact: true }).first()
    Expected: visible
    Timeout: 5000ms
    Error: element(s) not found

    Call log:
      - Expect "toBeVisible" getByRole('heading', { name: 'task-018 Import empty', exact: true }).first() with timeout 5000ms
      - waiting for getByRole('heading', { name: 'task-018 Import empty', exact: true }).first()


       5 | const copy=value=>JSON.parse(JSON.stringify(value));
       6 | async function exported(page){const [download]=await Promise.all([page.waitForEvent('download'),page.getByRole('button',{name:'Download project',exact:true}).click()]);const stream=await download.createReadStream();const chunks=[];for await(const chunk of stream)chunks.push(chunk);return JSON.parse(Buffer.concat(chunks).toString('utf8'));}
    >  7 | async function imported(page,data,name){await page.goto('/');await page.getByRole('textbox',{name:'Project JSON',exact:true}).fill(JSON.stringify(data));await page.getByRole('textbox',{name:'Imported project name',exact:true}).fill('  '+projectName(name)+'  ');await page.getByRole('button',{name:'Import project',exact:true}).click();await expect(page.getByRole('heading',{name:projectName(name),exact:true}).first()).toBeVisible();}
         |                                                                                                                                                                                                                                                                                                                                                                                                                                    ^
       8 | async function saved(page,owner,title,label,value){await taskRow(page,title).getByRole('textbox',{name:label,exact:true}).fill(value);await taskRow(page,title).getByRole('button',{name:label==='Task notes'?'Save notes':'Save due date',exact:true}).click();const observer=await page.context().newPage();try{await expect.poll(async()=>{await observer.goto('/');await openProject(observer,owner);return taskRow(observer,title).getByRole('textbox',{name:label,exact:true}).inputValue();},{timeout:5000}).toBe(value);}finally{await observer.close();}}
       9 | async function guards(page,prefix){await createProject(page,prefix+' existing');await openProject(page,prefix+' existing');await createTask(page,'Guard retained');await createProject(page,prefix+' archived');await projectRow(page,prefix+' archived').getByRole('button',{name:'Archive project',exact:true}).click();const observer=await page.context().newPage();const counts={};try{await observer.goto('/');await expect(projectRow(observer,prefix+' existing')).toBeVisible();counts.Active=await observer.getByTestId('project-row').filter({visible:true}).count();await observer.getByRole('combobox',{name:'Project filter',exact:true}).selectOption({label:'Archived'});await expect(projectRow(observer,prefix+' archived')).toBeVisible();counts.Archived=await observer.getByTestId('project-row').filter({visible:true}).count();}finally{await observer.close();}return counts;}
      10 | async function unchanged(page,prefix,counts){const observer=await page.context().newPage();try{await observer.goto('/');await expect(projectRow(observer,prefix+' existing')).toBeVisible();await expect(observer.getByTestId('project-row').filter({visible:true})).toHaveCount(counts.Active);await expect(projectRow(observer,prefix+' existing').getByTestId('project-summary')).toHaveText('0/1 completed');await observer.getByRole('combobox',{name:'Project filter',exact:true}).selectOption({label:'Archived'});await expect(projectRow(observer,prefix+' archived')).toBeVisible();await expect(observer.getByTestId('project-row').filter({visible:true})).toHaveCount(counts.Archived);}finally{await observer.close();}}
        at imported (/Users/Shared/projects/competition/experiments/instruction-effects/revisions/research-v005/decisions/task-018-draft/suite/import.spec.mjs:7:420)
        at /Users/Shared/projects/competition/experiments/instruction-effects/revisions/research-v005/decisions/task-018-draft/suite/import.spec.mjs:24:1909

    attachment #1: screenshot (image/png) ──────────────────────────────────────────────────────────
    .local/researchv005-full-check-1791641662638/negative-import-uses-supplied-ids/artifacts/import-063-archived-and-em-2dbbc-nd-native-restart-sentinels/test-failed-1.png
    ────────────────────────────────────────────────────────────────────────────────────────────────

    Error Context: .local/researchv005-full-check-1791641662638/negative-import-uses-supplied-ids/artifacts/import-063-archived-and-em-2dbbc-nd-native-restart-sentinels/error-context.md

    attachment #3: trace (application/zip) ─────────────────────────────────────────────────────────
    .local/researchv005-full-check-1791641662638/negative-import-uses-supplied-ids/artifacts/import-063-archived-and-em-2dbbc-nd-native-restart-sentinels/trace.zip
    Usage:

        npx playwright show-trace .local/researchv005-full-check-1791641662638/negative-import-uses-supplied-ids/artifacts/import-063-archived-and-em-2dbbc-nd-native-restart-sentinels/trace.zip

    ────────────────────────────────────────────────────────────────────────────────────────────────


  1 failed
    experiments/instruction-effects/revisions/research-v005/decisions/task-018-draft/suite/import.spec.mjs:23:2 › 063 archived and empty imports preserve flags literal data and native restart sentinels 
