
Running 1 test using 1 worker



[1/1] experiments/instruction-effects/revisions/research-v009/preflight/priority-fixtures/final030-observer-v009-executed-suite/directory-deletion-restart.spec.mjs:4:14 › 081 seed bulk deletion restoration fields and remembered positions for actual restart
  1) experiments/instruction-effects/revisions/research-v009/preflight/priority-fixtures/final030-observer-v009-executed-suite/directory-deletion-restart.spec.mjs:4:14 › 081 seed bulk deletion restoration fields and remembered positions for actual restart 

    Error: expect(received).toBe(expected) // Object.is equality

    - Expected  - 2
    + Received  + 2

    -   Bulk restart Ω 😀
    - updated literal  
    + Restored restart Ω
    + first literal

    Call Log:
    - Timeout 5000ms exceeded while waiting on the predicate

       at bulk-deletion-persistence.mjs:21

      19 |  if(stage>=25){await p.getByRole('combobox',{name:'Task filter',exact:true}).selectOption({label:'All'});await expect(rows.getByTestId('directory-task-title')).toHaveText([first]);await p.getByRole('combobox',{name:'Visible tasks priority',exact:true}).selectOption({label:'Low'});await p.getByRole('button',{name:'Set visible priority',exact:true}).click();await expect(rows.getByTestId('directory-task-title')).toHaveText([first]);await expectPersistedPriority(p,firstOwner,first,'Low');}
      20 |  if(stage>=26){await p.goto('/');await p.getByRole('button',{name:'Task directory',exact:true}).click();await p.getByRole('textbox',{name:'Directory search',exact:true}).fill(first);await p.getByRole('button',{name:'Search directory',exact:true}).click();await expect(rows.getByTestId('directory-task-title')).toHaveText([first]);await p.getByRole('textbox',{name:'Visible tasks due date',exact:true}).fill('2400-02-29');await p.getByRole('button',{name:'Save visible due date',exact:true}).click();await expect(rows.getByTestId('directory-task-title')).toHaveText([first]);const observer=await p.context().newPage();try{await expect.poll(async()=>{await home(observer,firstOwner);return taskRow(observer,first).getByRole('textbox',{name:'Task due date',exact:true}).inputValue();}).toBe('2400-02-29');}finally{await observer.close();}}
    > 21 |  if(stage>=27){await p.getByRole('textbox',{name:'Visible tasks notes',exact:true}).fill('  Bulk restart Ω 😀\nupdated literal  ');await p.getByRole('button',{name:'Save visible notes',exact:true}).click();await expect(rows.getByTestId('directory-task-title')).toHaveText([first]);const observer=await p.context().newPage();try{await expect.poll(async()=>{await home(observer,firstOwner);return taskRow(observer,first).getByRole('textbox',{name:'Task notes',exact:true}).inputValue();},{timeout:5000}).toBe('  Bulk restart Ω 😀\nupdated literal  ');}finally{await observer.close();}}
         |                                                                                                                                                                                                                                                                                                                                                                                                                                                                                                                       ^
      22 |  await checkBulkDeletionPersistence(p,false);
      23 | }
      24 | export async function checkBulkDeletionPersistence(p,movePositions){
        at seedBulkDeletionPersistence (/Users/Shared/projects/competition/experiments/instruction-effects/revisions/research-v009/preflight/priority-fixtures/final030-observer-v009-executed-suite/bulk-deletion-persistence.mjs:21:503)
        at /Users/Shared/projects/competition/experiments/instruction-effects/revisions/research-v009/preflight/priority-fixtures/final030-observer-v009-executed-suite/directory-deletion-restart.spec.mjs:4:184

    attachment #1: screenshot (image/png) ──────────────────────────────────────────────────────────
    experiments/instruction-effects/revisions/research-v009/preflight/priority-fixtures/stage30-seed081-check-1791665675988/negative081-bulk-notes-ignored/artifacts/directory-deletion-restart-f8f5f-ositions-for-actual-restart/test-failed-1.png
    ────────────────────────────────────────────────────────────────────────────────────────────────

    Error Context: experiments/instruction-effects/revisions/research-v009/preflight/priority-fixtures/stage30-seed081-check-1791665675988/negative081-bulk-notes-ignored/artifacts/directory-deletion-restart-f8f5f-ositions-for-actual-restart/error-context.md

    attachment #3: trace (application/zip) ─────────────────────────────────────────────────────────
    experiments/instruction-effects/revisions/research-v009/preflight/priority-fixtures/stage30-seed081-check-1791665675988/negative081-bulk-notes-ignored/artifacts/directory-deletion-restart-f8f5f-ositions-for-actual-restart/trace.zip
    Usage:

        npx playwright show-trace experiments/instruction-effects/revisions/research-v009/preflight/priority-fixtures/stage30-seed081-check-1791665675988/negative081-bulk-notes-ignored/artifacts/directory-deletion-restart-f8f5f-ositions-for-actual-restart/trace.zip

    ────────────────────────────────────────────────────────────────────────────────────────────────


  1 failed
    experiments/instruction-effects/revisions/research-v009/preflight/priority-fixtures/final030-observer-v009-executed-suite/directory-deletion-restart.spec.mjs:4:14 › 081 seed bulk deletion restoration fields and remembered positions for actual restart 
