
Running 1 test using 1 worker



[1/1] experiments/instruction-effects/revisions/research-v003/preflight/observer-correction/suite/move-task.spec.mjs:25:2 › 040 moving under combined filters retains source range and independent data
  1) experiments/instruction-effects/revisions/research-v003/preflight/observer-correction/suite/move-task.spec.mjs:25:2 › 040 moving under combined filters retains source range and independent data 

    Error: expect(locator).toHaveText(expected) failed

    Locator:  getByRole('combobox', { name: 'Task filter', exact: true }).locator('option:checked')
    Expected: "Open"
    Received: "All"
    Timeout:  5000ms

    Call log:
      - Expect "toHaveText" getByRole('combobox', { name: 'Task filter', exact: true }).locator('option:checked') with timeout 5000ms
      - waiting for getByRole('combobox', { name: 'Task filter', exact: true }).locator('option:checked')
        14 × locator resolved to <option selected>All</option>
           - unexpected value "All"


      28 |   await page.getByRole('combobox',{name:'Task filter',exact:true}).selectOption({label:'Open'});await page.getByRole('combobox',{name:'Priority filter',exact:true}).selectOption({label:'High'});await page.getByRole('textbox',{name:'Due from',exact:true}).fill('2033-01-01');await page.getByRole('textbox',{name:'Due through',exact:true}).fill('2033-01-01');await page.getByRole('button',{name:'Apply due range',exact:true}).click();
      29 |   await destination(page,'Filtered moving').selectOption({label:projectName('Filtered transfer target')});await move(page,'Filtered moving').click();await persistedLocation(page,'Filtered transfer source','Filtered transfer target','Filtered moving','0/2 completed');
    > 30 |   await expect(page.getByRole('combobox',{name:'Task filter',exact:true}).locator('option:checked')).toHaveText('Open');await expect(page.getByRole('combobox',{name:'Priority filter',exact:true}).locator('option:checked')).toHaveText('High');await expect(page.getByRole('textbox',{name:'Due from',exact:true})).toHaveValue('2033-01-01');await expect(page.getByRole('textbox',{name:'Due through',exact:true})).toHaveValue('2033-01-01');
         |                                                                                                      ^
      31 |   const filteredRows=page.getByTestId('task-row').filter({visible:true});await expect(filteredRows).toHaveCount(2);for(const [i,title] of ['Filtered first','Filtered last'].entries())await expect(filteredRows.nth(i).getByRole('checkbox',{name:'Complete '+title,exact:true})).toBeVisible();
      32 |  });
      33 |  test('041 destination choices use active current project names in creation order',async({page})=>{
        at /Users/Shared/projects/competition/experiments/instruction-effects/revisions/research-v003/preflight/observer-correction/suite/move-task.spec.mjs:30:102

    attachment #1: screenshot (image/png) ──────────────────────────────────────────────────────────
    experiments/instruction-effects/revisions/research-v003/preflight/observer-correction/check-1791629092667/negative-move-resets-filters/artifacts/move-task-040-moving-under-5c13e--range-and-independent-data/test-failed-1.png
    ────────────────────────────────────────────────────────────────────────────────────────────────

    Error Context: experiments/instruction-effects/revisions/research-v003/preflight/observer-correction/check-1791629092667/negative-move-resets-filters/artifacts/move-task-040-moving-under-5c13e--range-and-independent-data/error-context.md

    attachment #3: trace (application/zip) ─────────────────────────────────────────────────────────
    experiments/instruction-effects/revisions/research-v003/preflight/observer-correction/check-1791629092667/negative-move-resets-filters/artifacts/move-task-040-moving-under-5c13e--range-and-independent-data/trace.zip
    Usage:

        npx playwright show-trace experiments/instruction-effects/revisions/research-v003/preflight/observer-correction/check-1791629092667/negative-move-resets-filters/artifacts/move-task-040-moving-under-5c13e--range-and-independent-data/trace.zip

    ────────────────────────────────────────────────────────────────────────────────────────────────


  1 failed
    experiments/instruction-effects/revisions/research-v003/preflight/observer-correction/suite/move-task.spec.mjs:25:2 › 040 moving under combined filters retains source range and independent data 
