
Running 1 test using 1 worker



[1/1] experiments/instruction-effects/revisions/research-v005/decisions/task-022-draft/suite/directory-order.spec.mjs:20:2 › 071 directory filters ranges search and bulk updates retain selected order without changing metadata
  1) experiments/instruction-effects/revisions/research-v005/decisions/task-022-draft/suite/directory-order.spec.mjs:20:2 › 071 directory filters ranges search and bulk updates retain selected order without changing metadata 

    Error: expect(locator).toHaveText(expected) failed

    Locator:  getByRole('combobox', { name: 'Directory order', exact: true }).locator('option:checked')
    Expected: "Title"
    Received: "Original"
    Timeout:  5000ms

    Call log:
      - Expect "toHaveText" getByRole('combobox', { name: 'Directory order', exact: true }).locator('option:checked') with timeout 5000ms
      - waiting for getByRole('combobox', { name: 'Directory order', exact: true }).locator('option:checked')
        14 × locator resolved to <option selected>Original</option>
           - unexpected value "Original"


      21 |   const owner='Ordering actions owner',prefix=projectName('Order action'),later=prefix+' alpha',early=prefix+' zulu',undated=prefix+' middle',low=prefix+' low',done=prefix+' done';await createProject(page,owner);await openProject(page,owner);await configured(page,owner,later,'High','2054-02-01');await configured(page,owner,early,'High','2054-01-01');await configured(page,owner,undated,'High');await configured(page,owner,low,'Low','2054-01-01');await configured(page,owner,done,'High','2054-01-01');await page.getByRole('checkbox',{name:'Complete '+done,exact:true}).check();await expectPersistedCompletion(page,owner,done,true);
      22 |   await directory(page,prefix);await expect(title(page)).toHaveText([later,early,undated,low,done]);await order(page).selectOption({label:'Due date'});await expect(title(page)).toHaveText([early,low,done,later,undated]);await page.getByRole('combobox',{name:'Priority filter',exact:true}).selectOption({label:'High'});await expect(title(page)).toHaveText([early,done,later,undated]);await expect(order(page).locator('option:checked')).toHaveText('Due date');await page.getByRole('textbox',{name:'Due from',exact:true}).fill('2054-01-01');await page.getByRole('textbox',{name:'Due through',exact:true}).fill('2054-02-01');await page.getByRole('button',{name:'Apply due range',exact:true}).click();await expect(title(page)).toHaveText([early,done,later]);await page.getByRole('combobox',{name:'Task filter',exact:true}).selectOption({label:'Open'});await expect(title(page)).toHaveText([early,later]);await expect(order(page).locator('option:checked')).toHaveText('Due date');await order(page).selectOption({label:'Title'});await expect(title(page)).toHaveText([later,early]);await expect(page.getByRole('textbox',{name:'Directory search',exact:true})).toHaveValue(prefix);await expect(page.getByRole('combobox',{name:'Priority filter',exact:true}).locator('option:checked')).toHaveText('High');await expect(page.getByRole('textbox',{name:'Due from',exact:true})).toHaveValue('2054-01-01');await expect(page.getByRole('textbox',{name:'Due through',exact:true})).toHaveValue('2054-02-01');
    > 23 |   await page.getByRole('button',{name:'Complete visible tasks',exact:true}).click();for(const t of [early,later])await expectPersistedCompletion(page,owner,t,true);await expect(page.getByText('No matching tasks',{exact:true})).toBeVisible();await expect(order(page).locator('option:checked')).toHaveText('Title');await page.getByRole('combobox',{name:'Task filter',exact:true}).selectOption({label:'Completed'});await expect(title(page)).toHaveText([later,done,early]);await expect(order(page).locator('option:checked')).toHaveText('Title');await page.getByRole('textbox',{name:'Directory search',exact:true}).fill(prefix+' ALPHA');await page.getByRole('button',{name:'Search directory',exact:true}).click();await expect(title(page)).toHaveText([later]);await expect(order(page).locator('option:checked')).toHaveText('Title');await expect(rows(page).getByTestId('directory-task-priority')).toHaveText('High');await expect(rows(page).getByTestId('directory-task-due-date')).toHaveText('2054-02-01');await expect(rows(page).getByTestId('directory-task-completion')).toHaveText('Completed');
         |                                                                                                                                                                                                                                                                                                      ^
      24 |  });
      25 |  test('072 directory ordering includes deleted archived records and significant internal whitespace',async({page})=>{
      26 |   const owner='Ordering archived first',other='Ordering archived second',third='Ordering archived third',prefix=projectName('Order protected'),single=prefix+' gap task',double=prefix+' gap  task',live=prefix+' archived live guard',active=prefix+' active guard',alpha=prefix+' aardvark';
        at /Users/Shared/projects/competition/experiments/instruction-effects/revisions/research-v005/decisions/task-022-draft/suite/directory-order.spec.mjs:23:294

    attachment #1: screenshot (image/png) ──────────────────────────────────────────────────────────
    experiments/instruction-effects/revisions/research-v005/preflight/priority-fixtures/summary-full-check-1791648700104/negative-order-bulk-reset/artifacts/directory-order-071-direct-02731-r-without-changing-metadata/test-failed-1.png
    ────────────────────────────────────────────────────────────────────────────────────────────────

    Error Context: experiments/instruction-effects/revisions/research-v005/preflight/priority-fixtures/summary-full-check-1791648700104/negative-order-bulk-reset/artifacts/directory-order-071-direct-02731-r-without-changing-metadata/error-context.md

    attachment #3: trace (application/zip) ─────────────────────────────────────────────────────────
    experiments/instruction-effects/revisions/research-v005/preflight/priority-fixtures/summary-full-check-1791648700104/negative-order-bulk-reset/artifacts/directory-order-071-direct-02731-r-without-changing-metadata/trace.zip
    Usage:

        npx playwright show-trace experiments/instruction-effects/revisions/research-v005/preflight/priority-fixtures/summary-full-check-1791648700104/negative-order-bulk-reset/artifacts/directory-order-071-direct-02731-r-without-changing-metadata/trace.zip

    ────────────────────────────────────────────────────────────────────────────────────────────────


  1 failed
    experiments/instruction-effects/revisions/research-v005/decisions/task-022-draft/suite/directory-order.spec.mjs:20:2 › 071 directory filters ranges search and bulk updates retain selected order without changing metadata 
