.E
======================================================================
ERROR: test_twelve_real_histories_partial_readiness_and_hard_gates (tests.test_partial_report_pipeline.PartialReportPipelineTests.test_twelve_real_histories_partial_readiness_and_hard_gates)
----------------------------------------------------------------------
Traceback (most recent call last):
  File "/Users/Shared/projects/competition/tests/test_partial_report_pipeline.py", line 173, in test_twelve_real_histories_partial_readiness_and_hard_gates
    result=self.generate(master,run);self.assertFalse(result['analysis_ready'])
  File "/Users/Shared/projects/competition/tests/test_partial_report_pipeline.py", line 133, in generate
    try: report.main()
         ~~~~~~~~~~~^^
  File "/Users/Shared/projects/competition/orchestrator/report.py", line 181, in main
    checked(["git","-C",directory,"fetch",str(indexfile.parent/"history.bundle"),"+refs/*:refs/*"])
    ~~~~~~~^^^^^^^^^^^^^^^^^^^^^^^^^^^^^^^^^^^^^^^^^^^^^^^^^^^^^^^^^^^^^^^^^^^^^^^^^^^^^^^^^^^^^^^^
  File "/Users/Shared/projects/competition/orchestrator/prepare.py", line 34, in checked
    raise InfrastructureError(f"{command[:3]} failed: {result.stderr[-4000:]}")
orchestrator.prepare.InfrastructureError: ['git', '-C', '/tmp/ff-history-verify-pyyovvf8'] failed: fatal: pack has junk at the end
error: index-pack died


----------------------------------------------------------------------
Ran 2 tests in 17.725s

FAILED (errors=1)
