.E.
======================================================================
ERROR: test_real_fresh_preparation_and_confirmation_assignment_preserve_only_starter_history (tests.test_partial_report_pipeline.PartialReportPipelineTests.test_real_fresh_preparation_and_confirmation_assignment_preserve_only_starter_history)
----------------------------------------------------------------------
Traceback (most recent call last):
  File "/Users/Shared/projects/competition/orchestrator/evaluation.py", line 56, in validate_research_manifest
    selected=assigned_runs(registry,research['confirmation_batch'],research['candidate_sha256'],plan['sha256'])
  File "/Users/Shared/projects/competition/orchestrator/bounded_confirmation.py", line 26, in assigned_runs
    raise ValueError('Register confirmation runs before native dispatch')
ValueError: Register confirmation runs before native dispatch

The above exception was the direct cause of the following exception:

Traceback (most recent call last):
  File "/Users/Shared/projects/competition/tests/test_partial_report_pipeline.py", line 224, in test_real_fresh_preparation_and_confirmation_assignment_preserve_only_starter_history
    with self.assertRaises(FileNotFoundError):validate_research_manifest(repeated)
                                              ~~~~~~~~~~~~~~~~~~~~~~~~~~^^^^^^^^^^
  File "/Users/Shared/projects/competition/orchestrator/evaluation.py", line 57, in validate_research_manifest
    except ValueError as error:raise InfrastructureError(str(error)) from error
                               ^^^^^^^^^^^^^^^^^^^^^^^^^^^^^^^^^^^^^^^^^^^^^^^^
orchestrator.prepare.InfrastructureError: Register confirmation runs before native dispatch

----------------------------------------------------------------------
Ran 3 tests in 28.096s

FAILED (errors=1)
