
Running 1 test using 1 worker



[1/1] experiments/instruction-effects/revisions/research-v006/decisions/task-020-search-stress-draft/suite/search-whitespace.spec.mjs:5:2 › 050 task search collapses spaces tabs without changing stored titles or filters
  1) experiments/instruction-effects/revisions/research-v006/decisions/task-020-search-stress-draft/suite/search-whitespace.spec.mjs:5:2 › 050 task search collapses spaces tabs without changing stored titles or filters 

    Error: expect(locator).toHaveCount(expected) failed

    Locator:  getByTestId('task-row').visible()
    Expected: 1
    Received: 0
    Timeout:  5000ms

    Call log:
      - Expect "toHaveCount" getByTestId('task-row').visible() with timeout 5000ms
      - waiting for getByTestId('task-row').visible()
        5 × locator resolved to 2 elements
          - unexpected value "2"
        9 × locator resolved to 0 elements
          - unexpected value "0"


       6 |   await createProject(page,'Whitespace retained owner');await openProject(page,'Whitespace retained owner');await createTask(page,'Original  task gap');await createTask(page,'Other task gap');await taskRow(page,'Original  task gap').getByRole('combobox',{name:'Task priority',exact:true}).selectOption({label:'High'});await expectPersistedPriority(page,'Whitespace retained owner','Original  task gap','High');await taskRow(page,'Other task gap').getByRole('combobox',{name:'Task priority',exact:true}).selectOption({label:'High'});await expectPersistedPriority(page,'Whitespace retained owner','Other task gap','High');await page.getByRole('combobox',{name:'Task filter',exact:true}).selectOption({label:'Open'});await page.getByRole('combobox',{name:'Priority filter',exact:true}).selectOption({label:'High'});
       7 |   for(const query of [' original task ','ORIGINAL   TASK','original\t task']){await page.getByRole('textbox',{name:'Task search',exact:true}).fill('');await page.getByRole('button',{name:'Search tasks',exact:true}).click();await expect(taskRow(page,'Other task gap')).toBeVisible();await expect(page.getByTestId('task-row').filter({visible:true})).toHaveCount(2);
    >  8 |    await page.getByRole('textbox',{name:'Task search',exact:true}).fill(query);await page.getByRole('button',{name:'Search tasks',exact:true}).click();await expect(page.getByTestId('task-row').filter({visible:true})).toHaveCount(1);await expect(taskRow(page,'Original  task gap')).toBeVisible();await expect(taskRow(page,'Other task gap')).toHaveCount(0);expect(await taskRow(page,'Original  task gap').textContent()).toContain('Original  task gap');await expect(page.getByRole('combobox',{name:'Task filter',exact:true}).locator('option:checked')).toHaveText('Open');await expect(page.getByRole('combobox',{name:'Priority filter',exact:true}).locator('option:checked')).toHaveText('High');
         |                                                                                                                                                                                                                          ^
       9 |   }
      10 |   await page.getByRole('textbox',{name:'Task search',exact:true}).fill('');await page.getByRole('button',{name:'Search tasks',exact:true}).click();await expect(taskRow(page,'Other task gap')).toBeVisible();await expect(page.getByTestId('task-row').filter({visible:true})).toHaveCount(2);expect(await taskRow(page,'Original  task gap').textContent()).toContain('Original  task gap');await page.reload();expect(await taskRow(page,'Original  task gap').textContent()).toContain('Original  task gap');
      11 |  });
        at /Users/Shared/projects/competition/experiments/instruction-effects/revisions/research-v006/decisions/task-020-search-stress-draft/suite/search-whitespace.spec.mjs:8:218

    attachment #1: screenshot (image/png) ──────────────────────────────────────────────────────────
    experiments/instruction-effects/revisions/research-v006/preflight/priority-fixtures/whitespace-read-check-1791650638978/negative-search-tabs-ignored-050/artifacts/search-whitespace-050-task-6d5a9-ng-stored-titles-or-filters/test-failed-1.png
    ────────────────────────────────────────────────────────────────────────────────────────────────

    Error Context: experiments/instruction-effects/revisions/research-v006/preflight/priority-fixtures/whitespace-read-check-1791650638978/negative-search-tabs-ignored-050/artifacts/search-whitespace-050-task-6d5a9-ng-stored-titles-or-filters/error-context.md

    attachment #3: trace (application/zip) ─────────────────────────────────────────────────────────
    experiments/instruction-effects/revisions/research-v006/preflight/priority-fixtures/whitespace-read-check-1791650638978/negative-search-tabs-ignored-050/artifacts/search-whitespace-050-task-6d5a9-ng-stored-titles-or-filters/trace.zip
    Usage:

        npx playwright show-trace experiments/instruction-effects/revisions/research-v006/preflight/priority-fixtures/whitespace-read-check-1791650638978/negative-search-tabs-ignored-050/artifacts/search-whitespace-050-task-6d5a9-ng-stored-titles-or-filters/trace.zip

    ────────────────────────────────────────────────────────────────────────────────────────────────


  1 failed
    experiments/instruction-effects/revisions/research-v006/decisions/task-020-search-stress-draft/suite/search-whitespace.spec.mjs:5:2 › 050 task search collapses spaces tabs without changing stored titles or filters 
