
Running 1 test using 1 worker



[1/1] experiments/instruction-effects/revisions/research-v004/decisions/task-015-draft/suite/notes.spec.mjs:10:2 › 052 multiline notes retain literal text filters and archived read-only behavior
  1) experiments/instruction-effects/revisions/research-v004/decisions/task-015-draft/suite/notes.spec.mjs:10:2 › 052 multiline notes retain literal text filters and archived read-only behavior 

    Test timeout of 20000ms exceeded.

    Error: locator.fill: Test timeout of 20000ms exceeded.
    Call log:
      - waiting for getByTestId('task-row').filter({ has: getByRole('checkbox', { name: 'Complete Notes identity', exact: true }) }).visible().getByRole('textbox', { name: 'Task notes', exact: true })


      3 | const notes=(page,title)=>taskRow(page,title).getByRole('textbox',{name:'Task notes',exact:true});
      4 | async function saveNotes(page,project,title,value){
    > 5 |  await notes(page,title).fill(value);await taskRow(page,title).getByRole('button',{name:'Save notes',exact:true}).click();
        |                          ^
      6 |  const observer=await page.context().newPage();try{await expect.poll(async()=>{await observer.goto('/');await openProject(observer,project);return notes(observer,title).inputValue();},{timeout:5000}).toBe(value);}finally{await observer.close();}
      7 | }
      8 | test.beforeEach(async({context})=>{await isolateBrowser(context);});
        at saveNotes (/Users/Shared/projects/competition/experiments/instruction-effects/revisions/research-v004/decisions/task-015-draft/suite/notes.spec.mjs:5:26)
        at /Users/Shared/projects/competition/experiments/instruction-effects/revisions/research-v004/decisions/task-015-draft/suite/notes.spec.mjs:16:439

    attachment #1: screenshot (image/png) ──────────────────────────────────────────────────────────
    experiments/instruction-effects/revisions/research-v004/preflight/priority-fixtures/stage-15-check-1791634536048/negative-notes-change-completion/artifacts/notes-052-multiline-notes--1b071-archived-read-only-behavior/test-failed-1.png
    ────────────────────────────────────────────────────────────────────────────────────────────────

    Error Context: experiments/instruction-effects/revisions/research-v004/preflight/priority-fixtures/stage-15-check-1791634536048/negative-notes-change-completion/artifacts/notes-052-multiline-notes--1b071-archived-read-only-behavior/error-context.md

    attachment #3: trace (application/zip) ─────────────────────────────────────────────────────────
    experiments/instruction-effects/revisions/research-v004/preflight/priority-fixtures/stage-15-check-1791634536048/negative-notes-change-completion/artifacts/notes-052-multiline-notes--1b071-archived-read-only-behavior/trace.zip
    Usage:

        npx playwright show-trace experiments/instruction-effects/revisions/research-v004/preflight/priority-fixtures/stage-15-check-1791634536048/negative-notes-change-completion/artifacts/notes-052-multiline-notes--1b071-archived-read-only-behavior/trace.zip

    ────────────────────────────────────────────────────────────────────────────────────────────────


  1 failed
    experiments/instruction-effects/revisions/research-v004/decisions/task-015-draft/suite/notes.spec.mjs:10:2 › 052 multiline notes retain literal text filters and archived read-only behavior 
