{
  "config": {
    "argv": [
      "/Users/agent/.nvm/versions/node/v24.17.0/bin/node",
      "/Users/Shared/projects/competition/node_modules/.bin/playwright",
      "test",
      "--config",
      "experiments/instruction-effects/revisions/research-v007/decisions/task-030-draft/suite/playwright.config.mjs",
      "--list"
    ],
    "configFile": "/Users/Shared/projects/competition/experiments/instruction-effects/revisions/research-v007/decisions/task-030-draft/suite/playwright.config.mjs",
    "rootDir": "/Users/Shared/projects/competition/experiments/instruction-effects/revisions/research-v007/decisions/task-030-draft/suite",
    "failOnFlakyTests": false,
    "forbidOnly": false,
    "fullyParallel": false,
    "globalSetup": null,
    "globalTeardown": null,
    "globalTimeout": 0,
    "grep": {},
    "grepInvert": null,
    "maxFailures": 0,
    "metadata": {},
    "preserveOutput": "always",
    "projects": [
      {
        "outputDir": "/Users/Shared/projects/competition/test-results",
        "repeatEach": 1,
        "retries": 0,
        "metadata": {},
        "id": "",
        "name": "",
        "testDir": "/Users/Shared/projects/competition/experiments/instruction-effects/revisions/research-v007/decisions/task-030-draft/suite",
        "testIgnore": [],
        "testMatch": [
          "workboard.spec.mjs",
          "priority.spec.mjs",
          "priority-filter.spec.mjs",
          "default-priority.spec.mjs",
          "due-date.spec.mjs",
          "due-range.spec.mjs",
          "move-task.spec.mjs",
          "return-order.spec.mjs",
          "search.spec.mjs",
          "search-whitespace.spec.mjs",
          "notes.spec.mjs",
          "deletion.spec.mjs",
          "export.spec.mjs",
          "import.spec.mjs",
          "directory.spec.mjs",
          "bulk-directory.spec.mjs",
          "directory-order.spec.mjs",
          "directory-summary.spec.mjs",
          "directory-owners.spec.mjs",
          "directory-deletion.spec.mjs",
          "directory-deletion-position.spec.mjs",
          "directory-deletion-restart.spec.mjs",
          "directory-priority.spec.mjs",
          "directory-priority-position.spec.mjs",
          "directory-due-edit.spec.mjs",
          "directory-due-position.spec.mjs",
          "directory-notes-edit.spec.mjs",
          "directory-notes-position.spec.mjs",
          "directory-project-order.spec.mjs",
          "directory-project-order-position.spec.mjs",
          "workspace-export.spec.mjs",
          "workspace-import.spec.mjs"
        ],
        "timeout": 20000
      }
    ],
    "filteredProjects": [
      {
        "grep": {},
        "grepInvert": null,
        "outputDir": "/Users/Shared/projects/competition/test-results",
        "repeatEach": 1,
        "retries": 0,
        "metadata": {},
        "name": "",
        "testDir": "/Users/Shared/projects/competition/experiments/instruction-effects/revisions/research-v007/decisions/task-030-draft/suite",
        "snapshotDir": "/Users/Shared/projects/competition/experiments/instruction-effects/revisions/research-v007/decisions/task-030-draft/suite",
        "testIgnore": [],
        "testMatch": [
          "workboard.spec.mjs",
          "priority.spec.mjs",
          "priority-filter.spec.mjs",
          "default-priority.spec.mjs",
          "due-date.spec.mjs",
          "due-range.spec.mjs",
          "move-task.spec.mjs",
          "return-order.spec.mjs",
          "search.spec.mjs",
          "search-whitespace.spec.mjs",
          "notes.spec.mjs",
          "deletion.spec.mjs",
          "export.spec.mjs",
          "import.spec.mjs",
          "directory.spec.mjs",
          "bulk-directory.spec.mjs",
          "directory-order.spec.mjs",
          "directory-summary.spec.mjs",
          "directory-owners.spec.mjs",
          "directory-deletion.spec.mjs",
          "directory-deletion-position.spec.mjs",
          "directory-deletion-restart.spec.mjs",
          "directory-priority.spec.mjs",
          "directory-priority-position.spec.mjs",
          "directory-due-edit.spec.mjs",
          "directory-due-position.spec.mjs",
          "directory-notes-edit.spec.mjs",
          "directory-notes-position.spec.mjs",
          "directory-project-order.spec.mjs",
          "directory-project-order-position.spec.mjs",
          "workspace-export.spec.mjs",
          "workspace-import.spec.mjs"
        ],
        "timeout": 20000,
        "use": {
          "baseURL": "http://127.0.0.1:9",
          "browserName": "chromium",
          "serviceWorkers": "block",
          "headless": true,
          "trace": "retain-on-failure",
          "screenshot": "only-on-failure",
          "video": "off"
        },
        "dependencies": [],
        "ignoreSnapshots": false,
        "__projectId": ""
      }
    ],
    "quiet": false,
    "reporter": [
      [
        "json",
        {}
      ]
    ],
    "reportSlowTests": {
      "max": 5,
      "threshold": 300000
    },
    "shard": null,
    "tags": [],
    "updateSnapshots": "default",
    "updateSourceMethod": "patch",
    "version": "1.64.0",
    "workers": 1,
    "webServer": null
  },
  "suites": [
    {
      "title": "bulk-directory.spec.mjs",
      "file": "bulk-directory.spec.mjs",
      "column": 0,
      "line": 0,
      "specs": [
        {
          "title": "067 bulk completion intersects every directory filter and preserves fields order and reserved positions",
          "ok": true,
          "tags": [],
          "tests": [
            {
              "timeout": 20000,
              "annotations": [],
              "expectedStatus": "passed",
              "projectId": "",
              "projectName": "",
              "results": [],
              "status": "skipped"
            }
          ],
          "id": "8536c6285b617b9dfbe2-137499a25a38243e3d79",
          "file": "bulk-directory.spec.mjs",
          "line": 13,
          "column": 2
        },
        {
          "title": "068 archived deleted and empty directory scopes disable both bulk actions without changing protected records",
          "ok": true,
          "tags": [],
          "tests": [
            {
              "timeout": 20000,
              "annotations": [],
              "expectedStatus": "passed",
              "projectId": "",
              "projectName": "",
              "results": [],
              "status": "skipped"
            }
          ],
          "id": "8536c6285b617b9dfbe2-039a4eca230d6a4bb1d7",
          "file": "bulk-directory.spec.mjs",
          "line": 24,
          "column": 2
        },
        {
          "title": "069 bulk changes retain two project restart sentinels with literal original metadata",
          "ok": true,
          "tags": [],
          "tests": [
            {
              "timeout": 20000,
              "annotations": [],
              "expectedStatus": "passed",
              "projectId": "",
              "projectName": "",
              "results": [],
              "status": "skipped"
            }
          ],
          "id": "8536c6285b617b9dfbe2-522b465f3d6dfb838f85",
          "file": "bulk-directory.spec.mjs",
          "line": 29,
          "column": 2
        }
      ]
    },
    {
      "title": "default-priority.spec.mjs",
      "file": "default-priority.spec.mjs",
      "column": 0,
      "line": 0,
      "specs": [
        {
          "title": "027 pre-default projects and tasks preserve their distinct saved priorities",
          "ok": true,
          "tags": [],
          "tests": [
            {
              "timeout": 20000,
              "annotations": [],
              "expectedStatus": "passed",
              "projectId": "",
              "projectName": "",
              "results": [],
              "status": "skipped"
            }
          ],
          "id": "828ffc2f60718cf5c2f3-d9479e48bfdc10fb002b",
          "file": "default-priority.spec.mjs",
          "line": 11,
          "column": 2
        },
        {
          "title": "028 project default affects only future tasks and retains filters and summary",
          "ok": true,
          "tags": [],
          "tests": [
            {
              "timeout": 20000,
              "annotations": [],
              "expectedStatus": "passed",
              "projectId": "",
              "projectName": "",
              "results": [],
              "status": "skipped"
            }
          ],
          "id": "828ffc2f60718cf5c2f3-739424edcc2081b62858",
          "file": "default-priority.spec.mjs",
          "line": 20,
          "column": 2
        },
        {
          "title": "029 project default survives rename archive and restoration",
          "ok": true,
          "tags": [],
          "tests": [
            {
              "timeout": 20000,
              "annotations": [],
              "expectedStatus": "passed",
              "projectId": "",
              "projectName": "",
              "results": [],
              "status": "skipped"
            }
          ],
          "id": "828ffc2f60718cf5c2f3-a1cb37e8bfb3ec220d92",
          "file": "default-priority.spec.mjs",
          "line": 53,
          "column": 2
        }
      ]
    },
    {
      "title": "deletion.spec.mjs",
      "file": "deletion.spec.mjs",
      "column": 0,
      "line": 0,
      "specs": [
        {
          "title": "054 deleted tasks preserve fields intersect filters and remain read-only through project archival",
          "ok": true,
          "tags": [],
          "tests": [
            {
              "timeout": 20000,
              "annotations": [],
              "expectedStatus": "passed",
              "projectId": "",
              "projectName": "",
              "results": [],
              "status": "skipped"
            }
          ],
          "id": "5e3101f5deec6f1369fd-d1f4213cf913c264fce4",
          "file": "deletion.spec.mjs",
          "line": 10,
          "column": 2
        },
        {
          "title": "055 restoration retains reserved order explicit priority completion and remembered destination positions",
          "ok": true,
          "tags": [],
          "tests": [
            {
              "timeout": 20000,
              "annotations": [],
              "expectedStatus": "passed",
              "projectId": "",
              "projectName": "",
              "results": [],
              "status": "skipped"
            }
          ],
          "id": "5e3101f5deec6f1369fd-81695069367f8bfadfca",
          "file": "deletion.spec.mjs",
          "line": 18,
          "column": 2
        },
        {
          "title": "056 upgraded original tasks remain live and deleted-only project persists with an empty live summary",
          "ok": true,
          "tags": [],
          "tests": [
            {
              "timeout": 20000,
              "annotations": [],
              "expectedStatus": "passed",
              "projectId": "",
              "projectName": "",
              "results": [],
              "status": "skipped"
            }
          ],
          "id": "5e3101f5deec6f1369fd-4a94b1c801ad300fdfd6",
          "file": "deletion.spec.mjs",
          "line": 23,
          "column": 2
        },
        {
          "title": "057 deleted filter intersects priority due range and title search",
          "ok": true,
          "tags": [],
          "tests": [
            {
              "timeout": 20000,
              "annotations": [],
              "expectedStatus": "passed",
              "projectId": "",
              "projectName": "",
              "results": [],
              "status": "skipped"
            }
          ],
          "id": "5e3101f5deec6f1369fd-729fe549346631f033d5",
          "file": "deletion.spec.mjs",
          "line": 27,
          "column": 2
        }
      ]
    },
    {
      "title": "directory-order.spec.mjs",
      "file": "directory-order.spec.mjs",
      "column": 0,
      "line": 0,
      "specs": [
        {
          "title": "070 directory ordering is global stable and preserves literal titles and stored project order",
          "ok": true,
          "tags": [],
          "tests": [
            {
              "timeout": 20000,
              "annotations": [],
              "expectedStatus": "passed",
              "projectId": "",
              "projectName": "",
              "results": [],
              "status": "skipped"
            }
          ],
          "id": "ac6e2a20729fb80b88da-010212f55b0d47cf31b6",
          "file": "directory-order.spec.mjs",
          "line": 10,
          "column": 2
        },
        {
          "title": "071 directory filters ranges search and bulk updates retain selected order without changing metadata",
          "ok": true,
          "tags": [],
          "tests": [
            {
              "timeout": 20000,
              "annotations": [],
              "expectedStatus": "passed",
              "projectId": "",
              "projectName": "",
              "results": [],
              "status": "skipped"
            }
          ],
          "id": "ac6e2a20729fb80b88da-0a236f37e430858bd028",
          "file": "directory-order.spec.mjs",
          "line": 20,
          "column": 2
        },
        {
          "title": "072 directory ordering includes deleted archived records and significant internal whitespace",
          "ok": true,
          "tags": [],
          "tests": [
            {
              "timeout": 20000,
              "annotations": [],
              "expectedStatus": "passed",
              "projectId": "",
              "projectName": "",
              "results": [],
              "status": "skipped"
            }
          ],
          "id": "ac6e2a20729fb80b88da-078c2e8d82363cf50090",
          "file": "directory-order.spec.mjs",
          "line": 25,
          "column": 2
        },
        {
          "title": "073 directory title ordering folds only ASCII and compares Unicode code points without changing exports",
          "ok": true,
          "tags": [],
          "tests": [
            {
              "timeout": 20000,
              "annotations": [],
              "expectedStatus": "passed",
              "projectId": "",
              "projectName": "",
              "results": [],
              "status": "skipped"
            }
          ],
          "id": "ac6e2a20729fb80b88da-d3e8deb05c20378aa6b1",
          "file": "directory-order.spec.mjs",
          "line": 32,
          "column": 2
        }
      ]
    },
    {
      "title": "directory-owners.spec.mjs",
      "file": "directory-owners.spec.mjs",
      "column": 0,
      "line": 0,
      "specs": [
        {
          "title": "076 directory owner totals track intersections bulk results and protected scopes in project creation order",
          "ok": true,
          "tags": [],
          "tests": [
            {
              "timeout": 20000,
              "annotations": [],
              "expectedStatus": "passed",
              "projectId": "",
              "projectName": "",
              "results": [],
              "status": "skipped"
            }
          ],
          "id": "939e3cb77f22b9a88df8-cc804a6a114b384af2cb",
          "file": "directory-owners.spec.mjs",
          "line": 10,
          "column": 2
        },
        {
          "title": "077 duplicate project names preserve separate owner identities and correct open actions after rename and create",
          "ok": true,
          "tags": [],
          "tests": [
            {
              "timeout": 20000,
              "annotations": [],
              "expectedStatus": "passed",
              "projectId": "",
              "projectName": "",
              "results": [],
              "status": "skipped"
            }
          ],
          "id": "939e3cb77f22b9a88df8-b39b92460fb801d6300e",
          "file": "directory-owners.spec.mjs",
          "line": 16,
          "column": 2
        }
      ]
    },
    {
      "title": "directory-summary.spec.mjs",
      "file": "directory-summary.spec.mjs",
      "column": 0,
      "line": 0,
      "specs": [
        {
          "title": "074 directory totals follow global intersections bulk updates protected scopes and unchanged project summaries",
          "ok": true,
          "tags": [],
          "tests": [
            {
              "timeout": 20000,
              "annotations": [],
              "expectedStatus": "passed",
              "projectId": "",
              "projectName": "",
              "results": [],
              "status": "skipped"
            }
          ],
          "id": "b6e72e01799c7925af4e-4e9dce6a184d3bc67d91",
          "file": "directory-summary.spec.mjs",
          "line": 10,
          "column": 2
        },
        {
          "title": "075 directory totals show a resolved empty result without altering stored completion",
          "ok": true,
          "tags": [],
          "tests": [
            {
              "timeout": 20000,
              "annotations": [],
              "expectedStatus": "passed",
              "projectId": "",
              "projectName": "",
              "results": [],
              "status": "skipped"
            }
          ],
          "id": "b6e72e01799c7925af4e-3986b8de02d98500bed0",
          "file": "directory-summary.spec.mjs",
          "line": 17,
          "column": 2
        }
      ]
    },
    {
      "title": "directory.spec.mjs",
      "file": "directory.spec.mjs",
      "column": 0,
      "line": 0,
      "specs": [
        {
          "title": "064 directory preserves owner and stored order with live deleted archived and literal field semantics",
          "ok": true,
          "tags": [],
          "tests": [
            {
              "timeout": 20000,
              "annotations": [],
              "expectedStatus": "passed",
              "projectId": "",
              "projectName": "",
              "results": [],
              "status": "skipped"
            }
          ],
          "id": "219c3cd448d222e20993-082c35e9b20cdaddbeb8",
          "file": "directory.spec.mjs",
          "line": 12,
          "column": 2
        },
        {
          "title": "065 directory intersects and retains filters validates ranges and resets on a new opening",
          "ok": true,
          "tags": [],
          "tests": [
            {
              "timeout": 20000,
              "annotations": [],
              "expectedStatus": "passed",
              "projectId": "",
              "projectName": "",
              "results": [],
              "status": "skipped"
            }
          ],
          "id": "219c3cd448d222e20993-a1e30812ca85bf79f216",
          "file": "directory.spec.mjs",
          "line": 17,
          "column": 2
        },
        {
          "title": "066 directory includes original imported records and uses current whitespace matching without mutating project state",
          "ok": true,
          "tags": [],
          "tests": [
            {
              "timeout": 20000,
              "annotations": [],
              "expectedStatus": "passed",
              "projectId": "",
              "projectName": "",
              "results": [],
              "status": "skipped"
            }
          ],
          "id": "219c3cd448d222e20993-866bb2ffacf088f43219",
          "file": "directory.spec.mjs",
          "line": 20,
          "column": 2
        }
      ]
    },
    {
      "title": "due-date.spec.mjs",
      "file": "due-date.spec.mjs",
      "column": 0,
      "line": 0,
      "specs": [
        {
          "title": "030 dates default empty save canonically survive rename and clear",
          "ok": true,
          "tags": [],
          "tests": [
            {
              "timeout": 20000,
              "annotations": [],
              "expectedStatus": "passed",
              "projectId": "",
              "projectName": "",
              "results": [],
              "status": "skipped"
            }
          ],
          "id": "d9b62338cc86079d45d1-1e430a540740e43f90a6",
          "file": "due-date.spec.mjs",
          "line": 11,
          "column": 2
        },
        {
          "title": "031 invalid formats and impossible calendar dates preserve the saved date",
          "ok": true,
          "tags": [],
          "tests": [
            {
              "timeout": 20000,
              "annotations": [],
              "expectedStatus": "passed",
              "projectId": "",
              "projectName": "",
              "results": [],
              "status": "skipped"
            }
          ],
          "id": "d9b62338cc86079d45d1-6ca30e9add129c25fbd7",
          "file": "due-date.spec.mjs",
          "line": 21,
          "column": 2
        },
        {
          "title": "032 date changes retain task identity filters order and all-task summary",
          "ok": true,
          "tags": [],
          "tests": [
            {
              "timeout": 20000,
              "annotations": [],
              "expectedStatus": "passed",
              "projectId": "",
              "projectName": "",
              "results": [],
              "status": "skipped"
            }
          ],
          "id": "d9b62338cc86079d45d1-7f6c1764fc586d75cfc9",
          "file": "due-date.spec.mjs",
          "line": 29,
          "column": 2
        },
        {
          "title": "033 archived dates are read-only restored and old data stays undated",
          "ok": true,
          "tags": [],
          "tests": [
            {
              "timeout": 20000,
              "annotations": [],
              "expectedStatus": "passed",
              "projectId": "",
              "projectName": "",
              "results": [],
              "status": "skipped"
            }
          ],
          "id": "d9b62338cc86079d45d1-757373775230617a547e",
          "file": "due-date.spec.mjs",
          "line": 44,
          "column": 2
        }
      ]
    },
    {
      "title": "due-range.spec.mjs",
      "file": "due-range.spec.mjs",
      "column": 0,
      "line": 0,
      "specs": [
        {
          "title": "034 date ranges include endpoints exclude undated tasks and preserve order",
          "ok": true,
          "tags": [],
          "tests": [
            {
              "timeout": 20000,
              "annotations": [],
              "expectedStatus": "passed",
              "projectId": "",
              "projectName": "",
              "results": [],
              "status": "skipped"
            }
          ],
          "id": "ace16ba185ca7c0f5532-ae0a78297c7114f32e24",
          "file": "due-range.spec.mjs",
          "line": 14,
          "column": 2
        },
        {
          "title": "035 due ranges intersect completion priority and live date edits",
          "ok": true,
          "tags": [],
          "tests": [
            {
              "timeout": 20000,
              "annotations": [],
              "expectedStatus": "passed",
              "projectId": "",
              "projectName": "",
              "results": [],
              "status": "skipped"
            }
          ],
          "id": "ace16ba185ca7c0f5532-c2256f78aa11f9d074db",
          "file": "due-range.spec.mjs",
          "line": 24,
          "column": 2
        },
        {
          "title": "036 invalid due ranges preserve the last applied membership",
          "ok": true,
          "tags": [],
          "tests": [
            {
              "timeout": 20000,
              "annotations": [],
              "expectedStatus": "passed",
              "projectId": "",
              "projectName": "",
              "results": [],
              "status": "skipped"
            }
          ],
          "id": "ace16ba185ca7c0f5532-5e8651d716862f28b79e",
          "file": "due-range.spec.mjs",
          "line": 40,
          "column": 2
        },
        {
          "title": "037 archived ranges stay usable and reopening clears transient boundaries",
          "ok": true,
          "tags": [],
          "tests": [
            {
              "timeout": 20000,
              "annotations": [],
              "expectedStatus": "passed",
              "projectId": "",
              "projectName": "",
              "results": [],
              "status": "skipped"
            }
          ],
          "id": "ace16ba185ca7c0f5532-7f918de9120f6fb49d23",
          "file": "due-range.spec.mjs",
          "line": 48,
          "column": 2
        },
        {
          "title": "038 project default rename and hidden creation retain the applied range",
          "ok": true,
          "tags": [],
          "tests": [
            {
              "timeout": 20000,
              "annotations": [],
              "expectedStatus": "passed",
              "projectId": "",
              "projectName": "",
              "results": [],
              "status": "skipped"
            }
          ],
          "id": "ace16ba185ca7c0f5532-90ebc492046243c07a3c",
          "file": "due-range.spec.mjs",
          "line": 57,
          "column": 2
        }
      ]
    },
    {
      "title": "export.spec.mjs",
      "file": "export.spec.mjs",
      "column": 0,
      "line": 0,
      "specs": [
        {
          "title": "058 export includes every stored task in order with literal values despite current filters",
          "ok": true,
          "tags": [],
          "tests": [
            {
              "timeout": 20000,
              "annotations": [],
              "expectedStatus": "passed",
              "projectId": "",
              "projectName": "",
              "results": [],
              "status": "skipped"
            }
          ],
          "id": "b6bd72317ca2585b63de-b1cbf8382c929b4cd489",
          "file": "export.spec.mjs",
          "line": 7,
          "column": 2
        },
        {
          "title": "059 archived upgraded and empty projects export without mutation",
          "ok": true,
          "tags": [],
          "tests": [
            {
              "timeout": 20000,
              "annotations": [],
              "expectedStatus": "passed",
              "projectId": "",
              "projectName": "",
              "results": [],
              "status": "skipped"
            }
          ],
          "id": "b6bd72317ca2585b63de-b02e938cbdb7361d3645",
          "file": "export.spec.mjs",
          "line": 11,
          "column": 2
        }
      ]
    },
    {
      "title": "import.spec.mjs",
      "file": "import.spec.mjs",
      "column": 0,
      "line": 0,
      "specs": [
        {
          "title": "060 exported projects import independently with saved fields deleted order and project defaults",
          "ok": true,
          "tags": [],
          "tests": [
            {
              "timeout": 20000,
              "annotations": [],
              "expectedStatus": "passed",
              "projectId": "",
              "projectName": "",
              "results": [],
              "status": "skipped"
            }
          ],
          "id": "a6cd7810acf282988ca5-b7d662bec3c08d38509e",
          "file": "import.spec.mjs",
          "line": 14,
          "column": 2
        },
        {
          "title": "061 malformed root documents and blank override reject atomically and retain inputs",
          "ok": true,
          "tags": [],
          "tests": [
            {
              "timeout": 20000,
              "annotations": [],
              "expectedStatus": "passed",
              "projectId": "",
              "projectName": "",
              "results": [],
              "status": "skipped"
            }
          ],
          "id": "a6cd7810acf282988ca5-57a5ac80f8c7dc35e264",
          "file": "import.spec.mjs",
          "line": 17,
          "column": 2
        },
        {
          "title": "062 invalid later tasks reject the entire import without partial project task or existing-data writes",
          "ok": true,
          "tags": [],
          "tests": [
            {
              "timeout": 20000,
              "annotations": [],
              "expectedStatus": "passed",
              "projectId": "",
              "projectName": "",
              "results": [],
              "status": "skipped"
            }
          ],
          "id": "a6cd7810acf282988ca5-4f0a2edfb95a5a92dbf9",
          "file": "import.spec.mjs",
          "line": 20,
          "column": 2
        },
        {
          "title": "063 archived and empty imports preserve flags literal data and native restart sentinels",
          "ok": true,
          "tags": [],
          "tests": [
            {
              "timeout": 20000,
              "annotations": [],
              "expectedStatus": "passed",
              "projectId": "",
              "projectName": "",
              "results": [],
              "status": "skipped"
            }
          ],
          "id": "a6cd7810acf282988ca5-f8a5419208a32e3005d5",
          "file": "import.spec.mjs",
          "line": 23,
          "column": 2
        }
      ]
    },
    {
      "title": "move-task.spec.mjs",
      "file": "move-task.spec.mjs",
      "column": 0,
      "line": 0,
      "specs": [
        {
          "title": "039 moving a task preserves data and destination order without inheriting defaults",
          "ok": true,
          "tags": [],
          "tests": [
            {
              "timeout": 20000,
              "annotations": [],
              "expectedStatus": "passed",
              "projectId": "",
              "projectName": "",
              "results": [],
              "status": "skipped"
            }
          ],
          "id": "77d39599c59ee661a8c0-0ad51b64cf6a55b97a4d",
          "file": "move-task.spec.mjs",
          "line": 15,
          "column": 2
        },
        {
          "title": "040 moving under combined filters retains source range and independent data",
          "ok": true,
          "tags": [],
          "tests": [
            {
              "timeout": 20000,
              "annotations": [],
              "expectedStatus": "passed",
              "projectId": "",
              "projectName": "",
              "results": [],
              "status": "skipped"
            }
          ],
          "id": "77d39599c59ee661a8c0-cde8f3c37910a16c0625",
          "file": "move-task.spec.mjs",
          "line": 26,
          "column": 2
        },
        {
          "title": "041 destination choices use active current project names in creation order",
          "ok": true,
          "tags": [],
          "tests": [
            {
              "timeout": 20000,
              "annotations": [],
              "expectedStatus": "passed",
              "projectId": "",
              "projectName": "",
              "results": [],
              "status": "skipped"
            }
          ],
          "id": "77d39599c59ee661a8c0-025ce0d6c7f16a523305",
          "file": "move-task.spec.mjs",
          "line": 37,
          "column": 2
        },
        {
          "title": "042 archived source moves are disabled restoration allows moving an undated task",
          "ok": true,
          "tags": [],
          "tests": [
            {
              "timeout": 20000,
              "annotations": [],
              "expectedStatus": "passed",
              "projectId": "",
              "projectName": "",
              "results": [],
              "status": "skipped"
            }
          ],
          "id": "77d39599c59ee661a8c0-da37b4d2b8740d739a24",
          "file": "move-task.spec.mjs",
          "line": 41,
          "column": 2
        }
      ]
    },
    {
      "title": "notes.spec.mjs",
      "file": "notes.spec.mjs",
      "column": 0,
      "line": 0,
      "specs": [
        {
          "title": "052 multiline notes retain literal text filters and archived read-only behavior",
          "ok": true,
          "tags": [],
          "tests": [
            {
              "timeout": 20000,
              "annotations": [],
              "expectedStatus": "passed",
              "projectId": "",
              "projectName": "",
              "results": [],
              "status": "skipped"
            }
          ],
          "id": "7f36cd524a64ff4e209b-a41c67970ee12c29f456",
          "file": "notes.spec.mjs",
          "line": 10,
          "column": 2
        },
        {
          "title": "053 notes travel through moves and returns while original archived data upgrades",
          "ok": true,
          "tags": [],
          "tests": [
            {
              "timeout": 20000,
              "annotations": [],
              "expectedStatus": "passed",
              "projectId": "",
              "projectName": "",
              "results": [],
              "status": "skipped"
            }
          ],
          "id": "7f36cd524a64ff4e209b-dd80ca4220502d884b06",
          "file": "notes.spec.mjs",
          "line": 21,
          "column": 2
        }
      ]
    },
    {
      "title": "priority-filter.spec.mjs",
      "file": "priority-filter.spec.mjs",
      "column": 0,
      "line": 0,
      "specs": [
        {
          "title": "023 priority and completion filters intersect in creation order",
          "ok": true,
          "tags": [],
          "tests": [
            {
              "timeout": 20000,
              "annotations": [],
              "expectedStatus": "passed",
              "projectId": "",
              "projectName": "",
              "results": [],
              "status": "skipped"
            }
          ],
          "id": "0bef67e81b794b441a6d-143f5589d95a4049e7b5",
          "file": "priority-filter.spec.mjs",
          "line": 8,
          "column": 3
        },
        {
          "title": "024 filtered edits re-evaluate rows while retaining both filter choices",
          "ok": true,
          "tags": [],
          "tests": [
            {
              "timeout": 20000,
              "annotations": [],
              "expectedStatus": "passed",
              "projectId": "",
              "projectName": "",
              "results": [],
              "status": "skipped"
            }
          ],
          "id": "0bef67e81b794b441a6d-f130634415c3a8541a65",
          "file": "priority-filter.spec.mjs",
          "line": 42,
          "column": 3
        },
        {
          "title": "025 task rename retains combined filter membership",
          "ok": true,
          "tags": [],
          "tests": [
            {
              "timeout": 20000,
              "annotations": [],
              "expectedStatus": "passed",
              "projectId": "",
              "projectName": "",
              "results": [],
              "status": "skipped"
            }
          ],
          "id": "0bef67e81b794b441a6d-5fc9c39b5702fa163594",
          "file": "priority-filter.spec.mjs",
          "line": 73,
          "column": 3
        },
        {
          "title": "026 archived combined filters are readable without enabling task editing",
          "ok": true,
          "tags": [],
          "tests": [
            {
              "timeout": 20000,
              "annotations": [],
              "expectedStatus": "passed",
              "projectId": "",
              "projectName": "",
              "results": [],
              "status": "skipped"
            }
          ],
          "id": "0bef67e81b794b441a6d-2b5e7cdb4cc7f7f69020",
          "file": "priority-filter.spec.mjs",
          "line": 91,
          "column": 3
        }
      ]
    },
    {
      "title": "priority.spec.mjs",
      "file": "priority.spec.mjs",
      "column": 0,
      "line": 0,
      "specs": [
        {
          "title": "022 pre-priority archived data acquires Normal without changing completion",
          "ok": true,
          "tags": [],
          "tests": [
            {
              "timeout": 20000,
              "annotations": [],
              "expectedStatus": "passed",
              "projectId": "",
              "projectName": "",
              "results": [],
              "status": "skipped"
            }
          ],
          "id": "cf0e43c0c037640a592f-48895fc4996f03863254",
          "file": "priority.spec.mjs",
          "line": 8,
          "column": 3
        },
        {
          "title": "019 independent priorities default to Normal and persist through rename",
          "ok": true,
          "tags": [],
          "tests": [
            {
              "timeout": 20000,
              "annotations": [],
              "expectedStatus": "passed",
              "projectId": "",
              "projectName": "",
              "results": [],
              "status": "skipped"
            }
          ],
          "id": "cf0e43c0c037640a592f-7b19e54135d6d0dc4668",
          "file": "priority.spec.mjs",
          "line": 19,
          "column": 3
        },
        {
          "title": "020 priority edits preserve completion filters and summary",
          "ok": true,
          "tags": [],
          "tests": [
            {
              "timeout": 20000,
              "annotations": [],
              "expectedStatus": "passed",
              "projectId": "",
              "projectName": "",
              "results": [],
              "status": "skipped"
            }
          ],
          "id": "cf0e43c0c037640a592f-9b3922d0318d8780aaa4",
          "file": "priority.spec.mjs",
          "line": 50,
          "column": 3
        },
        {
          "title": "021 archived priorities are read-only and restored unchanged",
          "ok": true,
          "tags": [],
          "tests": [
            {
              "timeout": 20000,
              "annotations": [],
              "expectedStatus": "passed",
              "projectId": "",
              "projectName": "",
              "results": [],
              "status": "skipped"
            }
          ],
          "id": "cf0e43c0c037640a592f-a38b2ab0e33294be68f6",
          "file": "priority.spec.mjs",
          "line": 71,
          "column": 3
        }
      ]
    },
    {
      "title": "return-order.spec.mjs",
      "file": "return-order.spec.mjs",
      "column": 0,
      "line": 0,
      "specs": [
        {
          "title": "043 returning tasks in reverse order restores prior positions and current fields",
          "ok": true,
          "tags": [],
          "tests": [
            {
              "timeout": 20000,
              "annotations": [],
              "expectedStatus": "passed",
              "projectId": "",
              "projectName": "",
              "results": [],
              "status": "skipped"
            }
          ],
          "id": "1cfa4d8be7e8fd67bd53-2952c2317b78ec730c29",
          "file": "return-order.spec.mjs",
          "line": 13,
          "column": 2
        },
        {
          "title": "044 rename archival and restoration preserve returning project identity",
          "ok": true,
          "tags": [],
          "tests": [
            {
              "timeout": 20000,
              "annotations": [],
              "expectedStatus": "passed",
              "projectId": "",
              "projectName": "",
              "results": [],
              "status": "skipped"
            }
          ],
          "id": "1cfa4d8be7e8fd67bd53-e730fc65a7ec1daed095",
          "file": "return-order.spec.mjs",
          "line": 20,
          "column": 2
        },
        {
          "title": "045 return positions belong to each project and precede later new arrivals",
          "ok": true,
          "tags": [],
          "tests": [
            {
              "timeout": 20000,
              "annotations": [],
              "expectedStatus": "passed",
              "projectId": "",
              "projectName": "",
              "results": [],
              "status": "skipped"
            }
          ],
          "id": "1cfa4d8be7e8fd67bd53-c7476d1c2b065b5c5241",
          "file": "return-order.spec.mjs",
          "line": 27,
          "column": 2
        }
      ]
    },
    {
      "title": "search-whitespace.spec.mjs",
      "file": "search-whitespace.spec.mjs",
      "column": 0,
      "line": 0,
      "specs": [
        {
          "title": "050 task search collapses spaces tabs without changing stored titles or filters",
          "ok": true,
          "tags": [],
          "tests": [
            {
              "timeout": 20000,
              "annotations": [],
              "expectedStatus": "passed",
              "projectId": "",
              "projectName": "",
              "results": [],
              "status": "skipped"
            }
          ],
          "id": "61e3115b01fca57bdb6e-561670693d1f2e19ce8d",
          "file": "search-whitespace.spec.mjs",
          "line": 5,
          "column": 2
        },
        {
          "title": "051 project whitespace matching retains original names and archived intersection",
          "ok": true,
          "tags": [],
          "tests": [
            {
              "timeout": 20000,
              "annotations": [],
              "expectedStatus": "passed",
              "projectId": "",
              "projectName": "",
              "results": [],
              "status": "skipped"
            }
          ],
          "id": "61e3115b01fca57bdb6e-d73d94f3e88121dc7b2e",
          "file": "search-whitespace.spec.mjs",
          "line": 12,
          "column": 2
        }
      ]
    },
    {
      "title": "search.spec.mjs",
      "file": "search.spec.mjs",
      "column": 0,
      "line": 0,
      "specs": [
        {
          "title": "046 project search trims ASCII case and intersects archive filter in creation order",
          "ok": true,
          "tags": [],
          "tests": [
            {
              "timeout": 20000,
              "annotations": [],
              "expectedStatus": "passed",
              "projectId": "",
              "projectName": "",
              "results": [],
              "status": "skipped"
            }
          ],
          "id": "dce2ef4fa511bff9955f-d10e31af7f2d02491707",
          "file": "search.spec.mjs",
          "line": 7,
          "column": 2
        },
        {
          "title": "047 task search intersects all filters retaining order and summary counts",
          "ok": true,
          "tags": [],
          "tests": [
            {
              "timeout": 20000,
              "annotations": [],
              "expectedStatus": "passed",
              "projectId": "",
              "projectName": "",
              "results": [],
              "status": "skipped"
            }
          ],
          "id": "dce2ef4fa511bff9955f-7394740998c89c9bd599",
          "file": "search.spec.mjs",
          "line": 15,
          "column": 2
        },
        {
          "title": "048 rename re-evaluates search membership and archived search remains readable",
          "ok": true,
          "tags": [],
          "tests": [
            {
              "timeout": 20000,
              "annotations": [],
              "expectedStatus": "passed",
              "projectId": "",
              "projectName": "",
              "results": [],
              "status": "skipped"
            }
          ],
          "id": "dce2ef4fa511bff9955f-153922809b3f2801868f",
          "file": "search.spec.mjs",
          "line": 30,
          "column": 2
        },
        {
          "title": "049 upgraded original task012 return positions remain usable",
          "ok": true,
          "tags": [],
          "tests": [
            {
              "timeout": 20000,
              "annotations": [],
              "expectedStatus": "passed",
              "projectId": "",
              "projectName": "",
              "results": [],
              "status": "skipped"
            }
          ],
          "id": "dce2ef4fa511bff9955f-8078405c884b14ac2cf1",
          "file": "search.spec.mjs",
          "line": 37,
          "column": 2
        }
      ]
    },
    {
      "title": "workboard.spec.mjs",
      "file": "workboard.spec.mjs",
      "column": 0,
      "line": 0,
      "specs": [
        {
          "title": "001 health and project creation persist on reload",
          "ok": true,
          "tags": [],
          "tests": [
            {
              "timeout": 20000,
              "annotations": [],
              "expectedStatus": "passed",
              "projectId": "",
              "projectName": "",
              "results": [],
              "status": "skipped"
            }
          ],
          "id": "9792aa60aa292e502abd-cc0dc46a4d87b9850499",
          "file": "workboard.spec.mjs",
          "line": 8,
          "column": 1
        },
        {
          "title": "002 blank project input is rejected",
          "ok": true,
          "tags": [],
          "tests": [
            {
              "timeout": 20000,
              "annotations": [],
              "expectedStatus": "passed",
              "projectId": "",
              "projectName": "",
              "results": [],
              "status": "skipped"
            }
          ],
          "id": "9792aa60aa292e502abd-7e7fede2f66e3fea7e76",
          "file": "workboard.spec.mjs",
          "line": 25,
          "column": 1
        },
        {
          "title": "003 project creation order",
          "ok": true,
          "tags": [],
          "tests": [
            {
              "timeout": 20000,
              "annotations": [],
              "expectedStatus": "passed",
              "projectId": "",
              "projectName": "",
              "results": [],
              "status": "skipped"
            }
          ],
          "id": "9792aa60aa292e502abd-c80e86b579b69e306d6f",
          "file": "workboard.spec.mjs",
          "line": 38,
          "column": 1
        },
        {
          "title": "004 trimmed tasks and project URL survive reload",
          "ok": true,
          "tags": [],
          "tests": [
            {
              "timeout": 20000,
              "annotations": [],
              "expectedStatus": "passed",
              "projectId": "",
              "projectName": "",
              "results": [],
              "status": "skipped"
            }
          ],
          "id": "9792aa60aa292e502abd-762490a312ddec2ab03b",
          "file": "workboard.spec.mjs",
          "line": 46,
          "column": 3
        },
        {
          "title": "005 blank task input is rejected",
          "ok": true,
          "tags": [],
          "tests": [
            {
              "timeout": 20000,
              "annotations": [],
              "expectedStatus": "passed",
              "projectId": "",
              "projectName": "",
              "results": [],
              "status": "skipped"
            }
          ],
          "id": "9792aa60aa292e502abd-88a2a61403c17350b98b",
          "file": "workboard.spec.mjs",
          "line": 55,
          "column": 3
        },
        {
          "title": "006 tasks do not cross project boundaries",
          "ok": true,
          "tags": [],
          "tests": [
            {
              "timeout": 20000,
              "annotations": [],
              "expectedStatus": "passed",
              "projectId": "",
              "projectName": "",
              "results": [],
              "status": "skipped"
            }
          ],
          "id": "9792aa60aa292e502abd-4fda05f48384fee130f9",
          "file": "workboard.spec.mjs",
          "line": 64,
          "column": 3
        },
        {
          "title": "007 task filters and completion state persist",
          "ok": true,
          "tags": [],
          "tests": [
            {
              "timeout": 20000,
              "annotations": [],
              "expectedStatus": "passed",
              "projectId": "",
              "projectName": "",
              "results": [],
              "status": "skipped"
            }
          ],
          "id": "9792aa60aa292e502abd-ec1c49a360bde3edeedd",
          "file": "workboard.spec.mjs",
          "line": 73,
          "column": 3
        },
        {
          "title": "008 archive state persists and project can be restored",
          "ok": true,
          "tags": [],
          "tests": [
            {
              "timeout": 20000,
              "annotations": [],
              "expectedStatus": "passed",
              "projectId": "",
              "projectName": "",
              "results": [],
              "status": "skipped"
            }
          ],
          "id": "9792aa60aa292e502abd-740e7806239de891f8ed",
          "file": "workboard.spec.mjs",
          "line": 102,
          "column": 3
        },
        {
          "title": "009 archived tasks are read-only and survive restoration",
          "ok": true,
          "tags": [],
          "tests": [
            {
              "timeout": 20000,
              "annotations": [],
              "expectedStatus": "passed",
              "projectId": "",
              "projectName": "",
              "results": [],
              "status": "skipped"
            }
          ],
          "id": "9792aa60aa292e502abd-e90152ac401a85e287fb",
          "file": "workboard.spec.mjs",
          "line": 114,
          "column": 3
        },
        {
          "title": "010 completion summaries reflect all tasks",
          "ok": true,
          "tags": [],
          "tests": [
            {
              "timeout": 20000,
              "annotations": [],
              "expectedStatus": "passed",
              "projectId": "",
              "projectName": "",
              "results": [],
              "status": "skipped"
            }
          ],
          "id": "9792aa60aa292e502abd-75288971b306587bfaef",
          "file": "workboard.spec.mjs",
          "line": 142,
          "column": 3
        },
        {
          "title": "011 seed process-restart persistence checks",
          "ok": true,
          "tags": [],
          "tests": [
            {
              "timeout": 20000,
              "annotations": [],
              "expectedStatus": "passed",
              "projectId": "",
              "projectName": "",
              "results": [],
              "status": "skipped"
            }
          ],
          "id": "9792aa60aa292e502abd-f4348037966f17245d95",
          "file": "workboard.spec.mjs",
          "line": 155,
          "column": 1
        },
        {
          "title": "013 rename preserves project URL, task state, summary and creation order",
          "ok": true,
          "tags": [],
          "tests": [
            {
              "timeout": 20000,
              "annotations": [],
              "expectedStatus": "passed",
              "projectId": "",
              "projectName": "",
              "results": [],
              "status": "skipped"
            }
          ],
          "id": "9792aa60aa292e502abd-e52f95d08aceb17fbf4b",
          "file": "workboard.spec.mjs",
          "line": 207,
          "column": 3
        },
        {
          "title": "014 blank rename preserves original name",
          "ok": true,
          "tags": [],
          "tests": [
            {
              "timeout": 20000,
              "annotations": [],
              "expectedStatus": "passed",
              "projectId": "",
              "projectName": "",
              "results": [],
              "status": "skipped"
            }
          ],
          "id": "9792aa60aa292e502abd-7d92939ebf3696458e34",
          "file": "workboard.spec.mjs",
          "line": 231,
          "column": 3
        },
        {
          "title": "015 archived rename controls become available after restoration",
          "ok": true,
          "tags": [],
          "tests": [
            {
              "timeout": 20000,
              "annotations": [],
              "expectedStatus": "passed",
              "projectId": "",
              "projectName": "",
              "results": [],
              "status": "skipped"
            }
          ],
          "id": "9792aa60aa292e502abd-67885c8c4a8ace544892",
          "file": "workboard.spec.mjs",
          "line": 241,
          "column": 3
        },
        {
          "title": "016 task rename preserves completion, order, filter membership and summary",
          "ok": true,
          "tags": [],
          "tests": [
            {
              "timeout": 20000,
              "annotations": [],
              "expectedStatus": "passed",
              "projectId": "",
              "projectName": "",
              "results": [],
              "status": "skipped"
            }
          ],
          "id": "9792aa60aa292e502abd-de2783e925cc0eea1932",
          "file": "workboard.spec.mjs",
          "line": 260,
          "column": 3
        },
        {
          "title": "017 blank task rename preserves the original title",
          "ok": true,
          "tags": [],
          "tests": [
            {
              "timeout": 20000,
              "annotations": [],
              "expectedStatus": "passed",
              "projectId": "",
              "projectName": "",
              "results": [],
              "status": "skipped"
            }
          ],
          "id": "9792aa60aa292e502abd-ae6ee3d63cbbe4380c09",
          "file": "workboard.spec.mjs",
          "line": 283,
          "column": 3
        },
        {
          "title": "018 archived task rename controls become enabled after restoration",
          "ok": true,
          "tags": [],
          "tests": [
            {
              "timeout": 20000,
              "annotations": [],
              "expectedStatus": "passed",
              "projectId": "",
              "projectName": "",
              "results": [],
              "status": "skipped"
            }
          ],
          "id": "9792aa60aa292e502abd-a53d2c91cbcc440e9597",
          "file": "workboard.spec.mjs",
          "line": 294,
          "column": 3
        }
      ]
    }
  ],
  "errors": [],
  "stats": {
    "startTime": "2026-10-10T18:39:20.298Z",
    "duration": 114.74800000000002,
    "expected": 0,
    "skipped": 76,
    "unexpected": 0,
    "flaky": 0
  }
}
