
Running 1 test using 1 worker



[1/1] experiments/instruction-effects/revisions/research-v010/preflight/task033-executed02-suite/task-title-limit.spec.mjs:12:2 › 109 task title creation counts trimmed Unicode code points and retains oversized input
  1) experiments/instruction-effects/revisions/research-v010/preflight/task033-executed02-suite/task-title-limit.spec.mjs:12:2 › 109 task title creation counts trimmed Unicode code points and retains oversized input 

    Error: expect(locator).toContainText(expected) failed

    Locator: getByRole('alert').filter({ hasText: 'Task title must be at most 500 characters' }).first()
    Expected substring: "Task title must be at most 500 characters"
    Timeout: 5000ms
    Error: element(s) not found

    Call log:
      - Expect "toContainText" getByRole('alert').filter({ hasText: 'Task title must be at most 500 characters' }).first() with timeout 5000ms
      - waiting for getByRole('alert').filter({ hasText: 'Task title must be at most 500 characters' }).first()


      12 |  test('109 task title creation counts trimmed Unicode code points and retains oversized input',async({page})=>{
      13 |   test.setTimeout(60000);const a='Title limit boundary',value='😀'.repeat(500);await createProject(page,a);await openProject(page,a);await createTask(page,'Boundary guard');await createTask(page,'  '+value+'  ');const before=await exported(page);expect(before.tasks.map(t=>t.title)).toEqual(['Boundary guard',value]);
    > 14 |   for(const rejected of ['😀'.repeat(501),'e\u0301'.repeat(251)]){await page.getByRole('textbox',{name:'Task title',exact:true}).fill(rejected);await page.getByRole('button',{name:'Create task',exact:true}).click();await expect(page.getByRole('alert').filter({hasText:alert}).first()).toContainText(alert);await expect(page.getByRole('textbox',{name:'Task title',exact:true})).toHaveValue(rejected);const observer=await page.context().newPage();try{await home(observer,a);expect(await exported(observer)).toEqual(before);}finally{await observer.close();}}
         |                                                                                                                                                                                                                                                                                              ^
      15 |   await createTask(page,'Later  literal Ω title');await page.reload();expect((await exported(page)).tasks.map(t=>t.title)).toEqual(['Boundary guard',value,'Later  literal Ω title']);
      16 |  });
      17 |  test('110 rejected and successful title renames preserve metadata query and every reserved owner position',async({page})=>{
        at /Users/Shared/projects/competition/experiments/instruction-effects/revisions/research-v010/preflight/task033-executed02-suite/task-title-limit.spec.mjs:14:286

    attachment #1: screenshot (image/png) ──────────────────────────────────────────────────────────
    experiments/instruction-effects/revisions/research-v010/preflight/task033-focused02-check-1791675332123/negative-title-limit-graphemes-109/artifacts/task-title-limit-109-task--b1484-and-retains-oversized-input/test-failed-1.png
    ────────────────────────────────────────────────────────────────────────────────────────────────

    Error Context: experiments/instruction-effects/revisions/research-v010/preflight/task033-focused02-check-1791675332123/negative-title-limit-graphemes-109/artifacts/task-title-limit-109-task--b1484-and-retains-oversized-input/error-context.md

    attachment #3: trace (application/zip) ─────────────────────────────────────────────────────────
    experiments/instruction-effects/revisions/research-v010/preflight/task033-focused02-check-1791675332123/negative-title-limit-graphemes-109/artifacts/task-title-limit-109-task--b1484-and-retains-oversized-input/trace.zip
    Usage:

        npx playwright show-trace experiments/instruction-effects/revisions/research-v010/preflight/task033-focused02-check-1791675332123/negative-title-limit-graphemes-109/artifacts/task-title-limit-109-task--b1484-and-retains-oversized-input/trace.zip

    ────────────────────────────────────────────────────────────────────────────────────────────────


  1 failed
    experiments/instruction-effects/revisions/research-v010/preflight/task033-executed02-suite/task-title-limit.spec.mjs:12:2 › 109 task title creation counts trimmed Unicode code points and retains oversized input 
