
Running 1 test using 1 worker



[1/1] experiments/instruction-effects/revisions/research-v009/preflight/priority-fixtures/stage30-seed081-position-only/suite/fixture-position.spec.mjs:4:1 › PM081 stored fields and own/foreign positions survive later traversal
  1) experiments/instruction-effects/revisions/research-v009/preflight/priority-fixtures/stage30-seed081-position-only/suite/fixture-position.spec.mjs:4:1 › PM081 stored fields and own/foreign positions survive later traversal 

    Error: expect(locator).toBeVisible() failed

    Locator: getByTestId('task-row').visible().nth(1).getByRole('checkbox', { name: 'Complete task-030 Bulk deletion restart record restored first', exact: true })
    Expected: visible
    Timeout: 5000ms
    Error: element(s) not found

    Call log:
      - Expect "toBeVisible" getByTestId('task-row').visible().nth(1).getByRole('checkbox', { name: 'Complete task-030 Bulk deletion restart record restored first', exact: true }) with timeout 5000ms
      - waiting for getByTestId('task-row').visible().nth(1).getByRole('checkbox', { name: 'Complete task-030 Bulk deletion restart record restored first', exact: true })


       at bulk-deletion-persistence.mjs:8

       6 | const before='Bulk deletion before',after='Bulk deletion after',holdBefore='Bulk deletion holding before',holdAfter='Bulk deletion holding after';
       7 | async function home(p,owner){await p.goto('/');await openProject(p,owner);}
    >  8 | async function order(p,titles){const rows=p.getByTestId('task-row').filter({visible:true});await expect(rows).toHaveCount(titles.length);for(const [i,title] of titles.entries())await expect(rows.nth(i).getByRole('checkbox',{name:'Complete '+title,exact:true})).toBeVisible();}
         |                                                                                                                                                                                                                                                                      ^
       9 | async function save(p,owner,title,label,value){await taskRow(p,title).getByRole('textbox',{name:label,exact:true}).fill(value);await taskRow(p,title).getByRole('button',{name:label==='Task notes'?'Save notes':'Save due date',exact:true}).click();const o=await p.context().newPage();try{await expect.poll(async()=>{await home(o,owner);return taskRow(o,title).getByRole('textbox',{name:label,exact:true}).inputValue();},{timeout:5000}).toBe(value);}finally{await o.close();}await home(p,owner);}
      10 | async function defaults(p,owner,value){await p.getByRole('combobox',{name:'Default task priority',exact:true}).selectOption({label:value});const o=await p.context().newPage();try{await expect.poll(async()=>{await home(o,owner);return o.getByRole('combobox',{name:'Default task priority',exact:true}).locator('option:checked').textContent();},{timeout:5000}).toBe(value);}finally{await o.close();}await home(p,owner);}
      11 | async function move(p,source,target,title,sourceOrder,targetOrder){await taskRow(p,title).getByRole('combobox',{name:'Destination project',exact:true}).selectOption({label:projectName(target)});await taskRow(p,title).getByRole('button',{name:'Move task',exact:true}).click();const o=await p.context().newPage();try{await home(o,target);await order(o,targetOrder);await home(o,source);await order(o,sourceOrder);}finally{await o.close();}await home(p,target);}
        at order (/Users/Shared/projects/competition/experiments/instruction-effects/revisions/research-v009/preflight/priority-fixtures/stage30-seed081-position-only/suite/bulk-deletion-persistence.mjs:8:262)
        at move (/Users/Shared/projects/competition/experiments/instruction-effects/revisions/research-v009/preflight/priority-fixtures/stage30-seed081-position-only/suite/bulk-deletion-persistence.mjs:11:337)
        at checkBulkDeletionPersistence (/Users/Shared/projects/competition/experiments/instruction-effects/revisions/research-v009/preflight/priority-fixtures/stage30-seed081-position-only/suite/bulk-deletion-persistence.mjs:28:128)
        at /Users/Shared/projects/competition/experiments/instruction-effects/revisions/research-v009/preflight/priority-fixtures/stage30-seed081-position-only/suite/fixture-position.spec.mjs:4:155

    attachment #1: screenshot (image/png) ──────────────────────────────────────────────────────────
    experiments/instruction-effects/revisions/research-v009/preflight/priority-fixtures/stage30-seed081-position-check-1791665862325/position-bulk-notes-forgets-own/artifacts/fixture-position-PM081-sto-22731-ons-survive-later-traversal/test-failed-1.png
    ────────────────────────────────────────────────────────────────────────────────────────────────

    Error Context: experiments/instruction-effects/revisions/research-v009/preflight/priority-fixtures/stage30-seed081-position-check-1791665862325/position-bulk-notes-forgets-own/artifacts/fixture-position-PM081-sto-22731-ons-survive-later-traversal/error-context.md

    attachment #3: trace (application/zip) ─────────────────────────────────────────────────────────
    experiments/instruction-effects/revisions/research-v009/preflight/priority-fixtures/stage30-seed081-position-check-1791665862325/position-bulk-notes-forgets-own/artifacts/fixture-position-PM081-sto-22731-ons-survive-later-traversal/trace.zip
    Usage:

        npx playwright show-trace experiments/instruction-effects/revisions/research-v009/preflight/priority-fixtures/stage30-seed081-position-check-1791665862325/position-bulk-notes-forgets-own/artifacts/fixture-position-PM081-sto-22731-ons-survive-later-traversal/trace.zip

    ────────────────────────────────────────────────────────────────────────────────────────────────


  1 failed
    experiments/instruction-effects/revisions/research-v009/preflight/priority-fixtures/stage30-seed081-position-only/suite/fixture-position.spec.mjs:4:1 › PM081 stored fields and own/foreign positions survive later traversal 
