
Running 1 test using 1 worker



[1/1] experiments/instruction-effects/revisions/research-v010/preflight/task034-executed03-suite/directory-word-search.spec.mjs:41:2 › 113 directory Phrase All words and Any words reuse the current title query with ASCII normalization and empty query
  1) experiments/instruction-effects/revisions/research-v010/preflight/task034-executed03-suite/directory-word-search.spec.mjs:41:2 › 113 directory Phrase All words and Any words reuse the current title query with ASCII normalization and empty query 

    Error: expect(locator).toHaveText(expected) failed

    Locator: getByTestId('directory-task-row').visible().getByTestId('directory-task-title')
    Timeout: 5000ms
    - Expected  - 1
    + Received  + 0

      Array [
        "Beryl34   Cobalt34",
    -   "Beryl34 gap Cobalt34",
      ]

    Call log:
      - Expect "toHaveText" getByTestId('directory-task-row').visible().getByTestId('directory-task-title') with timeout 5000ms
      - waiting for getByTestId('directory-task-row').visible().getByTestId('directory-task-title')
        - waiting for navigation to finish...
        - navigated to "http://127.0.0.1:57623/directory?directory_order=Original&project_scope=Active&filter=All&priority_filter=All&due_from=2334-02-28&due_through=2334-02-28&directory_search=++beryl34%09+COBALT34++&direc…"
        3 × locator resolved to 0 elements
        11 × locator resolved to 1 element


       8 | async function result(p,names,counts,expected,total){
       9 |  if(!expected.length)await expect(p.getByText('No matching tasks',{exact:true})).toBeVisible();
    > 10 |  await expect(rows(p).getByTestId('directory-task-title')).toHaveText(expected);
         |                                                            ^
      11 |  await expect(owners(p).getByTestId('directory-owner-name')).toHaveText(names.map(projectName));
      12 |  await expect(owners(p).getByTestId('directory-owner-summary')).toHaveText(counts);
      13 |  await expect(p.getByTestId('directory-summary')).toHaveText(total);
        at result (/Users/Shared/projects/competition/experiments/instruction-effects/revisions/research-v010/preflight/task034-executed03-suite/directory-word-search.spec.mjs:10:60)
        at /Users/Shared/projects/competition/experiments/instruction-effects/revisions/research-v010/preflight/task034-executed03-suite/directory-word-search.spec.mjs:46:60

    attachment #1: screenshot (image/png) ──────────────────────────────────────────────────────────
    experiments/instruction-effects/revisions/research-v010/preflight/task034-focused03-check-1791676184546/negative-word-ignored-113/artifacts/directory-word-search-113--7bfd3-rmalization-and-empty-query/test-failed-1.png
    ────────────────────────────────────────────────────────────────────────────────────────────────

    Error Context: experiments/instruction-effects/revisions/research-v010/preflight/task034-focused03-check-1791676184546/negative-word-ignored-113/artifacts/directory-word-search-113--7bfd3-rmalization-and-empty-query/error-context.md

    attachment #3: trace (application/zip) ─────────────────────────────────────────────────────────
    experiments/instruction-effects/revisions/research-v010/preflight/task034-focused03-check-1791676184546/negative-word-ignored-113/artifacts/directory-word-search-113--7bfd3-rmalization-and-empty-query/trace.zip
    Usage:

        npx playwright show-trace experiments/instruction-effects/revisions/research-v010/preflight/task034-focused03-check-1791676184546/negative-word-ignored-113/artifacts/directory-word-search-113--7bfd3-rmalization-and-empty-query/trace.zip

    ────────────────────────────────────────────────────────────────────────────────────────────────


  1 failed
    experiments/instruction-effects/revisions/research-v010/preflight/task034-executed03-suite/directory-word-search.spec.mjs:41:2 › 113 directory Phrase All words and Any words reuse the current title query with ASCII normalization and empty query 
