
Running 1 test using 1 worker



[1/1] experiments/instruction-effects/revisions/research-v010/preflight/task037-executed02-suite/directory-project-default.spec.mjs:27:2 › 128 duplicate imported owners use current defaults through rename archive and restoration
  1) experiments/instruction-effects/revisions/research-v010/preflight/task037-executed02-suite/directory-project-default.spec.mjs:27:2 › 128 duplicate imported owners use current defaults through rename archive and restoration 

    Error: expect(locator).toHaveText(expected) failed

    Locator:  getByRole('combobox', { name: 'Directory order', exact: true }).locator('option:checked')
    Expected: "Title"
    Received: "Original"
    Timeout:  5000ms

    Call log:
      - Expect "toHaveText" getByRole('combobox', { name: 'Directory order', exact: true }).locator('option:checked') with timeout 5000ms
      - waiting for getByRole('combobox', { name: 'Directory order', exact: true }).locator('option:checked')
        14 × locator resolved to <option selected>Original</option>
           - unexpected value "Original"


      27 |  test('128 duplicate imported owners use current defaults through rename archive and restoration',async({page})=>{
      28 |   test.setTimeout(120000);const a='Owner duplicate',renamed='Owner duplicate renamed',q='OwnerDuplicate'+stage,date=String(3040+stage)+'-03-01';const task=(suffix,priority)=>({title:q+' '+suffix,completed:false,priority,dueDate:date,notes:'  '+suffix+' Ω\nkept  ',deleted:false});const first=[task('Z high owner low task','Low')],second=[task('A low owner high task','High')],third=[task('archived normal','High')];const projects=[{name:projectName(a),archived:false,defaultPriority:'High',tasks:first},{name:projectName(a),archived:false,defaultPriority:'Low',tasks:second},{name:projectName(a),archived:true,defaultPriority:'Normal',tasks:third}];
    > 29 |   await page.goto('/');await page.getByRole('textbox',{name:'Workspace JSON',exact:true}).fill(JSON.stringify({format:'workboard-workspace',version:1,projects}));await page.getByRole('button',{name:'Import workspace',exact:true}).click();await expect(projectRow(page,a).first()).toBeVisible();await expect(projectRow(page,a)).toHaveCount(2);await directory(page,q,first[0].title);await result(page,[a,a],['0/1 completed','0/1 completed'],[first[0].title,second[0].title],'0/2 completed');await page.getByRole('combobox',{name:'Directory order',exact:true}).selectOption({label:'Title'});await result(page,[a,a],['0/1 completed','0/1 completed'],[second[0].title,first[0].title],'0/2 completed');await filter(page).selectOption({label:'Low'});await result(page,[a],['0/1 completed'],[second[0].title],'0/1 completed');expect(await workspace(page)).toEqual([projects[1]]);await expect(page.getByRole('combobox',{name:'Directory order',exact:true}).locator('option:checked')).toHaveText('Title');await owners(page).first().getByRole('button',{name:'Open project',exact:true}).click();expect(await download(page)).toEqual(projects[1]);await page.getByRole('textbox',{name:'New project name',exact:true}).fill(projectName(renamed));await page.getByRole('button',{name:'Rename project',exact:true}).click();await expect(page.getByRole('heading',{name:projectName(renamed),exact:true}).first()).toBeVisible();await defaults(page).selectOption({label:'Normal'});await defaultStored(page,renamed,'Normal');await returnTo(page,renamed);expect(await download(page)).toEqual({...projects[1],name:projectName(renamed),defaultPriority:'Normal'});
         |                                                                                                                                                                                                                                                                                                                                                                                                                                                                                                                                                                                                                                                                                                                                                                                                                                                                                                                                                                                                              ^
      30 |   await directory(page,q,first[0].title);await result(page,[a,renamed],['0/1 completed','0/1 completed'],[first[0].title,second[0].title],'0/2 completed');await filter(page).selectOption({label:'Low'});await result(page,[],[],[],'0/0 completed');await filter(page).selectOption({label:'Normal'});await result(page,[renamed],['0/1 completed'],[second[0].title],'0/1 completed');await page.goto('/');await projectRow(page,renamed).getByRole('button',{name:'Archive project',exact:true}).click();await expect(projectRow(page,renamed)).toHaveCount(0);await page.getByRole('combobox',{name:'Project filter',exact:true}).selectOption({label:'Archived'});await expect(projectRow(page,renamed).getByRole('button',{name:'Restore project',exact:true})).toBeVisible();await projectRow(page,renamed).getByRole('button',{name:'Restore project',exact:true}).click();const restored=await page.context().newPage();try{await restored.goto('/');await restored.getByRole('combobox',{name:'Project filter',exact:true}).selectOption({label:'Active'});await openProject(restored,renamed);expect(await download(restored)).toEqual({...projects[1],name:projectName(renamed),defaultPriority:'Normal'});}finally{await restored.close();}
      31 |   await directory(page,q,first[0].title);await result(page,[a,renamed],['0/1 completed','0/1 completed'],[first[0].title,second[0].title],'0/2 completed');await filter(page).selectOption({label:'Normal'});await result(page,[renamed],['0/1 completed'],[second[0].title],'0/1 completed');await page.getByRole('combobox',{name:'Project scope',exact:true}).selectOption({label:'Archived'});await result(page,[a],['0/1 completed'],[third[0].title],'0/1 completed');expect(await workspace(page)).toEqual([projects[2]]);await protectedWrites(page);
      32 |  });
        at /Users/Shared/projects/competition/experiments/instruction-effects/revisions/research-v010/preflight/task037-executed02-suite/directory-project-default.spec.mjs:29:974

    attachment #1: screenshot (image/png) ──────────────────────────────────────────────────────────
    experiments/instruction-effects/revisions/research-v010/preflight/task037-focused02-check-1791678940018/negative-owner37-resets-order-128/artifacts/directory-project-default--14959-ame-archive-and-restoration/test-failed-1.png
    ────────────────────────────────────────────────────────────────────────────────────────────────

    Error Context: experiments/instruction-effects/revisions/research-v010/preflight/task037-focused02-check-1791678940018/negative-owner37-resets-order-128/artifacts/directory-project-default--14959-ame-archive-and-restoration/error-context.md

    attachment #3: trace (application/zip) ─────────────────────────────────────────────────────────
    experiments/instruction-effects/revisions/research-v010/preflight/task037-focused02-check-1791678940018/negative-owner37-resets-order-128/artifacts/directory-project-default--14959-ame-archive-and-restoration/trace.zip
    Usage:

        npx playwright show-trace experiments/instruction-effects/revisions/research-v010/preflight/task037-focused02-check-1791678940018/negative-owner37-resets-order-128/artifacts/directory-project-default--14959-ame-archive-and-restoration/trace.zip

    ────────────────────────────────────────────────────────────────────────────────────────────────


  1 failed
    experiments/instruction-effects/revisions/research-v010/preflight/task037-executed02-suite/directory-project-default.spec.mjs:27:2 › 128 duplicate imported owners use current defaults through rename archive and restoration 
