
Running 1 test using 1 worker



[1/1] experiments/instruction-effects/revisions/research-v010/preflight/task036-executed02-suite/directory-notes-status.spec.mjs:39:2 › 125 notes membership writes preserve both owner positions and the restart fixture
  1) experiments/instruction-effects/revisions/research-v010/preflight/task036-executed02-suite/directory-notes-status.spec.mjs:39:2 › 125 notes membership writes preserve both owner positions and the restart fixture 

    Error: expect(locator).toHaveValue(expected) failed

    Locator:  getByTestId('task-row').filter({ has: getByRole('checkbox', { name: 'Complete NotesRestart36 travelling', exact: true }) }).visible().getByRole('textbox', { name: 'Task due date', exact: true })
    Expected: "2996-03-01"
    Received: ""
    Timeout:  5000ms

    Call log:
      - Expect "toHaveValue" getByTestId('task-row').filter({ has: getByRole('checkbox', { name: 'Complete NotesRestart36 travelling', exact: true }) }).visible().getByRole('textbox', { name: 'Task due date', exact: true }) with timeout 5000ms
      - waiting for getByTestId('task-row').filter({ has: getByRole('checkbox', { name: 'Complete NotesRestart36 travelling', exact: true }) }).visible().getByRole('textbox', { name: 'Task due date', exact: true })
        11 × locator resolved to <input value="" name="date"/>
           - unexpected value ""


      43 |   await move(a,b,[before,after],[hold,travel]);await returnTo(page,b);await createTask(page,later);await move(b,a,[hold,later],[before,travel,after]);await directory(page,travel,travel);await result(page,[a],['1/1 completed'],[travel],'1/1 completed');await status(page).selectOption({label:'Present'});await result(page,[],[],[],'0/0 completed');await status(page).selectOption({label:'Empty'});await result(page,[a],['1/1 completed'],[travel],'1/1 completed');
      44 |   await page.getByRole('textbox',{name:'Visible tasks notes',exact:true}).fill(literal);await page.getByRole('button',{name:'Save visible notes',exact:true}).click();await result(page,[],[],[],'0/0 completed');await controls(page,{q:travel,notes:'Empty'});await fieldStored(page,a,travel,'Task notes',literal);await status(page).selectOption({label:'Present'});await result(page,[a],['1/1 completed'],[travel],'1/1 completed');await page.getByRole('textbox',{name:'Visible tasks notes',exact:true}).fill('');await page.getByRole('button',{name:'Save visible notes',exact:true}).click();await result(page,[],[],[],'0/0 completed');await fieldStored(page,a,travel,'Task notes','');await status(page).selectOption({label:'Empty'});await result(page,[a],['1/1 completed'],[travel],'1/1 completed');await page.getByRole('textbox',{name:'Visible tasks notes',exact:true}).fill(literal);await page.getByRole('button',{name:'Save visible notes',exact:true}).click();await result(page,[],[],[],'0/0 completed');await fieldStored(page,a,travel,'Task notes',literal);await status(page).selectOption({label:'Present'});await result(page,[a],['1/1 completed'],[travel],'1/1 completed');
    > 45 |   await returnTo(page,a);await expect(taskRow(page,travel).getByRole('textbox',{name:'Task due date',exact:true})).toHaveValue(date);await expectPersistedPriority(page,a,travel,'High');await expectPersistedCompletion(page,a,travel,true);await move(a,b,[before,after],[hold,travel,later]);await move(b,a,[hold,later],[before,travel,after]);await returnTo(page,a);await expect(taskRow(page,travel).getByRole('textbox',{name:'Task notes',exact:true})).toHaveValue(literal);
         |                                                                                                                    ^
      46 |  });
      47 | }
      48 |
        at /Users/Shared/projects/competition/experiments/instruction-effects/revisions/research-v010/preflight/task036-executed02-suite/directory-notes-status.spec.mjs:45:116

    attachment #1: screenshot (image/png) ──────────────────────────────────────────────────────────
    experiments/instruction-effects/revisions/research-v010/preflight/task036-focused02-check-1791677773977/negative-notes36-clears-date-125/artifacts/directory-notes-status-125-75dd2-ons-and-the-restart-fixture/test-failed-1.png
    ────────────────────────────────────────────────────────────────────────────────────────────────

    Error Context: experiments/instruction-effects/revisions/research-v010/preflight/task036-focused02-check-1791677773977/negative-notes36-clears-date-125/artifacts/directory-notes-status-125-75dd2-ons-and-the-restart-fixture/error-context.md

    attachment #3: trace (application/zip) ─────────────────────────────────────────────────────────
    experiments/instruction-effects/revisions/research-v010/preflight/task036-focused02-check-1791677773977/negative-notes36-clears-date-125/artifacts/directory-notes-status-125-75dd2-ons-and-the-restart-fixture/trace.zip
    Usage:

        npx playwright show-trace experiments/instruction-effects/revisions/research-v010/preflight/task036-focused02-check-1791677773977/negative-notes36-clears-date-125/artifacts/directory-notes-status-125-75dd2-ons-and-the-restart-fixture/trace.zip

    ────────────────────────────────────────────────────────────────────────────────────────────────


  1 failed
    experiments/instruction-effects/revisions/research-v010/preflight/task036-executed02-suite/directory-notes-status.spec.mjs:39:2 › 125 notes membership writes preserve both owner positions and the restart fixture 
