
Running 1 test using 1 worker



[1/1] experiments/instruction-effects/revisions/research-v005/decisions/task-020-draft/suite/bulk-directory.spec.mjs:13:2 › 067 bulk completion intersects every directory filter and preserves fields order and reserved positions
  1) experiments/instruction-effects/revisions/research-v005/decisions/task-020-draft/suite/bulk-directory.spec.mjs:13:2 › 067 bulk completion intersects every directory filter and preserves fields order and reserved positions 

    Error: expect(locator).toBeVisible() failed

    Locator: getByTestId('task-row').visible().nth(5).getByRole('checkbox', { name: 'Complete task-020 Bulk match second', exact: true })
    Expected: visible
    Timeout: 5000ms
    Error: element(s) not found

    Call log:
      - Expect "toBeVisible" getByTestId('task-row').visible().nth(5).getByRole('checkbox', { name: 'Complete task-020 Bulk match second', exact: true }) with timeout 5000ms
      - waiting for getByTestId('task-row').visible().nth(5).getByRole('checkbox', { name: 'Complete task-020 Bulk match second', exact: true })


      20 |   await observerProject(page,b,async observer=>{await expect(observer.getByRole('checkbox',{name:'Complete '+undated,exact:true})).not.toBeChecked();});await observerProject(page,'Bulk archived owner',async observer=>{await expect(observer.getByRole('checkbox',{name:'Complete '+prefix+' archived',exact:true})).not.toBeChecked();},true);
      21 |   await page.getByRole('combobox',{name:'Task filter',exact:true}).selectOption({label:'Completed'});await expect(rows(page)).toHaveCount(4);await expect(complete(page)).toBeDisabled();await expect(reopen(page)).toBeEnabled();await reopen(page).click();for(const [owner,t] of [[a,first],[a,done],[b,second],[b,secondDone]])await expectPersistedCompletion(page,owner,t,false);await expect(page.getByText('No matching tasks',{exact:true})).toBeVisible();await expect(rows(page)).toHaveCount(0);await expect(page.getByRole('combobox',{name:'Task filter',exact:true}).locator('option:checked')).toHaveText('Completed');
    > 22 |   await observerProject(page,a,async observer=>{const stored=observer.getByTestId('task-row').filter({visible:true});await expect(stored).toHaveCount(6);for(const [i,t] of [first,low,done,projectName('Bulk other title'),later,'Bulk later reservation sentinel'].entries())await expect(stored.nth(i).getByRole('checkbox',{name:'Complete '+t,exact:true})).toBeVisible();});await page.goto('/');await expect(projectRow(page,a).getByTestId('project-summary')).toHaveText('0/6 completed');await expect(projectRow(page,b).getByTestId('project-summary')).toHaveText('0/3 completed');await openProject(page,b);await moved(page,b,a,second);const order=page.getByTestId('task-row').filter({visible:true});await expect(order).toHaveCount(7);await expect(order.nth(5).getByRole('checkbox',{name:'Complete '+second,exact:true})).toBeVisible();await expect(order.nth(6).getByRole('checkbox',{name:'Complete Bulk later reservation sentinel',exact:true})).toBeVisible();await expect(page.getByRole('checkbox',{name:'Complete '+second,exact:true})).not.toBeChecked();await expect(taskRow(page,second).getByRole('textbox',{name:'Task notes',exact:true})).toHaveValue('Second original note');await expect(taskRow(page,second).getByRole('textbox',{name:'Task due date',exact:true})).toHaveValue('2050-01-01');await page.reload();await expect(page.getByRole('checkbox',{name:'Complete '+second,exact:true})).not.toBeChecked();
         |                                                                                                                                                                                                                                                                                                                                                                                                                                                                                                                                                                                                                                                                                                                                                                                                                                                ^
      23 |  });
      24 |  test('068 archived deleted and empty directory scopes disable both bulk actions without changing protected records',async({page})=>{
      25 |   const owner='Bulk protected',archived='Bulk protected archived',live=projectName('Protected live'),deleted=projectName('Protected deleted'),archiveTitle=projectName('Protected archived');await createProject(page,owner);await openProject(page,owner);await configured(page,owner,live,'Low','2051-01-01',true);await configured(page,owner,deleted,'High','2051-02-01',true);await taskRow(page,deleted).getByRole('button',{name:'Delete task',exact:true}).click();await observerProject(page,owner,async observer=>{await expect(taskRow(observer,live)).toBeVisible();await expect(taskRow(observer,deleted)).toHaveCount(0);});await createProject(page,archived);await openProject(page,archived);await configured(page,archived,archiveTitle,'High','2051-01-01',true);await page.getByRole('button',{name:'Projects',exact:true}).click();await projectRow(page,archived).getByRole('button',{name:'Archive project',exact:true}).click();await expect(projectRow(page,archived)).toHaveCount(0);
        at /Users/Shared/projects/competition/experiments/instruction-effects/revisions/research-v005/decisions/task-020-draft/suite/bulk-directory.spec.mjs:22:816

    attachment #1: screenshot (image/png) ──────────────────────────────────────────────────────────
    experiments/instruction-effects/revisions/research-v005/preflight/priority-fixtures/bulk-final-check-1791645762528/negative-bulk-clears-positions/artifacts/bulk-directory-067-bulk-co-a28bd-rder-and-reserved-positions/test-failed-1.png
    ────────────────────────────────────────────────────────────────────────────────────────────────

    Error Context: experiments/instruction-effects/revisions/research-v005/preflight/priority-fixtures/bulk-final-check-1791645762528/negative-bulk-clears-positions/artifacts/bulk-directory-067-bulk-co-a28bd-rder-and-reserved-positions/error-context.md

    attachment #3: trace (application/zip) ─────────────────────────────────────────────────────────
    experiments/instruction-effects/revisions/research-v005/preflight/priority-fixtures/bulk-final-check-1791645762528/negative-bulk-clears-positions/artifacts/bulk-directory-067-bulk-co-a28bd-rder-and-reserved-positions/trace.zip
    Usage:

        npx playwright show-trace experiments/instruction-effects/revisions/research-v005/preflight/priority-fixtures/bulk-final-check-1791645762528/negative-bulk-clears-positions/artifacts/bulk-directory-067-bulk-co-a28bd-rder-and-reserved-positions/trace.zip

    ────────────────────────────────────────────────────────────────────────────────────────────────


  1 failed
    experiments/instruction-effects/revisions/research-v005/decisions/task-020-draft/suite/bulk-directory.spec.mjs:13:2 › 067 bulk completion intersects every directory filter and preserves fields order and reserved positions 
