
Running 11 tests using 1 worker



[1/11] runs/instruction-effects/pilot-015/definitions/project/acceptance/workboard.spec.mjs:8:1 › 001 health and project creation persist on reload
[2/11] runs/instruction-effects/pilot-015/definitions/project/acceptance/workboard.spec.mjs:25:1 › 002 blank project input is rejected
[3/11] runs/instruction-effects/pilot-015/definitions/project/acceptance/workboard.spec.mjs:38:1 › 003 project creation order
[4/11] runs/instruction-effects/pilot-015/definitions/project/acceptance/workboard.spec.mjs:46:3 › 004 trimmed tasks and project URL survive reload
[5/11] runs/instruction-effects/pilot-015/definitions/project/acceptance/workboard.spec.mjs:55:3 › 005 blank task input is rejected
[6/11] runs/instruction-effects/pilot-015/definitions/project/acceptance/workboard.spec.mjs:64:3 › 006 tasks do not cross project boundaries
[7/11] runs/instruction-effects/pilot-015/definitions/project/acceptance/workboard.spec.mjs:73:3 › 007 task filters and completion state persist
[8/11] runs/instruction-effects/pilot-015/definitions/project/acceptance/workboard.spec.mjs:102:3 › 008 archive state persists and project can be restored
[9/11] runs/instruction-effects/pilot-015/definitions/project/acceptance/workboard.spec.mjs:114:3 › 009 archived tasks are read-only and survive restoration
  1) runs/instruction-effects/pilot-015/definitions/project/acceptance/workboard.spec.mjs:114:3 › 009 archived tasks are read-only and survive restoration 

    Error: expect(locator).toBeDisabled() failed

    Locator: getByRole('button', { name: 'Create task', exact: true })
    Expected: disabled
    Timeout: 5000ms
    Error: element(s) not found

    Call log:
      - Expect "toBeDisabled" getByRole('button', { name: 'Create task', exact: true }) with timeout 5000ms
      - waiting for getByRole('button', { name: 'Create task', exact: true })


      124 |     await openProject(page, 'Archive tasks');
      125 |     await expect(page.getByText('Archived project', { exact: true })).toBeVisible();
    > 126 |     await expect(page.getByRole('button', { name: 'Create task', exact: true })).toBeDisabled();
          |                                                                                  ^
      127 |     await expect(page.getByRole('checkbox', { name: 'Complete Retained task', exact: true })).toBeDisabled();
      128 |     await page.getByRole('combobox', { name: 'Task filter', exact: true }).selectOption({ label: 'Open' });
      129 |     await expect(taskRow(page, 'Retained task')).toHaveCount(0);
        at /Users/Shared/projects/competition/runs/instruction-effects/pilot-015/definitions/project/acceptance/workboard.spec.mjs:126:82

    attachment #1: screenshot (image/png) ──────────────────────────────────────────────────────────
    runs/instruction-effects/pilot-015/tasks/task-003/attempts/b004/attempt-001/acceptance/artifacts/workboard-009-archived-tas-93ee2-nly-and-survive-restoration/test-failed-1.png
    ────────────────────────────────────────────────────────────────────────────────────────────────

    Error Context: runs/instruction-effects/pilot-015/tasks/task-003/attempts/b004/attempt-001/acceptance/artifacts/workboard-009-archived-tas-93ee2-nly-and-survive-restoration/error-context.md

    attachment #3: trace (application/zip) ─────────────────────────────────────────────────────────
    runs/instruction-effects/pilot-015/tasks/task-003/attempts/b004/attempt-001/acceptance/artifacts/workboard-009-archived-tas-93ee2-nly-and-survive-restoration/trace.zip
    Usage:

        npx playwright show-trace runs/instruction-effects/pilot-015/tasks/task-003/attempts/b004/attempt-001/acceptance/artifacts/workboard-009-archived-tas-93ee2-nly-and-survive-restoration/trace.zip

    ────────────────────────────────────────────────────────────────────────────────────────────────




[10/11] runs/instruction-effects/pilot-015/definitions/project/acceptance/workboard.spec.mjs:142:3 › 010 completion summaries reflect all tasks
[11/11] runs/instruction-effects/pilot-015/definitions/project/acceptance/workboard.spec.mjs:155:1 › 011 seed process-restart persistence checks
  1 failed
    runs/instruction-effects/pilot-015/definitions/project/acceptance/workboard.spec.mjs:114:3 › 009 archived tasks are read-only and survive restoration 
  10 passed (10.9s)
