
Running 1 test using 1 worker



[1/1] experiments/instruction-effects/revisions/research-v009/preflight/priority-fixtures/final030-import-render-ready-executed-suite/workspace-import.spec.mjs:67:2 › 100 empty workspace imports create nothing and matching exports round-trip as independent owners
  1) experiments/instruction-effects/revisions/research-v009/preflight/priority-fixtures/final030-import-render-ready-executed-suite/workspace-import.spec.mjs:67:2 › 100 empty workspace imports create nothing and matching exports round-trip as independent owners 

    Error: expect(locator).toHaveCount(expected) failed

    Locator:  getByTestId('project-row').visible()
    Expected: 8
    Received: 9
    Timeout:  5000ms

    Call log:
      - Expect "toHaveCount" getByTestId('project-row').visible() with timeout 5000ms
      - waiting for getByTestId('project-row').visible()
        14 × locator resolved to 9 elements
           - unexpected value "9"


      66 |  });
      67 |  test('100 empty workspace imports create nothing and matching exports round-trip as independent owners',async({page})=>{
    > 68 |   test.setTimeout(90000);const a='Workspace roundtrip owner',q=projectName('Workspace roundtrip record'),first=q+' live',deleted=q+' deleted';await createProject(page,a);await openProject(page,a);await configured(page,a,first,{priority:'High',date:'2400-02-29',notes:'  Roundtrip Ω\nkept  ',completed:true});await configured(page,a,deleted,{priority:'Low',notes:'Deleted roundtrip',deleted:true});const c='Workspace empty archived first',d='Workspace empty archived second';for(const guard of [c,d]){await createProject(page,guard);await projectRow(page,guard).getByRole('button',{name:'Archive project',exact:true}).click();await expect(projectRow(page,guard)).toHaveCount(0);}await page.goto('/');await expect(projectRow(page,a)).toBeVisible();const before=await page.getByTestId('project-row').filter({visible:true}).count();await page.getByRole('combobox',{name:'Project filter',exact:true}).selectOption({label:'Archived'});await expect(projectRow(page,c)).toBeVisible();await expect(projectRow(page,d)).toBeVisible();await page.getByRole('textbox',{name:'Project search',exact:true}).fill(projectName(c));await page.getByRole('button',{name:'Search projects',exact:true}).click();await expect(projectRow(page,c)).toBeVisible();await expect(projectRow(page,d)).toHaveCount(0);await expect(page.getByTestId('project-row').filter({visible:true})).toHaveCount(1);await page.getByRole('textbox',{name:'Workspace JSON',exact:true}).fill(JSON.stringify(workspace([])));await page.getByRole('button',{name:'Import workspace',exact:true}).click();await expect(projectRow(page,a)).toBeVisible();await expect(page.getByRole('combobox',{name:'Project filter',exact:true}).locator('option:checked')).toHaveText('Active');await expect(page.getByRole('textbox',{name:'Project search',exact:true})).toHaveValue('');await expect(page.getByTestId('project-row').filter({visible:true})).toHaveCount(before);await page.reload();await expect(projectRow(page,a)).toBeVisible();await expect(page.getByTestId('project-row').filter({visible:true})).toHaveCount(before);await directory(page,q);await result(page,[a],['1/1 completed'],[first],'1/1 completed');const data=await exported(page);await importing(page,workspace(data));await countProjects(page,a,2);await directory(page,q);await result(page,[a,a],['1/1 completed','1/1 completed'],[first,first],'2/2 completed');await page.getByRole('combobox',{name:'Task filter',exact:true}).selectOption({label:'Deleted'});await result(page,[a],['0/1 completed'],[deleted],'0/1 completed');await owners(page).first().getByRole('button',{name:'Open project',exact:true}).click();await titles(page,[first]);await page.goto('/');await projectRow(page,a).nth(1).getByRole('button',{name:'Open project',exact:true}).click();await page.getByRole('combobox',{name:'Task filter',exact:true}).selectOption({label:'Deleted'});await titles(page,[]);await page.reload();await titles(page,[]);
         |                                                                                                                                                                                                                                                                                                                                                                                                                                                                                                                                                                                                                                                                                                                                                                                                                                                                                                                                                                                                                                                                                                                                                                                                                                                                                                                                                                                                                                                                                                                                                                                                                                                                                                                                                                                                                                                                                                                                                   ^
      69 |  });
      70 | }
      71 |
        at /Users/Shared/projects/competition/experiments/instruction-effects/revisions/research-v009/preflight/priority-fixtures/final030-import-render-ready-executed-suite/workspace-import.spec.mjs:68:1875

    attachment #1: screenshot (image/png) ──────────────────────────────────────────────────────────
    experiments/instruction-effects/revisions/research-v009/preflight/priority-fixtures/stage30-import-render-ready-faults-1791669631240/negative-workspace-empty-creates-100/artifacts/workspace-import-100-empty-55e1f--trip-as-independent-owners/test-failed-1.png
    ────────────────────────────────────────────────────────────────────────────────────────────────

    Error Context: experiments/instruction-effects/revisions/research-v009/preflight/priority-fixtures/stage30-import-render-ready-faults-1791669631240/negative-workspace-empty-creates-100/artifacts/workspace-import-100-empty-55e1f--trip-as-independent-owners/error-context.md

    attachment #3: trace (application/zip) ─────────────────────────────────────────────────────────
    experiments/instruction-effects/revisions/research-v009/preflight/priority-fixtures/stage30-import-render-ready-faults-1791669631240/negative-workspace-empty-creates-100/artifacts/workspace-import-100-empty-55e1f--trip-as-independent-owners/trace.zip
    Usage:

        npx playwright show-trace experiments/instruction-effects/revisions/research-v009/preflight/priority-fixtures/stage30-import-render-ready-faults-1791669631240/negative-workspace-empty-creates-100/artifacts/workspace-import-100-empty-55e1f--trip-as-independent-owners/trace.zip

    ────────────────────────────────────────────────────────────────────────────────────────────────


  1 failed
    experiments/instruction-effects/revisions/research-v009/preflight/priority-fixtures/final030-import-render-ready-executed-suite/workspace-import.spec.mjs:67:2 › 100 empty workspace imports create nothing and matching exports round-trip as independent owners 
