
Running 1 test using 1 worker



[1/1] runs/instruction-effects/pilot-002/definitions/project/acceptance/persistence.spec.mjs:4:1 › 012 data survives a real server-process restart
  1) runs/instruction-effects/pilot-002/definitions/project/acceptance/persistence.spec.mjs:4:1 › 012 data survives a real server-process restart 

    Error: expect(locator).toBeVisible() failed

    Locator: getByRole('heading', { name: 'preflight Persistence sentinel', exact: true })
    Expected: visible
    Error: strict mode violation: getByRole('heading', { name: 'preflight Persistence sentinel', exact: true }) resolved to 2 elements:
        1) <h1 id="page-title">preflight Persistence sentinel</h1> aka locator('#page-title')
        2) <h2 id="project-title">preflight Persistence sentinel</h2> aka locator('#project-title')

    Call log:
      - Expect "toBeVisible" getByRole('heading', { name: 'preflight Persistence sentinel', exact: true }) with timeout 5000ms
      - waiting for getByRole('heading', { name: 'preflight Persistence sentinel', exact: true })


       at helpers.mjs:20

      18 | export async function openProject(page, name) {
      19 |   await projectRow(page, name).getByRole('button', { name: 'Open project', exact: true }).click();
    > 20 |   await expect(page.getByRole('heading', { name: projectName(name), exact: true })).toBeVisible();
         |                                                                                     ^
      21 | }
      22 | export async function createTask(page, title) {
      23 |   await page.getByRole('textbox', { name: 'Task title', exact: true }).fill(title);
        at openProject (/Users/Shared/projects/competition/runs/instruction-effects/pilot-002/definitions/project/acceptance/helpers.mjs:20:85)
        at /Users/Shared/projects/competition/runs/instruction-effects/pilot-002/definitions/project/acceptance/persistence.spec.mjs:12:3

    attachment #1: screenshot (image/png) ──────────────────────────────────────────────────────────
    runs/instruction-effects/pilot-002/preflight/actual-app-check/postrestart/artifacts/persistence-012-data-survives-a-real-server-process-restart/test-failed-1.png
    ────────────────────────────────────────────────────────────────────────────────────────────────

    Error Context: runs/instruction-effects/pilot-002/preflight/actual-app-check/postrestart/artifacts/persistence-012-data-survives-a-real-server-process-restart/error-context.md

    attachment #3: trace (application/zip) ─────────────────────────────────────────────────────────
    runs/instruction-effects/pilot-002/preflight/actual-app-check/postrestart/artifacts/persistence-012-data-survives-a-real-server-process-restart/trace.zip
    Usage:

        npx playwright show-trace runs/instruction-effects/pilot-002/preflight/actual-app-check/postrestart/artifacts/persistence-012-data-survives-a-real-server-process-restart/trace.zip

    ────────────────────────────────────────────────────────────────────────────────────────────────


  1 failed
    runs/instruction-effects/pilot-002/definitions/project/acceptance/persistence.spec.mjs:4:1 › 012 data survives a real server-process restart 
