
Running 1 test using 1 worker



[1/1] experiments/instruction-effects/revisions/research-v004/decisions/task-014-draft/suite/search-whitespace.spec.mjs:5:2 › 050 task search collapses spaces tabs without changing stored titles or filters
  1) experiments/instruction-effects/revisions/research-v004/decisions/task-014-draft/suite/search-whitespace.spec.mjs:5:2 › 050 task search collapses spaces tabs without changing stored titles or filters 

    Error: expect(received).toContain(expected) // indexOf

    Expected substring: "Original  task gap"
    Received string:    "Original task gap·····
        Task due dateSave due date
        Destination projecttask-012 Position first ownertask-012 Position second ownertask-012 Search Mixed firsttask-012 Search mixed lasttask-012 Search  double gaptask-012 Whitespace   Saved firstMove task
        New task titleRename task
        Task priorityLowNormalHigh"

       6 |   await createProject(page,'Whitespace retained owner');await openProject(page,'Whitespace retained owner');await createTask(page,'Original  task gap');await createTask(page,'Other task gap');await taskRow(page,'Original  task gap').getByRole('combobox',{name:'Task priority',exact:true}).selectOption({label:'High'});await expectPersistedPriority(page,'Whitespace retained owner','Original  task gap','High');await page.getByRole('combobox',{name:'Task filter',exact:true}).selectOption({label:'Open'});await page.getByRole('combobox',{name:'Priority filter',exact:true}).selectOption({label:'High'});
       7 |   for(const query of [' original task ','ORIGINAL   TASK','original\t task']){
    >  8 |    await page.getByRole('textbox',{name:'Task search',exact:true}).fill(query);await page.getByRole('button',{name:'Search tasks',exact:true}).click();await expect(page.getByTestId('task-row').filter({visible:true})).toHaveCount(1);await expect(taskRow(page,'Original  task gap')).toBeVisible();expect(await taskRow(page,'Original  task gap').textContent()).toContain('Original  task gap');await expect(page.getByRole('combobox',{name:'Task filter',exact:true}).locator('option:checked')).toHaveText('Open');await expect(page.getByRole('combobox',{name:'Priority filter',exact:true}).locator('option:checked')).toHaveText('High');
         |                                                                                                                                                                                                                                                                                                                                                                       ^
       9 |   }
      10 |   await page.getByRole('textbox',{name:'Task search',exact:true}).fill('');await page.getByRole('button',{name:'Search tasks',exact:true}).click();expect(await taskRow(page,'Original  task gap').textContent()).toContain('Original  task gap');await page.reload();expect(await taskRow(page,'Original  task gap').textContent()).toContain('Original  task gap');
      11 |  });
        at /Users/Shared/projects/competition/experiments/instruction-effects/revisions/research-v004/decisions/task-014-draft/suite/search-whitespace.spec.mjs:8:359

    attachment #1: screenshot (image/png) ──────────────────────────────────────────────────────────
    experiments/instruction-effects/revisions/research-v004/preflight/priority-fixtures/stage-14-check-1791634523536/negative-normalized-stored-titles/artifacts/search-whitespace-050-task-6d5a9-ng-stored-titles-or-filters/test-failed-1.png
    ────────────────────────────────────────────────────────────────────────────────────────────────

    Error Context: experiments/instruction-effects/revisions/research-v004/preflight/priority-fixtures/stage-14-check-1791634523536/negative-normalized-stored-titles/artifacts/search-whitespace-050-task-6d5a9-ng-stored-titles-or-filters/error-context.md

    attachment #3: trace (application/zip) ─────────────────────────────────────────────────────────
    experiments/instruction-effects/revisions/research-v004/preflight/priority-fixtures/stage-14-check-1791634523536/negative-normalized-stored-titles/artifacts/search-whitespace-050-task-6d5a9-ng-stored-titles-or-filters/trace.zip
    Usage:

        npx playwright show-trace experiments/instruction-effects/revisions/research-v004/preflight/priority-fixtures/stage-14-check-1791634523536/negative-normalized-stored-titles/artifacts/search-whitespace-050-task-6d5a9-ng-stored-titles-or-filters/trace.zip

    ────────────────────────────────────────────────────────────────────────────────────────────────


  1 failed
    experiments/instruction-effects/revisions/research-v004/decisions/task-014-draft/suite/search-whitespace.spec.mjs:5:2 › 050 task search collapses spaces tabs without changing stored titles or filters 
