
Running 1 test using 1 worker



[1/1] experiments/instruction-effects/revisions/research-v005/decisions/task-022-draft/suite/directory-order.spec.mjs:32:2 › 073 directory title ordering folds only ASCII and compares Unicode code points without changing exports
  1) experiments/instruction-effects/revisions/research-v005/decisions/task-022-draft/suite/directory-order.spec.mjs:32:2 › 073 directory title ordering folds only ASCII and compares Unicode code points without changing exports 

    Error: expect(received).toEqual(expected) // deep equality

    - Expected  - 1
    + Received  + 1

      Array [
        "task-022 Order Unicode Å",
        "task-022 Order Unicode å",
    -   "task-022 Order Unicode ",
        "task-022 Order Unicode 🙂",
    +   "task-022 Order Unicode ",
      ]

    Call Log:
    - Timeout 5000ms exceeded while waiting on the predicate

      31 |  });
      32 |  test('073 directory title ordering folds only ASCII and compares Unicode code points without changing exports',async({page})=>{
    > 33 |   const owner='Ordering Unicode owner',prefix=projectName('Order Unicode'),lower=prefix+' å',upper=prefix+' Å',astral=prefix+' 🙂',bmp=prefix+' \uE000';await createProject(page,owner);await openProject(page,owner);for(const t of [lower,upper,astral,bmp])await createTask(page,t);await directory(page,prefix);await expect(title(page)).toHaveText([lower,upper,astral,bmp]);await order(page).selectOption({label:'Title'});await expect.poll(async()=>{try{return await title(page).allTextContents();}catch(error){if(error.message.includes('Execution context was destroyed'))return null;throw error;}}).toEqual([upper,lower,bmp,astral]);await rows(page).first().getByRole('button',{name:'Open project',exact:true}).click();const download=page.waitForEvent('download');await page.getByRole('button',{name:'Download project',exact:true}).click();const result=await download,stream=await result.createReadStream();const chunks=[];for await(const chunk of stream)chunks.push(chunk);const snapshot=JSON.parse(Buffer.concat(chunks).toString('utf8'));expect(snapshot.project.tasks.map(t=>t.title)).toEqual([lower,upper,astral,bmp]);
         |                                                                                                                                                                                                                                                                                                                                                                                                                                                                                                                                                                                                                      ^
      34 |  });
      35 | }
      36 |
        at /Users/Shared/projects/competition/experiments/instruction-effects/revisions/research-v005/decisions/task-022-draft/suite/directory-order.spec.mjs:33:598

    attachment #1: screenshot (image/png) ──────────────────────────────────────────────────────────
    experiments/instruction-effects/revisions/research-v005/preflight/priority-fixtures/summary-full-check-1791648700104/negative-order-utf16/artifacts/directory-order-073-direct-7acad-ts-without-changing-exports/test-failed-1.png
    ────────────────────────────────────────────────────────────────────────────────────────────────

    Error Context: experiments/instruction-effects/revisions/research-v005/preflight/priority-fixtures/summary-full-check-1791648700104/negative-order-utf16/artifacts/directory-order-073-direct-7acad-ts-without-changing-exports/error-context.md

    attachment #3: trace (application/zip) ─────────────────────────────────────────────────────────
    experiments/instruction-effects/revisions/research-v005/preflight/priority-fixtures/summary-full-check-1791648700104/negative-order-utf16/artifacts/directory-order-073-direct-7acad-ts-without-changing-exports/trace.zip
    Usage:

        npx playwright show-trace experiments/instruction-effects/revisions/research-v005/preflight/priority-fixtures/summary-full-check-1791648700104/negative-order-utf16/artifacts/directory-order-073-direct-7acad-ts-without-changing-exports/trace.zip

    ────────────────────────────────────────────────────────────────────────────────────────────────


  1 failed
    experiments/instruction-effects/revisions/research-v005/decisions/task-022-draft/suite/directory-order.spec.mjs:32:2 › 073 directory title ordering folds only ASCII and compares Unicode code points without changing exports 
