
Running 1 test using 1 worker



[1/1] experiments/instruction-effects/revisions/research-v003/preflight/observer-correction/suite/priority.spec.mjs:19:3 › 019 independent priorities default to Normal and persist through rename
  1) experiments/instruction-effects/revisions/research-v003/preflight/observer-correction/suite/priority.spec.mjs:19:3 › 019 independent priorities default to Normal and persist through rename 

    Error: Task priority must be durable before the next navigation

    Task priority must be durable before the next navigation

    expect(received).toBe(expected) // Object.is equality

    Expected: "High"
    Received: "Normal"

    Call Log:
    - Timeout 5000ms exceeded while waiting on the predicate

       at helpers.mjs:74

      72 |       await observer.getByRole('combobox', {name:'Task filter', exact:true}).selectOption({label:'All'});
      73 |       return taskRow(observer, title).getByRole('combobox', {name:'Task priority', exact:true}).locator('option:checked').textContent();
    > 74 |     }, {timeout:5000, message:'Task priority must be durable before the next navigation'}).toBe(priority);
         |                                                                                            ^
      75 |   } finally { await observer.close(); }
      76 | }
      77 |
        at expectPersistedPriority (/Users/Shared/projects/competition/experiments/instruction-effects/revisions/research-v003/preflight/observer-correction/suite/helpers.mjs:74:92)
        at /Users/Shared/projects/competition/experiments/instruction-effects/revisions/research-v003/preflight/observer-correction/suite/priority.spec.mjs:28:5

    attachment #1: screenshot (image/png) ──────────────────────────────────────────────────────────
    experiments/instruction-effects/revisions/research-v003/preflight/observer-correction/check-1791629092667/negative-broken-save/artifacts/priority-019-independent-p-0c35c--and-persist-through-rename/test-failed-1.png
    ────────────────────────────────────────────────────────────────────────────────────────────────

    Error Context: experiments/instruction-effects/revisions/research-v003/preflight/observer-correction/check-1791629092667/negative-broken-save/artifacts/priority-019-independent-p-0c35c--and-persist-through-rename/error-context.md

    attachment #3: trace (application/zip) ─────────────────────────────────────────────────────────
    experiments/instruction-effects/revisions/research-v003/preflight/observer-correction/check-1791629092667/negative-broken-save/artifacts/priority-019-independent-p-0c35c--and-persist-through-rename/trace.zip
    Usage:

        npx playwright show-trace experiments/instruction-effects/revisions/research-v003/preflight/observer-correction/check-1791629092667/negative-broken-save/artifacts/priority-019-independent-p-0c35c--and-persist-through-rename/trace.zip

    ────────────────────────────────────────────────────────────────────────────────────────────────


  1 failed
    experiments/instruction-effects/revisions/research-v003/preflight/observer-correction/suite/priority.spec.mjs:19:3 › 019 independent priorities default to Normal and persist through rename 
