
Running 1 test using 1 worker



[1/1] experiments/instruction-effects/revisions/research-v010/preflight/task036-executed02-suite/directory-notes-status.spec.mjs:20:2 › 123 notes presence alone selects each bulk write and assignment or clear changes membership
  1) experiments/instruction-effects/revisions/research-v010/preflight/task036-executed02-suite/directory-notes-status.spec.mjs:20:2 › 123 notes presence alone selects each bulk write and assignment or clear changes membership 

    Error: Completion state must be durable before the next navigation

    Completion state must be durable before the next navigation

    expect(received).toBe(expected) // Object.is equality

    Expected: false
    Received: true

    Call Log:
    - Timeout 5000ms exceeded while waiting on the predicate

       at helpers.mjs:62

      60 |       await expect(taskRow(observer, title)).toBeVisible();
      61 |       return observer.getByRole('checkbox', {name:'Complete '+title, exact:true}).isChecked();
    > 62 |     }, {timeout:5000, message:'Completion state must be durable before the next navigation'}).toBe(completed);
         |                                                                                               ^
      63 |   } finally { await observer.close(); }
      64 | }
      65 |
        at expectPersistedCompletion (/Users/Shared/projects/competition/experiments/instruction-effects/revisions/research-v010/preflight/task036-executed02-suite/helpers.mjs:62:95)
        at /Users/Shared/projects/competition/experiments/instruction-effects/revisions/research-v010/preflight/task036-executed02-suite/directory-notes-status.spec.mjs:23:203

    attachment #1: screenshot (image/png) ──────────────────────────────────────────────────────────
    experiments/instruction-effects/revisions/research-v010/preflight/task036-focused02-check-1791677773977/negative-notes36-bulk-complete-ignored-123/artifacts/directory-notes-status-123-f4c7d-or-clear-changes-membership/test-failed-1.png
    ────────────────────────────────────────────────────────────────────────────────────────────────

    Error Context: experiments/instruction-effects/revisions/research-v010/preflight/task036-focused02-check-1791677773977/negative-notes36-bulk-complete-ignored-123/artifacts/directory-notes-status-123-f4c7d-or-clear-changes-membership/error-context.md

    attachment #3: trace (application/zip) ─────────────────────────────────────────────────────────
    experiments/instruction-effects/revisions/research-v010/preflight/task036-focused02-check-1791677773977/negative-notes36-bulk-complete-ignored-123/artifacts/directory-notes-status-123-f4c7d-or-clear-changes-membership/trace.zip
    Usage:

        npx playwright show-trace experiments/instruction-effects/revisions/research-v010/preflight/task036-focused02-check-1791677773977/negative-notes36-bulk-complete-ignored-123/artifacts/directory-notes-status-123-f4c7d-or-clear-changes-membership/trace.zip

    ────────────────────────────────────────────────────────────────────────────────────────────────


  1 failed
    experiments/instruction-effects/revisions/research-v010/preflight/task036-executed02-suite/directory-notes-status.spec.mjs:20:2 › 123 notes presence alone selects each bulk write and assignment or clear changes membership 
