
Running 1 test using 1 worker



[1/1] experiments/instruction-effects/revisions/research-v010/preflight/task033-executed02-suite/task-title-limit.spec.mjs:23:2 › 111 both imports reject an oversized final title atomically and retain original JSON
  1) experiments/instruction-effects/revisions/research-v010/preflight/task033-executed02-suite/task-title-limit.spec.mjs:23:2 › 111 both imports reject an oversized final title atomically and retain original JSON 

    Error: expect(locator).toContainText(expected) failed

    Locator: getByRole('alert')
    Expected substring: "Invalid project JSON"
    Timeout: 5000ms
    Error: element(s) not found

    Call log:
      - Expect "toContainText" getByRole('alert') with timeout 5000ms
      - waiting for getByRole('alert')


      23 |  test('111 both imports reject an oversized final title atomically and retain original JSON',async({page})=>{
      24 |   test.setTimeout(90000);const a='Title import guard';await createProject(page,a);await openProject(page,a);await createTask(page,'Guard retained');const before=await exported(page);await page.goto('/');await expect(projectRow(page,a)).toBeVisible();const count=await page.getByTestId('project-row').filter({visible:true}).count();const cases=[{label:'Project JSON',button:'Import project',alert:'Invalid project JSON',doc:{format:'workboard-project',version:1,project:owner(projectName('Title invalid owner'))},name:projectName('Title invalid copy')},{label:'Workspace JSON',button:'Import workspace',alert:'Invalid workspace JSON',doc:{format:'workboard-workspace',version:1,projects:[{...owner(projectName('Title would create')),tasks:[record('Good title')]},owner(projectName('Title final owner'))]}}];
    > 25 |   for(const c of cases){await page.goto('/');const raw=JSON.stringify(c.doc);await page.getByRole('textbox',{name:c.label,exact:true}).fill(raw);if(c.name)await page.getByRole('textbox',{name:'Imported project name',exact:true}).fill(c.name);await page.getByRole('button',{name:c.button,exact:true}).click();await expect(page.getByRole('alert')).toContainText(c.alert);await expect(page.getByRole('textbox',{name:c.label,exact:true})).toHaveValue(raw);const observer=await page.context().newPage();try{await observer.goto('/');await expect(observer.getByTestId('project-row').filter({visible:true})).toHaveCount(count);await openProject(observer,a);expect(await exported(observer)).toEqual(before);}finally{await observer.close();}}
         |                                                                                                                                                                                                                                                                                                                                                           ^
      26 |  });
      27 |  test('112 seed title boundary persistence without altering pre-limit longer records',async({page})=>{
      28 |   test.setTimeout(60000);const a='Title limit persistence',value='😀'.repeat(500);await createProject(page,a);await openProject(page,a);await createTask(page,value);await saved(page,a,value,'Task notes','  Title boundary Ω\nkept  ');await page.reload();expect((await exported(page)).tasks.map(t=>t.title)).toEqual([value]);await page.goto('/');await expect(projectRow(page,a).getByTestId('project-summary')).toHaveText('0/1 completed');
        at /Users/Shared/projects/competition/experiments/instruction-effects/revisions/research-v010/preflight/task033-executed02-suite/task-title-limit.spec.mjs:25:347

    attachment #1: screenshot (image/png) ──────────────────────────────────────────────────────────
    experiments/instruction-effects/revisions/research-v010/preflight/task033-focused02-check-1791675332123/negative-title-limit-project-import-ignored-111/artifacts/task-title-limit-111-both--a4efe-ly-and-retain-original-JSON/test-failed-1.png
    ────────────────────────────────────────────────────────────────────────────────────────────────

    Error Context: experiments/instruction-effects/revisions/research-v010/preflight/task033-focused02-check-1791675332123/negative-title-limit-project-import-ignored-111/artifacts/task-title-limit-111-both--a4efe-ly-and-retain-original-JSON/error-context.md

    attachment #3: trace (application/zip) ─────────────────────────────────────────────────────────
    experiments/instruction-effects/revisions/research-v010/preflight/task033-focused02-check-1791675332123/negative-title-limit-project-import-ignored-111/artifacts/task-title-limit-111-both--a4efe-ly-and-retain-original-JSON/trace.zip
    Usage:

        npx playwright show-trace experiments/instruction-effects/revisions/research-v010/preflight/task033-focused02-check-1791675332123/negative-title-limit-project-import-ignored-111/artifacts/task-title-limit-111-both--a4efe-ly-and-retain-original-JSON/trace.zip

    ────────────────────────────────────────────────────────────────────────────────────────────────


  1 failed
    experiments/instruction-effects/revisions/research-v010/preflight/task033-executed02-suite/task-title-limit.spec.mjs:23:2 › 111 both imports reject an oversized final title atomically and retain original JSON 
