
Running 1 test using 1 worker



[1/1] experiments/instruction-effects/revisions/research-v007/decisions/task-025-draft/suite/directory-priority.spec.mjs:32:2 › 082 directory priority assignment honors intersected live results and protects nonmatching metadata
  1) experiments/instruction-effects/revisions/research-v007/decisions/task-025-draft/suite/directory-priority.spec.mjs:32:2 › 082 directory priority assignment honors intersected live results and protects nonmatching metadata 

    Error: expect(locator).toBeDisabled() failed

    Locator:  getByRole('button', { name: 'Set visible priority', exact: true })
    Expected: disabled
    Received: enabled
    Timeout:  5000ms

    Call log:
      - Expect "toBeDisabled" getByRole('button', { name: 'Set visible priority', exact: true }) with timeout 5000ms
      - waiting for getByRole('button', { name: 'Set visible priority', exact: true })
        14 × locator resolved to <button>Set visible priority</button>
           - unexpected value "enabled"


      43 |   await page.getByRole('combobox',{name:'Priority filter',exact:true}).selectOption({label:'Normal'});await result(page,[a,b],['0/2 completed','0/1 completed'],[first,late,second],'0/3 completed');
      44 |   await page.getByRole('textbox',{name:'Due from',exact:true}).fill(fields.date);await page.getByRole('textbox',{name:'Due through',exact:true}).fill(fields.date);await page.getByRole('button',{name:'Apply due range',exact:true}).click();await result(page,[a,b],['0/1 completed','0/1 completed'],[first,second],'0/2 completed');
    > 45 |   await page.getByRole('combobox',{name:'Directory order',exact:true}).selectOption({label:'Title'});await result(page,[a,b],['0/1 completed','0/1 completed'],[second,first],'0/2 completed');await page.getByRole('combobox',{name:'Visible tasks priority',exact:true}).selectOption({label:'High'});await save(page).click();await result(page,[],[],[],'0/0 completed');await expect(save(page)).toBeDisabled();
         |                                                                                                                                                                                                                                                                                                                                                                                                       ^
      46 |   const observer=await page.context().newPage();try{
      47 |    await returnTo(observer,a);await titles(observer,[first,low,late,done,other]);
      48 |    for(const [title,priority] of [[first,'High'],[low,'Low'],[late,'Normal'],[done,'Normal'],[other,'Normal']])await expect(taskRow(observer,title).getByRole('combobox',{name:'Task priority',exact:true}).locator('option:checked')).toHaveText(priority);
        at /Users/Shared/projects/competition/experiments/instruction-effects/revisions/research-v007/decisions/task-025-draft/suite/directory-priority.spec.mjs:45:391

    attachment #1: screenshot (image/png) ──────────────────────────────────────────────────────────
    experiments/instruction-effects/revisions/research-v007/preflight/priority-fixtures/stage25-priority-check-1791656427450/negative-priority-enabled-protected-082/artifacts/directory-priority-082-dir-a9ee4-otects-nonmatching-metadata/test-failed-1.png
    ────────────────────────────────────────────────────────────────────────────────────────────────

    Error Context: experiments/instruction-effects/revisions/research-v007/preflight/priority-fixtures/stage25-priority-check-1791656427450/negative-priority-enabled-protected-082/artifacts/directory-priority-082-dir-a9ee4-otects-nonmatching-metadata/error-context.md

    attachment #3: trace (application/zip) ─────────────────────────────────────────────────────────
    experiments/instruction-effects/revisions/research-v007/preflight/priority-fixtures/stage25-priority-check-1791656427450/negative-priority-enabled-protected-082/artifacts/directory-priority-082-dir-a9ee4-otects-nonmatching-metadata/trace.zip
    Usage:

        npx playwright show-trace experiments/instruction-effects/revisions/research-v007/preflight/priority-fixtures/stage25-priority-check-1791656427450/negative-priority-enabled-protected-082/artifacts/directory-priority-082-dir-a9ee4-otects-nonmatching-metadata/trace.zip

    ────────────────────────────────────────────────────────────────────────────────────────────────


  1 failed
    experiments/instruction-effects/revisions/research-v007/decisions/task-025-draft/suite/directory-priority.spec.mjs:32:2 › 082 directory priority assignment honors intersected live results and protects nonmatching metadata 
