
Running 1 test using 1 worker



[1/1] experiments/instruction-effects/revisions/research-v010/preflight/task033-executed02-suite/task-title-limit.spec.mjs:17:2 › 110 rejected and successful title renames preserve metadata query and every reserved owner position
  1) experiments/instruction-effects/revisions/research-v010/preflight/task033-executed02-suite/task-title-limit.spec.mjs:17:2 › 110 rejected and successful title renames preserve metadata query and every reserved owner position 

    Error: expect(received).toEqual(expected) // deep equality

    - Expected  - 5
    + Received  + 4

    @@ -10,16 +10,15 @@
            "notes": "",
            "priority": "Normal",
            "title": "Title before",
          },
          Object {
    -       "completed": true,
    +       "completed": false,
            "deleted": false,
    -       "dueDate": "2072-02-29",
    -       "notes": "  Title literal Ω
    - retained  ",
    -       "priority": "High",
    +       "dueDate": "",
    +       "notes": "",
    +       "priority": "Normal",
            "title": "Title limit travelling",
          },
          Object {
            "completed": false,
            "deleted": false,

      18 |   test.setTimeout(90000);const a='Title limit first',b='Title limit second',old='Title limit travelling',fresh='🙂'.repeat(500);await createProject(page,a);await openProject(page,a);for(const t of ['Title before',old,'Title after'])await createTask(page,t);await taskRow(page,old).getByRole('combobox',{name:'Task priority',exact:true}).selectOption({label:'High'});await expectPersistedPriority(page,a,old,'High');await home(page,a);await page.getByRole('checkbox',{name:'Complete '+old,exact:true}).check();await expectPersistedCompletion(page,a,old,true);await home(page,a);await saved(page,a,old,'Task due date','2072-02-29');await saved(page,a,old,'Task notes','  Title literal Ω\nretained  ');await createProject(page,b);await openProject(page,b);await createTask(page,'Other before');
      19 |   async function move(source,target,title,left,right){await home(page,source);await taskRow(page,title).getByRole('combobox',{name:'Destination project',exact:true}).selectOption({label:projectName(target)});await taskRow(page,title).getByRole('button',{name:'Move task',exact:true}).click();const observer=await page.context().newPage();try{await home(observer,target);await titles(observer,right);await home(observer,source);await titles(observer,left);}finally{await observer.close();}await home(page,target);}
    > 20 |   await move(a,b,old,['Title before','Title after'],['Other before',old]);await move(b,a,old,['Other before'],['Title before',old,'Title after']);await home(page,b);await createTask(page,'Other later');await home(page,a);const before=await exported(page);await page.getByRole('textbox',{name:'Task search',exact:true}).fill(old);await page.getByRole('button',{name:'Search tasks',exact:true}).click();await titles(page,[old]);const rejected='🙂'.repeat(501);await taskRow(page,old).getByRole('textbox',{name:'New task title',exact:true}).fill(rejected);await taskRow(page,old).getByRole('button',{name:'Rename task',exact:true}).click();await expect(page.getByRole('alert').filter({hasText:alert}).first()).toContainText(alert);await expect(taskRow(page,old).getByRole('textbox',{name:'New task title',exact:true})).toHaveValue(rejected);expect(await exported(page)).toEqual(before);await expect(page.getByRole('textbox',{name:'Task search',exact:true})).toHaveValue(old);
         |                                                                                                                                                                                                                                                                                                                                                                                                                                                                                                                                                                                                                                                                                                                                                                                                                                                                                                    ^
      21 |   await taskRow(page,old).getByRole('textbox',{name:'New task title',exact:true}).fill('  '+fresh+'  ');await taskRow(page,old).getByRole('button',{name:'Rename task',exact:true}).click();await expect(page.getByTestId('task-row').filter({visible:true})).toHaveCount(0);await expect(page.getByRole('textbox',{name:'Task search',exact:true})).toHaveValue(old);await home(page,a);expect((await exported(page)).tasks).toEqual(before.tasks.map(t=>t.title===old?{...t,title:fresh}:t));await move(a,b,fresh,['Title before','Title after'],['Other before',fresh,'Other later']);await move(b,a,fresh,['Other before','Other later'],['Title before',fresh,'Title after']);await page.reload();await titles(page,['Title before',fresh,'Title after']);await expect(taskRow(page,fresh).getByRole('textbox',{name:'Task notes',exact:true})).toHaveValue('  Title literal Ω\nretained  ');
      22 |  });
      23 |  test('111 both imports reject an oversized final title atomically and retain original JSON',async({page})=>{
        at /Users/Shared/projects/competition/experiments/instruction-effects/revisions/research-v010/preflight/task033-executed02-suite/task-title-limit.spec.mjs:20:868

    attachment #1: screenshot (image/png) ──────────────────────────────────────────────────────────
    experiments/instruction-effects/revisions/research-v010/preflight/task033-focused02-check-1791675332123/negative-title-limit-clears-fields-110/artifacts/task-title-limit-110-rejec-381d1-ery-reserved-owner-position/test-failed-1.png
    ────────────────────────────────────────────────────────────────────────────────────────────────

    Error Context: experiments/instruction-effects/revisions/research-v010/preflight/task033-focused02-check-1791675332123/negative-title-limit-clears-fields-110/artifacts/task-title-limit-110-rejec-381d1-ery-reserved-owner-position/error-context.md

    attachment #3: trace (application/zip) ─────────────────────────────────────────────────────────
    experiments/instruction-effects/revisions/research-v010/preflight/task033-focused02-check-1791675332123/negative-title-limit-clears-fields-110/artifacts/task-title-limit-110-rejec-381d1-ery-reserved-owner-position/trace.zip
    Usage:

        npx playwright show-trace experiments/instruction-effects/revisions/research-v010/preflight/task033-focused02-check-1791675332123/negative-title-limit-clears-fields-110/artifacts/task-title-limit-110-rejec-381d1-ery-reserved-owner-position/trace.zip

    ────────────────────────────────────────────────────────────────────────────────────────────────


  1 failed
    experiments/instruction-effects/revisions/research-v010/preflight/task033-executed02-suite/task-title-limit.spec.mjs:17:2 › 110 rejected and successful title renames preserve metadata query and every reserved owner position 
