
Running 1 test using 1 worker



[1/1] experiments/instruction-effects/revisions/research-v011/preflight/task040-executed01-suite/directory-owner-default-edit.spec.mjs:25:2 › 140 owner default assignment honors every current filter without changing task priorities
  1) experiments/instruction-effects/revisions/research-v011/preflight/task040-executed01-suite/directory-owner-default-edit.spec.mjs:25:2 › 140 owner default assignment honors every current filter without changing task priorities 

    Error: expect(locator).toHaveText(expected) failed

    Locator: getByTestId('directory-task-row').visible().getByTestId('directory-task-title')
    Timeout: 5000ms
    - Expected  - 0
    + Received  + 1

      Array [
        "DefaultFilters40 0",
    +   "DefaultFilters40 2",
      ]

    Call log:
      - Expect "toHaveText" getByTestId('directory-task-row').visible().getByTestId('directory-task-title') with timeout 5000ms
      - waiting for getByTestId('directory-task-row').visible().getByTestId('directory-task-title')
        - waiting for navigation to finish...
        - navigated to "http://127.0.0.1:56286/directory?owner_default_filter=Normal&directory_notes_status=Present&directory_due_status=Dated&directory_order=Original&project_scope=Active&filter=Completed&priority_filter=L…"
        3 × locator resolved to 0 elements
        11 × locator resolved to 2 elements


       at directory-presence-helpers.mjs:10

       8 | async function result(p,names,counts,expected,total){
       9 |  if(!expected.length)await expect(p.getByText('No matching tasks',{exact:true})).toBeVisible();
    > 10 |  await expect(rows(p).getByTestId('directory-task-title')).toHaveText(expected);
         |                                                            ^
      11 |  await expect(owners(p).getByTestId('directory-owner-name')).toHaveText(names.map(projectName));
      12 |  await expect(owners(p).getByTestId('directory-owner-summary')).toHaveText(counts);
      13 |  await expect(p.getByTestId('directory-summary')).toHaveText(total);
        at result (/Users/Shared/projects/competition/experiments/instruction-effects/revisions/research-v011/preflight/task040-executed01-suite/directory-presence-helpers.mjs:10:60)
        at /Users/Shared/projects/competition/experiments/instruction-effects/revisions/research-v011/preflight/task040-executed01-suite/directory-owner-default-edit.spec.mjs:26:2073

    attachment #1: screenshot (image/png) ──────────────────────────────────────────────────────────
    experiments/instruction-effects/revisions/research-v011/preflight/task040-focused01-check-1791683895589/negative-default40-ignore-default-140/artifacts/directory-owner-default-ed-98d43-ut-changing-task-priorities/test-failed-1.png
    ────────────────────────────────────────────────────────────────────────────────────────────────

    Error Context: experiments/instruction-effects/revisions/research-v011/preflight/task040-focused01-check-1791683895589/negative-default40-ignore-default-140/artifacts/directory-owner-default-ed-98d43-ut-changing-task-priorities/error-context.md

    attachment #3: trace (application/zip) ─────────────────────────────────────────────────────────
    experiments/instruction-effects/revisions/research-v011/preflight/task040-focused01-check-1791683895589/negative-default40-ignore-default-140/artifacts/directory-owner-default-ed-98d43-ut-changing-task-priorities/trace.zip
    Usage:

        npx playwright show-trace experiments/instruction-effects/revisions/research-v011/preflight/task040-focused01-check-1791683895589/negative-default40-ignore-default-140/artifacts/directory-owner-default-ed-98d43-ut-changing-task-priorities/trace.zip

    ────────────────────────────────────────────────────────────────────────────────────────────────


  1 failed
    experiments/instruction-effects/revisions/research-v011/preflight/task040-executed01-suite/directory-owner-default-edit.spec.mjs:25:2 › 140 owner default assignment honors every current filter without changing task priorities 
