
Running 1 test using 1 worker



[1/1] experiments/instruction-effects/revisions/research-v008/preflight/priority-fixtures/final030-third-executed-suite/directory-project-order.spec.mjs:38:2 › 091 project-name ordering folds ASCII keeps stable owner ties and reads current renames without changing storage
  1) experiments/instruction-effects/revisions/research-v008/preflight/priority-fixtures/final030-third-executed-suite/directory-project-order.spec.mjs:38:2 › 091 project-name ordering folds ASCII keeps stable owner ties and reads current renames without changing storage 

    Error: expect(locator).toBeVisible() failed

    Locator: getByTestId('task-row').visible().first().getByRole('checkbox', { name: 'Complete task-030 Name order target zulu stored', exact: true })
    Expected: visible
    Timeout: 5000ms
    Error: element(s) not found

    Call log:
      - Expect "toBeVisible" getByTestId('task-row').visible().first().getByRole('checkbox', { name: 'Complete task-030 Name order target zulu stored', exact: true }) with timeout 5000ms
      - waiting for getByTestId('task-row').visible().first().getByRole('checkbox', { name: 'Complete task-030 Name order target zulu stored', exact: true })


      10 | const save=p=>p.getByRole('button',{name:'Set visible priority',exact:true});
      11 | const restore=p=>p.getByRole('button',{name:'Restore visible tasks',exact:true});
    > 12 | async function titles(p,expected){const r=p.getByTestId('task-row').filter({visible:true});await expect(r).toHaveCount(expected.length);for(const [i,title] of expected.entries())await expect(r.nth(i).getByRole('checkbox',{name:'Complete '+title,exact:true})).toBeVisible();}
         |                                                                                                                                                                                                                                                                    ^
      13 | async function result(p,names,counts,expected,total){
      14 |  if(!expected.length)await expect(p.getByText('No matching tasks',{exact:true})).toBeVisible();
      15 |  await expect(rows(p).getByTestId('directory-task-title')).toHaveText(expected);
        at titles (/Users/Shared/projects/competition/experiments/instruction-effects/revisions/research-v008/preflight/priority-fixtures/final030-third-executed-suite/directory-project-order.spec.mjs:12:260)
        at /Users/Shared/projects/competition/experiments/instruction-effects/revisions/research-v008/preflight/priority-fixtures/final030-third-executed-suite/directory-project-order.spec.mjs:44:88

    attachment #1: screenshot (image/png) ──────────────────────────────────────────────────────────
    experiments/instruction-effects/revisions/research-v008/preflight/priority-fixtures/stage30-final-controls-1791660945847/negative-name-order-mutates-storage-091/artifacts/directory-project-order-09-94f4b-es-without-changing-storage/test-failed-1.png
    ────────────────────────────────────────────────────────────────────────────────────────────────

    Error Context: experiments/instruction-effects/revisions/research-v008/preflight/priority-fixtures/stage30-final-controls-1791660945847/negative-name-order-mutates-storage-091/artifacts/directory-project-order-09-94f4b-es-without-changing-storage/error-context.md

    attachment #3: trace (application/zip) ─────────────────────────────────────────────────────────
    experiments/instruction-effects/revisions/research-v008/preflight/priority-fixtures/stage30-final-controls-1791660945847/negative-name-order-mutates-storage-091/artifacts/directory-project-order-09-94f4b-es-without-changing-storage/trace.zip
    Usage:

        npx playwright show-trace experiments/instruction-effects/revisions/research-v008/preflight/priority-fixtures/stage30-final-controls-1791660945847/negative-name-order-mutates-storage-091/artifacts/directory-project-order-09-94f4b-es-without-changing-storage/trace.zip

    ────────────────────────────────────────────────────────────────────────────────────────────────


  1 failed
    experiments/instruction-effects/revisions/research-v008/preflight/priority-fixtures/final030-third-executed-suite/directory-project-order.spec.mjs:38:2 › 091 project-name ordering folds ASCII keeps stable owner ties and reads current renames without changing storage 
