
Running 8 tests using 1 worker



[1/8] runs/instruction-effects/pilot-013/definitions/project/acceptance/workboard.spec.mjs:8:1 › 001 health and project creation persist on reload
[2/8] runs/instruction-effects/pilot-013/definitions/project/acceptance/workboard.spec.mjs:25:1 › 002 blank project input is rejected
[3/8] runs/instruction-effects/pilot-013/definitions/project/acceptance/workboard.spec.mjs:38:1 › 003 project creation order
[4/8] runs/instruction-effects/pilot-013/definitions/project/acceptance/workboard.spec.mjs:46:3 › 004 trimmed tasks and project URL survive reload
[5/8] runs/instruction-effects/pilot-013/definitions/project/acceptance/workboard.spec.mjs:55:3 › 005 blank task input is rejected
[6/8] runs/instruction-effects/pilot-013/definitions/project/acceptance/workboard.spec.mjs:64:3 › 006 tasks do not cross project boundaries
[7/8] runs/instruction-effects/pilot-013/definitions/project/acceptance/workboard.spec.mjs:73:3 › 007 task filters and completion state persist
  1) runs/instruction-effects/pilot-013/definitions/project/acceptance/workboard.spec.mjs:73:3 › 007 task filters and completion state persist 

    Error: expect(locator).toBeVisible() failed

    Locator: getByTestId('task-row').filter({ hasText: 'Open task' }).visible()
    Expected: visible
    Error: strict mode violation: getByTestId('task-row').filter({ hasText: 'Open task' }).visible() resolved to 2 elements:
        1) <div class="task-row" data-testid="task-row">…</div> aka getByTestId('task-row').first()
        2) <div class="task-row" data-testid="task-row">…</div> aka getByTestId('task-row').nth(1)

    Call log:
      - Expect "toBeVisible" getByTestId('task-row').filter({ hasText: 'Open task' }).visible() with timeout 5000ms
      - waiting for getByTestId('task-row').filter({ hasText: 'Open task' }).visible()


      83 |     await page.getByRole('checkbox', { name: 'Complete Done task', exact: true }).check();
      84 |     await page.getByRole('combobox', { name: 'Task filter', exact: true }).selectOption({ label: 'Open' });
    > 85 |     await expect(taskRow(page, 'Open task')).toBeVisible();
         |                                              ^
      86 |     await expect(taskRow(page, 'Done task')).toHaveCount(0);
      87 |     await page.getByRole('combobox', { name: 'Task filter', exact: true }).selectOption({ label: 'Completed' });
      88 |     await expect(taskRow(page, 'Done task')).toBeVisible();
        at /Users/Shared/projects/competition/runs/instruction-effects/pilot-013/definitions/project/acceptance/workboard.spec.mjs:85:46

    attachment #1: screenshot (image/png) ──────────────────────────────────────────────────────────
    runs/instruction-effects/pilot-013/tasks/task-002/attempts/b008/attempt-002/acceptance/artifacts/workboard-007-task-filters-and-completion-state-persist/test-failed-1.png
    ────────────────────────────────────────────────────────────────────────────────────────────────

    Error Context: runs/instruction-effects/pilot-013/tasks/task-002/attempts/b008/attempt-002/acceptance/artifacts/workboard-007-task-filters-and-completion-state-persist/error-context.md

    attachment #3: trace (application/zip) ─────────────────────────────────────────────────────────
    runs/instruction-effects/pilot-013/tasks/task-002/attempts/b008/attempt-002/acceptance/artifacts/workboard-007-task-filters-and-completion-state-persist/trace.zip
    Usage:

        npx playwright show-trace runs/instruction-effects/pilot-013/tasks/task-002/attempts/b008/attempt-002/acceptance/artifacts/workboard-007-task-filters-and-completion-state-persist/trace.zip

    ────────────────────────────────────────────────────────────────────────────────────────────────




[8/8] runs/instruction-effects/pilot-013/definitions/project/acceptance/workboard.spec.mjs:151:1 › 011 seed process-restart persistence checks
  1 failed
    runs/instruction-effects/pilot-013/definitions/project/acceptance/workboard.spec.mjs:73:3 › 007 task filters and completion state persist 
  7 passed (4.2s)
