
Running 1 test using 1 worker



[1/1] experiments/instruction-effects/revisions/research-v008/preflight/priority-fixtures/final030-fourth-executed-suite/workspace-import.spec.mjs:58:2 › 099 invalid workspace objects including the final owner fail atomically and retain the rejected input
  1) experiments/instruction-effects/revisions/research-v008/preflight/priority-fixtures/final030-fourth-executed-suite/workspace-import.spec.mjs:58:2 › 099 invalid workspace objects including the final owner fail atomically and retain the rejected input 

    Error: expect(locator).toHaveCount(expected) failed

    Locator:  getByTestId('project-row').filter({ hasText: 'task-030 Workspace invalid record' }).visible()
    Expected: 1
    Received: 2
    Timeout:  5000ms

    Call log:
      - Expect "toHaveCount" getByTestId('project-row').filter({ hasText: 'task-030 Workspace invalid record' }).visible() with timeout 5000ms
      - waiting for getByTestId('project-row').filter({ hasText: 'task-030 Workspace invalid record' }).visible()
        14 × locator resolved to 2 elements
           - unexpected value "2"


      63 |   for(const missing of ['name','archived','defaultPriority','tasks']){const doc=structuredClone(base);delete doc.projects[1][missing];invalid.push(doc);}
      64 |   for(const missing of ['title','completed','priority','dueDate','notes','deleted']){const doc=structuredClone(base);delete doc.projects[1].tasks[0][missing];invalid.push(doc);}
    > 65 |   for(const doc of invalid){const raw=typeof doc==='string'?doc:JSON.stringify(doc);await importing(page,raw);await expect(page.getByRole('alert')).toContainText('Invalid workspace JSON');await expect(page.getByRole('textbox',{name:'Workspace JSON',exact:true})).toHaveValue(raw);const o=await page.context().newPage();try{await o.goto('/');await o.getByRole('textbox',{name:'Project search',exact:true}).fill(q);await o.getByRole('button',{name:'Search projects',exact:true}).click();await expect(projectRow(o,a)).toHaveCount(1);await expect(o.getByTestId('project-row').filter({visible:true})).toHaveCount(1);await openProject(o,a);await titles(o,[existing]);await expect(taskRow(o,existing).getByRole('textbox',{name:'Task notes',exact:true})).toHaveValue('Existing literal Ω\nkept');await expect(taskRow(o,existing).getByRole('textbox',{name:'Task due date',exact:true})).toHaveValue('2064-02-29');await expect(taskRow(o,existing).getByRole('combobox',{name:'Task priority',exact:true}).locator('option:checked')).toHaveText('High');}finally{await o.close();}}
         |                                                                                                                                                                                                                                                                                                                                                                                                                                                                                                                                    ^
      66 |  });
      67 |  test('100 empty workspace imports create nothing and matching exports round-trip as independent owners',async({page})=>{
      68 |   test.setTimeout(90000);const a='Workspace roundtrip owner',q=projectName('Workspace roundtrip record'),first=q+' live',deleted=q+' deleted';await createProject(page,a);await openProject(page,a);await configured(page,a,first,{priority:'High',date:'2400-02-29',notes:'  Roundtrip Ω\nkept  ',completed:true});await configured(page,a,deleted,{priority:'Low',notes:'Deleted roundtrip',deleted:true});await page.goto('/');const before=await page.getByTestId('project-row').filter({visible:true}).count();await importing(page,workspace([]));await page.reload();await expect(page.getByTestId('project-row').filter({visible:true})).toHaveCount(before);await directory(page,q);await result(page,[a],['1/1 completed'],[first],'1/1 completed');const data=await exported(page);await importing(page,workspace(data));await countProjects(page,a,2);await directory(page,q);await result(page,[a,a],['1/1 completed','1/1 completed'],[first,first],'2/2 completed');await page.getByRole('combobox',{name:'Task filter',exact:true}).selectOption({label:'Deleted'});await result(page,[a],['0/1 completed'],[deleted],'0/1 completed');await owners(page).first().getByRole('button',{name:'Open project',exact:true}).click();await titles(page,[first]);await page.goto('/');await projectRow(page,a).nth(1).getByRole('button',{name:'Open project',exact:true}).click();await page.getByRole('combobox',{name:'Task filter',exact:true}).selectOption({label:'Deleted'});await titles(page,[]);await page.reload();await titles(page,[]);
        at /Users/Shared/projects/competition/experiments/instruction-effects/revisions/research-v008/preflight/priority-fixtures/final030-fourth-executed-suite/workspace-import.spec.mjs:65:516

    attachment #1: screenshot (image/png) ──────────────────────────────────────────────────────────
    experiments/instruction-effects/revisions/research-v008/preflight/priority-fixtures/stage30-import-final-controls-1791664558802/negative-workspace-import-partial-before-error-099/artifacts/workspace-import-099-inval-36c8c-d-retain-the-rejected-input/test-failed-1.png
    ────────────────────────────────────────────────────────────────────────────────────────────────

    Error Context: experiments/instruction-effects/revisions/research-v008/preflight/priority-fixtures/stage30-import-final-controls-1791664558802/negative-workspace-import-partial-before-error-099/artifacts/workspace-import-099-inval-36c8c-d-retain-the-rejected-input/error-context.md

    attachment #3: trace (application/zip) ─────────────────────────────────────────────────────────
    experiments/instruction-effects/revisions/research-v008/preflight/priority-fixtures/stage30-import-final-controls-1791664558802/negative-workspace-import-partial-before-error-099/artifacts/workspace-import-099-inval-36c8c-d-retain-the-rejected-input/trace.zip
    Usage:

        npx playwright show-trace experiments/instruction-effects/revisions/research-v008/preflight/priority-fixtures/stage30-import-final-controls-1791664558802/negative-workspace-import-partial-before-error-099/artifacts/workspace-import-099-inval-36c8c-d-retain-the-rejected-input/trace.zip

    ────────────────────────────────────────────────────────────────────────────────────────────────


  1 failed
    experiments/instruction-effects/revisions/research-v008/preflight/priority-fixtures/final030-fourth-executed-suite/workspace-import.spec.mjs:58:2 › 099 invalid workspace objects including the final owner fail atomically and retain the rejected input 
