Listing tests:
  bulk-directory.spec.mjs:13:2 › 067 bulk completion intersects every directory filter and preserves fields order and reserved positions
  bulk-directory.spec.mjs:24:2 › 068 archived deleted and empty directory scopes disable both bulk actions without changing protected records
  bulk-directory.spec.mjs:29:2 › 069 bulk changes retain two project restart sentinels with literal original metadata
  default-priority.spec.mjs:11:2 › 027 pre-default projects and tasks preserve their distinct saved priorities
  default-priority.spec.mjs:20:2 › 028 project default affects only future tasks and retains filters and summary
  default-priority.spec.mjs:53:2 › 029 project default survives rename archive and restoration
  deletion.spec.mjs:10:2 › 054 deleted tasks preserve fields intersect filters and remain read-only through project archival
  deletion.spec.mjs:18:2 › 055 restoration retains reserved order explicit priority completion and remembered destination positions
  deletion.spec.mjs:23:2 › 056 upgraded original tasks remain live and deleted-only project persists with an empty live summary
  deletion.spec.mjs:27:2 › 057 deleted filter intersects priority due range and title search
  directory-deletion-position.spec.mjs:8:14 › 080 bulk directory deletion preserves own and foreign reserved positions later edits and export order
  directory-deletion-restart.spec.mjs:4:14 › 081 seed bulk deletion restoration fields and remembered positions for actual restart
  directory-deletion.spec.mjs:31:2 › 078 directory bulk deletion and restoration honor every intersection and protect live summaries before restoration
  directory-deletion.spec.mjs:56:2 › 079 bulk directory deletion preserves duplicate owner identities stored task order and completion on restoration
  directory-due-edit.spec.mjs:36:2 › 085 directory due-date assignment honors intersections and preserves every nonmatching field
  directory-due-edit.spec.mjs:48:2 › 086 invalid visible due dates are atomic and valid Gregorian boundaries persist
  directory-due-position.spec.mjs:8:14 › 087 bulk date assignment preserves own and foreign reserved positions later edits and export order
  directory-due-status.spec.mjs:13:2 › 117 due presence intersects inclusive ranges and distinguishes empty dates in both scopes
  directory-due-status.spec.mjs:24:2 › 118 presence matches govern word filters ordering exports all bulk writes and protected tasks
  directory-due-status.spec.mjs:41:2 › 119 presence summaries and matching export keep duplicate imported owners separate and remain read-only
  directory-due-status.spec.mjs:50:2 › 120 date membership writes preserve both remembered positions metadata and restart seed
  directory-due-status.spec.mjs:59:2 › 121 every directory bulk operation applies due presence without relying on a date range
  directory-notes-edit.spec.mjs:37:2 › 088 directory notes preserve literal text every intersection and other fields
  directory-notes-edit.spec.mjs:45:2 › 089 directory notes limit counts Unicode code points and rejects atomically with correction text retained
  directory-notes-position.spec.mjs:8:14 › 090 bulk notes assignment preserves own and foreign reserved positions later edits and export order
  directory-notes-status.spec.mjs:12:2 › 122 notes presence treats whitespace as present and intersects every directory filter
  directory-notes-status.spec.mjs:20:2 › 123 notes presence alone selects each bulk write and assignment or clear changes membership
  directory-notes-status.spec.mjs:32:2 › 124 imported duplicate owners and literal notes keep independent identity and read-only exports
  directory-notes-status.spec.mjs:39:2 › 125 notes membership writes preserve both owner positions and the restart fixture
  directory-order.spec.mjs:10:2 › 070 directory ordering is global stable and preserves literal titles and stored project order
  directory-order.spec.mjs:20:2 › 071 directory filters ranges search and bulk updates retain selected order without changing metadata
  directory-order.spec.mjs:25:2 › 072 directory ordering includes deleted archived records and significant internal whitespace
  directory-order.spec.mjs:32:2 › 073 directory title ordering folds only ASCII and compares Unicode code points without changing exports
  directory-owner-archive.spec.mjs:16:2 › 134 archive and restore each represented owner while preserving all excluded task fields and creation order
  directory-owner-archive.spec.mjs:21:2 › 135 duplicate names remain distinct and Deleted matches still represent an owner
  directory-owner-archive.spec.mjs:24:2 › 136 owner mutation honors every current matching filter and keeps archived task writes protected
  directory-owner-archive.spec.mjs:27:2 › 137 owner archive and restore retain both reserved positions and restart metadata
  directory-owner-default-edit.spec.mjs:19:2 › 138 default assignment uses the initial represented owners and preserves all existing tasks and defaults elsewhere
  directory-owner-default-edit.spec.mjs:22:2 › 139 duplicate owners stay independent and default editing includes Deleted matches but protects Archived scope
  directory-owner-default-edit.spec.mjs:25:2 › 140 owner default assignment honors every current filter without changing task priorities
  directory-owner-default-edit.spec.mjs:28:2 › 141 assigning defaults leaves task metadata and both remembered positions unchanged
  directory-owners.spec.mjs:10:2 › 076 directory owner totals track intersections bulk results and protected scopes in project creation order
  directory-owners.spec.mjs:16:2 › 077 duplicate project names preserve separate owner identities and correct open actions after rename and create
  directory-prefix-search.spec.mjs:12:2 › 130 Starts with matches the whole normalized prefix and preserves other modes filters and order
  directory-prefix-search.spec.mjs:16:2 › 131 prefix normalization is ASCII only and punctuation remains literal
  directory-prefix-search.spec.mjs:19:2 › 132 every bulk action and matching export honor prefix and protect embedded matches
  directory-prefix-search.spec.mjs:28:2 › 133 prefix views and exports preserve literal metadata and both remembered positions
  directory-priority-position.spec.mjs:8:14 › 084 bulk priority assignment preserves own and foreign reserved positions later edits and export order
  directory-priority.spec.mjs:32:2 › 082 directory priority assignment honors intersected live results and protects nonmatching metadata
  directory-priority.spec.mjs:60:2 › 083 bulk priority assignment distinguishes duplicate owners and preserves completion and local order
  directory-project-default.spec.mjs:11:2 › 126 owner default differs from task priority and intersects notes dates completion and archived scope
  directory-project-default.spec.mjs:18:2 › 127 every bulk action honors owner default and preserves defaults and nonmatching tasks
  directory-project-default.spec.mjs:27:2 › 128 duplicate imported owners use current defaults through rename archive and restoration
  directory-project-default.spec.mjs:33:2 › 129 owner changes move default membership while preserving both remembered task positions
  directory-project-order-position.spec.mjs:8:14 › 093 project-name ordering preserves own and foreign reserved positions later edits and export order
  directory-project-order.spec.mjs:38:2 › 091 project-name ordering folds ASCII keeps stable owner ties and reads current renames without changing storage
  directory-project-order.spec.mjs:48:2 › 092 project-name ordering compares Unicode code points and literal spacing across protected scope
  directory-summary.spec.mjs:10:2 › 074 directory totals follow global intersections bulk updates protected scopes and unchanged project summaries
  directory-summary.spec.mjs:17:2 › 075 directory totals show a resolved empty result without altering stored completion
  directory-word-search.spec.mjs:41:2 › 113 directory Phrase All words and Any words reuse the current title query with ASCII normalization and empty query
  directory-word-search.spec.mjs:50:2 › 114 word query tokens split only ASCII spaces and tabs and fold only ASCII case
  directory-word-search.spec.mjs:55:2 › 115 word matching intersects filters orders owners exports and every current bulk operation with protected scopes
  directory-word-search.spec.mjs:67:2 › 116 word modes and matching export are read-only and retain both remembered owner positions and restart seed
  directory.spec.mjs:12:2 › 064 directory preserves owner and stored order with live deleted archived and literal field semantics
  directory.spec.mjs:17:2 › 065 directory intersects and retains filters validates ranges and resets on a new opening
  directory.spec.mjs:20:2 › 066 directory includes original imported records and uses current whitespace matching without mutating project state
  due-date.spec.mjs:11:2 › 030 dates default empty save canonically survive rename and clear
  due-date.spec.mjs:21:2 › 031 invalid formats and impossible calendar dates preserve the saved date
  due-date.spec.mjs:29:2 › 032 date changes retain task identity filters order and all-task summary
  due-date.spec.mjs:44:2 › 033 archived dates are read-only restored and old data stays undated
  due-range.spec.mjs:14:2 › 034 date ranges include endpoints exclude undated tasks and preserve order
  due-range.spec.mjs:24:2 › 035 due ranges intersect completion priority and live date edits
  due-range.spec.mjs:40:2 › 036 invalid due ranges preserve the last applied membership
  due-range.spec.mjs:48:2 › 037 archived ranges stay usable and reopening clears transient boundaries
  due-range.spec.mjs:57:2 › 038 project default rename and hidden creation retain the applied range
  export.spec.mjs:7:2 › 058 export includes every stored task in order with literal values despite current filters
  export.spec.mjs:11:2 › 059 archived upgraded and empty projects export without mutation
  import.spec.mjs:14:2 › 060 exported projects import independently with saved fields deleted order and project defaults
  import.spec.mjs:17:2 › 061 malformed root documents and blank override reject atomically and retain inputs
  import.spec.mjs:20:2 › 062 invalid later tasks reject the entire import without partial project task or existing-data writes
  import.spec.mjs:23:2 › 063 archived and empty imports preserve flags literal data and native restart sentinels
  move-task.spec.mjs:15:2 › 039 moving a task preserves data and destination order without inheriting defaults
  move-task.spec.mjs:26:2 › 040 moving under combined filters retains source range and independent data
  move-task.spec.mjs:37:2 › 041 destination choices use active current project names in creation order
  move-task.spec.mjs:41:2 › 042 archived source moves are disabled restoration allows moving an undated task
  notes-limit.spec.mjs:12:2 › 101 individual notes count Unicode code points and retain rejected input before a valid clear
  notes-limit.spec.mjs:17:2 › 102 oversized notes preserve other fields and another task while literal whitespace and LF remain intact
  notes-limit.spec.mjs:30:2 › 103 rejected notes and later valid edits preserve own and foreign reserved positions
  notes-limit.spec.mjs:38:2 › 104 seed individual notes boundary for process-restart checks
  notes.spec.mjs:10:2 › 052 multiline notes retain literal text filters and archived read-only behavior
  notes.spec.mjs:21:2 › 053 notes travel through moves and returns while original archived data upgrades
  priority-filter.spec.mjs:8:3 › 023 priority and completion filters intersect in creation order
  priority-filter.spec.mjs:42:3 › 024 filtered edits re-evaluate rows while retaining both filter choices
  priority-filter.spec.mjs:73:3 › 025 task rename retains combined filter membership
  priority-filter.spec.mjs:91:3 › 026 archived combined filters are readable without enabling task editing
  priority.spec.mjs:8:3 › 022 pre-priority archived data acquires Normal without changing completion
  priority.spec.mjs:19:3 › 019 independent priorities default to Normal and persist through rename
  priority.spec.mjs:50:3 › 020 priority edits preserve completion filters and summary
  priority.spec.mjs:71:3 › 021 archived priorities are read-only and restored unchanged
  project-name-limit.spec.mjs:13:2 › 105 project names count code points after trim and preserve rejected create input
  project-name-limit.spec.mjs:18:2 › 106 rejected rename is atomic and successful boundary rename retains identity fields and owner order
  project-name-limit.spec.mjs:23:2 › 107 project and workspace import reject oversized names before creating any owner
  project-name-limit.spec.mjs:28:2 › 108 accepted boundary workspace names preserve duplicate identities fields and restart seed
  return-order.spec.mjs:13:2 › 043 returning tasks in reverse order restores prior positions and current fields
  return-order.spec.mjs:20:2 › 044 rename archival and restoration preserve returning project identity
  return-order.spec.mjs:27:2 › 045 return positions belong to each project and precede later new arrivals
  search-whitespace.spec.mjs:5:2 › 050 task search collapses spaces tabs without changing stored titles or filters
  search-whitespace.spec.mjs:12:2 › 051 project whitespace matching retains original names and archived intersection
  search.spec.mjs:7:2 › 046 project search trims ASCII case and intersects archive filter in creation order
  search.spec.mjs:15:2 › 047 task search intersects all filters retaining order and summary counts
  search.spec.mjs:30:2 › 048 rename re-evaluates search membership and archived search remains readable
  search.spec.mjs:37:2 › 049 upgraded original task012 return positions remain usable
  task-title-limit.spec.mjs:12:2 › 109 task title creation counts trimmed Unicode code points and retains oversized input
  task-title-limit.spec.mjs:17:2 › 110 rejected and successful title renames preserve metadata query and every reserved owner position
  task-title-limit.spec.mjs:23:2 › 111 both imports reject an oversized final title atomically and retain original JSON
  task-title-limit.spec.mjs:27:2 › 112 seed title boundary persistence without altering pre-limit longer records
  workboard.spec.mjs:8:1 › 001 health and project creation persist on reload
  workboard.spec.mjs:25:1 › 002 blank project input is rejected
  workboard.spec.mjs:38:1 › 003 project creation order
  workboard.spec.mjs:46:3 › 004 trimmed tasks and project URL survive reload
  workboard.spec.mjs:55:3 › 005 blank task input is rejected
  workboard.spec.mjs:64:3 › 006 tasks do not cross project boundaries
  workboard.spec.mjs:73:3 › 007 task filters and completion state persist
  workboard.spec.mjs:102:3 › 008 archive state persists and project can be restored
  workboard.spec.mjs:114:3 › 009 archived tasks are read-only and survive restoration
  workboard.spec.mjs:142:3 › 010 completion summaries reflect all tasks
  workboard.spec.mjs:155:1 › 011 seed process-restart persistence checks
  workboard.spec.mjs:207:3 › 013 rename preserves project URL, task state, summary and creation order
  workboard.spec.mjs:231:3 › 014 blank rename preserves original name
  workboard.spec.mjs:241:3 › 015 archived rename controls become available after restoration
  workboard.spec.mjs:260:3 › 016 task rename preserves completion, order, filter membership and summary
  workboard.spec.mjs:283:3 › 017 blank task rename preserves the original title
  workboard.spec.mjs:294:3 › 018 archived task rename controls become enabled after restoration
  workspace-export.spec.mjs:36:2 › 094 workspace export uses matching intersections owner creation and stored task order despite global sorting
  workspace-export.spec.mjs:43:2 › 095 workspace export preserves duplicate archived owners and selects only matching deleted tasks
  workspace-export.spec.mjs:48:2 › 096 empty matching workspace export is valid and leaves known data and controls unchanged
  workspace-import.spec.mjs:42:2 › 097 workspace import appends independent duplicate owners trims names and preserves literal fields without overwriting existing data
  workspace-import.spec.mjs:52:2 › 098 imported deleted tasks restore into supplied positions and preserve bulk-edited fields across later moves
  workspace-import.spec.mjs:58:2 › 099 invalid workspace objects including the final owner fail atomically and retain the rejected input
  workspace-import.spec.mjs:67:2 › 100 empty workspace imports create nothing and matching exports round-trip as independent owners
Total: 140 tests in 42 files
