
Running 1 test using 1 worker



[1/1] experiments/instruction-effects/revisions/research-v004/decisions/task-018-draft/suite/import.spec.mjs:14:2 › 060 exported projects import independently with saved fields deleted order and project defaults
  1) experiments/instruction-effects/revisions/research-v004/decisions/task-018-draft/suite/import.spec.mjs:14:2 › 060 exported projects import independently with saved fields deleted order and project defaults 

    Test timeout of 20000ms exceeded.

    Error: locator.click: Test timeout of 20000ms exceeded.
    Call log:
      - waiting for getByTestId('project-row').filter({ hasText: 'task-018 Import origin' }).visible().getByRole('button', { name: 'Open project', exact: true })


       at helpers.mjs:19

      17 | }
      18 | export async function openProject(page, name) {
    > 19 |   await projectRow(page, name).getByRole('button', { name: 'Open project', exact: true }).click();
         |                                                                                           ^
      20 |   await expect(page.getByRole('heading', { name: projectName(name), exact: true }).first()).toBeVisible();
      21 | }
      22 | export async function createTask(page, title) {
        at openProject (/Users/Shared/projects/competition/experiments/instruction-effects/revisions/research-v004/decisions/task-018-draft/suite/helpers.mjs:19:91)
        at /Users/Shared/projects/competition/experiments/instruction-effects/revisions/research-v004/decisions/task-018-draft/suite/import.spec.mjs:15:2932

    attachment #1: screenshot (image/png) ──────────────────────────────────────────────────────────
    experiments/instruction-effects/revisions/research-v004/preflight/priority-fixtures/stage-18-check-1791637620165/negative-import-reuses-source/artifacts/import-060-exported-projec-1db6c--order-and-project-defaults/test-failed-1.png
    ────────────────────────────────────────────────────────────────────────────────────────────────

    Error Context: experiments/instruction-effects/revisions/research-v004/preflight/priority-fixtures/stage-18-check-1791637620165/negative-import-reuses-source/artifacts/import-060-exported-projec-1db6c--order-and-project-defaults/error-context.md

    attachment #3: trace (application/zip) ─────────────────────────────────────────────────────────
    experiments/instruction-effects/revisions/research-v004/preflight/priority-fixtures/stage-18-check-1791637620165/negative-import-reuses-source/artifacts/import-060-exported-projec-1db6c--order-and-project-defaults/trace.zip
    Usage:

        npx playwright show-trace experiments/instruction-effects/revisions/research-v004/preflight/priority-fixtures/stage-18-check-1791637620165/negative-import-reuses-source/artifacts/import-060-exported-projec-1db6c--order-and-project-defaults/trace.zip

    ────────────────────────────────────────────────────────────────────────────────────────────────


  1 failed
    experiments/instruction-effects/revisions/research-v004/decisions/task-018-draft/suite/import.spec.mjs:14:2 › 060 exported projects import independently with saved fields deleted order and project defaults 
