
Running 1 test using 1 worker



[1/1] experiments/instruction-effects/revisions/research-v003/decisions/task-015-draft/suite/notes.spec.mjs:10:2 › 052 multiline notes retain literal text filters and archived read-only behavior
  1) experiments/instruction-effects/revisions/research-v003/decisions/task-015-draft/suite/notes.spec.mjs:10:2 › 052 multiline notes retain literal text filters and archived read-only behavior 

    Error: expect(locator).toHaveValue(expected) failed

    Locator: getByTestId('task-row').filter({ has: getByRole('checkbox', { name: 'Complete Notes identity', exact: true }) }).visible().getByRole('textbox', { name: 'Task notes', exact: true })
    Expected: ""
    Timeout: 5000ms
    Error: element(s) not found

    Call log:
      - Expect "toHaveValue" getByTestId('task-row').filter({ has: getByRole('checkbox', { name: 'Complete Notes identity', exact: true }) }).visible().getByRole('textbox', { name: 'Task notes', exact: true }) with timeout 5000ms
      - waiting for getByTestId('task-row').filter({ has: getByRole('checkbox', { name: 'Complete Notes identity', exact: true }) }).visible().getByRole('textbox', { name: 'Task notes', exact: true })


      15 |   await taskRow(page,'Notes identity').getByRole('combobox',{name:'Task priority',exact:true}).selectOption({label:'High'});await expectPersistedPriority(page,'Notes values','Notes identity','High');await taskRow(page,'Notes identity').getByRole('textbox',{name:'Task due date',exact:true}).fill('2035-01-01');await taskRow(page,'Notes identity').getByRole('button',{name:'Save due date',exact:true}).click();const dateObserver=await page.context().newPage();try{await expect.poll(async()=>{await dateObserver.goto('/');await openProject(dateObserver,'Notes values');return taskRow(dateObserver,'Notes identity').getByRole('textbox',{name:'Task due date',exact:true}).inputValue();},{timeout:5000}).toBe('2035-01-01');}finally{await dateObserver.close();}
      16 |   await page.getByRole('combobox',{name:'Task filter',exact:true}).selectOption({label:'Open'});await page.getByRole('combobox',{name:'Priority filter',exact:true}).selectOption({label:'High'});await page.getByRole('textbox',{name:'Due from',exact:true}).fill('2035-01-01');await page.getByRole('textbox',{name:'Due through',exact:true}).fill('2035-01-01');await page.getByRole('button',{name:'Apply due range',exact:true}).click();await saveNotes(page,'Notes values','Notes identity','');
    > 17 |   await expect(notes(page,'Notes identity')).toHaveValue('');await expect(page.getByRole('textbox',{name:'Task search',exact:true})).toHaveValue('identity');await expect(page.getByRole('combobox',{name:'Task filter',exact:true}).locator('option:checked')).toHaveText('Open');await expect(page.getByRole('combobox',{name:'Priority filter',exact:true}).locator('option:checked')).toHaveText('High');await expect(page.getByRole('textbox',{name:'Due from',exact:true})).toHaveValue('2035-01-01');await expect(page.getByRole('textbox',{name:'Due through',exact:true})).toHaveValue('2035-01-01');
         |                                              ^
      18 |   await saveNotes(page,'Notes values','Notes identity',value);await page.getByRole('button',{name:'Projects',exact:true}).click();await projectRow(page,'Notes values').getByRole('button',{name:'Archive project',exact:true}).click();await expect(projectRow(page,'Notes values')).toHaveCount(0);await page.getByRole('combobox',{name:'Project filter',exact:true}).selectOption({label:'Archived'});await openProject(page,'Notes values');await expect(notes(page,'Notes identity')).toHaveValue(value);await expect(notes(page,'Notes identity')).toBeDisabled();await expect(taskRow(page,'Notes identity').getByRole('button',{name:'Save notes',exact:true})).toBeDisabled();
      19 |   await page.getByRole('button',{name:'Projects',exact:true}).click();await page.getByRole('combobox',{name:'Project filter',exact:true}).selectOption({label:'Archived'});await projectRow(page,'Notes values').getByRole('button',{name:'Restore project',exact:true}).click();await page.getByRole('combobox',{name:'Project filter',exact:true}).selectOption({label:'Active'});await openProject(page,'Notes values');await expect(notes(page,'Notes identity')).toHaveValue(value);await expect(notes(page,'Notes identity')).toBeEnabled();await expect(taskRow(page,'Notes identity').getByRole('button',{name:'Save notes',exact:true})).toBeEnabled();
      20 |  });
        at /Users/Shared/projects/competition/experiments/instruction-effects/revisions/research-v003/decisions/task-015-draft/suite/notes.spec.mjs:17:46

    attachment #1: screenshot (image/png) ──────────────────────────────────────────────────────────
    experiments/instruction-effects/revisions/research-v003/preflight/priority-fixtures/stage-15-check-1791632693966/negative-notes-change-priority/artifacts/notes-052-multiline-notes--1b071-archived-read-only-behavior/test-failed-1.png
    ────────────────────────────────────────────────────────────────────────────────────────────────

    Error Context: experiments/instruction-effects/revisions/research-v003/preflight/priority-fixtures/stage-15-check-1791632693966/negative-notes-change-priority/artifacts/notes-052-multiline-notes--1b071-archived-read-only-behavior/error-context.md

    attachment #3: trace (application/zip) ─────────────────────────────────────────────────────────
    experiments/instruction-effects/revisions/research-v003/preflight/priority-fixtures/stage-15-check-1791632693966/negative-notes-change-priority/artifacts/notes-052-multiline-notes--1b071-archived-read-only-behavior/trace.zip
    Usage:

        npx playwright show-trace experiments/instruction-effects/revisions/research-v003/preflight/priority-fixtures/stage-15-check-1791632693966/negative-notes-change-priority/artifacts/notes-052-multiline-notes--1b071-archived-read-only-behavior/trace.zip

    ────────────────────────────────────────────────────────────────────────────────────────────────


  1 failed
    experiments/instruction-effects/revisions/research-v003/decisions/task-015-draft/suite/notes.spec.mjs:10:2 › 052 multiline notes retain literal text filters and archived read-only behavior 
