
Running 1 test using 1 worker



[1/1] experiments/instruction-effects/revisions/research-v008/preflight/priority-fixtures/final030-third-executed-suite/workspace-export.spec.mjs:48:2 › 096 empty matching workspace export is valid and leaves known data and controls unchanged
  1) experiments/instruction-effects/revisions/research-v008/preflight/priority-fixtures/final030-third-executed-suite/workspace-export.spec.mjs:48:2 › 096 empty matching workspace export is valid and leaves known data and controls unchanged 

    Error: expect(received).toEqual(expected) // deep equality

    - Expected  -  1
    + Received  + 94

    - Array []
    + Array [
    +   Object {
    +     "archived": false,
    +     "defaultPriority": "Normal",
    +     "name": "task-012 Position first owner",
    +     "tasks": Array [
    +       Object {
    +         "completed": false,
    +         "deleted": false,
    +         "dueDate": "",
    +         "notes": "",
    +         "priority": "Normal",
    +         "title": "First existing",
    +       },
    +       Object {
    +         "completed": false,
    +         "deleted": false,
    +         "dueDate": "",
    +         "notes": "",
    +         "priority": "Normal",
    +         "title": "Position travelling",
    +       },
    +       Object {
    +         "completed": false,
    +         "deleted": false,
    +         "dueDate": "",
    +         "notes": "",
    +         "priority": "Normal",
    +         "title": "First later",
    +       },
    +       Object {
    +         "completed": false,
    +         "deleted": false,
    +         "dueDate": "",
    +         "notes": "",
    +         "priority": "Normal",
    +         "title": "First newly created",
    +       },
    +     ],
    +   },
    +   Object {
    +     "archived": false,
    +     "defaultPriority": "Normal",
    +     "name": "task-012 Position second owner",
    +     "tasks": Array [
    +       Object {
    +         "completed": false,
    +         "deleted": false,
    +         "dueDate": "",
    +         "notes": "",
    +         "priority": "Normal",
    +         "title": "Second existing",
    +       },
    +       Object {
    +         "completed": false,
    +         "deleted": false,
    +         "dueDate": "",
    +         "notes": "",
    +         "priority": "Normal",
    +         "title": "Second newly created",
    +       },
    +     ],
    +   },
    +   Object {
    +     "archived": false,
    +     "defaultPriority": "High",
    +     "name": "task-018 Import restart",
    +     "tasks": Array [
    +       Object {
    +         "completed": false,
    +         "deleted": false,
    +         "dueDate": "2044-02-29",
    +         "notes": "Live import",
    +         "priority": "Low",
    +         "title": "Imported live",
    +       },
    +     ],
    +   },
    +   Object {
    +     "archived": false,
    +     "defaultPriority": "Normal",
    +     "name": "task-030 Workspace empty owner",
    +     "tasks": Array [
    +       Object {
    +         "completed": false,
    +         "deleted": false,
    +         "dueDate": "",
    +         "notes": "",
    +         "priority": "Normal",
    +         "title": "task-030 Workspace empty known",
    +       },
    +     ],
    +   },
    + ]

      47 |  });
      48 |  test('096 empty matching workspace export is valid and leaves known data and controls unchanged',async({page})=>{
    > 49 |   const a='Workspace empty owner',q=projectName('Workspace empty known');await createProject(page,a);await openProject(page,a);await createTask(page,q);await directory(page,q);await result(page,[a],['0/1 completed'],[q],'0/1 completed');await page.getByRole('textbox',{name:'Directory search',exact:true}).fill(q+' absent');await page.getByRole('button',{name:'Search directory',exact:true}).click();await result(page,[],[],[],'0/0 completed');expect(await exported(page)).toEqual([]);await result(page,[],[],[],'0/0 completed');await expect(page.getByRole('textbox',{name:'Directory search',exact:true})).toHaveValue(q+' absent');await page.getByRole('textbox',{name:'Directory search',exact:true}).fill(q);await page.getByRole('button',{name:'Search directory',exact:true}).click();await result(page,[a],['0/1 completed'],[q],'0/1 completed');
         |                                                                                                                                                                                                                                                                                                                                                                                                                                                                                          ^
      50 |  });
      51 | }
      52 |
        at /Users/Shared/projects/competition/experiments/instruction-effects/revisions/research-v008/preflight/priority-fixtures/final030-third-executed-suite/workspace-export.spec.mjs:49:474

    attachment #1: screenshot (image/png) ──────────────────────────────────────────────────────────
    experiments/instruction-effects/revisions/research-v008/preflight/priority-fixtures/stage30-final-controls-1791660945847/negative-workspace-export-ignores-search-096/artifacts/workspace-export-096-empty-03b58-data-and-controls-unchanged/test-failed-1.png
    ────────────────────────────────────────────────────────────────────────────────────────────────

    Error Context: experiments/instruction-effects/revisions/research-v008/preflight/priority-fixtures/stage30-final-controls-1791660945847/negative-workspace-export-ignores-search-096/artifacts/workspace-export-096-empty-03b58-data-and-controls-unchanged/error-context.md

    attachment #3: trace (application/zip) ─────────────────────────────────────────────────────────
    experiments/instruction-effects/revisions/research-v008/preflight/priority-fixtures/stage30-final-controls-1791660945847/negative-workspace-export-ignores-search-096/artifacts/workspace-export-096-empty-03b58-data-and-controls-unchanged/trace.zip
    Usage:

        npx playwright show-trace experiments/instruction-effects/revisions/research-v008/preflight/priority-fixtures/stage30-final-controls-1791660945847/negative-workspace-export-ignores-search-096/artifacts/workspace-export-096-empty-03b58-data-and-controls-unchanged/trace.zip

    ────────────────────────────────────────────────────────────────────────────────────────────────


  1 failed
    experiments/instruction-effects/revisions/research-v008/preflight/priority-fixtures/final030-third-executed-suite/workspace-export.spec.mjs:48:2 › 096 empty matching workspace export is valid and leaves known data and controls unchanged 
