
Running 1 test using 1 worker



[1/1] experiments/instruction-effects/revisions/research-v010/preflight/task035-executed03-suite/directory-due-status.spec.mjs:41:2 › 119 presence summaries and matching export keep duplicate imported owners separate and remain read-only
  1) experiments/instruction-effects/revisions/research-v010/preflight/task035-executed03-suite/directory-due-status.spec.mjs:41:2 › 119 presence summaries and matching export keep duplicate imported owners separate and remain read-only 

    Error: expect(received).toEqual(expected) // deep equality

    - Expected  -  0
    + Received  + 16

    @@ -11,10 +11,18 @@
              "notes": "  First Ω
      kept  ",
              "priority": "High",
              "title": "DueDuplicate35 dated first",
            },
    +       Object {
    +         "completed": true,
    +         "deleted": false,
    +         "dueDate": "",
    +         "notes": "First empty",
    +         "priority": "High",
    +         "title": "DueDuplicate35 empty first",
    +       },
          ],
        },
        Object {
          "archived": false,
          "defaultPriority": "Low",
    @@ -25,9 +33,17 @@
              "deleted": false,
              "dueDate": "2815-02-28",
              "notes": "Second dated",
              "priority": "High",
              "title": "DueDuplicate35 dated second",
    +       },
    +       Object {
    +         "completed": false,
    +         "deleted": false,
    +         "dueDate": "",
    +         "notes": "  Second λ  ",
    +         "priority": "High",
    +         "title": "DueDuplicate35 empty second",
            },
          ],
        },
      ]

      43 |   const first=[task('dated first',date,false,'  First Ω\nkept  '),task('empty first','',true,'First empty')],second=[task('dated second',date,true,'Second dated'),task('empty second','',false,'  Second λ  ')],third=[task('archived',date,false,'Archived original')];const projects=[{name:projectName(a),archived:false,defaultPriority:'High',tasks:first},{name:projectName(a),archived:false,defaultPriority:'Low',tasks:second},{name:projectName(a),archived:true,defaultPriority:'Normal',tasks:third}];
      44 |   await page.goto('/');await page.getByRole('textbox',{name:'Workspace JSON',exact:true}).fill(JSON.stringify({format:'workboard-workspace',version:1,projects}));await page.getByRole('button',{name:'Import workspace',exact:true}).click();await expect(projectRow(page,a).first()).toBeVisible();await expect(projectRow(page,a)).toHaveCount(2);
    > 45 |   await directory(page,q,first[0].title);await result(page,[a,a],['1/2 completed','1/2 completed'],[...first,...second].map(t=>t.title),'2/4 completed');await status(page).selectOption({label:'Dated'});await result(page,[a,a],['0/1 completed','1/1 completed'],[first[0].title,second[0].title],'1/2 completed');expect(await workspace(page)).toEqual(projects.slice(0,2).map((p,i)=>({...p,tasks:[i?second[0]:first[0]]})));
         |                                                                                                                                                                                                                                                                                                                                                     ^
      46 |   await status(page).selectOption({label:'Undated'});await result(page,[a,a],['1/1 completed','0/1 completed'],[first[1].title,second[1].title],'1/2 completed');expect(await workspace(page)).toEqual(projects.slice(0,2).map((p,i)=>({...p,tasks:[i?second[1]:first[1]]})));await owners(page).nth(1).getByRole('button',{name:'Open project',exact:true}).click();expect(await download(page)).toEqual(projects[1]);
      47 |   await directory(page,q,first[0].title);await result(page,[a,a],['1/2 completed','1/2 completed'],[...first,...second].map(t=>t.title),'2/4 completed');await page.getByRole('combobox',{name:'Project scope',exact:true}).selectOption({label:'Archived'});await result(page,[a],['0/1 completed'],[third[0].title],'0/1 completed');await status(page).selectOption({label:'Undated'});await result(page,[],[],[],'0/0 completed');await protectedWrites(page);await status(page).selectOption({label:'Dated'});await result(page,[a],['0/1 completed'],[third[0].title],'0/1 completed');expect(await workspace(page)).toEqual([projects[2]]);await protectedWrites(page);
      48 |   for(let i=0;i<2;i++){await page.goto('/');await expect(projectRow(page,a).first()).toBeVisible();await expect(projectRow(page,a)).toHaveCount(2);await projectRow(page,a).nth(i).getByRole('button',{name:'Open project',exact:true}).click();expect(await download(page)).toEqual(projects[i]);}
        at /Users/Shared/projects/competition/experiments/instruction-effects/revisions/research-v010/preflight/task035-executed03-suite/directory-due-status.spec.mjs:45:341

    attachment #1: screenshot (image/png) ──────────────────────────────────────────────────────────
    experiments/instruction-effects/revisions/research-v010/preflight/task035-focused03-check-1791676653724/negative-due-workspace-export-ignored-119/artifacts/directory-due-status-119-p-03523-parate-and-remain-read-only/test-failed-1.png
    ────────────────────────────────────────────────────────────────────────────────────────────────

    Error Context: experiments/instruction-effects/revisions/research-v010/preflight/task035-focused03-check-1791676653724/negative-due-workspace-export-ignored-119/artifacts/directory-due-status-119-p-03523-parate-and-remain-read-only/error-context.md

    attachment #3: trace (application/zip) ─────────────────────────────────────────────────────────
    experiments/instruction-effects/revisions/research-v010/preflight/task035-focused03-check-1791676653724/negative-due-workspace-export-ignored-119/artifacts/directory-due-status-119-p-03523-parate-and-remain-read-only/trace.zip
    Usage:

        npx playwright show-trace experiments/instruction-effects/revisions/research-v010/preflight/task035-focused03-check-1791676653724/negative-due-workspace-export-ignored-119/artifacts/directory-due-status-119-p-03523-parate-and-remain-read-only/trace.zip

    ────────────────────────────────────────────────────────────────────────────────────────────────


  1 failed
    experiments/instruction-effects/revisions/research-v010/preflight/task035-executed03-suite/directory-due-status.spec.mjs:41:2 › 119 presence summaries and matching export keep duplicate imported owners separate and remain read-only 
