
Running 1 test using 1 worker



[1/1] experiments/instruction-effects/revisions/research-v008/preflight/priority-fixtures/final030-third-executed-suite/directory-due-edit.spec.mjs:36:2 › 085 directory due-date assignment honors intersections and preserves every nonmatching field
  1) experiments/instruction-effects/revisions/research-v008/preflight/priority-fixtures/final030-third-executed-suite/directory-due-edit.spec.mjs:36:2 › 085 directory due-date assignment honors intersections and preserves every nonmatching field 

    Error: expect(locator).toHaveValue(expected) failed

    Locator:  getByTestId('task-row').filter({ has: getByRole('checkbox', { name: 'Complete task-030 Unrelated date guard', exact: true }) }).visible().getByRole('textbox', { name: 'Task due date', exact: true })
    Expected: "2064-02-29"
    Received: "2400-02-29"
    Timeout:  5000ms

    Call log:
      - Expect "toHaveValue" getByTestId('task-row').filter({ has: getByRole('checkbox', { name: 'Complete task-030 Unrelated date guard', exact: true }) }).visible().getByRole('textbox', { name: 'Task due date', exact: true }) with timeout 5000ms
      - waiting for getByTestId('task-row').filter({ has: getByRole('checkbox', { name: 'Complete task-030 Unrelated date guard', exact: true }) }).visible().getByRole('textbox', { name: 'Task due date', exact: true })
        14 × locator resolved to <input name="date" value="2400-02-29"/>
           - unexpected value "2400-02-29"


      41 |   await directory(page,q);await result(page,[a,b],['1/4 completed','0/1 completed'],[first,low,late,done,second],'1/5 completed');await page.getByRole('combobox',{name:'Task filter',exact:true}).selectOption({label:'Open'});await result(page,[a,b],['0/3 completed','0/1 completed'],[first,low,late,second],'0/4 completed');await page.getByRole('combobox',{name:'Priority filter',exact:true}).selectOption({label:'High'});await result(page,[a,b],['0/2 completed','0/1 completed'],[first,late,second],'0/3 completed');await page.getByRole('textbox',{name:'Due from',exact:true}).fill(fields.date);await page.getByRole('textbox',{name:'Due through',exact:true}).fill(fields.date);await page.getByRole('button',{name:'Apply due range',exact:true}).click();await result(page,[a,b],['0/1 completed','0/1 completed'],[first,second],'0/2 completed');await page.getByRole('combobox',{name:'Directory order',exact:true}).selectOption({label:'Title'});await result(page,[a,b],['0/1 completed','0/1 completed'],[second,first],'0/2 completed');
      42 |   await page.getByRole('textbox',{name:'Visible tasks due date',exact:true}).fill(' 2400-02-29 ');await save(page).click();await result(page,[],[],[],'0/0 completed');await expect(save(page)).toBeDisabled();await persistedField(page,a,first,'Task due date','2400-02-29');await persistedField(page,b,second,'Task due date','2400-02-29');
    > 43 |   const o=await page.context().newPage();try{await returnTo(o,a);await titles(o,[first,low,late,done,other]);for(const [title,date] of [[first,'2400-02-29'],[low,fields.date],[late,'2064-03-01'],[done,fields.date],[other,fields.date]])await expect(taskRow(o,title).getByRole('textbox',{name:'Task due date',exact:true})).toHaveValue(date);await expect(taskRow(o,first).getByRole('combobox',{name:'Task priority',exact:true}).locator('option:checked')).toHaveText('High');await expect(taskRow(o,first).getByRole('textbox',{name:'Task notes',exact:true})).toHaveValue(fields.notes);await expect(o.getByRole('checkbox',{name:'Complete '+done,exact:true})).toBeChecked();await o.getByRole('combobox',{name:'Task filter',exact:true}).selectOption({label:'Deleted'});await expect(taskRow(o,deleted).getByRole('textbox',{name:'Task due date',exact:true})).toHaveValue(fields.date);await returnTo(o,b);await expect(taskRow(o,second).getByRole('textbox',{name:'Task due date',exact:true})).toHaveValue('2400-02-29');}finally{await o.close();}
         |                                                                                                                                                                                                                                                                                                                                  ^
      44 |   await page.getByRole('textbox',{name:'Due from',exact:true}).fill('2400-02-29');await page.getByRole('textbox',{name:'Due through',exact:true}).fill('2400-02-29');await page.getByRole('button',{name:'Apply due range',exact:true}).click();await result(page,[a,b],['0/1 completed','0/1 completed'],[second,first],'0/2 completed');await page.getByRole('textbox',{name:'Visible tasks due date',exact:true}).fill('');await save(page).click();await result(page,[],[],[],'0/0 completed');await persistedField(page,a,first,'Task due date','');await persistedField(page,b,second,'Task due date','');await page.getByRole('textbox',{name:'Due from',exact:true}).fill('');await page.getByRole('textbox',{name:'Due through',exact:true}).fill('');await page.getByRole('button',{name:'Apply due range',exact:true}).click();await result(page,[a,b],['0/2 completed','0/1 completed'],[second,late,first],'0/3 completed');
      45 |   await page.getByRole('combobox',{name:'Task filter',exact:true}).selectOption({label:'Completed'});await result(page,[a],['1/1 completed'],[done],'1/1 completed');await page.getByRole('textbox',{name:'Visible tasks due date',exact:true}).fill('0001-01-01');await save(page).click();await result(page,[a],['1/1 completed'],[done],'1/1 completed');await persistedField(page,a,done,'Task due date','0001-01-01');await returnTo(page,a);await expect(taskRow(page,done).getByRole('textbox',{name:'Task due date',exact:true})).toHaveValue('0001-01-01');await expect(taskRow(page,first).getByRole('textbox',{name:'Task due date',exact:true})).toHaveValue('');
      46 |   await directory(page,q);await result(page,[a,b],['1/4 completed','0/1 completed'],[first,low,late,done,second],'1/5 completed');await page.getByRole('combobox',{name:'Task filter',exact:true}).selectOption({label:'Deleted'});await result(page,[a],['0/1 completed'],[deleted],'0/1 completed');await expect(save(page)).toBeDisabled();await page.getByRole('combobox',{name:'Project scope',exact:true}).selectOption({label:'Archived'});await result(page,[],[],[],'0/0 completed');await page.getByRole('combobox',{name:'Task filter',exact:true}).selectOption({label:'All'});await result(page,[c],['0/1 completed'],[archived],'0/1 completed');await expect(save(page)).toBeDisabled();
        at /Users/Shared/projects/competition/experiments/instruction-effects/revisions/research-v008/preflight/priority-fixtures/final030-third-executed-suite/directory-due-edit.spec.mjs:43:322

    attachment #1: screenshot (image/png) ──────────────────────────────────────────────────────────
    experiments/instruction-effects/revisions/research-v008/preflight/priority-fixtures/stage30-final-controls-1791660945847/negative-date-ignores-search-085/artifacts/directory-due-edit-085-dir-f51f5-ves-every-nonmatching-field/test-failed-1.png
    ────────────────────────────────────────────────────────────────────────────────────────────────

    Error Context: experiments/instruction-effects/revisions/research-v008/preflight/priority-fixtures/stage30-final-controls-1791660945847/negative-date-ignores-search-085/artifacts/directory-due-edit-085-dir-f51f5-ves-every-nonmatching-field/error-context.md

    attachment #3: trace (application/zip) ─────────────────────────────────────────────────────────
    experiments/instruction-effects/revisions/research-v008/preflight/priority-fixtures/stage30-final-controls-1791660945847/negative-date-ignores-search-085/artifacts/directory-due-edit-085-dir-f51f5-ves-every-nonmatching-field/trace.zip
    Usage:

        npx playwright show-trace experiments/instruction-effects/revisions/research-v008/preflight/priority-fixtures/stage30-final-controls-1791660945847/negative-date-ignores-search-085/artifacts/directory-due-edit-085-dir-f51f5-ves-every-nonmatching-field/trace.zip

    ────────────────────────────────────────────────────────────────────────────────────────────────


  1 failed
    experiments/instruction-effects/revisions/research-v008/preflight/priority-fixtures/final030-third-executed-suite/directory-due-edit.spec.mjs:36:2 › 085 directory due-date assignment honors intersections and preserves every nonmatching field 
