
Running 1 test using 1 worker



[1/1] experiments/instruction-effects/revisions/research-v003/decisions/task-015-draft/suite/notes.spec.mjs:10:2 › 052 multiline notes retain literal text filters and archived read-only behavior
  1) experiments/instruction-effects/revisions/research-v003/decisions/task-015-draft/suite/notes.spec.mjs:10:2 › 052 multiline notes retain literal text filters and archived read-only behavior 

    Error: expect(locator).toHaveValue(expected) failed

    Locator:  getByTestId('task-row').filter({ has: getByRole('checkbox', { name: 'Complete Notes identity', exact: true }) }).visible().getByRole('textbox', { name: 'Task notes', exact: true })
    Expected: ""
    Received: "Unexpected default"
    Timeout:  5000ms

    Call log:
      - Expect "toHaveValue" getByTestId('task-row').filter({ has: getByRole('checkbox', { name: 'Complete Notes identity', exact: true }) }).visible().getByRole('textbox', { name: 'Task notes', exact: true }) with timeout 5000ms
      - waiting for getByTestId('task-row').filter({ has: getByRole('checkbox', { name: 'Complete Notes identity', exact: true }) }).visible().getByRole('textbox', { name: 'Task notes', exact: true })
        14 × locator resolved to <textarea name="notes">Unexpected default</textarea>
           - unexpected value "Unexpected default"


       9 | if(stage>=15){
      10 |  test('052 multiline notes retain literal text filters and archived read-only behavior',async({page})=>{
    > 11 |   await createProject(page,'Notes values');await openProject(page,'Notes values');await createTask(page,'Notes identity');await expect(notes(page,'Notes identity')).toHaveValue('');await createTask(page,'Only in notes title sentinel');
         |                                                                                                                                                                      ^
      12 |   const value='  First line Ω\n  Only in notes\n</textarea><script>window.ffNotesExecuted=true</script><textarea>\nlast line  ';
      13 |   await saveNotes(page,'Notes values','Notes identity',value);await page.reload();await expect(notes(page,'Notes identity')).toHaveValue(value);expect(await page.evaluate(()=>window.ffNotesExecuted)).not.toBe(true);
      14 |   await page.getByRole('textbox',{name:'Task search',exact:true}).fill('Only in notes');await page.getByRole('button',{name:'Search tasks',exact:true}).click();await expect(taskRow(page,'Only in notes title sentinel')).toBeVisible();await expect(page.getByTestId('task-row').filter({visible:true})).toHaveCount(1);await expect(taskRow(page,'Notes identity')).toHaveCount(0);await page.getByRole('textbox',{name:'Task search',exact:true}).fill('identity');await page.getByRole('button',{name:'Search tasks',exact:true}).click();await expect(taskRow(page,'Notes identity')).toBeVisible();
        at /Users/Shared/projects/competition/experiments/instruction-effects/revisions/research-v003/decisions/task-015-draft/suite/notes.spec.mjs:11:166

    attachment #1: screenshot (image/png) ──────────────────────────────────────────────────────────
    experiments/instruction-effects/revisions/research-v003/preflight/priority-fixtures/stage-15-check-1791632693966/negative-wrong-notes-default/artifacts/notes-052-multiline-notes--1b071-archived-read-only-behavior/test-failed-1.png
    ────────────────────────────────────────────────────────────────────────────────────────────────

    Error Context: experiments/instruction-effects/revisions/research-v003/preflight/priority-fixtures/stage-15-check-1791632693966/negative-wrong-notes-default/artifacts/notes-052-multiline-notes--1b071-archived-read-only-behavior/error-context.md

    attachment #3: trace (application/zip) ─────────────────────────────────────────────────────────
    experiments/instruction-effects/revisions/research-v003/preflight/priority-fixtures/stage-15-check-1791632693966/negative-wrong-notes-default/artifacts/notes-052-multiline-notes--1b071-archived-read-only-behavior/trace.zip
    Usage:

        npx playwright show-trace experiments/instruction-effects/revisions/research-v003/preflight/priority-fixtures/stage-15-check-1791632693966/negative-wrong-notes-default/artifacts/notes-052-multiline-notes--1b071-archived-read-only-behavior/trace.zip

    ────────────────────────────────────────────────────────────────────────────────────────────────


  1 failed
    experiments/instruction-effects/revisions/research-v003/decisions/task-015-draft/suite/notes.spec.mjs:10:2 › 052 multiline notes retain literal text filters and archived read-only behavior 
