
Running 1 test using 1 worker



[1/1] experiments/instruction-effects/revisions/research-v004/decisions/task-019-draft/suite/directory.spec.mjs:12:2 › 064 directory preserves owner and stored order with live deleted archived and literal field semantics
  1) experiments/instruction-effects/revisions/research-v004/decisions/task-019-draft/suite/directory.spec.mjs:12:2 › 064 directory preserves owner and stored order with live deleted archived and literal field semantics 

    Error: expect(locator).toHaveCount(expected) failed

    Locator:  getByTestId('directory-task-row').visible()
    Expected: 3
    Received: 4
    Timeout:  5000ms

    Call log:
      - Expect "toHaveCount" getByTestId('directory-task-row').visible() with timeout 5000ms
      - waiting for getByTestId('directory-task-row').visible()
        14 × locator resolved to 4 elements
           - unexpected value "4"


      12 |  test('064 directory preserves owner and stored order with live deleted archived and literal field semantics',async({page})=>{
      13 |   const owner='Directory Zulu owner',first=title('Directory Zulu'),second=title('Directory Alpha'),third=title('Directory Mid'),deleted=title('Directory deleted'),archived=title('Directory archived'),note='  Directory <b>Ω</b>\nretained  ';await createProject(page,owner);await openProject(page,owner);await taskWith(page,owner,first,'High','2045-01-01',false,note);await taskWith(page,owner,second,'Low','',true);await taskWith(page,owner,deleted,'Normal','2047-01-01',true);await taskRow(page,deleted).getByRole('button',{name:'Delete task',exact:true}).click();await taskWith(page,owner,'Foreign directory title','Normal','',false,title('Directory notes only'));await createProject(page,'Directory Alpha owner');await openProject(page,'Directory Alpha owner');await createTask(page,third);await createProject(page,'Directory archived owner');await openProject(page,'Directory archived owner');await taskWith(page,'Directory archived owner',archived,'High','2045-01-01');await createTask(page,title('Directory archived deleted'));await taskRow(page,title('Directory archived deleted')).getByRole('button',{name:'Delete task',exact:true}).click();await page.getByRole('button',{name:'Projects',exact:true}).click();await projectRow(page,'Directory archived owner').getByRole('button',{name:'Archive project',exact:true}).click();
    > 14 |   await directory(page);await expect(page.getByRole('combobox',{name:'Project scope',exact:true}).locator('option')).toHaveText(['Active','Archived']);await expect(page.getByRole('combobox',{name:'Task filter',exact:true}).locator('option')).toHaveText(['All','Open','Completed','Deleted']);await expect(page.getByRole('combobox',{name:'Priority filter',exact:true}).locator('option')).toHaveText(['All','Low','Normal','High']);await query(page,'  '+title('Directory').toUpperCase()+'  ');await expect(row(page,first)).toBeVisible();await expect(rows(page)).toHaveCount(3);for(const [i,t] of [first,second,third].entries())await expect(rows(page).nth(i).getByTestId('directory-task-title')).toHaveText(t);await expect(row(page,first).getByTestId('directory-project-name')).toHaveText(projectName(owner));await expect(row(page,first).getByTestId('directory-task-completion')).toHaveText('Open');await expect(row(page,first).getByTestId('directory-task-priority')).toHaveText('High');await expect(row(page,first).getByTestId('directory-task-due-date')).toHaveText('2045-01-01');await expect.poll(async()=>(await row(page,first).getByTestId('directory-task-notes').textContent()).replace(/\r\n?/g,'\n')).toBe(note);await expect(row(page,second).getByTestId('directory-task-completion')).toHaveText('Completed');await expect(row(page,second).getByTestId('directory-task-priority')).toHaveText('Low');await expect(row(page,second).getByTestId('directory-task-due-date')).toHaveText('');await expect(rows(page).getByRole('textbox')).toHaveCount(0);
         |                                                                                                                                                                                                                                                                                                                                                                                                                                                                                                                                                                               ^
      15 |   await page.getByRole('combobox',{name:'Task filter',exact:true}).selectOption({label:'Deleted'});await expect(row(page,deleted)).toBeVisible();await expect(rows(page)).toHaveCount(1);await expect(row(page,deleted).getByTestId('directory-task-completion')).toHaveText('Completed');await page.getByRole('combobox',{name:'Project scope',exact:true}).selectOption({label:'Archived'});await expect(row(page,title('Directory archived deleted'))).toBeVisible();await page.getByRole('combobox',{name:'Task filter',exact:true}).selectOption({label:'All'});await expect(row(page,archived)).toBeVisible();await expect(rows(page)).toHaveCount(1);await row(page,archived).getByRole('button',{name:'Open project',exact:true}).click();await expect(page.getByRole('heading',{name:projectName('Directory archived owner'),exact:true}).first()).toBeVisible();await expect(taskRow(page,archived).getByRole('button',{name:'Delete task',exact:true})).toBeDisabled();
      16 |  });
      17 |  test('065 directory intersects and retains filters validates ranges and resets on a new opening',async({page})=>{
        at /Users/Shared/projects/competition/experiments/instruction-effects/revisions/research-v004/decisions/task-019-draft/suite/directory.spec.mjs:14:559

    attachment #1: screenshot (image/png) ──────────────────────────────────────────────────────────
    experiments/instruction-effects/revisions/research-v004/preflight/priority-fixtures/stage-19-check-1791640025587/negative-directory-owner-search/artifacts/directory-064-directory-pr-30198-and-literal-field-semantics/test-failed-1.png
    ────────────────────────────────────────────────────────────────────────────────────────────────

    Error Context: experiments/instruction-effects/revisions/research-v004/preflight/priority-fixtures/stage-19-check-1791640025587/negative-directory-owner-search/artifacts/directory-064-directory-pr-30198-and-literal-field-semantics/error-context.md

    attachment #3: trace (application/zip) ─────────────────────────────────────────────────────────
    experiments/instruction-effects/revisions/research-v004/preflight/priority-fixtures/stage-19-check-1791640025587/negative-directory-owner-search/artifacts/directory-064-directory-pr-30198-and-literal-field-semantics/trace.zip
    Usage:

        npx playwright show-trace experiments/instruction-effects/revisions/research-v004/preflight/priority-fixtures/stage-19-check-1791640025587/negative-directory-owner-search/artifacts/directory-064-directory-pr-30198-and-literal-field-semantics/trace.zip

    ────────────────────────────────────────────────────────────────────────────────────────────────


  1 failed
    experiments/instruction-effects/revisions/research-v004/decisions/task-019-draft/suite/directory.spec.mjs:12:2 › 064 directory preserves owner and stored order with live deleted archived and literal field semantics 
