
Running 4 tests using 1 worker



[1/4] runs/instruction-effects/pilot-011/definitions/project/acceptance/workboard.spec.mjs:6:1 › 001 health and project creation persist on reload
[2/4] runs/instruction-effects/pilot-011/definitions/project/acceptance/workboard.spec.mjs:21:1 › 002 blank project input is rejected
  1) runs/instruction-effects/pilot-011/definitions/project/acceptance/workboard.spec.mjs:21:1 › 002 blank project input is rejected 

    Error: expect(locator).toContainText(expected) failed

    Locator: getByRole('alert')
    Expected substring: "Project name is required"
    Timeout: 5000ms
    Error: element(s) not found

    Call log:
      - Expect "toContainText" getByRole('alert') with timeout 5000ms
      - waiting for getByRole('alert')


      26 |   await page.getByRole('textbox', { name: 'Project name', exact: true }).fill('   ');
      27 |   await page.getByRole('button', { name: 'Create project', exact: true }).click();
    > 28 |   await expect(page.getByRole('alert')).toContainText('Project name is required');
         |                                         ^
      29 |   await page.reload();
      30 |   await expect(projectRow(page, 'Blank validation sentinel')).toBeVisible();
      31 |   await expect(page.getByTestId('project-row').filter({ visible: true })).toHaveCount(rows);
        at /Users/Shared/projects/competition/runs/instruction-effects/pilot-011/definitions/project/acceptance/workboard.spec.mjs:28:41

    attachment #1: screenshot (image/png) ──────────────────────────────────────────────────────────
    runs/instruction-effects/pilot-011/tasks/task-001/attempts/b011/attempt-001/acceptance/artifacts/workboard-002-blank-project-input-is-rejected/test-failed-1.png
    ────────────────────────────────────────────────────────────────────────────────────────────────

    Error Context: runs/instruction-effects/pilot-011/tasks/task-001/attempts/b011/attempt-001/acceptance/artifacts/workboard-002-blank-project-input-is-rejected/error-context.md

    attachment #3: trace (application/zip) ─────────────────────────────────────────────────────────
    runs/instruction-effects/pilot-011/tasks/task-001/attempts/b011/attempt-001/acceptance/artifacts/workboard-002-blank-project-input-is-rejected/trace.zip
    Usage:

        npx playwright show-trace runs/instruction-effects/pilot-011/tasks/task-001/attempts/b011/attempt-001/acceptance/artifacts/workboard-002-blank-project-input-is-rejected/trace.zip

    ────────────────────────────────────────────────────────────────────────────────────────────────




[3/4] runs/instruction-effects/pilot-011/definitions/project/acceptance/workboard.spec.mjs:34:1 › 003 project creation order
[4/4] runs/instruction-effects/pilot-011/definitions/project/acceptance/workboard.spec.mjs:146:1 › 011 seed process-restart persistence checks
  1 failed
    runs/instruction-effects/pilot-011/definitions/project/acceptance/workboard.spec.mjs:21:1 › 002 blank project input is rejected 
  3 passed (7.1s)
