
Running 1 test using 1 worker



[1/1] experiments/instruction-effects/revisions/research-v005/decisions/task-021-draft/suite/deletion.spec.mjs:18:2 › 055 restoration retains reserved order explicit priority completion and remembered destination positions
  1) experiments/instruction-effects/revisions/research-v005/decisions/task-021-draft/suite/deletion.spec.mjs:18:2 › 055 restoration retains reserved order explicit priority completion and remembered destination positions 

    Error: expect(locator).toBeVisible() failed

    Locator: getByTestId('task-row').visible().nth(1).getByRole('checkbox', { name: 'Complete Reserved', exact: true })
    Expected: visible
    Timeout: 5000ms
    Error: element(s) not found

    Call log:
      - Expect "toBeVisible" getByTestId('task-row').visible().nth(1).getByRole('checkbox', { name: 'Complete Reserved', exact: true }) with timeout 5000ms
      - waiting for getByTestId('task-row').visible().nth(1).getByRole('checkbox', { name: 'Complete Reserved', exact: true })


       5 | async function summary(page,owner,value){const observer=await page.context().newPage();try{await expect.poll(async()=>{await observer.goto('/');return projectRow(observer,owner).getByTestId('project-summary').textContent();},{timeout:5000}).toBe(value);}finally{await observer.close();}}
       6 | async function saved(page,owner,title,label,value){const row=taskRow(page,title);await row.getByRole('textbox',{name:label,exact:true}).fill(value);await row.getByRole('button',{name:label==='Task notes'?'Save notes':'Save due date',exact:true}).click();const observer=await page.context().newPage();try{await expect.poll(async()=>{await observer.goto('/');await openProject(observer,owner);return taskRow(observer,title).getByRole('textbox',{name:label,exact:true}).inputValue();},{timeout:5000}).toBe(value);}finally{await observer.close();}}
    >  7 | async function ordered(page,titles){const rows=page.getByTestId('task-row').filter({visible:true});await expect(rows).toHaveCount(titles.length);for(const [index,title] of titles.entries())await expect(rows.nth(index).getByRole('checkbox',{name:'Complete '+title,exact:true})).toBeVisible();}
         |                                                                                                                                                                                                                                                                                      ^
       8 | test.beforeEach(async({context})=>{await isolateBrowser(context);});
       9 | if(stage>=16){
      10 |  test('054 deleted tasks preserve fields intersect filters and remain read-only through project archival',async({page})=>{
        at ordered (/Users/Shared/projects/competition/experiments/instruction-effects/revisions/research-v005/decisions/task-021-draft/suite/deletion.spec.mjs:7:278)
        at /Users/Shared/projects/competition/experiments/instruction-effects/revisions/research-v005/decisions/task-021-draft/suite/deletion.spec.mjs:21:1086

    attachment #1: screenshot (image/png) ──────────────────────────────────────────────────────────
    experiments/instruction-effects/revisions/research-v005/preflight/priority-fixtures/order-final-directory-check-1791647094342/negative-restore-appends/artifacts/deletion-055-restoration-r-fdb65-bered-destination-positions/test-failed-1.png
    ────────────────────────────────────────────────────────────────────────────────────────────────

    Error Context: experiments/instruction-effects/revisions/research-v005/preflight/priority-fixtures/order-final-directory-check-1791647094342/negative-restore-appends/artifacts/deletion-055-restoration-r-fdb65-bered-destination-positions/error-context.md

    attachment #3: trace (application/zip) ─────────────────────────────────────────────────────────
    experiments/instruction-effects/revisions/research-v005/preflight/priority-fixtures/order-final-directory-check-1791647094342/negative-restore-appends/artifacts/deletion-055-restoration-r-fdb65-bered-destination-positions/trace.zip
    Usage:

        npx playwright show-trace experiments/instruction-effects/revisions/research-v005/preflight/priority-fixtures/order-final-directory-check-1791647094342/negative-restore-appends/artifacts/deletion-055-restoration-r-fdb65-bered-destination-positions/trace.zip

    ────────────────────────────────────────────────────────────────────────────────────────────────


  1 failed
    experiments/instruction-effects/revisions/research-v005/decisions/task-021-draft/suite/deletion.spec.mjs:18:2 › 055 restoration retains reserved order explicit priority completion and remembered destination positions 
