
Running 1 test using 1 worker



[1/1] experiments/instruction-effects/revisions/research-v006/decisions/task-020-draft/suite/move-task.spec.mjs:26:2 › 040 moving under combined filters retains source range and independent data
  1) experiments/instruction-effects/revisions/research-v006/decisions/task-020-draft/suite/move-task.spec.mjs:26:2 › 040 moving under combined filters retains source range and independent data 

    Error: Timeout 5000ms exceeded while waiting on the predicate

       5 | const sentinel={'Transfer source':'Source remaining','Transfer target':'Target first','Filtered transfer source':'Filtered first','Filtered transfer target':'Filtered target sentinel','Read-only transfer owner':'Undated owner sentinel','Read-only transfer target':'Undated target sentinel'};
       6 | async function persistedLocation(page,source,target,title,sourceSummary){
    >  7 |  const observer=await page.context().newPage();try{await expect.poll(async()=>{await observer.goto('/');await openProject(observer,target);await expect(taskRow(observer,sentinel[target])).toBeVisible();const count=await taskRow(observer,title).count();if(count!==1)return [count,-1];await observer.goto('/');if(sourceSummary)await expect(projectRow(observer,source).getByTestId('project-summary')).toHaveText(sourceSummary);await openProject(observer,source);await expect(taskRow(observer,sentinel[source])).toBeVisible();return [count,await taskRow(observer,title).count()];},{timeout:5000}).toEqual([1,0]);}finally{await observer.close();}
         |                                                                                                                                                                                                                                                                                                                                                                                                                                                                                                                                                                                                                  ^
       8 | }
       9 | async function setDate(page,project,title,value){
      10 |  await taskRow(page,title).getByRole('textbox',{name:'Task due date',exact:true}).fill(value);await taskRow(page,title).getByRole('button',{name:'Save due date',exact:true}).click();
        at persistedLocation (/Users/Shared/projects/competition/experiments/instruction-effects/revisions/research-v006/decisions/task-020-draft/suite/move-task.spec.mjs:7:594)
        at /Users/Shared/projects/competition/experiments/instruction-effects/revisions/research-v006/decisions/task-020-draft/suite/move-task.spec.mjs:33:150

    attachment #1: screenshot (image/png) ──────────────────────────────────────────────────────────
    experiments/instruction-effects/revisions/research-v006/preflight/priority-fixtures/read-defect-check-1791649895797/negative-copy-instead-of-move/artifacts/move-task-040-moving-under-5c13e--range-and-independent-data/test-failed-1.png
    ────────────────────────────────────────────────────────────────────────────────────────────────

    Error Context: experiments/instruction-effects/revisions/research-v006/preflight/priority-fixtures/read-defect-check-1791649895797/negative-copy-instead-of-move/artifacts/move-task-040-moving-under-5c13e--range-and-independent-data/error-context.md

    attachment #3: trace (application/zip) ─────────────────────────────────────────────────────────
    experiments/instruction-effects/revisions/research-v006/preflight/priority-fixtures/read-defect-check-1791649895797/negative-copy-instead-of-move/artifacts/move-task-040-moving-under-5c13e--range-and-independent-data/trace.zip
    Usage:

        npx playwright show-trace experiments/instruction-effects/revisions/research-v006/preflight/priority-fixtures/read-defect-check-1791649895797/negative-copy-instead-of-move/artifacts/move-task-040-moving-under-5c13e--range-and-independent-data/trace.zip

    ────────────────────────────────────────────────────────────────────────────────────────────────


  1 failed
    experiments/instruction-effects/revisions/research-v006/decisions/task-020-draft/suite/move-task.spec.mjs:26:2 › 040 moving under combined filters retains source range and independent data 
