
Running 3 tests using 1 worker



[1/3] experiments/instruction-effects/revisions/research-v007/decisions/task-027-draft/suite/directory-notes-edit.spec.mjs:34:2 › 088 directory notes preserve literal text every intersection and other fields
[2/3] experiments/instruction-effects/revisions/research-v007/decisions/task-027-draft/suite/directory-notes-edit.spec.mjs:42:2 › 089 directory notes limit counts Unicode code points and rejects atomically with correction text retained
  1) experiments/instruction-effects/revisions/research-v007/decisions/task-027-draft/suite/directory-notes-edit.spec.mjs:42:2 › 089 directory notes limit counts Unicode code points and rejects atomically with correction text retained 

    Error: expect(locator).toHaveText(expected) failed

    Locator: getByTestId('directory-task-row').visible().getByTestId('directory-task-title')
    Timeout: 5000ms
    - Expected  - 4
    + Received  + 1

    - Array [
    -   "task-027 Notes limit target first",
    -   "task-027 Notes limit target second",
    - ]
    + Array []

    Call log:
      - Expect "toHaveText" getByTestId('directory-task-row').visible().getByTestId('directory-task-title') with timeout 5000ms
      - waiting for getByTestId('directory-task-row').visible().getByTestId('directory-task-title')
        14 × locator resolved to 0 elements


       8 | async function result(p,names,counts,expected,total){
       9 |  if(!expected.length)await expect(p.getByText('No matching tasks',{exact:true})).toBeVisible();
    > 10 |  await expect(rows(p).getByTestId('directory-task-title')).toHaveText(expected);
         |                                                            ^
      11 |  await expect(owners(p).getByTestId('directory-owner-name')).toHaveText(names.map(projectName));
      12 |  await expect(owners(p).getByTestId('directory-owner-summary')).toHaveText(counts);
      13 |  await expect(p.getByTestId('directory-summary')).toHaveText(total);
        at result (/Users/Shared/projects/competition/experiments/instruction-effects/revisions/research-v007/decisions/task-027-draft/suite/directory-notes-edit.spec.mjs:10:60)
        at /Users/Shared/projects/competition/experiments/instruction-effects/revisions/research-v007/decisions/task-027-draft/suite/directory-notes-edit.spec.mjs:44:412

    Error Context: experiments/instruction-effects/revisions/research-v007/preflight/priority-fixtures/stage27-notes-check-1791656790216/positive-async/artifacts/directory-notes-edit-089-d-fe5ac-th-correction-text-retained/error-context.md

    attachment #2: trace (application/zip) ─────────────────────────────────────────────────────────
    experiments/instruction-effects/revisions/research-v007/preflight/priority-fixtures/stage27-notes-check-1791656790216/positive-async/artifacts/directory-notes-edit-089-d-fe5ac-th-correction-text-retained/trace.zip
    Usage:

        npx playwright show-trace experiments/instruction-effects/revisions/research-v007/preflight/priority-fixtures/stage27-notes-check-1791656790216/positive-async/artifacts/directory-notes-edit-089-d-fe5ac-th-correction-text-retained/trace.zip

    ────────────────────────────────────────────────────────────────────────────────────────────────




[3/3] experiments/instruction-effects/revisions/research-v007/decisions/task-027-draft/suite/directory-notes-position.spec.mjs:8:14 › 090 bulk notes assignment preserves own and foreign reserved positions later edits and export order
  1 failed
    experiments/instruction-effects/revisions/research-v007/decisions/task-027-draft/suite/directory-notes-edit.spec.mjs:42:2 › 089 directory notes limit counts Unicode code points and rejects atomically with correction text retained 
  2 passed (1.7m)
