
Running 1 test using 1 worker



[1/1] experiments/instruction-effects/revisions/research-v008/decisions/task-013-corrected/suite/search.spec.mjs:15:2 › 047 task search intersects all filters retaining order and summary counts
  1) experiments/instruction-effects/revisions/research-v008/decisions/task-013-corrected/suite/search.spec.mjs:15:2 › 047 task search intersects all filters retaining order and summary counts 

    Error: expect(locator).toHaveCount(expected) failed

    Locator:  getByTestId('task-row').visible()
    Expected: 2
    Received: 3
    Timeout:  5000ms

    Call log:
      - Expect "toHaveCount" getByTestId('task-row').visible() with timeout 5000ms
      - waiting for getByTestId('task-row').visible()
        14 × locator resolved to 3 elements
           - unexpected value "3"


      23 |   }
      24 |   await page.getByRole('combobox',{name:'Task filter',exact:true}).selectOption({label:'Open'});await expect(taskRow(page,'Mixed undated')).toBeVisible();await expect(taskRow(page,'Other normal guard')).toBeVisible();await expect(taskRow(page,'MIXED completed')).toHaveCount(0);await expect(page.getByTestId('task-row').filter({visible:true})).toHaveCount(5);await page.getByRole('combobox',{name:'Priority filter',exact:true}).selectOption({label:'High'});await expect(taskRow(page,'Other high')).toBeVisible();await expect(taskRow(page,'Mixed undated')).toBeVisible();await expect(taskRow(page,'Other normal guard')).toHaveCount(0);await expect(page.getByTestId('task-row').filter({visible:true})).toHaveCount(4);await page.getByRole('textbox',{name:'Due from',exact:true}).fill('2034-01-01');await page.getByRole('textbox',{name:'Due through',exact:true}).fill('2034-01-01');await page.getByRole('button',{name:'Apply due range',exact:true}).click();await expect(taskRow(page,'Other high')).toBeVisible();await expect(taskRow(page,'Mixed first')).toBeVisible();await expect(taskRow(page,'mixed last')).toBeVisible();await expect(taskRow(page,'Mixed undated')).toHaveCount(0);await expect(page.getByTestId('task-row').filter({visible:true})).toHaveCount(3);await taskSearch(page,' MIXED ');
    > 25 |   await expect(page.getByTestId('task-row').filter({visible:true})).toHaveCount(2);const rows=page.getByTestId('task-row').filter({visible:true});await expect(rows.nth(0).getByRole('checkbox',{name:'Complete Mixed first',exact:true})).toBeVisible();await expect(rows.nth(1).getByRole('checkbox',{name:'Complete mixed last',exact:true})).toBeVisible();
         |                                                                     ^
      26 |   await expect(page.getByRole('combobox',{name:'Task filter',exact:true}).locator('option:checked')).toHaveText('Open');await expect(page.getByRole('combobox',{name:'Priority filter',exact:true}).locator('option:checked')).toHaveText('High');await expect(page.getByRole('textbox',{name:'Due from',exact:true})).toHaveValue('2034-01-01');await expect(page.getByRole('textbox',{name:'Due through',exact:true})).toHaveValue('2034-01-01');
      27 |   await page.getByRole('combobox',{name:'Task filter',exact:true}).selectOption({label:'Completed'});await expect(taskRow(page,'MIXED completed')).toBeVisible();await expect(page.getByTestId('task-row').filter({visible:true})).toHaveCount(1);await taskSearch(page,'');await expect(taskRow(page,'MIXED completed')).toBeVisible();await page.getByRole('button',{name:'Projects',exact:true}).click();await expect(projectRow(page,'Search task intersections').getByTestId('project-summary')).toHaveText('1/6 completed');
      28 |   await createProject(page,'Search internal spacing');await openProject(page,'Search internal spacing');await createTask(page,'Two  spaces');await createTask(page,'Two spaces sentinel');await taskSearch(page,'two spaces');await expect(taskRow(page,'Two spaces sentinel')).toBeVisible();await expect(page.getByTestId('task-row').filter({visible:true})).toHaveCount(stage>=14?2:1);if(stage===13)await expect(taskRow(page,'Two  spaces')).toHaveCount(0);await taskSearch(page,'two  spaces');await expect(taskRow(page,'Two  spaces')).toBeVisible();await expect(page.getByTestId('task-row').filter({visible:true})).toHaveCount(stage>=14?2:1);if(stage===13)await expect(taskRow(page,'Two spaces sentinel')).toHaveCount(0);
        at /Users/Shared/projects/competition/experiments/instruction-effects/revisions/research-v008/decisions/task-013-corrected/suite/search.spec.mjs:25:69

    attachment #1: screenshot (image/png) ──────────────────────────────────────────────────────────
    experiments/instruction-effects/revisions/research-v008/preflight/priority-fixtures/search047-full-body-check-1791659794362/negative-filters-reset-search/artifacts/search-047-task-search-int-84d06-ng-order-and-summary-counts/test-failed-1.png
    ────────────────────────────────────────────────────────────────────────────────────────────────

    Error Context: experiments/instruction-effects/revisions/research-v008/preflight/priority-fixtures/search047-full-body-check-1791659794362/negative-filters-reset-search/artifacts/search-047-task-search-int-84d06-ng-order-and-summary-counts/error-context.md

    attachment #3: trace (application/zip) ─────────────────────────────────────────────────────────
    experiments/instruction-effects/revisions/research-v008/preflight/priority-fixtures/search047-full-body-check-1791659794362/negative-filters-reset-search/artifacts/search-047-task-search-int-84d06-ng-order-and-summary-counts/trace.zip
    Usage:

        npx playwright show-trace experiments/instruction-effects/revisions/research-v008/preflight/priority-fixtures/search047-full-body-check-1791659794362/negative-filters-reset-search/artifacts/search-047-task-search-int-84d06-ng-order-and-summary-counts/trace.zip

    ────────────────────────────────────────────────────────────────────────────────────────────────


  1 failed
    experiments/instruction-effects/revisions/research-v008/decisions/task-013-corrected/suite/search.spec.mjs:15:2 › 047 task search intersects all filters retaining order and summary counts 
