
Running 1 test using 1 worker



[1/1] experiments/instruction-effects/revisions/research-v010/preflight/task032-executed02-suite/project-name-limit.spec.mjs:28:2 › 108 accepted boundary workspace names preserve duplicate identities fields and restart seed
  1) experiments/instruction-effects/revisions/research-v010/preflight/task032-executed02-suite/project-name-limit.spec.mjs:28:2 › 108 accepted boundary workspace names preserve duplicate identities fields and restart seed 

    Error: expect(received).toEqual(expected) // deep equality

    - Expected  - 0
    + Received  + 9

    @@ -10,7 +10,16 @@
            "notes": "  Name limit Ω
      kept  ",
            "priority": "High",
            "title": "Name limit imported record",
          },
    +     Object {
    +       "completed": false,
    +       "deleted": false,
    +       "dueDate": "2080-02-29",
    +       "notes": "  Name limit Ω
    + kept  ",
    +       "priority": "High",
    +       "title": "Name limit imported record",
    +     },
        ],
      }

      27 |  });
      28 |  test('108 accepted boundary workspace names preserve duplicate identities fields and restart seed',async({page})=>{
    > 29 |   test.setTimeout(60000);const name=boundary('Name limit persistence','😀');expect(Array.from(name).length).toBe(200);const a=owner('  '+name+'  '),b={...owner(name),archived:true};await page.goto('/');await page.getByRole('textbox',{name:'Workspace JSON',exact:true}).fill(JSON.stringify({format:'workboard-workspace',version:1,projects:[a,b]}));await page.getByRole('button',{name:'Import workspace',exact:true}).click();await page.reload();await literalRow(page,name).getByRole('button',{name:'Open project',exact:true}).click();const exported=await download(page);const activeUrl=page.url();expect(exported.project).toEqual({...a,name});await page.goto('/');await page.getByRole('combobox',{name:'Project filter',exact:true}).selectOption({label:'Archived'});await expect(literalRow(page,name)).toHaveCount(1);await expect(literalRow(page,name).getByRole('button',{name:'Restore project',exact:true})).toBeVisible();await literalRow(page,name).getByRole('button',{name:'Open project',exact:true}).click();expect((await download(page)).project).toEqual(b);expect(page.url()).not.toBe(activeUrl);if(stage===32){await page.goto('/');await createProject(page,'Legacy title owner');await openProject(page,'Legacy title owner');await createTask(page,'🙂'.repeat(501));await taskRow(page,'🙂'.repeat(501)).getByRole('textbox',{name:'Task notes',exact:true}).fill('  Legacy title Ω\nkept  ');await taskRow(page,'🙂'.repeat(501)).getByRole('button',{name:'Save notes',exact:true}).click();const observer=await page.context().newPage();try{await expect.poll(async()=>{await observer.goto('/');await openProject(observer,'Legacy title owner');return taskRow(observer,'🙂'.repeat(501)).getByRole('textbox',{name:'Task notes',exact:true}).inputValue();}).toBe('  Legacy title Ω\nkept  ');}finally{await observer.close();}}
         |                                                                                                                                                                                                                                                                                                                                                                                                                                                                                                                                                                                                                                             ^
      30 |  });
      31 | }
      32 |
        at /Users/Shared/projects/competition/experiments/instruction-effects/revisions/research-v010/preflight/task032-executed02-suite/project-name-limit.spec.mjs:29:621

    attachment #1: screenshot (image/png) ──────────────────────────────────────────────────────────
    experiments/instruction-effects/revisions/research-v010/preflight/task032-focused02-check-1791674872547/negative-workspace-import-collapse-names-108/artifacts/project-name-limit-108-acc-1122f-ies-fields-and-restart-seed/test-failed-1.png
    ────────────────────────────────────────────────────────────────────────────────────────────────

    Error Context: experiments/instruction-effects/revisions/research-v010/preflight/task032-focused02-check-1791674872547/negative-workspace-import-collapse-names-108/artifacts/project-name-limit-108-acc-1122f-ies-fields-and-restart-seed/error-context.md

    attachment #3: trace (application/zip) ─────────────────────────────────────────────────────────
    experiments/instruction-effects/revisions/research-v010/preflight/task032-focused02-check-1791674872547/negative-workspace-import-collapse-names-108/artifacts/project-name-limit-108-acc-1122f-ies-fields-and-restart-seed/trace.zip
    Usage:

        npx playwright show-trace experiments/instruction-effects/revisions/research-v010/preflight/task032-focused02-check-1791674872547/negative-workspace-import-collapse-names-108/artifacts/project-name-limit-108-acc-1122f-ies-fields-and-restart-seed/trace.zip

    ────────────────────────────────────────────────────────────────────────────────────────────────


  1 failed
    experiments/instruction-effects/revisions/research-v010/preflight/task032-executed02-suite/project-name-limit.spec.mjs:28:2 › 108 accepted boundary workspace names preserve duplicate identities fields and restart seed 
