
Running 1 test using 1 worker



[1/1] experiments/instruction-effects/revisions/research-v004/decisions/task-017-draft/suite/export.spec.mjs:7:2 › 058 export includes every stored task in order with literal values despite current filters
  1) experiments/instruction-effects/revisions/research-v004/decisions/task-017-draft/suite/export.spec.mjs:7:2 › 058 export includes every stored task in order with literal values despite current filters 

    Error: expect(received).toBe(expected) // Object.is equality

    Expected: "workboard-project.json"
    Received: "wrong.json"

      1 | import {test,expect} from '@playwright/test';
      2 | import {stage,projectName,projectRow,taskRow,createProject,openProject,createTask,isolateBrowser,expectPersistedPriority} from './helpers.mjs';
    > 3 | async function exported(page){const [download]=await Promise.all([page.waitForEvent('download'),page.getByRole('button',{name:'Download project',exact:true}).click()]);expect(download.suggestedFilename()).toBe('workboard-project.json');const stream=await download.createReadStream();const chunks=[];for await(const chunk of stream)chunks.push(chunk);const value=JSON.parse(Buffer.concat(chunks).toString('utf8'));expect(value.format).toBe('workboard-project');expect(value.version).toBe(1);return value.project;}
        |                                                                                                                                                                                                              ^
      4 | async function saved(page,owner,title,label,value){await taskRow(page,title).getByRole('textbox',{name:label,exact:true}).fill(value);await taskRow(page,title).getByRole('button',{name:label==='Task notes'?'Save notes':'Save due date',exact:true}).click();const observer=await page.context().newPage();try{await expect.poll(async()=>{await observer.goto('/');await openProject(observer,owner);return taskRow(observer,title).getByRole('textbox',{name:label,exact:true}).inputValue();},{timeout:5000}).toBe(value);}finally{await observer.close();}}
      5 | test.beforeEach(async({context})=>{await isolateBrowser(context);});
      6 | if(stage>=17){
        at exported (/Users/Shared/projects/competition/experiments/instruction-effects/revisions/research-v004/decisions/task-017-draft/suite/export.spec.mjs:3:206)
        at /Users/Shared/projects/competition/experiments/instruction-effects/revisions/research-v004/decisions/task-017-draft/suite/export.spec.mjs:9:535

    attachment #1: screenshot (image/png) ──────────────────────────────────────────────────────────
    experiments/instruction-effects/revisions/research-v004/preflight/priority-fixtures/stage-17-check-1791635992784/negative-wrong-export-filename/artifacts/export-058-export-includes-775ef-ues-despite-current-filters/test-failed-1.png
    ────────────────────────────────────────────────────────────────────────────────────────────────

    Error Context: experiments/instruction-effects/revisions/research-v004/preflight/priority-fixtures/stage-17-check-1791635992784/negative-wrong-export-filename/artifacts/export-058-export-includes-775ef-ues-despite-current-filters/error-context.md

    attachment #3: trace (application/zip) ─────────────────────────────────────────────────────────
    experiments/instruction-effects/revisions/research-v004/preflight/priority-fixtures/stage-17-check-1791635992784/negative-wrong-export-filename/artifacts/export-058-export-includes-775ef-ues-despite-current-filters/trace.zip
    Usage:

        npx playwright show-trace experiments/instruction-effects/revisions/research-v004/preflight/priority-fixtures/stage-17-check-1791635992784/negative-wrong-export-filename/artifacts/export-058-export-includes-775ef-ues-despite-current-filters/trace.zip

    ────────────────────────────────────────────────────────────────────────────────────────────────


  1 failed
    experiments/instruction-effects/revisions/research-v004/decisions/task-017-draft/suite/export.spec.mjs:7:2 › 058 export includes every stored task in order with literal values despite current filters 
