
Running 68 tests using 1 worker



[1/68] experiments/instruction-effects/revisions/research-v006/decisions/task-020-draft/suite/bulk-directory.spec.mjs:13:2 › 067 bulk completion intersects every directory filter and preserves fields order and reserved positions
[2/68] experiments/instruction-effects/revisions/research-v006/decisions/task-020-draft/suite/bulk-directory.spec.mjs:24:2 › 068 archived deleted and empty directory scopes disable both bulk actions without changing protected records
[3/68] experiments/instruction-effects/revisions/research-v006/decisions/task-020-draft/suite/bulk-directory.spec.mjs:29:2 › 069 bulk changes retain two project restart sentinels with literal original metadata
[4/68] experiments/instruction-effects/revisions/research-v006/decisions/task-020-draft/suite/default-priority.spec.mjs:11:2 › 027 pre-default projects and tasks preserve their distinct saved priorities
[5/68] experiments/instruction-effects/revisions/research-v006/decisions/task-020-draft/suite/default-priority.spec.mjs:20:2 › 028 project default affects only future tasks and retains filters and summary
[6/68] experiments/instruction-effects/revisions/research-v006/decisions/task-020-draft/suite/default-priority.spec.mjs:53:2 › 029 project default survives rename archive and restoration
[7/68] experiments/instruction-effects/revisions/research-v006/decisions/task-020-draft/suite/deletion.spec.mjs:10:2 › 054 deleted tasks preserve fields intersect filters and remain read-only through project archival
  1) experiments/instruction-effects/revisions/research-v006/decisions/task-020-draft/suite/deletion.spec.mjs:10:2 › 054 deleted tasks preserve fields intersect filters and remain read-only through project archival 

    Error: expect(locator).toHaveCount(expected) failed

    Locator:  getByTestId('task-row').filter({ has: getByRole('checkbox', { name: 'Complete Completed remove outside', exact: true }) }).visible()
    Expected: 0
    Received: 1
    Timeout:  5000ms

    Call log:
      - Expect "toHaveCount" getByTestId('task-row').filter({ has: getByRole('checkbox', { name: 'Complete Completed remove outside', exact: true }) }).visible() with timeout 5000ms
      - waiting for getByTestId('task-row').filter({ has: getByRole('checkbox', { name: 'Complete Completed remove outside', exact: true }) }).visible()
        14 × locator resolved to 1 element
           - unexpected value "1"


      12 |   await expect(filter(page).locator('option')).toHaveText(['All','Open','Completed','Deleted']);await page.getByRole('checkbox',{name:'Complete '+title,exact:true}).check();await summary(page,owner,'1/4 completed');await taskRow(page,title).getByRole('combobox',{name:'Task priority',exact:true}).selectOption({label:'High'});await expectPersistedPriority(page,owner,title,'High');await saved(page,owner,title,'Task due date','2036-02-29');await saved(page,owner,title,'Task notes','  Deleted Ω note\nsecond line  ');await page.getByRole('checkbox',{name:'Complete Completed remove sentinel',exact:true}).check();await summary(page,owner,'2/4 completed');await taskRow(page,'Completed remove sentinel').getByRole('combobox',{name:'Task priority',exact:true}).selectOption({label:'High'});await expectPersistedPriority(page,owner,'Completed remove sentinel','High');await saved(page,owner,'Completed remove sentinel','Task due date','2036-02-29');
      13 |   await createTask(page,'Completed remove outside');await page.getByRole('checkbox',{name:'Complete Completed remove outside',exact:true}).check();await summary(page,owner,'3/5 completed');await taskRow(page,'Completed remove outside').getByRole('combobox',{name:'Task priority',exact:true}).selectOption({label:'High'});await expectPersistedPriority(page,owner,'Completed remove outside','High');await saved(page,owner,'Completed remove outside','Task due date','2037-01-01');await createTask(page,'Completed normal exclusion');await page.getByRole('checkbox',{name:'Complete Completed normal exclusion',exact:true}).check();await summary(page,owner,'4/6 completed');
    > 14 |   await filter(page).selectOption({label:'Completed'});await expect(taskRow(page,'Live before')).toHaveCount(0);await expect(taskRow(page,'Completed normal exclusion')).toBeVisible();await expect(page.getByTestId('task-row').filter({visible:true})).toHaveCount(4);await page.getByRole('combobox',{name:'Priority filter',exact:true}).selectOption({label:'High'});await expect(taskRow(page,'Completed normal exclusion')).toHaveCount(0);await expect(taskRow(page,'Completed remove outside')).toBeVisible();await expect(page.getByTestId('task-row').filter({visible:true})).toHaveCount(3);await page.getByRole('textbox',{name:'Task search',exact:true}).fill('completed remove');await page.getByRole('button',{name:'Search tasks',exact:true}).click();await page.getByRole('textbox',{name:'Due from',exact:true}).fill('2036-02-29');await page.getByRole('textbox',{name:'Due through',exact:true}).fill('2036-02-29');await page.getByRole('button',{name:'Apply due range',exact:true}).click();await expect(taskRow(page,'Completed remove outside')).toHaveCount(0);await expect(taskRow(page,title)).toBeVisible();await expect(page.getByTestId('task-row').filter({visible:true})).toHaveCount(2);await taskRow(page,title).getByRole('button',{name:'Delete task',exact:true}).click();await summary(page,owner,'3/5 completed');await expect(taskRow(page,'Completed remove sentinel')).toBeVisible();await expect(page.getByTestId('task-row').filter({visible:true})).toHaveCount(1);await expect(filter(page).locator('option:checked')).toHaveText('Completed');await expect(page.getByRole('textbox',{name:'Task search',exact:true})).toHaveValue('completed remove');await expect(page.getByRole('combobox',{name:'Priority filter',exact:true}).locator('option:checked')).toHaveText('High');await expect(page.getByRole('textbox',{name:'Due from',exact:true})).toHaveValue('2036-02-29');await expect(page.getByRole('textbox',{name:'Due through',exact:true})).toHaveValue('2036-02-29');
         |                                                                                                                                                                                                                                                                                                                                                                                                                                                                                                                                                                                                                                                                                                                                                                                                                                                                                                                                                                                                                                                                               ^
      15 |   await filter(page).selectOption({label:'Deleted'});await expect(taskRow(page,title)).toBeVisible();await expect(taskRow(page,title).getByRole('combobox',{name:'Task priority',exact:true}).locator('option:checked')).toHaveText('High');await expect(taskRow(page,title).getByRole('textbox',{name:'Task due date',exact:true})).toHaveValue('2036-02-29');await expect(page.getByRole('checkbox',{name:'Complete '+title,exact:true})).toBeChecked();await expect(notes(page,title)).toHaveValue('  Deleted Ω note\nsecond line  ');for(const label of ['New task title','Task due date','Task notes'])await expect(taskRow(page,title).getByRole('textbox',{name:label,exact:true})).toBeDisabled();await expect(page.getByRole('checkbox',{name:'Complete '+title,exact:true})).toBeDisabled();for(const label of ['Task priority','Destination project'])await expect(taskRow(page,title).getByRole('combobox',{name:label,exact:true})).toBeDisabled();for(const label of ['Rename task','Save due date','Save notes','Move task'])await expect(taskRow(page,title).getByRole('button',{name:label,exact:true})).toBeDisabled();await expect(taskRow(page,title).getByRole('button',{name:'Restore task',exact:true})).toBeEnabled();await page.reload();await filter(page).selectOption({label:'Deleted'});await expect(notes(page,title)).toHaveValue('  Deleted Ω note\nsecond line  ');
      16 |   await page.getByRole('button',{name:'Projects',exact:true}).click();await projectRow(page,owner).getByRole('button',{name:'Archive project',exact:true}).click();await page.getByRole('combobox',{name:'Project filter',exact:true}).selectOption({label:'Archived'});await openProject(page,owner);await expect(taskRow(page,'Live before').getByRole('button',{name:'Delete task',exact:true})).toBeDisabled();await filter(page).selectOption({label:'Deleted'});await expect(taskRow(page,title)).toBeVisible();await expect(taskRow(page,title).getByRole('button',{name:'Restore task',exact:true})).toBeDisabled();await expect(page.getByRole('button',{name:'Search tasks',exact:true})).toBeEnabled();await expect(page.getByRole('button',{name:'Apply due range',exact:true})).toBeEnabled();await page.getByRole('button',{name:'Projects',exact:true}).click();await page.getByRole('combobox',{name:'Project filter',exact:true}).selectOption({label:'Archived'});await projectRow(page,owner).getByRole('button',{name:'Restore project',exact:true}).click();await page.getByRole('combobox',{name:'Project filter',exact:true}).selectOption({label:'Active'});await openProject(page,owner);await filter(page).selectOption({label:'Deleted'});await expect(taskRow(page,title)).toBeVisible();await expect(taskRow(page,title).getByRole('button',{name:'Restore task',exact:true})).toBeEnabled();
      17 |  });
        at /Users/Shared/projects/competition/experiments/instruction-effects/revisions/research-v006/decisions/task-020-draft/suite/deletion.spec.mjs:14:1039

    attachment #1: screenshot (image/png) ──────────────────────────────────────────────────────────
    experiments/instruction-effects/revisions/research-v006/preflight/priority-fixtures/full-read-check-1791649752825/positive-async/artifacts/deletion-054-deleted-tasks-2a876-ly-through-project-archival/test-failed-1.png
    ────────────────────────────────────────────────────────────────────────────────────────────────

    Error Context: experiments/instruction-effects/revisions/research-v006/preflight/priority-fixtures/full-read-check-1791649752825/positive-async/artifacts/deletion-054-deleted-tasks-2a876-ly-through-project-archival/error-context.md

    attachment #3: trace (application/zip) ─────────────────────────────────────────────────────────
    experiments/instruction-effects/revisions/research-v006/preflight/priority-fixtures/full-read-check-1791649752825/positive-async/artifacts/deletion-054-deleted-tasks-2a876-ly-through-project-archival/trace.zip
    Usage:

        npx playwright show-trace experiments/instruction-effects/revisions/research-v006/preflight/priority-fixtures/full-read-check-1791649752825/positive-async/artifacts/deletion-054-deleted-tasks-2a876-ly-through-project-archival/trace.zip

    ────────────────────────────────────────────────────────────────────────────────────────────────




[8/68] experiments/instruction-effects/revisions/research-v006/decisions/task-020-draft/suite/deletion.spec.mjs:18:2 › 055 restoration retains reserved order explicit priority completion and remembered destination positions
[9/68] experiments/instruction-effects/revisions/research-v006/decisions/task-020-draft/suite/deletion.spec.mjs:23:2 › 056 upgraded original tasks remain live and deleted-only project persists with an empty live summary
[10/68] experiments/instruction-effects/revisions/research-v006/decisions/task-020-draft/suite/deletion.spec.mjs:27:2 › 057 deleted filter intersects priority due range and title search
  2) experiments/instruction-effects/revisions/research-v006/decisions/task-020-draft/suite/deletion.spec.mjs:27:2 › 057 deleted filter intersects priority due range and title search 

    Error: expect(locator).toHaveCount(expected) failed

    Locator:  getByTestId('task-row').visible()
    Expected: 1
    Received: 2
    Timeout:  5000ms

    Call log:
      - Expect "toHaveCount" getByTestId('task-row').visible() with timeout 5000ms
      - waiting for getByTestId('task-row').visible()
        14 × locator resolved to 2 elements
           - unexpected value "2"


      30 |   for(const t of ['Hit one','Hit two','Other title'])await saved(page,owner,t,'Task due date','2039-01-01');
      31 |   for(const t of ['Hit one','Hit two','Other title','Undated hit']){await taskRow(page,t).getByRole('button',{name:'Delete task',exact:true}).click();await summary(page,owner,'0/'+(3-['Hit one','Hit two','Other title','Undated hit'].indexOf(t))+' completed');}
    > 32 |   await filter(page).selectOption({label:'Deleted'});await expect(taskRow(page,'Hit one')).toBeVisible();await expect(page.getByTestId('task-row').filter({visible:true})).toHaveCount(4);await page.getByRole('combobox',{name:'Priority filter',exact:true}).selectOption({label:'High'});await expect(taskRow(page,'Hit one')).toBeVisible();await expect(page.getByTestId('task-row').filter({visible:true})).toHaveCount(3);await page.getByRole('textbox',{name:'Due from',exact:true}).fill('2039-01-01');await page.getByRole('textbox',{name:'Due through',exact:true}).fill('2039-01-01');await page.getByRole('button',{name:'Apply due range',exact:true}).click();await expect(taskRow(page,'Hit one')).toBeVisible();await expect(page.getByTestId('task-row').filter({visible:true})).toHaveCount(2);await page.getByRole('textbox',{name:'Task search',exact:true}).fill('HIT');await page.getByRole('button',{name:'Search tasks',exact:true}).click();await expect(taskRow(page,'Hit one')).toBeVisible();await expect(page.getByTestId('task-row').filter({visible:true})).toHaveCount(1);await page.reload();await expect(taskRow(page,'Hit one')).toBeVisible();await expect(page.getByTestId('task-row').filter({visible:true})).toHaveCount(1);
         |                                                                                                                                                                                                                                                                                                                                                                                                                                                                                                                                                                                                                                                                                                                                                                                                                                                                                                                                                                                                                                                                                                                                                                                                                                                        ^
      33 |  });
      34 |
      35 | }
        at /Users/Shared/projects/competition/experiments/instruction-effects/revisions/research-v006/decisions/task-020-draft/suite/deletion.spec.mjs:32:1208

    attachment #1: screenshot (image/png) ──────────────────────────────────────────────────────────
    experiments/instruction-effects/revisions/research-v006/preflight/priority-fixtures/full-read-check-1791649752825/positive-async/artifacts/deletion-057-deleted-filte-bf527--due-range-and-title-search/test-failed-1.png
    ────────────────────────────────────────────────────────────────────────────────────────────────

    Error Context: experiments/instruction-effects/revisions/research-v006/preflight/priority-fixtures/full-read-check-1791649752825/positive-async/artifacts/deletion-057-deleted-filte-bf527--due-range-and-title-search/error-context.md

    attachment #3: trace (application/zip) ─────────────────────────────────────────────────────────
    experiments/instruction-effects/revisions/research-v006/preflight/priority-fixtures/full-read-check-1791649752825/positive-async/artifacts/deletion-057-deleted-filte-bf527--due-range-and-title-search/trace.zip
    Usage:

        npx playwright show-trace experiments/instruction-effects/revisions/research-v006/preflight/priority-fixtures/full-read-check-1791649752825/positive-async/artifacts/deletion-057-deleted-filte-bf527--due-range-and-title-search/trace.zip

    ────────────────────────────────────────────────────────────────────────────────────────────────




[11/68] experiments/instruction-effects/revisions/research-v006/decisions/task-020-draft/suite/directory.spec.mjs:12:2 › 064 directory preserves owner and stored order with live deleted archived and literal field semantics
[12/68] experiments/instruction-effects/revisions/research-v006/decisions/task-020-draft/suite/directory.spec.mjs:17:2 › 065 directory intersects and retains filters validates ranges and resets on a new opening
[13/68] experiments/instruction-effects/revisions/research-v006/decisions/task-020-draft/suite/directory.spec.mjs:20:2 › 066 directory includes original imported records and uses current whitespace matching without mutating project state
[14/68] experiments/instruction-effects/revisions/research-v006/decisions/task-020-draft/suite/due-date.spec.mjs:11:2 › 030 dates default empty save canonically survive rename and clear
[15/68] experiments/instruction-effects/revisions/research-v006/decisions/task-020-draft/suite/due-date.spec.mjs:21:2 › 031 invalid formats and impossible calendar dates preserve the saved date
[16/68] experiments/instruction-effects/revisions/research-v006/decisions/task-020-draft/suite/due-date.spec.mjs:29:2 › 032 date changes retain task identity filters order and all-task summary
[17/68] experiments/instruction-effects/revisions/research-v006/decisions/task-020-draft/suite/due-date.spec.mjs:44:2 › 033 archived dates are read-only restored and old data stays undated
[18/68] experiments/instruction-effects/revisions/research-v006/decisions/task-020-draft/suite/due-range.spec.mjs:14:2 › 034 date ranges include endpoints exclude undated tasks and preserve order
[19/68] experiments/instruction-effects/revisions/research-v006/decisions/task-020-draft/suite/due-range.spec.mjs:24:2 › 035 due ranges intersect completion priority and live date edits
[20/68] experiments/instruction-effects/revisions/research-v006/decisions/task-020-draft/suite/due-range.spec.mjs:40:2 › 036 invalid due ranges preserve the last applied membership
[21/68] experiments/instruction-effects/revisions/research-v006/decisions/task-020-draft/suite/due-range.spec.mjs:48:2 › 037 archived ranges stay usable and reopening clears transient boundaries
[22/68] experiments/instruction-effects/revisions/research-v006/decisions/task-020-draft/suite/due-range.spec.mjs:57:2 › 038 project default rename and hidden creation retain the applied range
[23/68] experiments/instruction-effects/revisions/research-v006/decisions/task-020-draft/suite/export.spec.mjs:7:2 › 058 export includes every stored task in order with literal values despite current filters
[24/68] experiments/instruction-effects/revisions/research-v006/decisions/task-020-draft/suite/export.spec.mjs:11:2 › 059 archived upgraded and empty projects export without mutation
[25/68] experiments/instruction-effects/revisions/research-v006/decisions/task-020-draft/suite/import.spec.mjs:14:2 › 060 exported projects import independently with saved fields deleted order and project defaults
[26/68] experiments/instruction-effects/revisions/research-v006/decisions/task-020-draft/suite/import.spec.mjs:17:2 › 061 malformed root documents and blank override reject atomically and retain inputs
[27/68] experiments/instruction-effects/revisions/research-v006/decisions/task-020-draft/suite/import.spec.mjs:20:2 › 062 invalid later tasks reject the entire import without partial project task or existing-data writes
[28/68] experiments/instruction-effects/revisions/research-v006/decisions/task-020-draft/suite/import.spec.mjs:23:2 › 063 archived and empty imports preserve flags literal data and native restart sentinels
[29/68] experiments/instruction-effects/revisions/research-v006/decisions/task-020-draft/suite/move-task.spec.mjs:15:2 › 039 moving a task preserves data and destination order without inheriting defaults
[30/68] experiments/instruction-effects/revisions/research-v006/decisions/task-020-draft/suite/move-task.spec.mjs:26:2 › 040 moving under combined filters retains source range and independent data
[31/68] experiments/instruction-effects/revisions/research-v006/decisions/task-020-draft/suite/move-task.spec.mjs:37:2 › 041 destination choices use active current project names in creation order
[32/68] experiments/instruction-effects/revisions/research-v006/decisions/task-020-draft/suite/move-task.spec.mjs:41:2 › 042 archived source moves are disabled restoration allows moving an undated task
[33/68] experiments/instruction-effects/revisions/research-v006/decisions/task-020-draft/suite/notes.spec.mjs:10:2 › 052 multiline notes retain literal text filters and archived read-only behavior
[34/68] experiments/instruction-effects/revisions/research-v006/decisions/task-020-draft/suite/notes.spec.mjs:21:2 › 053 notes travel through moves and returns while original archived data upgrades
[35/68] experiments/instruction-effects/revisions/research-v006/decisions/task-020-draft/suite/priority-filter.spec.mjs:8:3 › 023 priority and completion filters intersect in creation order
[36/68] experiments/instruction-effects/revisions/research-v006/decisions/task-020-draft/suite/priority-filter.spec.mjs:42:3 › 024 filtered edits re-evaluate rows while retaining both filter choices
[37/68] experiments/instruction-effects/revisions/research-v006/decisions/task-020-draft/suite/priority-filter.spec.mjs:73:3 › 025 task rename retains combined filter membership
[38/68] experiments/instruction-effects/revisions/research-v006/decisions/task-020-draft/suite/priority-filter.spec.mjs:91:3 › 026 archived combined filters are readable without enabling task editing
[39/68] experiments/instruction-effects/revisions/research-v006/decisions/task-020-draft/suite/priority.spec.mjs:8:3 › 022 pre-priority archived data acquires Normal without changing completion
[40/68] experiments/instruction-effects/revisions/research-v006/decisions/task-020-draft/suite/priority.spec.mjs:19:3 › 019 independent priorities default to Normal and persist through rename
[41/68] experiments/instruction-effects/revisions/research-v006/decisions/task-020-draft/suite/priority.spec.mjs:50:3 › 020 priority edits preserve completion filters and summary
[42/68] experiments/instruction-effects/revisions/research-v006/decisions/task-020-draft/suite/priority.spec.mjs:71:3 › 021 archived priorities are read-only and restored unchanged
[43/68] experiments/instruction-effects/revisions/research-v006/decisions/task-020-draft/suite/return-order.spec.mjs:13:2 › 043 returning tasks in reverse order restores prior positions and current fields
[44/68] experiments/instruction-effects/revisions/research-v006/decisions/task-020-draft/suite/return-order.spec.mjs:20:2 › 044 rename archival and restoration preserve returning project identity
[45/68] experiments/instruction-effects/revisions/research-v006/decisions/task-020-draft/suite/return-order.spec.mjs:27:2 › 045 return positions belong to each project and precede later new arrivals
[46/68] experiments/instruction-effects/revisions/research-v006/decisions/task-020-draft/suite/search-whitespace.spec.mjs:5:2 › 050 task search collapses spaces tabs without changing stored titles or filters
[47/68] experiments/instruction-effects/revisions/research-v006/decisions/task-020-draft/suite/search-whitespace.spec.mjs:12:2 › 051 project whitespace matching retains original names and archived intersection
  3) experiments/instruction-effects/revisions/research-v006/decisions/task-020-draft/suite/search-whitespace.spec.mjs:12:2 › 051 project whitespace matching retains original names and archived intersection 

    Test timeout of 20000ms exceeded.

    Error: locator.textContent: Test timeout of 20000ms exceeded.
    Call log:
      - waiting for getByTestId('project-row').filter({ hasText: 'task-020 Whitespace  Saved archived' }).visible()


      15 |    await page.getByRole('textbox',{name:'Project search',exact:true}).fill(projectName(query));await page.getByRole('button',{name:'Search projects',exact:true}).click();await expect(page.getByTestId('project-row').filter({visible:true})).toHaveCount(2);const rows=await page.getByTestId('project-row').filter({visible:true}).allTextContents();expect(rows[0]).toContain('Whitespace   Saved first');expect(rows[1]).toContain('Whitespace Saved second');
      16 |   }
    > 17 |   await page.getByRole('combobox',{name:'Project filter',exact:true}).selectOption({label:'Archived'});await expect(page.getByTestId('project-row').filter({visible:true})).toHaveCount(1);expect(await projectRow(page,'Whitespace  Saved archived').textContent()).toContain('Whitespace  Saved archived');await page.reload();expect(await projectRow(page,'Whitespace  Saved archived').textContent()).toContain('Whitespace  Saved archived');
         |                                                                                                                                                                                                                                                                                                                                                                                             ^
      18 |  });
      19 | }
      20 |
        at /Users/Shared/projects/competition/experiments/instruction-effects/revisions/research-v006/decisions/task-020-draft/suite/search-whitespace.spec.mjs:17:381

    attachment #1: screenshot (image/png) ──────────────────────────────────────────────────────────
    experiments/instruction-effects/revisions/research-v006/preflight/priority-fixtures/full-read-check-1791649752825/positive-async/artifacts/search-whitespace-051-proj-76d94-s-and-archived-intersection/test-failed-1.png
    ────────────────────────────────────────────────────────────────────────────────────────────────

    Error Context: experiments/instruction-effects/revisions/research-v006/preflight/priority-fixtures/full-read-check-1791649752825/positive-async/artifacts/search-whitespace-051-proj-76d94-s-and-archived-intersection/error-context.md

    attachment #3: trace (application/zip) ─────────────────────────────────────────────────────────
    experiments/instruction-effects/revisions/research-v006/preflight/priority-fixtures/full-read-check-1791649752825/positive-async/artifacts/search-whitespace-051-proj-76d94-s-and-archived-intersection/trace.zip
    Usage:

        npx playwright show-trace experiments/instruction-effects/revisions/research-v006/preflight/priority-fixtures/full-read-check-1791649752825/positive-async/artifacts/search-whitespace-051-proj-76d94-s-and-archived-intersection/trace.zip

    ────────────────────────────────────────────────────────────────────────────────────────────────




[48/68] experiments/instruction-effects/revisions/research-v006/decisions/task-020-draft/suite/search.spec.mjs:7:2 › 046 project search trims ASCII case and intersects archive filter in creation order
[49/68] experiments/instruction-effects/revisions/research-v006/decisions/task-020-draft/suite/search.spec.mjs:15:2 › 047 task search intersects all filters retaining order and summary counts
[50/68] experiments/instruction-effects/revisions/research-v006/decisions/task-020-draft/suite/search.spec.mjs:30:2 › 048 rename re-evaluates search membership and archived search remains readable
[51/68] experiments/instruction-effects/revisions/research-v006/decisions/task-020-draft/suite/search.spec.mjs:37:2 › 049 upgraded original task012 return positions remain usable
[52/68] experiments/instruction-effects/revisions/research-v006/decisions/task-020-draft/suite/workboard.spec.mjs:8:1 › 001 health and project creation persist on reload
[53/68] experiments/instruction-effects/revisions/research-v006/decisions/task-020-draft/suite/workboard.spec.mjs:25:1 › 002 blank project input is rejected
[54/68] experiments/instruction-effects/revisions/research-v006/decisions/task-020-draft/suite/workboard.spec.mjs:38:1 › 003 project creation order
[55/68] experiments/instruction-effects/revisions/research-v006/decisions/task-020-draft/suite/workboard.spec.mjs:46:3 › 004 trimmed tasks and project URL survive reload
[56/68] experiments/instruction-effects/revisions/research-v006/decisions/task-020-draft/suite/workboard.spec.mjs:55:3 › 005 blank task input is rejected
[57/68] experiments/instruction-effects/revisions/research-v006/decisions/task-020-draft/suite/workboard.spec.mjs:64:3 › 006 tasks do not cross project boundaries
[58/68] experiments/instruction-effects/revisions/research-v006/decisions/task-020-draft/suite/workboard.spec.mjs:73:3 › 007 task filters and completion state persist
[59/68] experiments/instruction-effects/revisions/research-v006/decisions/task-020-draft/suite/workboard.spec.mjs:102:3 › 008 archive state persists and project can be restored
[60/68] experiments/instruction-effects/revisions/research-v006/decisions/task-020-draft/suite/workboard.spec.mjs:114:3 › 009 archived tasks are read-only and survive restoration
[61/68] experiments/instruction-effects/revisions/research-v006/decisions/task-020-draft/suite/workboard.spec.mjs:142:3 › 010 completion summaries reflect all tasks
[62/68] experiments/instruction-effects/revisions/research-v006/decisions/task-020-draft/suite/workboard.spec.mjs:155:1 › 011 seed process-restart persistence checks
[63/68] experiments/instruction-effects/revisions/research-v006/decisions/task-020-draft/suite/workboard.spec.mjs:207:3 › 013 rename preserves project URL, task state, summary and creation order
[64/68] experiments/instruction-effects/revisions/research-v006/decisions/task-020-draft/suite/workboard.spec.mjs:231:3 › 014 blank rename preserves original name
[65/68] experiments/instruction-effects/revisions/research-v006/decisions/task-020-draft/suite/workboard.spec.mjs:241:3 › 015 archived rename controls become available after restoration
[66/68] experiments/instruction-effects/revisions/research-v006/decisions/task-020-draft/suite/workboard.spec.mjs:260:3 › 016 task rename preserves completion, order, filter membership and summary
[67/68] experiments/instruction-effects/revisions/research-v006/decisions/task-020-draft/suite/workboard.spec.mjs:283:3 › 017 blank task rename preserves the original title
[68/68] experiments/instruction-effects/revisions/research-v006/decisions/task-020-draft/suite/workboard.spec.mjs:294:3 › 018 archived task rename controls become enabled after restoration
  3 failed
    experiments/instruction-effects/revisions/research-v006/decisions/task-020-draft/suite/deletion.spec.mjs:10:2 › 054 deleted tasks preserve fields intersect filters and remain read-only through project archival 
    experiments/instruction-effects/revisions/research-v006/decisions/task-020-draft/suite/deletion.spec.mjs:27:2 › 057 deleted filter intersects priority due range and title search 
    experiments/instruction-effects/revisions/research-v006/decisions/task-020-draft/suite/search-whitespace.spec.mjs:12:2 › 051 project whitespace matching retains original names and archived intersection 
  65 passed (7.3m)
