
Running 1 test using 1 worker



[1/1] experiments/instruction-effects/revisions/research-v011/preflight/task040-executed01-suite/directory-owner-default-edit.spec.mjs:28:2 › 141 assigning defaults leaves task metadata and both remembered positions unchanged
  1) experiments/instruction-effects/revisions/research-v011/preflight/task040-executed01-suite/directory-owner-default-edit.spec.mjs:28:2 › 141 assigning defaults leaves task metadata and both remembered positions unchanged 

    Error: expect(locator).toBeVisible() failed

    Locator: getByTestId('task-row').visible().nth(1).getByRole('checkbox', { name: 'Complete DefaultRestart40 travelling-default40', exact: true })
    Expected: visible
    Timeout: 5000ms
    Error: element(s) not found

    Call log:
      - Expect "toBeVisible" getByTestId('task-row').visible().nth(1).getByRole('checkbox', { name: 'Complete DefaultRestart40 travelling-default40', exact: true }) with timeout 5000ms
      - waiting for getByTestId('task-row').visible().nth(1).getByRole('checkbox', { name: 'Complete DefaultRestart40 travelling-default40', exact: true })


       at directory-presence-helpers.mjs:7

       5 | const save=p=>p.getByRole('button',{name:'Set visible priority',exact:true});
       6 | const restore=p=>p.getByRole('button',{name:'Restore visible tasks',exact:true});
    >  7 | async function titles(p,expected){const r=p.getByTestId('task-row').filter({visible:true});await expect(r).toHaveCount(expected.length);for(const [i,title] of expected.entries())await expect(r.nth(i).getByRole('checkbox',{name:'Complete '+title,exact:true})).toBeVisible();}
         |                                                                                                                                                                                                                                                                    ^
       8 | async function result(p,names,counts,expected,total){
       9 |  if(!expected.length)await expect(p.getByText('No matching tasks',{exact:true})).toBeVisible();
      10 |  await expect(rows(p).getByTestId('directory-task-title')).toHaveText(expected);
        at titles (/Users/Shared/projects/competition/experiments/instruction-effects/revisions/research-v011/preflight/task040-executed01-suite/directory-presence-helpers.mjs:7:260)
        at move (/Users/Shared/projects/competition/experiments/instruction-effects/revisions/research-v011/preflight/task040-executed01-suite/directory-owner-default-edit.spec.mjs:31:374)
        at /Users/Shared/projects/competition/experiments/instruction-effects/revisions/research-v011/preflight/task040-executed01-suite/directory-owner-default-edit.spec.mjs:33:1101

    attachment #1: screenshot (image/png) ──────────────────────────────────────────────────────────
    experiments/instruction-effects/revisions/research-v011/preflight/task040-focused01-check-1791683895589/negative-default40-clears-positions-141/artifacts/directory-owner-default-ed-2fba6-embered-positions-unchanged/test-failed-1.png
    ────────────────────────────────────────────────────────────────────────────────────────────────

    Error Context: experiments/instruction-effects/revisions/research-v011/preflight/task040-focused01-check-1791683895589/negative-default40-clears-positions-141/artifacts/directory-owner-default-ed-2fba6-embered-positions-unchanged/error-context.md

    attachment #3: trace (application/zip) ─────────────────────────────────────────────────────────
    experiments/instruction-effects/revisions/research-v011/preflight/task040-focused01-check-1791683895589/negative-default40-clears-positions-141/artifacts/directory-owner-default-ed-2fba6-embered-positions-unchanged/trace.zip
    Usage:

        npx playwright show-trace experiments/instruction-effects/revisions/research-v011/preflight/task040-focused01-check-1791683895589/negative-default40-clears-positions-141/artifacts/directory-owner-default-ed-2fba6-embered-positions-unchanged/trace.zip

    ────────────────────────────────────────────────────────────────────────────────────────────────


  1 failed
    experiments/instruction-effects/revisions/research-v011/preflight/task040-executed01-suite/directory-owner-default-edit.spec.mjs:28:2 › 141 assigning defaults leaves task metadata and both remembered positions unchanged 
