
Running 1 test using 1 worker



[1/1] experiments/instruction-effects/revisions/research-v010/preflight/task032-executed02-suite/project-name-limit.spec.mjs:18:2 › 106 rejected rename is atomic and successful boundary rename retains identity fields and owner order
  1) experiments/instruction-effects/revisions/research-v010/preflight/task032-executed02-suite/project-name-limit.spec.mjs:18:2 › 106 rejected rename is atomic and successful boundary rename retains identity fields and owner order 

    Error: expect(received).toEqual(expected) // deep equality

    - Expected  - 1
    + Received  + 1

    @@ -1,9 +1,9 @@
      Object {
        "archived": false,
        "defaultPriority": "Normal",
    -   "name": "task-032 Name limit rename owner",
    +   "name": "🙂🙂🙂🙂🙂🙂🙂🙂🙂🙂🙂🙂🙂🙂🙂🙂🙂🙂🙂🙂🙂🙂🙂🙂🙂🙂🙂🙂🙂🙂🙂🙂🙂🙂🙂🙂🙂🙂🙂🙂🙂🙂🙂🙂🙂🙂🙂🙂🙂🙂🙂🙂🙂🙂🙂🙂🙂🙂🙂🙂🙂🙂🙂🙂🙂🙂🙂🙂🙂🙂🙂🙂🙂🙂🙂🙂🙂🙂🙂🙂🙂🙂🙂🙂🙂🙂🙂🙂🙂🙂🙂🙂🙂🙂🙂🙂🙂🙂🙂🙂🙂🙂🙂🙂🙂🙂🙂🙂🙂🙂🙂🙂🙂🙂🙂🙂🙂🙂🙂🙂🙂🙂🙂🙂🙂🙂🙂🙂🙂🙂🙂🙂🙂🙂🙂🙂🙂🙂🙂🙂🙂🙂🙂🙂🙂🙂🙂🙂🙂🙂🙂🙂🙂🙂🙂🙂🙂🙂🙂🙂🙂🙂🙂🙂🙂🙂🙂🙂🙂🙂🙂🙂🙂🙂🙂🙂🙂🙂🙂🙂🙂🙂🙂🙂🙂🙂🙂🙂🙂🙂🙂🙂🙂🙂🙂🙂🙂🙂🙂🙂🙂",
        "tasks": Array [
          Object {
            "completed": false,
            "deleted": false,
            "dueDate": "",

      18 |  test('106 rejected rename is atomic and successful boundary rename retains identity fields and owner order',async({page})=>{
      19 |   test.setTimeout(60000);const original='Name limit rename owner',guard='Name limit rename guard';await createProject(page,original);await openProject(page,original);const url=page.url();await createTask(page,'Name limit retained task');const before=await download(page);await createProject(page,guard);await openProject(page,original);
    > 20 |   const rejected='🙂'.repeat(201);await page.getByRole('textbox',{name:'New project name',exact:true}).fill(rejected);await page.getByRole('button',{name:'Rename project',exact:true}).click();await expect(page.getByRole('alert').filter({hasText:alert}).first()).toContainText(alert);await expect(page.getByRole('textbox',{name:'New project name',exact:true})).toHaveValue(rejected);expect((await download(page)).project).toEqual(before.project);const identityObserver=await page.context().newPage();try{await identityObserver.goto('/');await openProject(identityObserver,original);expect(identityObserver.url()).toBe(url);}finally{await identityObserver.close();}
         |                                                                                                                                                                                                                                                                                                                                                                                                                                      ^
      21 |   const name=boundary('Name limit renamed','🙂');await page.getByRole('textbox',{name:'New project name',exact:true}).fill('  '+name+'  ');await page.getByRole('button',{name:'Rename project',exact:true}).click();await expect(page.getByRole('heading',{name,exact:true}).first()).toBeVisible();const after=await download(page);expect(after.project).toEqual({...before.project,name});await page.goto('/');await expect(literalRow(page,name)).toBeVisible();await expect(projectRow(page,guard)).toBeVisible();const order=await rows(page).allTextContents();expect(order.findIndex(v=>v.includes(name))).toBeLessThan(order.findIndex(v=>v.includes(projectName(guard))));await page.reload();await literalRow(page,name).getByRole('button',{name:'Open project',exact:true}).click();expect(page.url()).toBe(url);await expect(taskRow(page,'Name limit retained task')).toBeVisible();
      22 |  });
      23 |  test('107 project and workspace import reject oversized names before creating any owner',async({page})=>{
        at /Users/Shared/projects/competition/experiments/instruction-effects/revisions/research-v010/preflight/task032-executed02-suite/project-name-limit.spec.mjs:20:422

    attachment #1: screenshot (image/png) ──────────────────────────────────────────────────────────
    experiments/instruction-effects/revisions/research-v010/preflight/task032-focused02-check-1791674872547/negative-name-limit-rename-mutates-106/artifacts/project-name-limit-106-rej-996ac-tity-fields-and-owner-order/test-failed-1.png
    ────────────────────────────────────────────────────────────────────────────────────────────────

    Error Context: experiments/instruction-effects/revisions/research-v010/preflight/task032-focused02-check-1791674872547/negative-name-limit-rename-mutates-106/artifacts/project-name-limit-106-rej-996ac-tity-fields-and-owner-order/error-context.md

    attachment #3: trace (application/zip) ─────────────────────────────────────────────────────────
    experiments/instruction-effects/revisions/research-v010/preflight/task032-focused02-check-1791674872547/negative-name-limit-rename-mutates-106/artifacts/project-name-limit-106-rej-996ac-tity-fields-and-owner-order/trace.zip
    Usage:

        npx playwright show-trace experiments/instruction-effects/revisions/research-v010/preflight/task032-focused02-check-1791674872547/negative-name-limit-rename-mutates-106/artifacts/project-name-limit-106-rej-996ac-tity-fields-and-owner-order/trace.zip

    ────────────────────────────────────────────────────────────────────────────────────────────────


  1 failed
    experiments/instruction-effects/revisions/research-v010/preflight/task032-executed02-suite/project-name-limit.spec.mjs:18:2 › 106 rejected rename is atomic and successful boundary rename retains identity fields and owner order 
