
Running 1 test using 1 worker



[1/1] experiments/instruction-effects/revisions/research-v010/preflight/task034-executed03-suite/directory-word-search.spec.mjs:55:2 › 115 word matching intersects filters orders owners exports and every current bulk operation with protected scopes
  1) experiments/instruction-effects/revisions/research-v010/preflight/task034-executed03-suite/directory-word-search.spec.mjs:55:2 › 115 word matching intersects filters orders owners exports and every current bulk operation with protected scopes 

    Error: expect(locator).toHaveText(expected) failed

    Locator: getByTestId('directory-task-row').visible().getByTestId('directory-task-notes')
    Timeout: 5000ms
    - Expected  - 4
    + Received  + 4

      Array [
    -   "  Word edit Ω
    - retained  ",
    -   "  Word edit Ω
    - retained  ",
    +   "  Word scope Ω
    + kept  ",
    +   "  Word scope Ω
    + kept  ",
      ]

    Call log:
      - Expect "toHaveText" getByTestId('directory-task-row').visible().getByTestId('directory-task-notes') with timeout 5000ms
      - waiting for getByTestId('directory-task-row').visible().getByTestId('directory-task-notes')
        3 × locator resolved to 0 elements
        11 × locator resolved to 2 elements


      61 |   await page.getByRole('combobox',{name:'Visible tasks priority',exact:true}).selectOption({label:'Low'});await page.getByRole('button',{name:'Set visible priority',exact:true}).click();await result(page,[],[],[],'0/0 completed');await expectPersistedPriority(page,a,first,'Low');await expectPersistedPriority(page,b,second,'Low');await page.getByRole('combobox',{name:'Priority filter',exact:true}).selectOption({label:'Low'});await result(page,[a,b],['0/1 completed','0/1 completed'],[second,first],'0/2 completed');
      62 |   await page.getByRole('textbox',{name:'Visible tasks due date',exact:true}).fill('');await page.getByRole('button',{name:'Save visible due date',exact:true}).click();await result(page,[],[],[],'0/0 completed');await fieldStored(page,a,first,'Task due date','');await fieldStored(page,b,second,'Task due date','');await range(page,'');await result(page,[a,b],['0/1 completed','0/1 completed'],[second,first],'0/2 completed');
    > 63 |   const changed='  Word edit Ω\nretained  ';await page.getByRole('textbox',{name:'Visible tasks notes',exact:true}).fill(changed);await page.getByRole('button',{name:'Save visible notes',exact:true}).click();await expect(rows(page).getByTestId('directory-task-notes')).toHaveText([changed,changed]);await fieldStored(page,a,first,'Task notes',changed);await fieldStored(page,b,second,'Task notes',changed);await page.getByRole('button',{name:'Delete visible tasks',exact:true}).click();await result(page,[],[],[],'0/0 completed');await page.getByRole('combobox',{name:'Task filter',exact:true}).selectOption({label:'Deleted'});await result(page,[a,b],['0/1 completed','0/1 completed'],[second,first],'0/2 completed');await protectedWrites(page);await expect(page.getByRole('button',{name:'Restore visible tasks',exact:true})).toBeEnabled();expect((await workspace(page)).flatMap(p=>p.tasks).map(t=>t.deleted)).toEqual([true,true]);await page.getByRole('button',{name:'Restore visible tasks',exact:true}).click();await result(page,[],[],[],'0/0 completed');await page.getByRole('combobox',{name:'Task filter',exact:true}).selectOption({label:'All'});await result(page,[a,b],['0/1 completed','0/1 completed'],[second,first],'0/2 completed');
         |                                                                                                                                                                                                                                                                              ^
      64 |   await expect(mode(page).locator('option:checked')).toHaveText('All words');await expect(page.getByRole('textbox',{name:'Directory search',exact:true})).toHaveValue(q);await expect(page.getByRole('combobox',{name:'Directory order',exact:true}).locator('option:checked')).toHaveText('Title');await page.getByRole('combobox',{name:'Project scope',exact:true}).selectOption({label:'Archived'});await result(page,[],[],[],'0/0 completed');await page.getByRole('combobox',{name:'Priority filter',exact:true}).selectOption({label:'All'});await result(page,[c],['0/1 completed'],[archived],'0/1 completed');await protectedWrites(page);await expect(page.getByRole('button',{name:'Restore visible tasks',exact:true})).toBeDisabled();
      65 |   const o=await page.context().newPage();try{await returnTo(o,a);await expect(taskRow(o,single).getByRole('textbox',{name:'Task notes',exact:true})).toHaveValue('Guard literal');await expect(taskRow(o,single).getByRole('textbox',{name:'Task due date',exact:true})).toHaveValue(date);await expect(taskRow(o,single).getByRole('combobox',{name:'Task priority',exact:true}).locator('option:checked')).toHaveText('High');await expect(o.getByRole('checkbox',{name:'Complete '+single,exact:true})).not.toBeChecked();await o.getByRole('combobox',{name:'Task filter',exact:true}).selectOption({label:'Deleted'});await expect(taskRow(o,deleted).getByRole('textbox',{name:'Task notes',exact:true})).toHaveValue(note);}finally{await o.close();}
      66 |  });
        at /Users/Shared/projects/competition/experiments/instruction-effects/revisions/research-v010/preflight/task034-executed03-suite/directory-word-search.spec.mjs:63:270

    attachment #1: screenshot (image/png) ──────────────────────────────────────────────────────────
    experiments/instruction-effects/revisions/research-v010/preflight/task034-focused03-check-1791676184546/negative-word-bulk-notes-ignored-115/artifacts/directory-word-search-115--1e656-ation-with-protected-scopes/test-failed-1.png
    ────────────────────────────────────────────────────────────────────────────────────────────────

    Error Context: experiments/instruction-effects/revisions/research-v010/preflight/task034-focused03-check-1791676184546/negative-word-bulk-notes-ignored-115/artifacts/directory-word-search-115--1e656-ation-with-protected-scopes/error-context.md

    attachment #3: trace (application/zip) ─────────────────────────────────────────────────────────
    experiments/instruction-effects/revisions/research-v010/preflight/task034-focused03-check-1791676184546/negative-word-bulk-notes-ignored-115/artifacts/directory-word-search-115--1e656-ation-with-protected-scopes/trace.zip
    Usage:

        npx playwright show-trace experiments/instruction-effects/revisions/research-v010/preflight/task034-focused03-check-1791676184546/negative-word-bulk-notes-ignored-115/artifacts/directory-word-search-115--1e656-ation-with-protected-scopes/trace.zip

    ────────────────────────────────────────────────────────────────────────────────────────────────


  1 failed
    experiments/instruction-effects/revisions/research-v010/preflight/task034-executed03-suite/directory-word-search.spec.mjs:55:2 › 115 word matching intersects filters orders owners exports and every current bulk operation with protected scopes 
