
Running 1 test using 1 worker



[1/1] experiments/instruction-effects/revisions/research-v010/preflight/task036-executed02-suite/directory-notes-status.spec.mjs:20:2 › 123 notes presence alone selects each bulk write and assignment or clear changes membership
  1) experiments/instruction-effects/revisions/research-v010/preflight/task036-executed02-suite/directory-notes-status.spec.mjs:20:2 › 123 notes presence alone selects each bulk write and assignment or clear changes membership 

    Error: Task priority must be durable before the next navigation

    Task priority must be durable before the next navigation

    expect(received).toBe(expected) // Object.is equality

    Expected: "High"
    Received: "Low"

    Call Log:
    - Timeout 5000ms exceeded while waiting on the predicate

       at helpers.mjs:74

      72 |       await observer.getByRole('combobox', {name:'Task filter', exact:true}).selectOption({label:'All'});
      73 |       return taskRow(observer, title).getByRole('combobox', {name:'Task priority', exact:true}).locator('option:checked').textContent();
    > 74 |     }, {timeout:5000, message:'Task priority must be durable before the next navigation'}).toBe(priority);
         |                                                                                            ^
      75 |   } finally { await observer.close(); }
      76 | }
      77 |
        at expectPersistedPriority (/Users/Shared/projects/competition/experiments/instruction-effects/revisions/research-v010/preflight/task036-executed02-suite/helpers.mjs:74:92)
        at /Users/Shared/projects/competition/experiments/instruction-effects/revisions/research-v010/preflight/task036-executed02-suite/directory-notes-status.spec.mjs:26:322

    attachment #1: screenshot (image/png) ──────────────────────────────────────────────────────────
    experiments/instruction-effects/revisions/research-v010/preflight/task036-focused02-check-1791677773977/negative-notes36-bulk-priority-ignored-123/artifacts/directory-notes-status-123-f4c7d-or-clear-changes-membership/test-failed-1.png
    ────────────────────────────────────────────────────────────────────────────────────────────────

    Error Context: experiments/instruction-effects/revisions/research-v010/preflight/task036-focused02-check-1791677773977/negative-notes36-bulk-priority-ignored-123/artifacts/directory-notes-status-123-f4c7d-or-clear-changes-membership/error-context.md

    attachment #3: trace (application/zip) ─────────────────────────────────────────────────────────
    experiments/instruction-effects/revisions/research-v010/preflight/task036-focused02-check-1791677773977/negative-notes36-bulk-priority-ignored-123/artifacts/directory-notes-status-123-f4c7d-or-clear-changes-membership/trace.zip
    Usage:

        npx playwright show-trace experiments/instruction-effects/revisions/research-v010/preflight/task036-focused02-check-1791677773977/negative-notes36-bulk-priority-ignored-123/artifacts/directory-notes-status-123-f4c7d-or-clear-changes-membership/trace.zip

    ────────────────────────────────────────────────────────────────────────────────────────────────


  1 failed
    experiments/instruction-effects/revisions/research-v010/preflight/task036-executed02-suite/directory-notes-status.spec.mjs:20:2 › 123 notes presence alone selects each bulk write and assignment or clear changes membership 
