
Running 4 tests using 1 worker



[1/4] runs/instruction-effects/pilot-014/definitions/project/acceptance/workboard.spec.mjs:8:1 › 001 health and project creation persist on reload
  1) runs/instruction-effects/pilot-014/definitions/project/acceptance/workboard.spec.mjs:8:1 › 001 health and project creation persist on reload 

    Error: expect(locator).toBeVisible() failed

    Locator: getByRole('heading', { name: 'task-001 Alpha create', exact: true }).first()
    Expected: visible
    Timeout: 5000ms
    Error: element(s) not found

    Call log:
      - Expect "toBeVisible" getByRole('heading', { name: 'task-001 Alpha create', exact: true }).first() with timeout 5000ms
      - waiting for getByRole('heading', { name: 'task-001 Alpha create', exact: true }).first()


       at helpers.mjs:20

      18 | export async function openProject(page, name) {
      19 |   await projectRow(page, name).getByRole('button', { name: 'Open project', exact: true }).click();
    > 20 |   await expect(page.getByRole('heading', { name: projectName(name), exact: true }).first()).toBeVisible();
         |                                                                                             ^
      21 | }
      22 | export async function createTask(page, title) {
      23 |   await page.getByRole('textbox', { name: 'Task title', exact: true }).fill(title);
        at openProject (/Users/Shared/projects/competition/runs/instruction-effects/pilot-014/definitions/project/acceptance/helpers.mjs:20:93)
        at /Users/Shared/projects/competition/runs/instruction-effects/pilot-014/definitions/project/acceptance/workboard.spec.mjs:18:3

    attachment #1: screenshot (image/png) ──────────────────────────────────────────────────────────
    runs/instruction-effects/pilot-014/tasks/task-001/attempts/b002/attempt-002/acceptance/artifacts/workboard-001-health-and-project-creation-persist-on-reload/test-failed-1.png
    ────────────────────────────────────────────────────────────────────────────────────────────────

    Error Context: runs/instruction-effects/pilot-014/tasks/task-001/attempts/b002/attempt-002/acceptance/artifacts/workboard-001-health-and-project-creation-persist-on-reload/error-context.md

    attachment #3: trace (application/zip) ─────────────────────────────────────────────────────────
    runs/instruction-effects/pilot-014/tasks/task-001/attempts/b002/attempt-002/acceptance/artifacts/workboard-001-health-and-project-creation-persist-on-reload/trace.zip
    Usage:

        npx playwright show-trace runs/instruction-effects/pilot-014/tasks/task-001/attempts/b002/attempt-002/acceptance/artifacts/workboard-001-health-and-project-creation-persist-on-reload/trace.zip

    ────────────────────────────────────────────────────────────────────────────────────────────────




[2/4] runs/instruction-effects/pilot-014/definitions/project/acceptance/workboard.spec.mjs:25:1 › 002 blank project input is rejected
[3/4] runs/instruction-effects/pilot-014/definitions/project/acceptance/workboard.spec.mjs:38:1 › 003 project creation order
[4/4] runs/instruction-effects/pilot-014/definitions/project/acceptance/workboard.spec.mjs:155:1 › 011 seed process-restart persistence checks
  1 failed
    runs/instruction-effects/pilot-014/definitions/project/acceptance/workboard.spec.mjs:8:1 › 001 health and project creation persist on reload 
  3 passed (6.9s)
