
Running 1 test using 1 worker



[1/1] experiments/instruction-effects/revisions/research-v010/preflight/task034-executed03-suite/directory-word-search.spec.mjs:67:2 › 116 word modes and matching export are read-only and retain both remembered owner positions and restart seed
  1) experiments/instruction-effects/revisions/research-v010/preflight/task034-executed03-suite/directory-word-search.spec.mjs:67:2 › 116 word modes and matching export are read-only and retain both remembered owner positions and restart seed 

    Error: expect(locator).toBeVisible() failed

    Locator: getByTestId('task-row').visible().nth(1).getByRole('checkbox', { name: 'Complete AmberRestart34 gap CobaltRestart34', exact: true })
    Expected: visible
    Timeout: 5000ms
    Error: element(s) not found

    Call log:
      - Expect "toBeVisible" getByTestId('task-row').visible().nth(1).getByRole('checkbox', { name: 'Complete AmberRestart34 gap CobaltRestart34', exact: true }) with timeout 5000ms
      - waiting for getByTestId('task-row').visible().nth(1).getByRole('checkbox', { name: 'Complete AmberRestart34 gap CobaltRestart34', exact: true })


       5 | const save=p=>p.getByRole('button',{name:'Set visible priority',exact:true});
       6 | const restore=p=>p.getByRole('button',{name:'Restore visible tasks',exact:true});
    >  7 | async function titles(p,expected){const r=p.getByTestId('task-row').filter({visible:true});await expect(r).toHaveCount(expected.length);for(const [i,title] of expected.entries())await expect(r.nth(i).getByRole('checkbox',{name:'Complete '+title,exact:true})).toBeVisible();}
         |                                                                                                                                                                                                                                                                    ^
       8 | async function result(p,names,counts,expected,total){
       9 |  if(!expected.length)await expect(p.getByText('No matching tasks',{exact:true})).toBeVisible();
      10 |  await expect(rows(p).getByTestId('directory-task-title')).toHaveText(expected);
        at titles (/Users/Shared/projects/competition/experiments/instruction-effects/revisions/research-v010/preflight/task034-executed03-suite/directory-word-search.spec.mjs:7:260)
        at move (/Users/Shared/projects/competition/experiments/instruction-effects/revisions/research-v010/preflight/task034-executed03-suite/directory-word-search.spec.mjs:70:374)
        at /Users/Shared/projects/competition/experiments/instruction-effects/revisions/research-v010/preflight/task034-executed03-suite/directory-word-search.spec.mjs:72:259

    attachment #1: screenshot (image/png) ──────────────────────────────────────────────────────────
    experiments/instruction-effects/revisions/research-v010/preflight/task034-focused03-check-1791676184546/negative-word-clears-positions-116/artifacts/directory-word-search-116--5311d--positions-and-restart-seed/test-failed-1.png
    ────────────────────────────────────────────────────────────────────────────────────────────────

    Error Context: experiments/instruction-effects/revisions/research-v010/preflight/task034-focused03-check-1791676184546/negative-word-clears-positions-116/artifacts/directory-word-search-116--5311d--positions-and-restart-seed/error-context.md

    attachment #3: trace (application/zip) ─────────────────────────────────────────────────────────
    experiments/instruction-effects/revisions/research-v010/preflight/task034-focused03-check-1791676184546/negative-word-clears-positions-116/artifacts/directory-word-search-116--5311d--positions-and-restart-seed/trace.zip
    Usage:

        npx playwright show-trace experiments/instruction-effects/revisions/research-v010/preflight/task034-focused03-check-1791676184546/negative-word-clears-positions-116/artifacts/directory-word-search-116--5311d--positions-and-restart-seed/trace.zip

    ────────────────────────────────────────────────────────────────────────────────────────────────


  1 failed
    experiments/instruction-effects/revisions/research-v010/preflight/task034-executed03-suite/directory-word-search.spec.mjs:67:2 › 116 word modes and matching export are read-only and retain both remembered owner positions and restart seed 
