
Running 1 test using 1 worker



[1/1] experiments/instruction-effects/revisions/research-v010/preflight/task038-executed04-suite/directory-prefix-search.spec.mjs:19:2 › 132 every bulk action and matching export honor prefix and protect embedded matches
  1) experiments/instruction-effects/revisions/research-v010/preflight/task038-executed04-suite/directory-prefix-search.spec.mjs:19:2 › 132 every bulk action and matching export honor prefix and protect embedded matches 

    Error: Completion state must be durable before the next navigation

    Completion state must be durable before the next navigation

    expect(received).toBe(expected) // Object.is equality

    Expected: false
    Received: true

    Call Log:
    - Timeout 5000ms exceeded while waiting on the predicate

       at helpers.mjs:62

      60 |       await expect(taskRow(observer, title)).toBeVisible();
      61 |       return observer.getByRole('checkbox', {name:'Complete '+title, exact:true}).isChecked();
    > 62 |     }, {timeout:5000, message:'Completion state must be durable before the next navigation'}).toBe(completed);
         |                                                                                               ^
      63 |   } finally { await observer.close(); }
      64 | }
      65 |
        at expectPersistedCompletion (/Users/Shared/projects/competition/experiments/instruction-effects/revisions/research-v010/preflight/task038-executed04-suite/helpers.mjs:62:95)
        at /Users/Shared/projects/competition/experiments/instruction-effects/revisions/research-v010/preflight/task038-executed04-suite/directory-prefix-search.spec.mjs:22:203

    attachment #1: screenshot (image/png) ──────────────────────────────────────────────────────────
    experiments/instruction-effects/revisions/research-v010/preflight/task038-focused03-check-1791680578205/negative-prefix-bulk-complete-substring-132/artifacts/directory-prefix-search-13-6058e-nd-protect-embedded-matches/test-failed-1.png
    ────────────────────────────────────────────────────────────────────────────────────────────────

    Error Context: experiments/instruction-effects/revisions/research-v010/preflight/task038-focused03-check-1791680578205/negative-prefix-bulk-complete-substring-132/artifacts/directory-prefix-search-13-6058e-nd-protect-embedded-matches/error-context.md

    attachment #3: trace (application/zip) ─────────────────────────────────────────────────────────
    experiments/instruction-effects/revisions/research-v010/preflight/task038-focused03-check-1791680578205/negative-prefix-bulk-complete-substring-132/artifacts/directory-prefix-search-13-6058e-nd-protect-embedded-matches/trace.zip
    Usage:

        npx playwright show-trace experiments/instruction-effects/revisions/research-v010/preflight/task038-focused03-check-1791680578205/negative-prefix-bulk-complete-substring-132/artifacts/directory-prefix-search-13-6058e-nd-protect-embedded-matches/trace.zip

    ────────────────────────────────────────────────────────────────────────────────────────────────


  1 failed
    experiments/instruction-effects/revisions/research-v010/preflight/task038-executed04-suite/directory-prefix-search.spec.mjs:19:2 › 132 every bulk action and matching export honor prefix and protect embedded matches 
