
Running 1 test using 1 worker



[1/1] experiments/instruction-effects/revisions/research-v006/decisions/task-022-draft/suite/search.spec.mjs:7:2 › 046 project search trims ASCII case and intersects archive filter in creation order
  1) experiments/instruction-effects/revisions/research-v006/decisions/task-022-draft/suite/search.spec.mjs:7:2 › 046 project search trims ASCII case and intersects archive filter in creation order 

    Error: expect(locator).toHaveCount(expected) failed

    Locator:  getByTestId('project-row').visible()
    Expected: 2
    Received: 0
    Timeout:  5000ms

    Call log:
      - Expect "toHaveCount" getByTestId('project-row').visible() with timeout 5000ms
      - waiting for getByTestId('project-row').visible()
        5 × locator resolved to 10 elements
          - unexpected value "10"
        9 × locator resolved to 0 elements
          - unexpected value "0"


       8 |   for(const name of ['Search Mixed first','Search unrelated','Search MIXED archived','Search mixed last'])await createProject(page,name);
       9 |   await projectRow(page,'Search MIXED archived').getByRole('button',{name:'Archive project',exact:true}).click();await expect(projectRow(page,'Search MIXED archived')).toHaveCount(0);
    > 10 |   await projectSearch(page,'  '+projectName('Search MIXED').toUpperCase()+'  ');await expect(page.getByTestId('project-row').filter({visible:true})).toHaveCount(2);let rows=await page.getByTestId('project-row').filter({visible:true}).allTextContents();expect(rows[0]).toContain(projectName('Search Mixed first'));expect(rows[1]).toContain(projectName('Search mixed last'));
         |                                                                                                                                                      ^
      11 |   await page.getByRole('combobox',{name:'Project filter',exact:true}).selectOption({label:'Archived'});await expect(projectRow(page,'Search MIXED archived')).toBeVisible();await expect(page.getByTestId('project-row').filter({visible:true})).toHaveCount(1);
      12 |   await page.getByRole('combobox',{name:'Project filter',exact:true}).selectOption({label:'Active'});await openProject(page,'Search Mixed first');await page.getByRole('button',{name:'Projects',exact:true}).click();await expect(page.getByRole('textbox',{name:'Project search',exact:true})).toHaveValue('');await expect(projectRow(page,'Search unrelated')).toBeVisible();
      13 |   await createProject(page,'Search  double gap');await createProject(page,'Search double sentinel');await projectSearch(page,projectName('Search double'));await expect(projectRow(page,'Search double sentinel')).toBeVisible();await expect(page.getByTestId('project-row').filter({visible:true})).toHaveCount(stage>=14?2:1);if(stage===13)await expect(projectRow(page,'Search  double gap')).toHaveCount(0);await projectSearch(page,projectName('Search  double'));await expect(projectRow(page,'Search  double gap')).toBeVisible();await expect(page.getByTestId('project-row').filter({visible:true})).toHaveCount(stage>=14?2:1);if(stage===13)await expect(projectRow(page,'Search double sentinel')).toHaveCount(0);
        at /Users/Shared/projects/competition/experiments/instruction-effects/revisions/research-v006/decisions/task-022-draft/suite/search.spec.mjs:10:150

    attachment #1: screenshot (image/png) ──────────────────────────────────────────────────────────
    experiments/instruction-effects/revisions/research-v006/preflight/priority-fixtures/search-read-check-1791649637331/negative-case-sensitive-search/artifacts/search-046-project-search--4289c-ve-filter-in-creation-order/test-failed-1.png
    ────────────────────────────────────────────────────────────────────────────────────────────────

    Error Context: experiments/instruction-effects/revisions/research-v006/preflight/priority-fixtures/search-read-check-1791649637331/negative-case-sensitive-search/artifacts/search-046-project-search--4289c-ve-filter-in-creation-order/error-context.md

    attachment #3: trace (application/zip) ─────────────────────────────────────────────────────────
    experiments/instruction-effects/revisions/research-v006/preflight/priority-fixtures/search-read-check-1791649637331/negative-case-sensitive-search/artifacts/search-046-project-search--4289c-ve-filter-in-creation-order/trace.zip
    Usage:

        npx playwright show-trace experiments/instruction-effects/revisions/research-v006/preflight/priority-fixtures/search-read-check-1791649637331/negative-case-sensitive-search/artifacts/search-046-project-search--4289c-ve-filter-in-creation-order/trace.zip

    ────────────────────────────────────────────────────────────────────────────────────────────────


  1 failed
    experiments/instruction-effects/revisions/research-v006/decisions/task-022-draft/suite/search.spec.mjs:7:2 › 046 project search trims ASCII case and intersects archive filter in creation order 
